================
Step 1
================
Spectral indexing: ansi
Spectral resolution (L,M,N)=(6,6,0)
Node resolution (L,M,N)=(12,12,0)
Boundary ratio = 0
Pressure ratio = 0
Perturbation Order = 2
Objective: force
Optimizer: lsq-exact
================
Building objective: force
Precomputing transforms
[32mTimer: Precomputing transforms = 39.3 ms[0m
[32mTimer: Objective build = 46.6 ms[0m
Building objective: lcfs R
Building objective: lcfs Z
Building objective: fixed Psi
Building objective: fixed pressure
Building objective: fixed iota
Building objective: fixed sheet current
Building objective: self_consistency R
Building objective: self_consistency Z
Building objective: lambda gauge
Building objective: axis R self consistency
Building objective: axis Z self consistency
[32mTimer: Objective build = 72.2 ms[0m
[32mTimer: LinearConstraintProjection build = 29.4 ms[0m
Number of parameters: 27
Number of objectives: 98
[32mTimer: Initializing the optimization = 150 ms[0m

Starting optimization
Using method: lsq-exact
   Iteration     Total nfev        Cost      Cost reduction    Step norm     Optimality   
       0              1          1.743e-02                                    1.847e-01   
       1              2          7.713e-05      1.735e-02      1.293e-01      8.709e-03   
       2              3          5.091e-08      7.708e-05      2.446e-02      1.917e-04   
       3              4          3.746e-08      1.345e-08      4.684e-02      1.597e-04   
       4              5          1.004e-09      3.646e-08      7.031e-03      1.890e-05   
       5              6          1.559e-10      8.477e-10      2.099e-03      9.835e-06   
       6              7          1.504e-12      1.544e-10      3.245e-04      2.831e-07   
`gtol` condition satisfied. (gtol=1.00e-06)
         Current function value: 1.504e-12
         Total delta_x: 2.007e-01
         Iterations: 6
         Function evaluations: 7
         Jacobian evaluations: 7
[32mTimer: Solution time = 78.4 ms[0m
[32mTimer: Avg time per step = 11.2 ms[0m
==============================================================================================================
                                                                 Start  -->   End
Total (sum of squares):                                      1.743e-02  -->   1.504e-12, 
Maximum absolute Force error:                                5.733e+05  -->   2.054e+01 (N)
Minimum absolute Force error:                                1.462e+02  -->   4.243e-03 (N)
Average absolute Force error:                                1.772e+05  -->   1.461e+00 (N)
Maximum absolute Force error:                                9.245e-03  -->   3.312e-07 (normalized)
Minimum absolute Force error:                                2.357e-06  -->   6.842e-11 (normalized)
Average absolute Force error:                                2.857e-03  -->   2.355e-08 (normalized)
R boundary error:                                            0.000e+00  -->   3.469e-18 (m)
Z boundary error:                                            0.000e+00  -->   5.554e-17 (m)
Fixed Psi error:                                             0.000e+00  -->   0.000e+00 (Wb)
Fixed pressure profile error:                                0.000e+00  -->   0.000e+00 (Pa)
Fixed iota profile error:                                    0.000e+00  -->   0.000e+00 (dimensionless)
Fixed sheet current error:                                   0.000e+00  -->   0.000e+00 (~)
==============================================================================================================

[32mTimer: Iteration 1 total = 312 ms[0m
================
Step 2
================
Spectral indexing: ansi
Spectral resolution (L,M,N)=(8,8,0)
Node resolution (L,M,N)=(16,16,0)
Boundary ratio = 0
Pressure ratio = 0
Perturbation Order = 2
Objective: force
Optimizer: lsq-exact
================
Building objective: force
Precomputing transforms
[32mTimer: Precomputing transforms = 39.8 ms[0m
[32mTimer: Objective build = 46.1 ms[0m
Building objective: lcfs R
Building objective: lcfs Z
Building objective: fixed Psi
Building objective: fixed pressure
Building objective: fixed iota
Building objective: fixed sheet current
Building objective: self_consistency R
Building objective: self_consistency Z
Building objective: lambda gauge
Building objective: axis R self consistency
Building objective: axis Z self consistency
[32mTimer: Objective build = 73.2 ms[0m
[32mTimer: LinearConstraintProjection build = 29.7 ms[0m
Number of parameters: 48
Number of objectives: 162
[32mTimer: Initializing the optimization = 151 ms[0m

Starting optimization
Using method: lsq-exact
   Iteration     Total nfev        Cost      Cost reduction    Step norm     Optimality   
       0              1          1.489e-12                                    4.922e-07   
`gtol` condition satisfied. (gtol=1.00e-06)
         Current function value: 1.489e-12
         Total delta_x: 0.000e+00
         Iterations: 0
         Function evaluations: 1
         Jacobian evaluations: 1
[32mTimer: Solution time = 13.8 ms[0m
[32mTimer: Avg time per step = 13.8 ms[0m
==============================================================================================================
                                                                 Start  -->   End
Total (sum of squares):                                      1.489e-12  -->   1.489e-12, 
Maximum absolute Force error:                                2.375e+01  -->   2.375e+01 (N)
Minimum absolute Force error:                                1.142e-02  -->   1.142e-02 (N)
Average absolute Force error:                                1.502e+00  -->   1.502e+00 (N)
Maximum absolute Force error:                                3.829e-07  -->   3.829e-07 (normalized)
Minimum absolute Force error:                                1.841e-10  -->   1.841e-10 (normalized)
Average absolute Force error:                                2.421e-08  -->   2.421e-08 (normalized)
R boundary error:                                            0.000e+00  -->   0.000e+00 (m)
Z boundary error:                                            0.000e+00  -->   0.000e+00 (m)
Fixed Psi error:                                             0.000e+00  -->   0.000e+00 (Wb)
Fixed pressure profile error:                                0.000e+00  -->   0.000e+00 (Pa)
Fixed iota profile error:                                    0.000e+00  -->   0.000e+00 (dimensionless)
Fixed sheet current error:                                   0.000e+00  -->   0.000e+00 (~)
==============================================================================================================

[32mTimer: Iteration 2 total = 257 ms[0m
================
Step 3
================
Spectral indexing: ansi
Spectral resolution (L,M,N)=(8,8,0)
Node resolution (L,M,N)=(16,16,0)
Boundary ratio = 0
Pressure ratio = 0.5
Perturbation Order = 2
Objective: force
Optimizer: lsq-exact
================
Perturbing equilibrium
Building objective: force
Precomputing transforms
[32mTimer: Precomputing transforms = 39.0 ms[0m
[32mTimer: Objective build = 44.8 ms[0m
Building objective: lcfs R
Building objective: lcfs Z
Building objective: fixed Psi
Building objective: fixed pressure
Building objective: fixed iota
Building objective: fixed sheet current
Building objective: self_consistency R
Building objective: self_consistency Z
Building objective: lambda gauge
Building objective: axis R self consistency
Building objective: axis Z self consistency
[32mTimer: Objective build = 71.7 ms[0m
Perturbing p_l
Factorizing linear constraints
[32mTimer: linear constraint factorize = 20.6 ms[0m
Computing df
[32mTimer: df computation = 2.83 ms[0m
Factoring df
[32mTimer: df/dx factorization = 264 us[0m
Computing d^2f
[32mTimer: d^2f computation = 798 us[0m
[32mTimer: Objective build = 1.36 ms[0m
||dx||/||x|| =  2.661e-02
[32mTimer: Total perturbation = 147 ms[0m
Building objective: self_consistency R
Building objective: self_consistency Z
Building objective: lambda gauge
Building objective: axis R self consistency
Building objective: axis Z self consistency
[32mTimer: Objective build = 7.07 ms[0m
[32mTimer: LinearConstraintProjection build = 22.8 ms[0m
Number of parameters: 48
Number of objectives: 162
[32mTimer: Initializing the optimization = 32.3 ms[0m

Starting optimization
Using method: lsq-exact
   Iteration     Total nfev        Cost      Cost reduction    Step norm     Optimality   
       0              1          6.470e-05                                    5.085e-03   
       1              2          7.577e-06      5.712e-05      5.483e-02      1.830e-03   
       2              3          5.730e-07      7.004e-06      2.890e-02      5.780e-04   
       3              4          1.251e-08      5.605e-07      4.650e-03      6.272e-05   
       4              6          2.497e-09      1.001e-08      9.178e-03      2.562e-05   
       5              7          1.099e-09      1.398e-09      1.704e-02      1.680e-05   
       6              8          4.484e-10      6.509e-10      1.134e-02      1.238e-05   
       7             10          9.105e-11      3.573e-10      2.484e-03      2.928e-06   
       8             11          7.465e-11      1.640e-11      4.987e-03      4.718e-06   
       9             12          3.273e-11      4.193e-11      5.573e-03      2.264e-06   
      10             14          1.562e-11      1.711e-11      1.327e-03      2.775e-07   
`gtol` condition satisfied. (gtol=1.00e-06)
         Current function value: 1.562e-11
         Total delta_x: 4.397e-02
         Iterations: 10
         Function evaluations: 14
         Jacobian evaluations: 11
[32mTimer: Solution time = 127 ms[0m
[32mTimer: Avg time per step = 11.6 ms[0m
==============================================================================================================
                                                                 Start  -->   End
Total (sum of squares):                                      6.470e-05  -->   1.562e-11, 
Maximum absolute Force error:                                2.891e+05  -->   5.237e+01 (N)
Minimum absolute Force error:                                6.163e+00  -->   2.190e-03 (N)
Average absolute Force error:                                7.597e+03  -->   4.463e+00 (N)
Maximum absolute Force error:                                4.661e-03  -->   8.444e-07 (normalized)
Minimum absolute Force error:                                9.937e-08  -->   3.532e-11 (normalized)
Average absolute Force error:                                1.225e-04  -->   7.196e-08 (normalized)
R boundary error:                                            0.000e+00  -->   0.000e+00 (m)
Z boundary error:                                            0.000e+00  -->   0.000e+00 (m)
Fixed Psi error:                                             0.000e+00  -->   0.000e+00 (Wb)
Fixed pressure profile error:                                0.000e+00  -->   0.000e+00 (Pa)
Fixed iota profile error:                                    0.000e+00  -->   0.000e+00 (dimensionless)
Fixed sheet current error:                                   0.000e+00  -->   0.000e+00 (~)
==============================================================================================================

[32mTimer: Iteration 3 total = 508 ms[0m
================
Step 4
================
Spectral indexing: ansi
Spectral resolution (L,M,N)=(8,8,0)
Node resolution (L,M,N)=(16,16,0)
Boundary ratio = 0
Pressure ratio = 1.0
Perturbation Order = 2
Objective: force
Optimizer: lsq-exact
================
Perturbing equilibrium
Building objective: force
Precomputing transforms
[32mTimer: Precomputing transforms = 39.9 ms[0m
[32mTimer: Objective build = 46.2 ms[0m
Building objective: lcfs R
Building objective: lcfs Z
Building objective: fixed Psi
Building objective: fixed pressure
Building objective: fixed iota
Building objective: fixed sheet current
Building objective: self_consistency R
Building objective: self_consistency Z
Building objective: lambda gauge
Building objective: axis R self consistency
Building objective: axis Z self consistency
[32mTimer: Objective build = 71.8 ms[0m
Perturbing p_l
Factorizing linear constraints
[32mTimer: linear constraint factorize = 21.2 ms[0m
Computing df
[32mTimer: df computation = 1.38 ms[0m
Factoring df
[32mTimer: df/dx factorization = 24.0 us[0m
Computing d^2f
[32mTimer: d^2f computation = 314 us[0m
[32mTimer: Objective build = 1.33 ms[0m
||dx||/||x|| =  2.218e-02
[32mTimer: Total perturbation = 137 ms[0m
Building objective: self_consistency R
Building objective: self_consistency Z
Building objective: lambda gauge
Building objective: axis R self consistency
Building objective: axis Z self consistency
[32mTimer: Objective build = 6.66 ms[0m
[32mTimer: LinearConstraintProjection build = 26.2 ms[0m
Number of parameters: 48
Number of objectives: 162
[32mTimer: Initializing the optimization = 35.4 ms[0m

Starting optimization
Using method: lsq-exact
   Iteration     Total nfev        Cost      Cost reduction    Step norm     Optimality   
       0              1          1.583e-05                                    3.222e-03   
       1              2          7.683e-07      1.506e-05      1.196e-02      5.958e-04   
       2              3          2.393e-08      7.444e-07      1.188e-02      8.727e-05   
       3              4          6.383e-09      1.755e-08      6.949e-03      5.087e-05   
       4              5          8.344e-10      5.549e-09      3.042e-03      2.441e-05   
       5              6          6.641e-11      7.680e-10      6.613e-04      9.289e-07   
`gtol` condition satisfied. (gtol=1.00e-06)
         Current function value: 6.641e-11
         Total delta_x: 1.509e-02
         Iterations: 5
         Function evaluations: 6
         Jacobian evaluations: 6
[32mTimer: Solution time = 77.1 ms[0m
[32mTimer: Avg time per step = 12.8 ms[0m
==============================================================================================================
                                                                 Start  -->   End
Total (sum of squares):                                      1.583e-05  -->   6.641e-11, 
Maximum absolute Force error:                                1.197e+05  -->   1.415e+02 (N)
Minimum absolute Force error:                                2.733e+00  -->   5.605e-02 (N)
Average absolute Force error:                                3.857e+03  -->   9.881e+00 (N)
Maximum absolute Force error:                                1.931e-03  -->   2.282e-06 (normalized)
Minimum absolute Force error:                                4.407e-08  -->   9.038e-10 (normalized)
Average absolute Force error:                                6.219e-05  -->   1.593e-07 (normalized)
R boundary error:                                            0.000e+00  -->   0.000e+00 (m)
Z boundary error:                                            0.000e+00  -->   0.000e+00 (m)
Fixed Psi error:                                             0.000e+00  -->   0.000e+00 (Wb)
Fixed pressure profile error:                                0.000e+00  -->   0.000e+00 (Pa)
Fixed iota profile error:                                    0.000e+00  -->   0.000e+00 (dimensionless)
Fixed sheet current error:                                   0.000e+00  -->   0.000e+00 (~)
==============================================================================================================

[32mTimer: Iteration 4 total = 450 ms[0m
================
Step 5
================
Spectral indexing: ansi
Spectral resolution (L,M,N)=(8,8,3)
Node resolution (L,M,N)=(16,16,6)
Boundary ratio = 0.25
Pressure ratio = 1
Perturbation Order = 2
Objective: force
Optimizer: lsq-exact
================
Perturbing equilibrium
Building objective: force
Precomputing transforms
[32mTimer: Precomputing transforms = 60.2 ms[0m
[32mTimer: Objective build = 67.1 ms[0m
Building objective: lcfs R
Building objective: lcfs Z
Building objective: fixed Psi
Building objective: fixed pressure
Building objective: fixed iota
Building objective: fixed sheet current
Building objective: self_consistency R
Building objective: self_consistency Z
Building objective: lambda gauge
Building objective: axis R self consistency
Building objective: axis Z self consistency
[32mTimer: Objective build = 83.5 ms[0m
Perturbing Rb_lmn, Zb_lmn
Factorizing linear constraints
[32mTimer: linear constraint factorize = 42.9 ms[0m
Computing df
[32mTimer: df computation = 2.37 ms[0m
Factoring df
[32mTimer: df/dx factorization = 26.0 us[0m
Computing d^2f
[32mTimer: d^2f computation = 687 us[0m
[32mTimer: Objective build = 1.32 ms[0m
||dx||/||x|| =  1.186e-03
[32mTimer: Total perturbation = 1.43 sec[0m
Building objective: self_consistency R
Building objective: self_consistency Z
Building objective: lambda gauge
Building objective: axis R self consistency
Building objective: axis Z self consistency
[32mTimer: Objective build = 10.8 ms[0m
[32mTimer: LinearConstraintProjection build = 50.1 ms[0m
Number of parameters: 351
Number of objectives: 2106
[32mTimer: Initializing the optimization = 65.3 ms[0m

Starting optimization
Using method: lsq-exact
   Iteration     Total nfev        Cost      Cost reduction    Step norm     Optimality   
       0              1          2.110e-08                                    1.040e-04   
       1              3          1.927e-08      1.833e-09      6.768e-03      8.782e-05   
       2              4          2.329e-10      1.903e-08      2.165e-03      7.307e-06   
       3              6          7.362e-11      1.592e-10      1.133e-03      1.799e-06   
       4              8          6.427e-11      9.349e-12      6.595e-04      3.819e-07   
`gtol` condition satisfied. (gtol=1.00e-06)
         Current function value: 6.427e-11
         Total delta_x: 6.686e-03
         Iterations: 4
         Function evaluations: 8
         Jacobian evaluations: 5
[32mTimer: Solution time = 1.14 sec[0m
[32mTimer: Avg time per step = 228 ms[0m
==============================================================================================================
                                                                 Start  -->   End
Total (sum of squares):                                      2.110e-08  -->   6.427e-11, 
Maximum absolute Force error:                                4.348e+03  -->   1.442e+02 (N)
Minimum absolute Force error:                                7.421e-02  -->   4.279e-03 (N)
Average absolute Force error:                                1.407e+02  -->   9.550e+00 (N)
Maximum absolute Force error:                                7.010e-05  -->   2.326e-06 (normalized)
Minimum absolute Force error:                                1.197e-09  -->   6.899e-11 (normalized)
Average absolute Force error:                                2.269e-06  -->   1.540e-07 (normalized)
R boundary error:                                            0.000e+00  -->   0.000e+00 (m)
Z boundary error:                                            0.000e+00  -->   0.000e+00 (m)
Fixed Psi error:                                             0.000e+00  -->   0.000e+00 (Wb)
Fixed pressure profile error:                                0.000e+00  -->   0.000e+00 (Pa)
Fixed iota profile error:                                    0.000e+00  -->   0.000e+00 (dimensionless)
Fixed sheet current error:                                   0.000e+00  -->   0.000e+00 (~)
==============================================================================================================

[32mTimer: Iteration 5 total = 2.94 sec[0m
================
Step 6
================
Spectral indexing: ansi
Spectral resolution (L,M,N)=(8,8,3)
Node resolution (L,M,N)=(16,16,6)
Boundary ratio = 0.5
Pressure ratio = 1
Perturbation Order = 2
Objective: force
Optimizer: lsq-exact
================
Perturbing equilibrium
Building objective: force
Precomputing transforms
[32mTimer: Precomputing transforms = 61.2 ms[0m
[32mTimer: Objective build = 68.1 ms[0m
Building objective: lcfs R
Building objective: lcfs Z
Building objective: fixed Psi
Building objective: fixed pressure
Building objective: fixed iota
Building objective: fixed sheet current
Building objective: self_consistency R
Building objective: self_consistency Z
Building objective: lambda gauge
Building objective: axis R self consistency
Building objective: axis Z self consistency
[32mTimer: Objective build = 77.2 ms[0m
Perturbing Rb_lmn, Zb_lmn
Factorizing linear constraints
[32mTimer: linear constraint factorize = 45.0 ms[0m
Computing df
[32mTimer: df computation = 1.61 ms[0m
Factoring df
[32mTimer: df/dx factorization = 31.0 us[0m
Computing d^2f
[32mTimer: d^2f computation = 355 us[0m
[32mTimer: Objective build = 1.32 ms[0m
||dx||/||x|| =  1.753e-03
[32mTimer: Total perturbation = 387 ms[0m
Building objective: self_consistency R
Building objective: self_consistency Z
Building objective: lambda gauge
Building objective: axis R self consistency
Building objective: axis Z self consistency
[32mTimer: Objective build = 9.94 ms[0m
[32mTimer: LinearConstraintProjection build = 46.5 ms[0m
Number of parameters: 351
Number of objectives: 2106
[32mTimer: Initializing the optimization = 59.9 ms[0m

Starting optimization
Using method: lsq-exact
   Iteration     Total nfev        Cost      Cost reduction    Step norm     Optimality   
       0              1          3.082e-08                                    1.384e-04   
       1              2          4.042e-10      3.041e-08      2.406e-03      9.030e-06   
       2              4          7.260e-11      3.316e-10      1.030e-03      1.412e-06   
       3              6          6.354e-11      9.059e-12      4.931e-04      3.989e-07   
`gtol` condition satisfied. (gtol=1.00e-06)
         Current function value: 6.354e-11
         Total delta_x: 2.201e-03
         Iterations: 3
         Function evaluations: 6
         Jacobian evaluations: 4
[32mTimer: Solution time = 778 ms[0m
[32mTimer: Avg time per step = 194 ms[0m
==============================================================================================================
                                                                 Start  -->   End
Total (sum of squares):                                      3.082e-08  -->   6.354e-11, 
Maximum absolute Force error:                                4.431e+03  -->   1.466e+02 (N)
Minimum absolute Force error:                                9.598e-02  -->   3.301e-02 (N)
Average absolute Force error:                                1.874e+02  -->   9.539e+00 (N)
Maximum absolute Force error:                                7.144e-05  -->   2.364e-06 (normalized)
Minimum absolute Force error:                                1.548e-09  -->   5.322e-10 (normalized)
Average absolute Force error:                                3.021e-06  -->   1.538e-07 (normalized)
R boundary error:                                            0.000e+00  -->   0.000e+00 (m)
Z boundary error:                                            0.000e+00  -->   0.000e+00 (m)
Fixed Psi error:                                             0.000e+00  -->   0.000e+00 (Wb)
Fixed pressure profile error:                                0.000e+00  -->   0.000e+00 (Pa)
Fixed iota profile error:                                    0.000e+00  -->   0.000e+00 (dimensionless)
Fixed sheet current error:                                   0.000e+00  -->   0.000e+00 (~)
==============================================================================================================

[32mTimer: Iteration 6 total = 1.51 sec[0m
================
Step 7
================
Spectral indexing: ansi
Spectral resolution (L,M,N)=(8,8,3)
Node resolution (L,M,N)=(16,16,6)
Boundary ratio = 0.75
Pressure ratio = 1
Perturbation Order = 2
Objective: force
Optimizer: lsq-exact
================
Perturbing equilibrium
Building objective: force
Precomputing transforms
[32mTimer: Precomputing transforms = 65.8 ms[0m
[32mTimer: Objective build = 73.0 ms[0m
Building objective: lcfs R
Building objective: lcfs Z
Building objective: fixed Psi
Building objective: fixed pressure
Building objective: fixed iota
Building objective: fixed sheet current
Building objective: self_consistency R
Building objective: self_consistency Z
Building objective: lambda gauge
Building objective: axis R self consistency
Building objective: axis Z self consistency
[32mTimer: Objective build = 81.1 ms[0m
Perturbing Rb_lmn, Zb_lmn
Factorizing linear constraints
[32mTimer: linear constraint factorize = 40.8 ms[0m
Computing df
[32mTimer: df computation = 1.47 ms[0m
Factoring df
[32mTimer: df/dx factorization = 25.2 us[0m
Computing d^2f
[32mTimer: d^2f computation = 329 us[0m
[32mTimer: Objective build = 1.28 ms[0m
||dx||/||x|| =  1.280e-03
[32mTimer: Total perturbation = 373 ms[0m
Building objective: self_consistency R
Building objective: self_consistency Z
Building objective: lambda gauge
Building objective: axis R self consistency
Building objective: axis Z self consistency
[32mTimer: Objective build = 10.4 ms[0m
[32mTimer: LinearConstraintProjection build = 46.1 ms[0m
Number of parameters: 351
Number of objectives: 2106
[32mTimer: Initializing the optimization = 60.4 ms[0m

Starting optimization
Using method: lsq-exact
   Iteration     Total nfev        Cost      Cost reduction    Step norm     Optimality   
       0              1          2.281e-08                                    1.070e-04   
       1              3          1.107e-09      2.170e-08      2.972e-03      1.894e-05   
       2              4          8.445e-10      2.624e-10      3.421e-03      1.652e-05   
       3              6          9.271e-11      7.518e-10      1.639e-03      3.565e-06   
       4              7          7.541e-11      1.730e-11      1.399e-03      2.629e-06   
       5              9          6.481e-11      1.060e-11      8.500e-04      9.250e-07   
`gtol` condition satisfied. (gtol=1.00e-06)
         Current function value: 6.481e-11
         Total delta_x: 1.638e-03
         Iterations: 5
         Function evaluations: 9
         Jacobian evaluations: 6
[32mTimer: Solution time = 1.05 sec[0m
[32mTimer: Avg time per step = 175 ms[0m
==============================================================================================================
                                                                 Start  -->   End
Total (sum of squares):                                      2.281e-08  -->   6.481e-11, 
Maximum absolute Force error:                                4.519e+03  -->   1.446e+02 (N)
Minimum absolute Force error:                                8.241e-02  -->   6.061e-03 (N)
Average absolute Force error:                                1.482e+02  -->   9.671e+00 (N)
Maximum absolute Force error:                                7.287e-05  -->   2.332e-06 (normalized)
Minimum absolute Force error:                                1.329e-09  -->   9.772e-11 (normalized)
Average absolute Force error:                                2.389e-06  -->   1.559e-07 (normalized)
R boundary error:                                            0.000e+00  -->   0.000e+00 (m)
Z boundary error:                                            0.000e+00  -->   0.000e+00 (m)
Fixed Psi error:                                             0.000e+00  -->   0.000e+00 (Wb)
Fixed pressure profile error:                                0.000e+00  -->   0.000e+00 (Pa)
Fixed iota profile error:                                    0.000e+00  -->   0.000e+00 (dimensionless)
Fixed sheet current error:                                   0.000e+00  -->   0.000e+00 (~)
==============================================================================================================

[32mTimer: Iteration 7 total = 1.77 sec[0m
================
Step 8
================
Spectral indexing: ansi
Spectral resolution (L,M,N)=(8,8,3)
Node resolution (L,M,N)=(16,16,6)
Boundary ratio = 1.0
Pressure ratio = 1
Perturbation Order = 2
Objective: force
Optimizer: lsq-exact
================
Perturbing equilibrium
Building objective: force
Precomputing transforms
[32mTimer: Precomputing transforms = 63.1 ms[0m
[32mTimer: Objective build = 70.1 ms[0m
Building objective: lcfs R
Building objective: lcfs Z
Building objective: fixed Psi
Building objective: fixed pressure
Building objective: fixed iota
Building objective: fixed sheet current
Building objective: self_consistency R
Building objective: self_consistency Z
Building objective: lambda gauge
Building objective: axis R self consistency
Building objective: axis Z self consistency
[32mTimer: Objective build = 79.1 ms[0m
Perturbing Rb_lmn, Zb_lmn
Factorizing linear constraints
[32mTimer: linear constraint factorize = 41.4 ms[0m
Computing df
[32mTimer: df computation = 1.59 ms[0m
Factoring df
[32mTimer: df/dx factorization = 24.3 us[0m
Computing d^2f
[32mTimer: d^2f computation = 337 us[0m
[32mTimer: Objective build = 1.36 ms[0m
||dx||/||x|| =  1.196e-03
[32mTimer: Total perturbation = 388 ms[0m
Building objective: self_consistency R
Building objective: self_consistency Z
Building objective: lambda gauge
Building objective: axis R self consistency
Building objective: axis Z self consistency
[32mTimer: Objective build = 9.74 ms[0m
[32mTimer: LinearConstraintProjection build = 44.4 ms[0m
Number of parameters: 351
Number of objectives: 2106
[32mTimer: Initializing the optimization = 57.7 ms[0m

Starting optimization
Using method: lsq-exact
   Iteration     Total nfev        Cost      Cost reduction    Step norm     Optimality   
       0              1          2.094e-08                                    1.045e-04   
       1              3          6.121e-10      2.033e-08      2.035e-03      1.219e-05   
       2              4          6.081e-10      4.018e-12      3.137e-03      1.323e-05   
       3              5          6.544e-11      5.426e-10      8.391e-04      9.449e-07   
`gtol` condition satisfied. (gtol=1.00e-06)
         Current function value: 6.544e-11
         Total delta_x: 1.125e-03
         Iterations: 3
         Function evaluations: 5
         Jacobian evaluations: 4
[32mTimer: Solution time = 831 ms[0m
[32mTimer: Avg time per step = 207 ms[0m
==============================================================================================================
                                                                 Start  -->   End
Total (sum of squares):                                      2.094e-08  -->   6.544e-11, 
Maximum absolute Force error:                                4.078e+03  -->   1.452e+02 (N)
Minimum absolute Force error:                                6.232e-02  -->   7.416e-03 (N)
Average absolute Force error:                                1.403e+02  -->   9.739e+00 (N)
Maximum absolute Force error:                                6.576e-05  -->   2.342e-06 (normalized)
Minimum absolute Force error:                                1.005e-09  -->   1.196e-10 (normalized)
Average absolute Force error:                                2.262e-06  -->   1.570e-07 (normalized)
R boundary error:                                            0.000e+00  -->   0.000e+00 (m)
Z boundary error:                                            0.000e+00  -->   0.000e+00 (m)
Fixed Psi error:                                             0.000e+00  -->   0.000e+00 (Wb)
Fixed pressure profile error:                                0.000e+00  -->   0.000e+00 (Pa)
Fixed iota profile error:                                    0.000e+00  -->   0.000e+00 (dimensionless)
Fixed sheet current error:                                   0.000e+00  -->   0.000e+00 (~)
==============================================================================================================

[32mTimer: Iteration 8 total = 1.63 sec[0m
====================
Done
[32mTimer: Total time = 9.59 sec[0m
====================


# Python warnings captured during continuation
RuntimeWarning: divide by zero encountered in matmul
RuntimeWarning: overflow encountered in matmul
RuntimeWarning: invalid value encountered in matmul
RuntimeWarning: divide by zero encountered in matmul
RuntimeWarning: overflow encountered in matmul
RuntimeWarning: invalid value encountered in matmul
RuntimeWarning: divide by zero encountered in matmul
RuntimeWarning: overflow encountered in matmul
RuntimeWarning: invalid value encountered in matmul
RuntimeWarning: divide by zero encountered in matmul
RuntimeWarning: overflow encountered in matmul
RuntimeWarning: invalid value encountered in matmul
RuntimeWarning: divide by zero encountered in matmul
RuntimeWarning: overflow encountered in matmul
RuntimeWarning: invalid value encountered in matmul
RuntimeWarning: divide by zero encountered in matmul
RuntimeWarning: overflow encountered in matmul
RuntimeWarning: invalid value encountered in matmul
RuntimeWarning: divide by zero encountered in matmul
RuntimeWarning: overflow encountered in matmul
RuntimeWarning: invalid value encountered in matmul
RuntimeWarning: divide by zero encountered in matmul
RuntimeWarning: overflow encountered in matmul
RuntimeWarning: invalid value encountered in matmul
RuntimeWarning: divide by zero encountered in matmul
RuntimeWarning: overflow encountered in matmul
RuntimeWarning: invalid value encountered in matmul
RuntimeWarning: divide by zero encountered in matmul
RuntimeWarning: overflow encountered in matmul
RuntimeWarning: invalid value encountered in matmul
RuntimeWarning: divide by zero encountered in matmul
RuntimeWarning: overflow encountered in matmul
RuntimeWarning: invalid value encountered in matmul
RuntimeWarning: divide by zero encountered in matmul
RuntimeWarning: overflow encountered in matmul
RuntimeWarning: invalid value encountered in matmul
RuntimeWarning: divide by zero encountered in matmul
RuntimeWarning: overflow encountered in matmul
RuntimeWarning: invalid value encountered in matmul
RuntimeWarning: divide by zero encountered in matmul
RuntimeWarning: overflow encountered in matmul
RuntimeWarning: invalid value encountered in matmul
RuntimeWarning: divide by zero encountered in matmul
RuntimeWarning: overflow encountered in matmul
RuntimeWarning: invalid value encountered in matmul
RuntimeWarning: divide by zero encountered in matmul
RuntimeWarning: overflow encountered in matmul
RuntimeWarning: invalid value encountered in matmul
RuntimeWarning: divide by zero encountered in matmul
RuntimeWarning: overflow encountered in matmul
RuntimeWarning: invalid value encountered in matmul
RuntimeWarning: divide by zero encountered in matmul
RuntimeWarning: overflow encountered in matmul
RuntimeWarning: invalid value encountered in matmul
RuntimeWarning: divide by zero encountered in matmul
RuntimeWarning: overflow encountered in matmul
RuntimeWarning: invalid value encountered in matmul
RuntimeWarning: divide by zero encountered in matmul
RuntimeWarning: overflow encountered in matmul
RuntimeWarning: invalid value encountered in matmul
RuntimeWarning: divide by zero encountered in matmul
RuntimeWarning: overflow encountered in matmul
RuntimeWarning: invalid value encountered in matmul
RuntimeWarning: divide by zero encountered in matmul
RuntimeWarning: overflow encountered in matmul
RuntimeWarning: invalid value encountered in matmul
RuntimeWarning: divide by zero encountered in matmul
RuntimeWarning: overflow encountered in matmul
RuntimeWarning: invalid value encountered in matmul
RuntimeWarning: divide by zero encountered in matmul
RuntimeWarning: overflow encountered in matmul
RuntimeWarning: invalid value encountered in matmul
