================
Step 1
================
Spectral indexing: ansi
Spectral resolution (L,M,N)=(6,6,0)
Node resolution (L,M,N)=(12,12,0)
Boundary ratio = 0
Pressure ratio = 0
Perturbation Order = 2
Objective: force
Optimizer: lsq-exact
================
Building objective: force
Precomputing transforms
[32mTimer: Precomputing transforms = 1.18 sec[0m
[32mTimer: Objective build = 1.65 sec[0m
Building objective: lcfs R
Building objective: lcfs Z
Building objective: fixed Psi
Building objective: fixed pressure
Building objective: fixed iota
Building objective: fixed sheet current
Building objective: self_consistency R
Building objective: self_consistency Z
Building objective: lambda gauge
Building objective: axis R self consistency
Building objective: axis Z self consistency
[32mTimer: Objective build = 602 ms[0m
[32mTimer: LinearConstraintProjection build = 3.81 sec[0m
Number of parameters: 27
Number of objectives: 98
[32mTimer: Initializing the optimization = 6.10 sec[0m

Starting optimization
Using method: lsq-exact
   Iteration     Total nfev        Cost      Cost reduction    Step norm     Optimality   
       0              1          3.875e-03                                    8.562e-02   
       1              2          6.985e-06      3.868e-03      8.278e-02      2.039e-03   
       2              3          1.176e-08      6.973e-06      2.944e-02      1.098e-04   
       3              4          2.227e-10      1.154e-08      5.931e-03      1.424e-05   
       4              6          4.140e-12      2.185e-10      4.315e-04      8.684e-07   
`gtol` condition satisfied. (gtol=1.00e-06)
         Current function value: 4.140e-12
         Total delta_x: 5.032e-02
         Iterations: 4
         Function evaluations: 6
         Jacobian evaluations: 5
[32mTimer: Solution time = 5.52 sec[0m
[32mTimer: Avg time per step = 1.10 sec[0m
==============================================================================================================
                                                                 Start  -->   End
Total (sum of squares):                                      3.875e-03  -->   4.140e-12, 
Maximum absolute Force error:                                2.502e+05  -->   2.795e+01 (N)
Minimum absolute Force error:                                4.354e+02  -->   3.788e-03 (N)
Average absolute Force error:                                8.429e+04  -->   2.434e+00 (N)
Maximum absolute Force error:                                4.035e-03  -->   4.507e-07 (normalized)
Minimum absolute Force error:                                7.020e-06  -->   6.107e-11 (normalized)
Average absolute Force error:                                1.359e-03  -->   3.925e-08 (normalized)
R boundary error:                                            0.000e+00  -->   3.469e-18 (m)
Z boundary error:                                            0.000e+00  -->   5.554e-17 (m)
Fixed Psi error:                                             0.000e+00  -->   0.000e+00 (Wb)
Fixed pressure profile error:                                0.000e+00  -->   0.000e+00 (Pa)
Fixed iota profile error:                                    0.000e+00  -->   0.000e+00 (dimensionless)
Fixed sheet current error:                                   0.000e+00  -->   0.000e+00 (~)
==============================================================================================================

[32mTimer: Iteration 1 total = 13.1 sec[0m
================
Step 2
================
Spectral indexing: ansi
Spectral resolution (L,M,N)=(8,8,0)
Node resolution (L,M,N)=(16,16,0)
Boundary ratio = 0
Pressure ratio = 0
Perturbation Order = 2
Objective: force
Optimizer: lsq-exact
================
Building objective: force
Precomputing transforms
[32mTimer: Precomputing transforms = 1.28 sec[0m
[32mTimer: Objective build = 1.36 sec[0m
Building objective: lcfs R
Building objective: lcfs Z
Building objective: fixed Psi
Building objective: fixed pressure
Building objective: fixed iota
Building objective: fixed sheet current
Building objective: self_consistency R
Building objective: self_consistency Z
Building objective: lambda gauge
Building objective: axis R self consistency
Building objective: axis Z self consistency
[32mTimer: Objective build = 414 ms[0m
[32mTimer: LinearConstraintProjection build = 3.56 sec[0m
Number of parameters: 48
Number of objectives: 162
[32mTimer: Initializing the optimization = 5.37 sec[0m

Starting optimization
Using method: lsq-exact
   Iteration     Total nfev        Cost      Cost reduction    Step norm     Optimality   
       0              1          4.099e-12                                    9.966e-07   
`gtol` condition satisfied. (gtol=1.00e-06)
         Current function value: 4.099e-12
         Total delta_x: 0.000e+00
         Iterations: 0
         Function evaluations: 1
         Jacobian evaluations: 1
[32mTimer: Solution time = 2.37 sec[0m
[32mTimer: Avg time per step = 2.37 sec[0m
==============================================================================================================
                                                                 Start  -->   End
Total (sum of squares):                                      4.099e-12  -->   4.099e-12, 
Maximum absolute Force error:                                3.182e+01  -->   3.182e+01 (N)
Minimum absolute Force error:                                4.055e-03  -->   4.055e-03 (N)
Average absolute Force error:                                2.536e+00  -->   2.536e+00 (N)
Maximum absolute Force error:                                5.131e-07  -->   5.131e-07 (normalized)
Minimum absolute Force error:                                6.539e-11  -->   6.539e-11 (normalized)
Average absolute Force error:                                4.089e-08  -->   4.089e-08 (normalized)
R boundary error:                                            0.000e+00  -->   0.000e+00 (m)
Z boundary error:                                            0.000e+00  -->   0.000e+00 (m)
Fixed Psi error:                                             0.000e+00  -->   0.000e+00 (Wb)
Fixed pressure profile error:                                0.000e+00  -->   0.000e+00 (Pa)
Fixed iota profile error:                                    0.000e+00  -->   0.000e+00 (dimensionless)
Fixed sheet current error:                                   0.000e+00  -->   0.000e+00 (~)
==============================================================================================================

[32mTimer: Iteration 2 total = 11.6 sec[0m
================
Step 3
================
Spectral indexing: ansi
Spectral resolution (L,M,N)=(8,8,0)
Node resolution (L,M,N)=(16,16,0)
Boundary ratio = 0
Pressure ratio = 0.5
Perturbation Order = 2
Objective: force
Optimizer: lsq-exact
================
Perturbing equilibrium
Building objective: force
Precomputing transforms
[32mTimer: Precomputing transforms = 40.5 ms[0m
[32mTimer: Objective build = 46.8 ms[0m
Building objective: lcfs R
Building objective: lcfs Z
Building objective: fixed Psi
Building objective: fixed pressure
Building objective: fixed iota
Building objective: fixed sheet current
Building objective: self_consistency R
Building objective: self_consistency Z
Building objective: lambda gauge
Building objective: axis R self consistency
Building objective: axis Z self consistency
[32mTimer: Objective build = 70.2 ms[0m
Perturbing p_l
Factorizing linear constraints
[32mTimer: linear constraint factorize = 20.5 ms[0m
Computing df
[32mTimer: df computation = 2.74 sec[0m
Factoring df
[32mTimer: df/dx factorization = 43.3 ms[0m
Computing d^2f
[32mTimer: d^2f computation = 1.68 sec[0m
[32mTimer: Objective build = 1.46 ms[0m
||dx||/||x|| =  2.524e-02
[32mTimer: Total perturbation = 7.92 sec[0m
Building objective: self_consistency R
Building objective: self_consistency Z
Building objective: lambda gauge
Building objective: axis R self consistency
Building objective: axis Z self consistency
[32mTimer: Objective build = 6.85 ms[0m
[32mTimer: LinearConstraintProjection build = 22.9 ms[0m
Number of parameters: 48
Number of objectives: 162
[32mTimer: Initializing the optimization = 32.2 ms[0m

Starting optimization
Using method: lsq-exact
   Iteration     Total nfev        Cost      Cost reduction    Step norm     Optimality   
       0              1          1.060e-04                                    6.740e-03   
       1              2          5.404e-06      1.006e-04      3.065e-02      1.273e-03   
       2              3          3.246e-07      5.079e-06      2.055e-02      3.474e-04   
       3              4          2.113e-08      3.034e-07      3.198e-03      1.070e-04   
       4              5          1.328e-08      7.849e-09      1.157e-02      9.346e-05   
       5              6          4.643e-10      1.282e-08      1.089e-02      1.062e-05   
       6              7          6.232e-11      4.020e-10      2.694e-03      5.522e-06   
       7             10          1.206e-11      5.025e-11      3.310e-04      2.438e-07   
`gtol` condition satisfied. (gtol=1.00e-06)
         Current function value: 1.206e-11
         Total delta_x: 3.337e-02
         Iterations: 7
         Function evaluations: 10
         Jacobian evaluations: 8
[32mTimer: Solution time = 1.01 sec[0m
[32mTimer: Avg time per step = 126 ms[0m
==============================================================================================================
                                                                 Start  -->   End
Total (sum of squares):                                      1.060e-04  -->   1.206e-11, 
Maximum absolute Force error:                                2.961e+05  -->   4.570e+01 (N)
Minimum absolute Force error:                                1.771e+01  -->   1.080e-01 (N)
Average absolute Force error:                                9.442e+03  -->   4.055e+00 (N)
Maximum absolute Force error:                                4.774e-03  -->   7.369e-07 (normalized)
Minimum absolute Force error:                                2.856e-07  -->   1.742e-09 (normalized)
Average absolute Force error:                                1.522e-04  -->   6.539e-08 (normalized)
R boundary error:                                            0.000e+00  -->   0.000e+00 (m)
Z boundary error:                                            0.000e+00  -->   0.000e+00 (m)
Fixed Psi error:                                             0.000e+00  -->   0.000e+00 (Wb)
Fixed pressure profile error:                                0.000e+00  -->   0.000e+00 (Pa)
Fixed iota profile error:                                    0.000e+00  -->   0.000e+00 (dimensionless)
Fixed sheet current error:                                   0.000e+00  -->   0.000e+00 (~)
==============================================================================================================

[32mTimer: Iteration 3 total = 9.33 sec[0m
================
Step 4
================
Spectral indexing: ansi
Spectral resolution (L,M,N)=(8,8,0)
Node resolution (L,M,N)=(16,16,0)
Boundary ratio = 0
Pressure ratio = 1.0
Perturbation Order = 2
Objective: force
Optimizer: lsq-exact
================
Perturbing equilibrium
Building objective: force
Precomputing transforms
[32mTimer: Precomputing transforms = 39.3 ms[0m
[32mTimer: Objective build = 45.9 ms[0m
Building objective: lcfs R
Building objective: lcfs Z
Building objective: fixed Psi
Building objective: fixed pressure
Building objective: fixed iota
Building objective: fixed sheet current
Building objective: self_consistency R
Building objective: self_consistency Z
Building objective: lambda gauge
Building objective: axis R self consistency
Building objective: axis Z self consistency
[32mTimer: Objective build = 75.0 ms[0m
Perturbing p_l
Factorizing linear constraints
[32mTimer: linear constraint factorize = 590 ms[0m
Computing df
[32mTimer: df computation = 1.61 ms[0m
Factoring df
[32mTimer: df/dx factorization = 31.4 us[0m
Computing d^2f
[32mTimer: d^2f computation = 377 us[0m
[32mTimer: Objective build = 1.37 ms[0m
||dx||/||x|| =  1.808e-02
[32mTimer: Total perturbation = 1.14 sec[0m
Building objective: self_consistency R
Building objective: self_consistency Z
Building objective: lambda gauge
Building objective: axis R self consistency
Building objective: axis Z self consistency
[32mTimer: Objective build = 6.53 ms[0m
[32mTimer: LinearConstraintProjection build = 21.6 ms[0m
Number of parameters: 48
Number of objectives: 162
[32mTimer: Initializing the optimization = 30.7 ms[0m

Starting optimization
Using method: lsq-exact
   Iteration     Total nfev        Cost      Cost reduction    Step norm     Optimality   
       0              1          1.199e-05                                    3.068e-03   
       1              2          8.997e-08      1.190e-05      1.383e-02      2.384e-04   
       2              4          2.060e-08      6.938e-08      7.424e-03      1.284e-04   
       3              6          8.165e-10      1.978e-08      4.483e-03      1.328e-05   
       4              8          1.020e-10      7.145e-10      2.176e-03      3.638e-06   
       5             10          5.947e-11      4.250e-11      1.177e-03      2.043e-06   
       6             12          4.460e-11      1.488e-11      2.816e-04      5.397e-08   
`gtol` condition satisfied. (gtol=1.00e-06)
         Current function value: 4.460e-11
         Total delta_x: 1.073e-02
         Iterations: 6
         Function evaluations: 12
         Jacobian evaluations: 7
[32mTimer: Solution time = 91.6 ms[0m
[32mTimer: Avg time per step = 13.0 ms[0m
==============================================================================================================
                                                                 Start  -->   End
Total (sum of squares):                                      1.199e-05  -->   4.460e-11, 
Maximum absolute Force error:                                3.113e+04  -->   8.110e+01 (N)
Minimum absolute Force error:                                2.249e+00  -->   6.862e-02 (N)
Average absolute Force error:                                3.901e+03  -->   8.415e+00 (N)
Maximum absolute Force error:                                5.019e-04  -->   1.308e-06 (normalized)
Minimum absolute Force error:                                3.626e-08  -->   1.106e-09 (normalized)
Average absolute Force error:                                6.290e-05  -->   1.357e-07 (normalized)
R boundary error:                                            0.000e+00  -->   0.000e+00 (m)
Z boundary error:                                            0.000e+00  -->   0.000e+00 (m)
Fixed Psi error:                                             0.000e+00  -->   0.000e+00 (Wb)
Fixed pressure profile error:                                0.000e+00  -->   0.000e+00 (Pa)
Fixed iota profile error:                                    0.000e+00  -->   0.000e+00 (dimensionless)
Fixed sheet current error:                                   0.000e+00  -->   0.000e+00 (~)
==============================================================================================================

[32mTimer: Iteration 4 total = 1.52 sec[0m
================
Step 5
================
Spectral indexing: ansi
Spectral resolution (L,M,N)=(8,8,3)
Node resolution (L,M,N)=(16,16,6)
Boundary ratio = 0.25
Pressure ratio = 1
Perturbation Order = 2
Objective: force
Optimizer: lsq-exact
================
Perturbing equilibrium
Building objective: force
Precomputing transforms
[32mTimer: Precomputing transforms = 1.06 sec[0m
[32mTimer: Objective build = 1.14 sec[0m
Building objective: lcfs R
Building objective: lcfs Z
Building objective: fixed Psi
Building objective: fixed pressure
Building objective: fixed iota
Building objective: fixed sheet current
Building objective: self_consistency R
Building objective: self_consistency Z
Building objective: lambda gauge
Building objective: axis R self consistency
Building objective: axis Z self consistency
[32mTimer: Objective build = 787 ms[0m
Perturbing Rb_lmn, Zb_lmn
Factorizing linear constraints
[32mTimer: linear constraint factorize = 3.93 sec[0m
Computing df
[32mTimer: df computation = 5.23 sec[0m
Factoring df
[32mTimer: df/dx factorization = 34.0 ms[0m
Computing d^2f
[32mTimer: d^2f computation = 2.81 sec[0m
[32mTimer: Objective build = 1.45 ms[0m
||dx||/||x|| =  4.146e-03
[32mTimer: Total perturbation = 15.7 sec[0m
Building objective: self_consistency R
Building objective: self_consistency Z
Building objective: lambda gauge
Building objective: axis R self consistency
Building objective: axis Z self consistency
[32mTimer: Objective build = 11.6 ms[0m
[32mTimer: LinearConstraintProjection build = 214 ms[0m
Number of parameters: 351
Number of objectives: 2106
[32mTimer: Initializing the optimization = 230 ms[0m

Starting optimization
Using method: lsq-exact
   Iteration     Total nfev        Cost      Cost reduction    Step norm     Optimality   
       0              1          1.418e-06                                    1.047e-03   
       1              2          4.787e-07      9.390e-07      1.121e-02      6.425e-04   
       2              4          7.675e-09      4.710e-07      4.360e-03      4.827e-05   
       3              6          3.865e-10      7.289e-09      2.006e-03      1.626e-05   
       4              8          8.421e-11      3.023e-10      1.249e-03      4.746e-06   
       5             10          3.535e-11      4.886e-11      6.157e-04      1.717e-06   
       6             12          3.111e-11      4.244e-12      2.894e-04      4.160e-07   
`gtol` condition satisfied. (gtol=1.00e-06)
         Current function value: 3.111e-11
         Total delta_x: 1.110e-02
         Iterations: 6
         Function evaluations: 12
         Jacobian evaluations: 7
[32mTimer: Solution time = 6.29 sec[0m
[32mTimer: Avg time per step = 899 ms[0m
==============================================================================================================
                                                                 Start  -->   End
Total (sum of squares):                                      1.418e-06  -->   3.111e-11, 
Maximum absolute Force error:                                2.295e+04  -->   6.341e+01 (N)
Minimum absolute Force error:                                1.884e+00  -->   1.972e-03 (N)
Average absolute Force error:                                1.196e+03  -->   6.564e+00 (N)
Maximum absolute Force error:                                3.701e-04  -->   1.023e-06 (normalized)
Minimum absolute Force error:                                3.038e-08  -->   3.179e-11 (normalized)
Average absolute Force error:                                1.928e-05  -->   1.058e-07 (normalized)
R boundary error:                                            0.000e+00  -->   0.000e+00 (m)
Z boundary error:                                            0.000e+00  -->   0.000e+00 (m)
Fixed Psi error:                                             0.000e+00  -->   0.000e+00 (Wb)
Fixed pressure profile error:                                0.000e+00  -->   0.000e+00 (Pa)
Fixed iota profile error:                                    0.000e+00  -->   0.000e+00 (dimensionless)
Fixed sheet current error:                                   0.000e+00  -->   0.000e+00 (~)
==============================================================================================================

[32mTimer: Iteration 5 total = 26.1 sec[0m
================
Step 6
================
Spectral indexing: ansi
Spectral resolution (L,M,N)=(8,8,3)
Node resolution (L,M,N)=(16,16,6)
Boundary ratio = 0.5
Pressure ratio = 1
Perturbation Order = 2
Objective: force
Optimizer: lsq-exact
================
Perturbing equilibrium
Building objective: force
Precomputing transforms
[32mTimer: Precomputing transforms = 65.3 ms[0m
[32mTimer: Objective build = 73.8 ms[0m
Building objective: lcfs R
Building objective: lcfs Z
Building objective: fixed Psi
Building objective: fixed pressure
Building objective: fixed iota
Building objective: fixed sheet current
Building objective: self_consistency R
Building objective: self_consistency Z
Building objective: lambda gauge
Building objective: axis R self consistency
Building objective: axis Z self consistency
[32mTimer: Objective build = 84.8 ms[0m
Perturbing Rb_lmn, Zb_lmn
Factorizing linear constraints
[32mTimer: linear constraint factorize = 44.5 ms[0m
Computing df
[32mTimer: df computation = 2.02 ms[0m
Factoring df
[32mTimer: df/dx factorization = 29.4 us[0m
Computing d^2f
[32mTimer: d^2f computation = 418 us[0m
[32mTimer: Objective build = 1.34 ms[0m
||dx||/||x|| =  3.253e-03
[32mTimer: Total perturbation = 812 ms[0m
Building objective: self_consistency R
Building objective: self_consistency Z
Building objective: lambda gauge
Building objective: axis R self consistency
Building objective: axis Z self consistency
[32mTimer: Objective build = 10.1 ms[0m
[32mTimer: LinearConstraintProjection build = 43.8 ms[0m
Number of parameters: 351
Number of objectives: 2106
[32mTimer: Initializing the optimization = 57.6 ms[0m

Starting optimization
Using method: lsq-exact
   Iteration     Total nfev        Cost      Cost reduction    Step norm     Optimality   
       0              1          5.402e-07                                    6.155e-04   
       1              2          1.383e-08      5.264e-07      3.597e-03      9.107e-05   
       2              3          3.036e-09      1.079e-08      3.774e-03      5.241e-05   
       3              4          2.172e-11      3.014e-09      3.791e-04      2.760e-07   
`gtol` condition satisfied. (gtol=1.00e-06)
         Current function value: 2.172e-11
         Total delta_x: 5.781e-03
         Iterations: 3
         Function evaluations: 4
         Jacobian evaluations: 4
[32mTimer: Solution time = 426 ms[0m
[32mTimer: Avg time per step = 106 ms[0m
==============================================================================================================
                                                                 Start  -->   End
Total (sum of squares):                                      5.402e-07  -->   2.172e-11, 
Maximum absolute Force error:                                2.022e+04  -->   5.354e+01 (N)
Minimum absolute Force error:                                4.603e-02  -->   3.784e-03 (N)
Average absolute Force error:                                6.663e+02  -->   5.728e+00 (N)
Maximum absolute Force error:                                3.260e-04  -->   8.632e-07 (normalized)
Minimum absolute Force error:                                7.422e-10  -->   6.102e-11 (normalized)
Average absolute Force error:                                1.074e-05  -->   9.236e-08 (normalized)
R boundary error:                                            0.000e+00  -->   0.000e+00 (m)
Z boundary error:                                            0.000e+00  -->   0.000e+00 (m)
Fixed Psi error:                                             0.000e+00  -->   0.000e+00 (Wb)
Fixed pressure profile error:                                0.000e+00  -->   0.000e+00 (Pa)
Fixed iota profile error:                                    0.000e+00  -->   0.000e+00 (dimensionless)
Fixed sheet current error:                                   0.000e+00  -->   0.000e+00 (~)
==============================================================================================================

[32mTimer: Iteration 6 total = 1.59 sec[0m
================
Step 7
================
Spectral indexing: ansi
Spectral resolution (L,M,N)=(8,8,3)
Node resolution (L,M,N)=(16,16,6)
Boundary ratio = 0.75
Pressure ratio = 1
Perturbation Order = 2
Objective: force
Optimizer: lsq-exact
================
Perturbing equilibrium
Building objective: force
Precomputing transforms
[32mTimer: Precomputing transforms = 59.9 ms[0m
[32mTimer: Objective build = 66.7 ms[0m
Building objective: lcfs R
Building objective: lcfs Z
Building objective: fixed Psi
Building objective: fixed pressure
Building objective: fixed iota
Building objective: fixed sheet current
Building objective: self_consistency R
Building objective: self_consistency Z
Building objective: lambda gauge
Building objective: axis R self consistency
Building objective: axis Z self consistency
[32mTimer: Objective build = 76.8 ms[0m
Perturbing Rb_lmn, Zb_lmn
Factorizing linear constraints
[32mTimer: linear constraint factorize = 41.3 ms[0m
Computing df
[32mTimer: df computation = 1.69 ms[0m
Factoring df
[32mTimer: df/dx factorization = 27.9 us[0m
Computing d^2f
[32mTimer: d^2f computation = 379 us[0m
[32mTimer: Objective build = 1.40 ms[0m
||dx||/||x|| =  1.280e-03
[32mTimer: Total perturbation = 376 ms[0m
Building objective: self_consistency R
Building objective: self_consistency Z
Building objective: lambda gauge
Building objective: axis R self consistency
Building objective: axis Z self consistency
[32mTimer: Objective build = 10.0 ms[0m
[32mTimer: LinearConstraintProjection build = 44.6 ms[0m
Number of parameters: 351
Number of objectives: 2106
[32mTimer: Initializing the optimization = 58.4 ms[0m

Starting optimization
Using method: lsq-exact
   Iteration     Total nfev        Cost      Cost reduction    Step norm     Optimality   
       0              1          4.741e-09                                    4.161e-05   
       1              2          2.411e-11      4.717e-09      7.464e-04      7.921e-07   
`gtol` condition satisfied. (gtol=1.00e-06)
         Current function value: 2.411e-11
         Total delta_x: 7.464e-04
         Iterations: 1
         Function evaluations: 2
         Jacobian evaluations: 2
[32mTimer: Solution time = 209 ms[0m
[32mTimer: Avg time per step = 104 ms[0m
==============================================================================================================
                                                                 Start  -->   End
Total (sum of squares):                                      4.741e-09  -->   2.411e-11, 
Maximum absolute Force error:                                5.518e+02  -->   7.804e+01 (N)
Minimum absolute Force error:                                1.817e-03  -->   1.757e-03 (N)
Average absolute Force error:                                6.145e+01  -->   6.061e+00 (N)
Maximum absolute Force error:                                8.898e-06  -->   1.258e-06 (normalized)
Minimum absolute Force error:                                2.930e-11  -->   2.833e-11 (normalized)
Average absolute Force error:                                9.909e-07  -->   9.774e-08 (normalized)
R boundary error:                                            0.000e+00  -->   0.000e+00 (m)
Z boundary error:                                            0.000e+00  -->   0.000e+00 (m)
Fixed Psi error:                                             0.000e+00  -->   0.000e+00 (Wb)
Fixed pressure profile error:                                0.000e+00  -->   0.000e+00 (Pa)
Fixed iota profile error:                                    0.000e+00  -->   0.000e+00 (dimensionless)
Fixed sheet current error:                                   0.000e+00  -->   0.000e+00 (~)
==============================================================================================================

[32mTimer: Iteration 7 total = 935 ms[0m
================
Step 8
================
Spectral indexing: ansi
Spectral resolution (L,M,N)=(8,8,3)
Node resolution (L,M,N)=(16,16,6)
Boundary ratio = 1.0
Pressure ratio = 1
Perturbation Order = 2
Objective: force
Optimizer: lsq-exact
================
Perturbing equilibrium
Building objective: force
Precomputing transforms
[32mTimer: Precomputing transforms = 63.6 ms[0m
[32mTimer: Objective build = 70.9 ms[0m
Building objective: lcfs R
Building objective: lcfs Z
Building objective: fixed Psi
Building objective: fixed pressure
Building objective: fixed iota
Building objective: fixed sheet current
Building objective: self_consistency R
Building objective: self_consistency Z
Building objective: lambda gauge
Building objective: axis R self consistency
Building objective: axis Z self consistency
[32mTimer: Objective build = 79.0 ms[0m
Perturbing Rb_lmn, Zb_lmn
Factorizing linear constraints
[32mTimer: linear constraint factorize = 41.9 ms[0m
Computing df
[32mTimer: df computation = 1.72 ms[0m
Factoring df
[32mTimer: df/dx factorization = 24.1 us[0m
Computing d^2f
[32mTimer: d^2f computation = 359 us[0m
[32mTimer: Objective build = 1.38 ms[0m
||dx||/||x|| =  1.326e-03
[32mTimer: Total perturbation = 385 ms[0m
Building objective: self_consistency R
Building objective: self_consistency Z
Building objective: lambda gauge
Building objective: axis R self consistency
Building objective: axis Z self consistency
[32mTimer: Objective build = 9.97 ms[0m
[32mTimer: LinearConstraintProjection build = 44.3 ms[0m
Number of parameters: 351
Number of objectives: 2106
[32mTimer: Initializing the optimization = 57.7 ms[0m

Starting optimization
Using method: lsq-exact
   Iteration     Total nfev        Cost      Cost reduction    Step norm     Optimality   
       0              1          4.927e-09                                    4.150e-05   
       1              2          1.232e-10      4.804e-09      1.910e-03      5.564e-06   
       2              4          3.571e-11      8.752e-11      1.052e-03      2.435e-06   
       3              6          2.362e-11      1.209e-11      5.299e-04      4.646e-07   
`gtol` condition satisfied. (gtol=1.00e-06)
         Current function value: 2.362e-11
         Total delta_x: 3.430e-03
         Iterations: 3
         Function evaluations: 6
         Jacobian evaluations: 4
[32mTimer: Solution time = 735 ms[0m
[32mTimer: Avg time per step = 183 ms[0m
==============================================================================================================
                                                                 Start  -->   End
Total (sum of squares):                                      4.927e-09  -->   2.362e-11, 
Maximum absolute Force error:                                6.551e+02  -->   6.437e+01 (N)
Minimum absolute Force error:                                2.269e-02  -->   1.008e-02 (N)
Average absolute Force error:                                6.365e+01  -->   5.921e+00 (N)
Maximum absolute Force error:                                1.056e-05  -->   1.038e-06 (normalized)
Minimum absolute Force error:                                3.659e-10  -->   1.625e-10 (normalized)
Average absolute Force error:                                1.026e-06  -->   9.547e-08 (normalized)
R boundary error:                                            0.000e+00  -->   0.000e+00 (m)
Z boundary error:                                            0.000e+00  -->   0.000e+00 (m)
Fixed Psi error:                                             0.000e+00  -->   0.000e+00 (Wb)
Fixed pressure profile error:                                0.000e+00  -->   0.000e+00 (Pa)
Fixed iota profile error:                                    0.000e+00  -->   0.000e+00 (dimensionless)
Fixed sheet current error:                                   0.000e+00  -->   0.000e+00 (~)
==============================================================================================================

[32mTimer: Iteration 8 total = 1.48 sec[0m
====================
Done
[32mTimer: Total time = 1.20 min[0m
====================


# Python warnings captured during continuation
DeprecationWarning: linear_util.wrap_init is missing a DebugInfo object. This behavior is deprecated, use api_util.debug_info() to construct a proper DebugInfo object and propagate it to this function. See https://github.com/jax-ml/jax/issues/26480 for more details.
DeprecationWarning: linear_util.wrap_init is missing a DebugInfo object. This behavior is deprecated, use api_util.debug_info() to construct a proper DebugInfo object and propagate it to this function. See https://github.com/jax-ml/jax/issues/26480 for more details.
DeprecationWarning: linear_util.wrap_init is missing a DebugInfo object. This behavior is deprecated, use api_util.debug_info() to construct a proper DebugInfo object and propagate it to this function. See https://github.com/jax-ml/jax/issues/26480 for more details.
DeprecationWarning: linear_util.wrap_init is missing a DebugInfo object. This behavior is deprecated, use api_util.debug_info() to construct a proper DebugInfo object and propagate it to this function. See https://github.com/jax-ml/jax/issues/26480 for more details.
DeprecationWarning: linear_util.wrap_init is missing a DebugInfo object. This behavior is deprecated, use api_util.debug_info() to construct a proper DebugInfo object and propagate it to this function. See https://github.com/jax-ml/jax/issues/26480 for more details.
DeprecationWarning: linear_util.wrap_init is missing a DebugInfo object. This behavior is deprecated, use api_util.debug_info() to construct a proper DebugInfo object and propagate it to this function. See https://github.com/jax-ml/jax/issues/26480 for more details.
DeprecationWarning: linear_util.wrap_init is missing a DebugInfo object. This behavior is deprecated, use api_util.debug_info() to construct a proper DebugInfo object and propagate it to this function. See https://github.com/jax-ml/jax/issues/26480 for more details.
DeprecationWarning: linear_util.wrap_init is missing a DebugInfo object. This behavior is deprecated, use api_util.debug_info() to construct a proper DebugInfo object and propagate it to this function. See https://github.com/jax-ml/jax/issues/26480 for more details.
DeprecationWarning: linear_util.wrap_init is missing a DebugInfo object. This behavior is deprecated, use api_util.debug_info() to construct a proper DebugInfo object and propagate it to this function. See https://github.com/jax-ml/jax/issues/26480 for more details.
DeprecationWarning: linear_util.wrap_init is missing a DebugInfo object. This behavior is deprecated, use api_util.debug_info() to construct a proper DebugInfo object and propagate it to this function. See https://github.com/jax-ml/jax/issues/26480 for more details.
DeprecationWarning: linear_util.wrap_init is missing a DebugInfo object. This behavior is deprecated, use api_util.debug_info() to construct a proper DebugInfo object and propagate it to this function. See https://github.com/jax-ml/jax/issues/26480 for more details.
DeprecationWarning: linear_util.wrap_init is missing a DebugInfo object. This behavior is deprecated, use api_util.debug_info() to construct a proper DebugInfo object and propagate it to this function. See https://github.com/jax-ml/jax/issues/26480 for more details.
DeprecationWarning: linear_util.wrap_init is missing a DebugInfo object. This behavior is deprecated, use api_util.debug_info() to construct a proper DebugInfo object and propagate it to this function. See https://github.com/jax-ml/jax/issues/26480 for more details.
DeprecationWarning: linear_util.wrap_init is missing a DebugInfo object. This behavior is deprecated, use api_util.debug_info() to construct a proper DebugInfo object and propagate it to this function. See https://github.com/jax-ml/jax/issues/26480 for more details.
DeprecationWarning: linear_util.wrap_init is missing a DebugInfo object. This behavior is deprecated, use api_util.debug_info() to construct a proper DebugInfo object and propagate it to this function. See https://github.com/jax-ml/jax/issues/26480 for more details.
DeprecationWarning: linear_util.wrap_init is missing a DebugInfo object. This behavior is deprecated, use api_util.debug_info() to construct a proper DebugInfo object and propagate it to this function. See https://github.com/jax-ml/jax/issues/26480 for more details.
DeprecationWarning: linear_util.wrap_init is missing a DebugInfo object. This behavior is deprecated, use api_util.debug_info() to construct a proper DebugInfo object and propagate it to this function. See https://github.com/jax-ml/jax/issues/26480 for more details.
DeprecationWarning: linear_util.wrap_init is missing a DebugInfo object. This behavior is deprecated, use api_util.debug_info() to construct a proper DebugInfo object and propagate it to this function. See https://github.com/jax-ml/jax/issues/26480 for more details.
DeprecationWarning: linear_util.wrap_init is missing a DebugInfo object. This behavior is deprecated, use api_util.debug_info() to construct a proper DebugInfo object and propagate it to this function. See https://github.com/jax-ml/jax/issues/26480 for more details.
DeprecationWarning: linear_util.wrap_init is missing a DebugInfo object. This behavior is deprecated, use api_util.debug_info() to construct a proper DebugInfo object and propagate it to this function. See https://github.com/jax-ml/jax/issues/26480 for more details.
DeprecationWarning: linear_util.wrap_init is missing a DebugInfo object. This behavior is deprecated, use api_util.debug_info() to construct a proper DebugInfo object and propagate it to this function. See https://github.com/jax-ml/jax/issues/26480 for more details.
DeprecationWarning: linear_util.wrap_init is missing a DebugInfo object. This behavior is deprecated, use api_util.debug_info() to construct a proper DebugInfo object and propagate it to this function. See https://github.com/jax-ml/jax/issues/26480 for more details.
DeprecationWarning: linear_util.wrap_init is missing a DebugInfo object. This behavior is deprecated, use api_util.debug_info() to construct a proper DebugInfo object and propagate it to this function. See https://github.com/jax-ml/jax/issues/26480 for more details.
DeprecationWarning: linear_util.wrap_init is missing a DebugInfo object. This behavior is deprecated, use api_util.debug_info() to construct a proper DebugInfo object and propagate it to this function. See https://github.com/jax-ml/jax/issues/26480 for more details.
DeprecationWarning: linear_util.wrap_init is missing a DebugInfo object. This behavior is deprecated, use api_util.debug_info() to construct a proper DebugInfo object and propagate it to this function. See https://github.com/jax-ml/jax/issues/26480 for more details.
DeprecationWarning: linear_util.wrap_init is missing a DebugInfo object. This behavior is deprecated, use api_util.debug_info() to construct a proper DebugInfo object and propagate it to this function. See https://github.com/jax-ml/jax/issues/26480 for more details.
DeprecationWarning: linear_util.wrap_init is missing a DebugInfo object. This behavior is deprecated, use api_util.debug_info() to construct a proper DebugInfo object and propagate it to this function. See https://github.com/jax-ml/jax/issues/26480 for more details.
DeprecationWarning: linear_util.wrap_init is missing a DebugInfo object. This behavior is deprecated, use api_util.debug_info() to construct a proper DebugInfo object and propagate it to this function. See https://github.com/jax-ml/jax/issues/26480 for more details.
DeprecationWarning: linear_util.wrap_init is missing a DebugInfo object. This behavior is deprecated, use api_util.debug_info() to construct a proper DebugInfo object and propagate it to this function. See https://github.com/jax-ml/jax/issues/26480 for more details.
DeprecationWarning: linear_util.wrap_init is missing a DebugInfo object. This behavior is deprecated, use api_util.debug_info() to construct a proper DebugInfo object and propagate it to this function. See https://github.com/jax-ml/jax/issues/26480 for more details.
DeprecationWarning: linear_util.wrap_init is missing a DebugInfo object. This behavior is deprecated, use api_util.debug_info() to construct a proper DebugInfo object and propagate it to this function. See https://github.com/jax-ml/jax/issues/26480 for more details.
DeprecationWarning: linear_util.wrap_init is missing a DebugInfo object. This behavior is deprecated, use api_util.debug_info() to construct a proper DebugInfo object and propagate it to this function. See https://github.com/jax-ml/jax/issues/26480 for more details.
DeprecationWarning: linear_util.wrap_init is missing a DebugInfo object. This behavior is deprecated, use api_util.debug_info() to construct a proper DebugInfo object and propagate it to this function. See https://github.com/jax-ml/jax/issues/26480 for more details.
DeprecationWarning: linear_util.wrap_init is missing a DebugInfo object. This behavior is deprecated, use api_util.debug_info() to construct a proper DebugInfo object and propagate it to this function. See https://github.com/jax-ml/jax/issues/26480 for more details.
DeprecationWarning: linear_util.wrap_init is missing a DebugInfo object. This behavior is deprecated, use api_util.debug_info() to construct a proper DebugInfo object and propagate it to this function. See https://github.com/jax-ml/jax/issues/26480 for more details.
RuntimeWarning: divide by zero encountered in matmul
RuntimeWarning: overflow encountered in matmul
RuntimeWarning: invalid value encountered in matmul
RuntimeWarning: divide by zero encountered in matmul
RuntimeWarning: overflow encountered in matmul
RuntimeWarning: invalid value encountered in matmul
DeprecationWarning: linear_util.wrap_init is missing a DebugInfo object. This behavior is deprecated, use api_util.debug_info() to construct a proper DebugInfo object and propagate it to this function. See https://github.com/jax-ml/jax/issues/26480 for more details.
DeprecationWarning: linear_util.wrap_init is missing a DebugInfo object. This behavior is deprecated, use api_util.debug_info() to construct a proper DebugInfo object and propagate it to this function. See https://github.com/jax-ml/jax/issues/26480 for more details.
DeprecationWarning: linear_util.wrap_init is missing a DebugInfo object. This behavior is deprecated, use api_util.debug_info() to construct a proper DebugInfo object and propagate it to this function. See https://github.com/jax-ml/jax/issues/26480 for more details.
RuntimeWarning: divide by zero encountered in matmul
RuntimeWarning: overflow encountered in matmul
RuntimeWarning: invalid value encountered in matmul
RuntimeWarning: divide by zero encountered in matmul
RuntimeWarning: overflow encountered in matmul
RuntimeWarning: invalid value encountered in matmul
RuntimeWarning: divide by zero encountered in matmul
RuntimeWarning: overflow encountered in matmul
RuntimeWarning: invalid value encountered in matmul
RuntimeWarning: divide by zero encountered in matmul
RuntimeWarning: overflow encountered in matmul
RuntimeWarning: invalid value encountered in matmul
RuntimeWarning: divide by zero encountered in matmul
RuntimeWarning: overflow encountered in matmul
RuntimeWarning: invalid value encountered in matmul
RuntimeWarning: divide by zero encountered in matmul
RuntimeWarning: overflow encountered in matmul
RuntimeWarning: invalid value encountered in matmul
RuntimeWarning: divide by zero encountered in matmul
RuntimeWarning: overflow encountered in matmul
RuntimeWarning: invalid value encountered in matmul
RuntimeWarning: divide by zero encountered in matmul
RuntimeWarning: overflow encountered in matmul
RuntimeWarning: invalid value encountered in matmul
RuntimeWarning: divide by zero encountered in matmul
RuntimeWarning: overflow encountered in matmul
RuntimeWarning: invalid value encountered in matmul
RuntimeWarning: divide by zero encountered in matmul
RuntimeWarning: overflow encountered in matmul
RuntimeWarning: invalid value encountered in matmul
RuntimeWarning: divide by zero encountered in matmul
RuntimeWarning: overflow encountered in matmul
RuntimeWarning: invalid value encountered in matmul
RuntimeWarning: divide by zero encountered in matmul
RuntimeWarning: overflow encountered in matmul
RuntimeWarning: invalid value encountered in matmul
RuntimeWarning: divide by zero encountered in matmul
RuntimeWarning: overflow encountered in matmul
RuntimeWarning: invalid value encountered in matmul
RuntimeWarning: divide by zero encountered in matmul
RuntimeWarning: overflow encountered in matmul
RuntimeWarning: invalid value encountered in matmul
RuntimeWarning: divide by zero encountered in matmul
RuntimeWarning: overflow encountered in matmul
RuntimeWarning: invalid value encountered in matmul
RuntimeWarning: divide by zero encountered in matmul
RuntimeWarning: overflow encountered in matmul
RuntimeWarning: invalid value encountered in matmul
RuntimeWarning: divide by zero encountered in matmul
RuntimeWarning: overflow encountered in matmul
RuntimeWarning: invalid value encountered in matmul
RuntimeWarning: divide by zero encountered in matmul
RuntimeWarning: overflow encountered in matmul
RuntimeWarning: invalid value encountered in matmul
RuntimeWarning: divide by zero encountered in matmul
RuntimeWarning: overflow encountered in matmul
RuntimeWarning: invalid value encountered in matmul
RuntimeWarning: divide by zero encountered in matmul
RuntimeWarning: overflow encountered in matmul
RuntimeWarning: invalid value encountered in matmul
RuntimeWarning: divide by zero encountered in matmul
RuntimeWarning: overflow encountered in matmul
RuntimeWarning: invalid value encountered in matmul
RuntimeWarning: divide by zero encountered in matmul
RuntimeWarning: overflow encountered in matmul
RuntimeWarning: invalid value encountered in matmul
