================
Step 1
================
Spectral indexing: ansi
Spectral resolution (L,M,N)=(6,6,0)
Node resolution (L,M,N)=(12,12,0)
Boundary ratio = 0
Pressure ratio = 0
Perturbation Order = 2
Objective: force
Optimizer: lsq-exact
================
Building objective: force
Precomputing transforms
Timer: Precomputing transforms = 1.07 sec
Timer: Objective build = 1.51 sec
Building objective: lcfs R
Building objective: lcfs Z
Building objective: fixed Psi
Building objective: fixed pressure
Building objective: fixed iota
Building objective: fixed sheet current
Building objective: self_consistency R
Building objective: self_consistency Z
Building objective: lambda gauge
Building objective: axis R self consistency
Building objective: axis Z self consistency
Timer: Objective build = 593 ms
Timer: LinearConstraintProjection build = 3.63 sec
Number of parameters: 27
Number of objectives: 98
Timer: Initializing the optimization = 5.77 sec

Starting optimization
Using method: lsq-exact
   Iteration     Total nfev        Cost      Cost reduction    Step norm     Optimality   
       0              1          1.792e-02                                    1.875e-01   
       1              2          1.192e-04      1.780e-02      1.898e-01      8.455e-03   
       2              3          5.776e-07      1.186e-04      6.724e-02      6.686e-04   
       3              4          3.291e-07      2.485e-07      5.328e-02      5.599e-04   
       4              5          8.484e-10      3.283e-07      2.273e-03      1.700e-05   
`gtol` condition satisfied. (gtol=1.00e-04)
         Current function value: 8.484e-10
         Total delta_x: 8.056e-02
         Iterations: 4
         Function evaluations: 5
         Jacobian evaluations: 5
Timer: Solution time = 4.57 sec
Timer: Avg time per step = 914 ms
==============================================================================================================
                                                                 Start  -->   End
Total (sum of squares):                                      1.792e-02  -->   8.484e-10, 
Maximum absolute Force error:                                5.858e+05  -->   4.283e+02 (N)
Minimum absolute Force error:                                9.909e+00  -->   6.848e-02 (N)
Average absolute Force error:                                1.789e+05  -->   3.040e+01 (N)
Maximum absolute Force error:                                9.446e-03  -->   6.905e-06 (normalized)
Minimum absolute Force error:                                1.598e-07  -->   1.104e-09 (normalized)
Average absolute Force error:                                2.885e-03  -->   4.902e-07 (normalized)
R boundary error:                                            0.000e+00  -->   3.469e-18 (m)
Z boundary error:                                            0.000e+00  -->   5.554e-17 (m)
Fixed Psi error:                                             0.000e+00  -->   0.000e+00 (Wb)
Fixed pressure profile error:                                0.000e+00  -->   0.000e+00 (Pa)
Fixed iota profile error:                                    0.000e+00  -->   0.000e+00 (dimensionless)
Fixed sheet current error:                                   0.000e+00  -->   0.000e+00 (~)
==============================================================================================================

Timer: Iteration 1 total = 11.9 sec
================
Step 2
================
Spectral indexing: ansi
Spectral resolution (L,M,N)=(12,12,0)
Node resolution (L,M,N)=(24,24,0)
Boundary ratio = 0
Pressure ratio = 0
Perturbation Order = 2
Objective: force
Optimizer: lsq-exact
================
Building objective: force
Precomputing transforms
Timer: Precomputing transforms = 1.09 sec
Timer: Objective build = 1.18 sec
Building objective: lcfs R
Building objective: lcfs Z
Building objective: fixed Psi
Building objective: fixed pressure
Building objective: fixed iota
Building objective: fixed sheet current
Building objective: self_consistency R
Building objective: self_consistency Z
Building objective: lambda gauge
Building objective: axis R self consistency
Building objective: axis Z self consistency
Timer: Objective build = 560 ms
Timer: LinearConstraintProjection build = 3.45 sec
Number of parameters: 108
Number of objectives: 338
Timer: Initializing the optimization = 5.23 sec

Starting optimization
Using method: lsq-exact
   Iteration     Total nfev        Cost      Cost reduction    Step norm     Optimality   
       0              1          8.486e-10                                    2.616e-05   
`gtol` condition satisfied. (gtol=1.00e-04)
         Current function value: 8.486e-10
         Total delta_x: 0.000e+00
         Iterations: 0
         Function evaluations: 1
         Jacobian evaluations: 1
Timer: Solution time = 2.97 sec
Timer: Avg time per step = 2.97 sec
==============================================================================================================
                                                                 Start  -->   End
Total (sum of squares):                                      8.486e-10  -->   8.486e-10, 
Maximum absolute Force error:                                5.847e+02  -->   5.847e+02 (N)
Minimum absolute Force error:                                2.786e-01  -->   2.786e-01 (N)
Average absolute Force error:                                3.056e+01  -->   3.056e+01 (N)
Maximum absolute Force error:                                9.428e-06  -->   9.428e-06 (normalized)
Minimum absolute Force error:                                4.493e-09  -->   4.493e-09 (normalized)
Average absolute Force error:                                4.928e-07  -->   4.928e-07 (normalized)
R boundary error:                                            0.000e+00  -->   0.000e+00 (m)
Z boundary error:                                            0.000e+00  -->   0.000e+00 (m)
Fixed Psi error:                                             0.000e+00  -->   0.000e+00 (Wb)
Fixed pressure profile error:                                0.000e+00  -->   0.000e+00 (Pa)
Fixed iota profile error:                                    0.000e+00  -->   0.000e+00 (dimensionless)
Fixed sheet current error:                                   0.000e+00  -->   0.000e+00 (~)
==============================================================================================================

Timer: Iteration 2 total = 11.7 sec
================
Step 3
================
Spectral indexing: ansi
Spectral resolution (L,M,N)=(12,12,0)
Node resolution (L,M,N)=(24,24,0)
Boundary ratio = 0
Pressure ratio = 0.5
Perturbation Order = 2
Objective: force
Optimizer: lsq-exact
================
Perturbing equilibrium
Building objective: force
Precomputing transforms
Timer: Precomputing transforms = 44.6 ms
Timer: Objective build = 51.6 ms
Building objective: lcfs R
Building objective: lcfs Z
Building objective: fixed Psi
Building objective: fixed pressure
Building objective: fixed iota
Building objective: fixed sheet current
Building objective: self_consistency R
Building objective: self_consistency Z
Building objective: lambda gauge
Building objective: axis R self consistency
Building objective: axis Z self consistency
Timer: Objective build = 75.3 ms
Perturbing p_l
Factorizing linear constraints
Timer: linear constraint factorize = 22.6 ms
Computing df
Timer: df computation = 3.56 sec
Factoring df
Timer: df/dx factorization = 36.6 ms
Computing d^2f
Timer: d^2f computation = 2.41 sec
Timer: Objective build = 1.46 ms
||dx||/||x|| =  3.501e-02
Timer: Total perturbation = 9.63 sec
Building objective: self_consistency R
Building objective: self_consistency Z
Building objective: lambda gauge
Building objective: axis R self consistency
Building objective: axis Z self consistency
Timer: Objective build = 7.46 ms
Timer: LinearConstraintProjection build = 22.0 ms
Number of parameters: 108
Number of objectives: 338
Timer: Initializing the optimization = 31.8 ms

Starting optimization
Using method: lsq-exact
   Iteration     Total nfev        Cost      Cost reduction    Step norm     Optimality   
       0              1          8.265e-04                                    2.212e-02   
       1              2          5.981e-05      7.667e-04      6.749e-02      4.830e-03   
       2              3          1.654e-05      4.327e-05      4.494e-02      2.936e-03   
       3              4          6.403e-07      1.590e-05      9.114e-03      3.121e-04   
       4              5          8.920e-08      5.511e-07      7.748e-03      1.371e-04   
       5              6          1.932e-10      8.900e-08      4.307e-03      4.902e-06   
`gtol` condition satisfied. (gtol=1.00e-04)
         Current function value: 1.932e-10
         Total delta_x: 9.984e-02
         Iterations: 5
         Function evaluations: 6
         Jacobian evaluations: 6
Timer: Solution time = 1.45 sec
Timer: Avg time per step = 242 ms
==============================================================================================================
                                                                 Start  -->   End
Total (sum of squares):                                      8.265e-04  -->   1.932e-10, 
Maximum absolute Force error:                                1.264e+06  -->   4.369e+02 (N)
Minimum absolute Force error:                                4.721e+01  -->   6.005e-02 (N)
Average absolute Force error:                                2.515e+04  -->   1.535e+01 (N)
Maximum absolute Force error:                                2.037e-02  -->   7.045e-06 (normalized)
Minimum absolute Force error:                                7.611e-07  -->   9.683e-10 (normalized)
Average absolute Force error:                                4.056e-04  -->   2.475e-07 (normalized)
R boundary error:                                            0.000e+00  -->   0.000e+00 (m)
Z boundary error:                                            0.000e+00  -->   0.000e+00 (m)
Fixed Psi error:                                             0.000e+00  -->   0.000e+00 (Wb)
Fixed pressure profile error:                                0.000e+00  -->   0.000e+00 (Pa)
Fixed iota profile error:                                    0.000e+00  -->   0.000e+00 (dimensionless)
Fixed sheet current error:                                   0.000e+00  -->   0.000e+00 (~)
==============================================================================================================

Timer: Iteration 3 total = 11.4 sec
================
Step 4
================
Spectral indexing: ansi
Spectral resolution (L,M,N)=(12,12,0)
Node resolution (L,M,N)=(24,24,0)
Boundary ratio = 0
Pressure ratio = 1.0
Perturbation Order = 2
Objective: force
Optimizer: lsq-exact
================
Perturbing equilibrium
Building objective: force
Precomputing transforms
Timer: Precomputing transforms = 44.2 ms
Timer: Objective build = 50.7 ms
Building objective: lcfs R
Building objective: lcfs Z
Building objective: fixed Psi
Building objective: fixed pressure
Building objective: fixed iota
Building objective: fixed sheet current
Building objective: self_consistency R
Building objective: self_consistency Z
Building objective: lambda gauge
Building objective: axis R self consistency
Building objective: axis Z self consistency
Timer: Objective build = 73.0 ms
Perturbing p_l
Factorizing linear constraints
Timer: linear constraint factorize = 712 ms
Computing df
Timer: df computation = 1.74 ms
Factoring df
Timer: df/dx factorization = 50.6 us
Computing d^2f
Timer: d^2f computation = 362 us
Timer: Objective build = 1.57 ms
||dx||/||x|| =  1.905e-02
Timer: Total perturbation = 1.39 sec
Building objective: self_consistency R
Building objective: self_consistency Z
Building objective: lambda gauge
Building objective: axis R self consistency
Building objective: axis Z self consistency
Timer: Objective build = 7.40 ms
Timer: LinearConstraintProjection build = 20.9 ms
Number of parameters: 108
Number of objectives: 338
Timer: Initializing the optimization = 30.6 ms

Starting optimization
Using method: lsq-exact
   Iteration     Total nfev        Cost      Cost reduction    Step norm     Optimality   
       0              1          3.315e-06                                    1.007e-03   
       1              2          1.224e-07      3.192e-06      2.054e-02      3.339e-04   
       2              4          1.092e-08      1.115e-07      6.978e-03      6.213e-05   
`gtol` condition satisfied. (gtol=1.00e-04)
         Current function value: 1.092e-08
         Total delta_x: 2.538e-02
         Iterations: 2
         Function evaluations: 4
         Jacobian evaluations: 3
Timer: Solution time = 52.7 ms
Timer: Avg time per step = 17.5 ms
==============================================================================================================
                                                                 Start  -->   End
Total (sum of squares):                                      3.315e-06  -->   1.092e-08, 
Maximum absolute Force error:                                1.193e+04  -->   4.478e+03 (N)
Minimum absolute Force error:                                1.502e+00  -->   5.071e-02 (N)
Average absolute Force error:                                1.969e+03  -->   8.077e+01 (N)
Maximum absolute Force error:                                1.924e-04  -->   7.220e-05 (normalized)
Minimum absolute Force error:                                2.422e-08  -->   8.177e-10 (normalized)
Average absolute Force error:                                3.175e-05  -->   1.302e-06 (normalized)
R boundary error:                                            0.000e+00  -->   0.000e+00 (m)
Z boundary error:                                            0.000e+00  -->   0.000e+00 (m)
Fixed Psi error:                                             0.000e+00  -->   0.000e+00 (Wb)
Fixed pressure profile error:                                0.000e+00  -->   0.000e+00 (Pa)
Fixed iota profile error:                                    0.000e+00  -->   0.000e+00 (dimensionless)
Fixed sheet current error:                                   0.000e+00  -->   0.000e+00 (~)
==============================================================================================================

Timer: Iteration 4 total = 1.73 sec
================
Step 5
================
Spectral indexing: ansi
Spectral resolution (L,M,N)=(12,12,10)
Node resolution (L,M,N)=(24,24,20)
Boundary ratio = 0.25
Pressure ratio = 1
Perturbation Order = 2
Objective: force
Optimizer: lsq-exact
================
Perturbing equilibrium
Building objective: force
Precomputing transforms
Timer: Precomputing transforms = 1.27 sec
Timer: Objective build = 1.34 sec
Building objective: lcfs R
Building objective: lcfs Z
Building objective: fixed Psi
Building objective: fixed pressure
Building objective: fixed iota
Building objective: fixed sheet current
Building objective: self_consistency R
Building objective: self_consistency Z
Building objective: lambda gauge
Building objective: axis R self consistency
Building objective: axis Z self consistency
Timer: Objective build = 871 ms
Perturbing Rb_lmn, Zb_lmn
Factorizing linear constraints
Timer: linear constraint factorize = 5.12 sec
Computing df
Timer: df computation = 9.80 sec
Factoring df
Timer: df/dx factorization = 80.7 ms
Computing d^2f
Timer: d^2f computation = 4.64 sec
Timer: Objective build = 1.67 ms
||dx||/||x|| =  6.825e-03
Timer: Total perturbation = 49.2 sec
Building objective: self_consistency R
Building objective: self_consistency Z
Building objective: lambda gauge
Building objective: axis R self consistency
Building objective: axis Z self consistency
Timer: Objective build = 35.2 ms
Timer: LinearConstraintProjection build = 1.71 sec
Number of parameters: 2338
Number of objectives: 13858
Timer: Initializing the optimization = 2.55 sec

Starting optimization
Using method: lsq-exact
   Iteration     Total nfev        Cost      Cost reduction    Step norm     Optimality   
       0              1          2.553e-05                                    4.609e-03   
       1              2          3.724e-07      2.515e-05      1.621e-02      4.260e-04   
       2              3          2.371e-07      1.353e-07      1.590e-02      1.954e-04   
       3              5          1.041e-08      2.267e-07      5.031e-03      4.610e-05   
`gtol` condition satisfied. (gtol=1.00e-04)
         Current function value: 1.041e-08
         Total delta_x: 2.364e-02
         Iterations: 3
         Function evaluations: 5
         Jacobian evaluations: 4
Timer: Solution time = 1.31 min
Timer: Avg time per step = 19.6 sec
==============================================================================================================
                                                                 Start  -->   End
Total (sum of squares):                                      2.553e-05  -->   1.041e-08, 
Maximum absolute Force error:                                9.535e+04  -->   8.238e+03 (N)
Minimum absolute Force error:                                1.234e-01  -->   8.041e-04 (N)
Average absolute Force error:                                4.945e+03  -->   6.529e+01 (N)
Maximum absolute Force error:                                1.537e-03  -->   1.328e-04 (normalized)
Minimum absolute Force error:                                1.989e-09  -->   1.296e-11 (normalized)
Average absolute Force error:                                7.973e-05  -->   1.053e-06 (normalized)
R boundary error:                                            0.000e+00  -->   0.000e+00 (m)
Z boundary error:                                            0.000e+00  -->   0.000e+00 (m)
Fixed Psi error:                                             0.000e+00  -->   0.000e+00 (Wb)
Fixed pressure profile error:                                0.000e+00  -->   0.000e+00 (Pa)
Fixed iota profile error:                                    0.000e+00  -->   0.000e+00 (dimensionless)
Fixed sheet current error:                                   0.000e+00  -->   0.000e+00 (~)
==============================================================================================================

Timer: Iteration 5 total = 2.25 min
================
Step 6
================
Spectral indexing: ansi
Spectral resolution (L,M,N)=(12,12,10)
Node resolution (L,M,N)=(24,24,20)
Boundary ratio = 0.5
Pressure ratio = 1
Perturbation Order = 2
Objective: force
Optimizer: lsq-exact
================
Perturbing equilibrium
Building objective: force
Precomputing transforms
Timer: Precomputing transforms = 79.9 ms
Timer: Objective build = 95.0 ms
Building objective: lcfs R
Building objective: lcfs Z
Building objective: fixed Psi
Building objective: fixed pressure
Building objective: fixed iota
Building objective: fixed sheet current
Building objective: self_consistency R
Building objective: self_consistency Z
Building objective: lambda gauge
Building objective: axis R self consistency
Building objective: axis Z self consistency
Timer: Objective build = 118 ms
Perturbing Rb_lmn, Zb_lmn
Factorizing linear constraints
Timer: linear constraint factorize = 1.60 sec
Computing df
Timer: df computation = 34.0 ms
Factoring df
Timer: df/dx factorization = 59.0 us
Computing d^2f
Timer: d^2f computation = 574 ms
Timer: Objective build = 1.82 ms
||dx||/||x|| =  3.676e-03
Timer: Total perturbation = 37.6 sec
Building objective: self_consistency R
Building objective: self_consistency Z
Building objective: lambda gauge
Building objective: axis R self consistency
Building objective: axis Z self consistency
Timer: Objective build = 40.3 ms
Timer: LinearConstraintProjection build = 1.75 sec
Number of parameters: 2338
Number of objectives: 13858
Timer: Initializing the optimization = 2.75 sec

Starting optimization
Using method: lsq-exact
   Iteration     Total nfev        Cost      Cost reduction    Step norm     Optimality   
       0              1          2.726e-06                                    1.424e-03   
       1              2          1.583e-08      2.710e-06      8.622e-03      4.545e-05   
`gtol` condition satisfied. (gtol=1.00e-04)
         Current function value: 1.583e-08
         Total delta_x: 8.622e-03
         Iterations: 1
         Function evaluations: 2
         Jacobian evaluations: 2
Timer: Solution time = 22.1 sec
Timer: Avg time per step = 11.0 sec
==============================================================================================================
                                                                 Start  -->   End
Total (sum of squares):                                      2.726e-06  -->   1.583e-08, 
Maximum absolute Force error:                                5.174e+04  -->   7.071e+03 (N)
Minimum absolute Force error:                                2.822e-03  -->   2.123e-02 (N)
Average absolute Force error:                                1.482e+03  -->   1.202e+02 (N)
Maximum absolute Force error:                                8.343e-04  -->   1.140e-04 (normalized)
Minimum absolute Force error:                                4.551e-11  -->   3.422e-10 (normalized)
Average absolute Force error:                                2.389e-05  -->   1.938e-06 (normalized)
R boundary error:                                            0.000e+00  -->   0.000e+00 (m)
Z boundary error:                                            0.000e+00  -->   0.000e+00 (m)
Fixed Psi error:                                             0.000e+00  -->   0.000e+00 (Wb)
Fixed pressure profile error:                                0.000e+00  -->   0.000e+00 (Pa)
Fixed iota profile error:                                    0.000e+00  -->   0.000e+00 (dimensionless)
Fixed sheet current error:                                   0.000e+00  -->   0.000e+00 (~)
==============================================================================================================

Timer: Iteration 6 total = 1.05 min
================
Step 7
================
Spectral indexing: ansi
Spectral resolution (L,M,N)=(12,12,10)
Node resolution (L,M,N)=(24,24,20)
Boundary ratio = 0.75
Pressure ratio = 1
Perturbation Order = 2
Objective: force
Optimizer: lsq-exact
================
Perturbing equilibrium
Building objective: force
Precomputing transforms
Timer: Precomputing transforms = 94.3 ms
Timer: Objective build = 110 ms
Building objective: lcfs R
Building objective: lcfs Z
Building objective: fixed Psi
Building objective: fixed pressure
Building objective: fixed iota
Building objective: fixed sheet current
Building objective: self_consistency R
Building objective: self_consistency Z
Building objective: lambda gauge
Building objective: axis R self consistency
Building objective: axis Z self consistency
Timer: Objective build = 133 ms
Perturbing Rb_lmn, Zb_lmn
Factorizing linear constraints
Timer: linear constraint factorize = 1.66 sec
Computing df
Timer: df computation = 31.4 ms
Factoring df
Timer: df/dx factorization = 47.1 us
Computing d^2f
Timer: d^2f computation = 569 ms
Timer: Objective build = 1.75 ms
||dx||/||x|| =  2.458e-03
Timer: Total perturbation = 38.8 sec
Building objective: self_consistency R
Building objective: self_consistency Z
Building objective: lambda gauge
Building objective: axis R self consistency
Building objective: axis Z self consistency
Timer: Objective build = 37.8 ms
Timer: LinearConstraintProjection build = 1.73 sec
Number of parameters: 2338
Number of objectives: 13858
Timer: Initializing the optimization = 2.65 sec

Starting optimization
Using method: lsq-exact
   Iteration     Total nfev        Cost      Cost reduction    Step norm     Optimality   
       0              1          2.946e-07                                    2.820e-04   
       1              2          1.739e-07      1.207e-07      1.254e-02      1.921e-04   
       2              3          4.767e-08      1.262e-07      9.808e-03      9.750e-05   
`gtol` condition satisfied. (gtol=1.00e-04)
         Current function value: 4.767e-08
         Total delta_x: 1.252e-02
         Iterations: 2
         Function evaluations: 3
         Jacobian evaluations: 3
Timer: Solution time = 35.6 sec
Timer: Avg time per step = 11.8 sec
==============================================================================================================
                                                                 Start  -->   End
Total (sum of squares):                                      2.946e-07  -->   4.767e-08, 
Maximum absolute Force error:                                1.597e+04  -->   9.838e+03 (N)
Minimum absolute Force error:                                3.533e-03  -->   6.716e-03 (N)
Average absolute Force error:                                4.645e+02  -->   1.761e+02 (N)
Maximum absolute Force error:                                2.575e-04  -->   1.586e-04 (normalized)
Minimum absolute Force error:                                5.697e-11  -->   1.083e-10 (normalized)
Average absolute Force error:                                7.490e-06  -->   2.839e-06 (normalized)
R boundary error:                                            0.000e+00  -->   0.000e+00 (m)
Z boundary error:                                            0.000e+00  -->   0.000e+00 (m)
Fixed Psi error:                                             0.000e+00  -->   0.000e+00 (Wb)
Fixed pressure profile error:                                0.000e+00  -->   0.000e+00 (Pa)
Fixed iota profile error:                                    0.000e+00  -->   0.000e+00 (dimensionless)
Fixed sheet current error:                                   0.000e+00  -->   0.000e+00 (~)
==============================================================================================================

Timer: Iteration 7 total = 1.29 min
================
Step 8
================
Spectral indexing: ansi
Spectral resolution (L,M,N)=(12,12,10)
Node resolution (L,M,N)=(24,24,20)
Boundary ratio = 1.0
Pressure ratio = 1
Perturbation Order = 2
Objective: force
Optimizer: lsq-exact
================
Perturbing equilibrium
Building objective: force
Precomputing transforms
Timer: Precomputing transforms = 90.0 ms
Timer: Objective build = 106 ms
Building objective: lcfs R
Building objective: lcfs Z
Building objective: fixed Psi
Building objective: fixed pressure
Building objective: fixed iota
Building objective: fixed sheet current
Building objective: self_consistency R
Building objective: self_consistency Z
Building objective: lambda gauge
Building objective: axis R self consistency
Building objective: axis Z self consistency
Timer: Objective build = 135 ms
Perturbing Rb_lmn, Zb_lmn
Factorizing linear constraints
Timer: linear constraint factorize = 1.70 sec
Computing df
Timer: df computation = 37.2 ms
Factoring df
Timer: df/dx factorization = 61.7 us
Computing d^2f
Timer: d^2f computation = 584 ms
Timer: Objective build = 1.67 ms
||dx||/||x|| =  2.601e-03
Timer: Total perturbation = 39.0 sec
Building objective: self_consistency R
Building objective: self_consistency Z
Building objective: lambda gauge
Building objective: axis R self consistency
Building objective: axis Z self consistency
Timer: Objective build = 37.3 ms
Timer: LinearConstraintProjection build = 1.64 sec
Number of parameters: 2338
Number of objectives: 13858
Timer: Initializing the optimization = 2.47 sec

Starting optimization
Using method: lsq-exact
   Iteration     Total nfev        Cost      Cost reduction    Step norm     Optimality   
       0              1          3.122e-07                                    2.297e-04   
       1              2          4.547e-08      2.667e-07      8.413e-03      8.213e-05   
`gtol` condition satisfied. (gtol=1.00e-04)
         Current function value: 4.547e-08
         Total delta_x: 8.413e-03
         Iterations: 1
         Function evaluations: 2
         Jacobian evaluations: 2
Timer: Solution time = 21.3 sec
Timer: Avg time per step = 10.6 sec
==============================================================================================================
                                                                 Start  -->   End
Total (sum of squares):                                      3.122e-07  -->   4.547e-08, 
Maximum absolute Force error:                                2.083e+04  -->   1.513e+04 (N)
Minimum absolute Force error:                                3.055e-02  -->   3.724e-03 (N)
Average absolute Force error:                                5.423e+02  -->   1.750e+02 (N)
Maximum absolute Force error:                                3.359e-04  -->   2.440e-04 (normalized)
Minimum absolute Force error:                                4.926e-10  -->   6.005e-11 (normalized)
Average absolute Force error:                                8.745e-06  -->   2.822e-06 (normalized)
R boundary error:                                            0.000e+00  -->   0.000e+00 (m)
Z boundary error:                                            0.000e+00  -->   0.000e+00 (m)
Fixed Psi error:                                             0.000e+00  -->   0.000e+00 (Wb)
Fixed pressure profile error:                                0.000e+00  -->   0.000e+00 (Pa)
Fixed iota profile error:                                    0.000e+00  -->   0.000e+00 (dimensionless)
Fixed sheet current error:                                   0.000e+00  -->   0.000e+00 (~)
==============================================================================================================

Timer: Iteration 8 total = 1.05 min
====================
Done
Timer: Total time = 6.35 min
====================


# Python warnings captured during continuation
DeprecationWarning: linear_util.wrap_init is missing a DebugInfo object. This behavior is deprecated, use api_util.debug_info() to construct a proper DebugInfo object and propagate it to this function. See https://github.com/jax-ml/jax/issues/26480 for more details.
DeprecationWarning: linear_util.wrap_init is missing a DebugInfo object. This behavior is deprecated, use api_util.debug_info() to construct a proper DebugInfo object and propagate it to this function. See https://github.com/jax-ml/jax/issues/26480 for more details.
DeprecationWarning: linear_util.wrap_init is missing a DebugInfo object. This behavior is deprecated, use api_util.debug_info() to construct a proper DebugInfo object and propagate it to this function. See https://github.com/jax-ml/jax/issues/26480 for more details.
DeprecationWarning: linear_util.wrap_init is missing a DebugInfo object. This behavior is deprecated, use api_util.debug_info() to construct a proper DebugInfo object and propagate it to this function. See https://github.com/jax-ml/jax/issues/26480 for more details.
DeprecationWarning: linear_util.wrap_init is missing a DebugInfo object. This behavior is deprecated, use api_util.debug_info() to construct a proper DebugInfo object and propagate it to this function. See https://github.com/jax-ml/jax/issues/26480 for more details.
DeprecationWarning: linear_util.wrap_init is missing a DebugInfo object. This behavior is deprecated, use api_util.debug_info() to construct a proper DebugInfo object and propagate it to this function. See https://github.com/jax-ml/jax/issues/26480 for more details.
DeprecationWarning: linear_util.wrap_init is missing a DebugInfo object. This behavior is deprecated, use api_util.debug_info() to construct a proper DebugInfo object and propagate it to this function. See https://github.com/jax-ml/jax/issues/26480 for more details.
DeprecationWarning: linear_util.wrap_init is missing a DebugInfo object. This behavior is deprecated, use api_util.debug_info() to construct a proper DebugInfo object and propagate it to this function. See https://github.com/jax-ml/jax/issues/26480 for more details.
DeprecationWarning: linear_util.wrap_init is missing a DebugInfo object. This behavior is deprecated, use api_util.debug_info() to construct a proper DebugInfo object and propagate it to this function. See https://github.com/jax-ml/jax/issues/26480 for more details.
DeprecationWarning: linear_util.wrap_init is missing a DebugInfo object. This behavior is deprecated, use api_util.debug_info() to construct a proper DebugInfo object and propagate it to this function. See https://github.com/jax-ml/jax/issues/26480 for more details.
DeprecationWarning: linear_util.wrap_init is missing a DebugInfo object. This behavior is deprecated, use api_util.debug_info() to construct a proper DebugInfo object and propagate it to this function. See https://github.com/jax-ml/jax/issues/26480 for more details.
DeprecationWarning: linear_util.wrap_init is missing a DebugInfo object. This behavior is deprecated, use api_util.debug_info() to construct a proper DebugInfo object and propagate it to this function. See https://github.com/jax-ml/jax/issues/26480 for more details.
DeprecationWarning: linear_util.wrap_init is missing a DebugInfo object. This behavior is deprecated, use api_util.debug_info() to construct a proper DebugInfo object and propagate it to this function. See https://github.com/jax-ml/jax/issues/26480 for more details.
DeprecationWarning: linear_util.wrap_init is missing a DebugInfo object. This behavior is deprecated, use api_util.debug_info() to construct a proper DebugInfo object and propagate it to this function. See https://github.com/jax-ml/jax/issues/26480 for more details.
DeprecationWarning: linear_util.wrap_init is missing a DebugInfo object. This behavior is deprecated, use api_util.debug_info() to construct a proper DebugInfo object and propagate it to this function. See https://github.com/jax-ml/jax/issues/26480 for more details.
DeprecationWarning: linear_util.wrap_init is missing a DebugInfo object. This behavior is deprecated, use api_util.debug_info() to construct a proper DebugInfo object and propagate it to this function. See https://github.com/jax-ml/jax/issues/26480 for more details.
DeprecationWarning: linear_util.wrap_init is missing a DebugInfo object. This behavior is deprecated, use api_util.debug_info() to construct a proper DebugInfo object and propagate it to this function. See https://github.com/jax-ml/jax/issues/26480 for more details.
DeprecationWarning: linear_util.wrap_init is missing a DebugInfo object. This behavior is deprecated, use api_util.debug_info() to construct a proper DebugInfo object and propagate it to this function. See https://github.com/jax-ml/jax/issues/26480 for more details.
DeprecationWarning: linear_util.wrap_init is missing a DebugInfo object. This behavior is deprecated, use api_util.debug_info() to construct a proper DebugInfo object and propagate it to this function. See https://github.com/jax-ml/jax/issues/26480 for more details.
DeprecationWarning: linear_util.wrap_init is missing a DebugInfo object. This behavior is deprecated, use api_util.debug_info() to construct a proper DebugInfo object and propagate it to this function. See https://github.com/jax-ml/jax/issues/26480 for more details.
DeprecationWarning: linear_util.wrap_init is missing a DebugInfo object. This behavior is deprecated, use api_util.debug_info() to construct a proper DebugInfo object and propagate it to this function. See https://github.com/jax-ml/jax/issues/26480 for more details.
DeprecationWarning: linear_util.wrap_init is missing a DebugInfo object. This behavior is deprecated, use api_util.debug_info() to construct a proper DebugInfo object and propagate it to this function. See https://github.com/jax-ml/jax/issues/26480 for more details.
DeprecationWarning: linear_util.wrap_init is missing a DebugInfo object. This behavior is deprecated, use api_util.debug_info() to construct a proper DebugInfo object and propagate it to this function. See https://github.com/jax-ml/jax/issues/26480 for more details.
DeprecationWarning: linear_util.wrap_init is missing a DebugInfo object. This behavior is deprecated, use api_util.debug_info() to construct a proper DebugInfo object and propagate it to this function. See https://github.com/jax-ml/jax/issues/26480 for more details.
DeprecationWarning: linear_util.wrap_init is missing a DebugInfo object. This behavior is deprecated, use api_util.debug_info() to construct a proper DebugInfo object and propagate it to this function. See https://github.com/jax-ml/jax/issues/26480 for more details.
DeprecationWarning: linear_util.wrap_init is missing a DebugInfo object. This behavior is deprecated, use api_util.debug_info() to construct a proper DebugInfo object and propagate it to this function. See https://github.com/jax-ml/jax/issues/26480 for more details.
DeprecationWarning: linear_util.wrap_init is missing a DebugInfo object. This behavior is deprecated, use api_util.debug_info() to construct a proper DebugInfo object and propagate it to this function. See https://github.com/jax-ml/jax/issues/26480 for more details.
DeprecationWarning: linear_util.wrap_init is missing a DebugInfo object. This behavior is deprecated, use api_util.debug_info() to construct a proper DebugInfo object and propagate it to this function. See https://github.com/jax-ml/jax/issues/26480 for more details.
DeprecationWarning: linear_util.wrap_init is missing a DebugInfo object. This behavior is deprecated, use api_util.debug_info() to construct a proper DebugInfo object and propagate it to this function. See https://github.com/jax-ml/jax/issues/26480 for more details.
DeprecationWarning: linear_util.wrap_init is missing a DebugInfo object. This behavior is deprecated, use api_util.debug_info() to construct a proper DebugInfo object and propagate it to this function. See https://github.com/jax-ml/jax/issues/26480 for more details.
DeprecationWarning: linear_util.wrap_init is missing a DebugInfo object. This behavior is deprecated, use api_util.debug_info() to construct a proper DebugInfo object and propagate it to this function. See https://github.com/jax-ml/jax/issues/26480 for more details.
DeprecationWarning: linear_util.wrap_init is missing a DebugInfo object. This behavior is deprecated, use api_util.debug_info() to construct a proper DebugInfo object and propagate it to this function. See https://github.com/jax-ml/jax/issues/26480 for more details.
DeprecationWarning: linear_util.wrap_init is missing a DebugInfo object. This behavior is deprecated, use api_util.debug_info() to construct a proper DebugInfo object and propagate it to this function. See https://github.com/jax-ml/jax/issues/26480 for more details.
DeprecationWarning: linear_util.wrap_init is missing a DebugInfo object. This behavior is deprecated, use api_util.debug_info() to construct a proper DebugInfo object and propagate it to this function. See https://github.com/jax-ml/jax/issues/26480 for more details.
DeprecationWarning: linear_util.wrap_init is missing a DebugInfo object. This behavior is deprecated, use api_util.debug_info() to construct a proper DebugInfo object and propagate it to this function. See https://github.com/jax-ml/jax/issues/26480 for more details.
DeprecationWarning: linear_util.wrap_init is missing a DebugInfo object. This behavior is deprecated, use api_util.debug_info() to construct a proper DebugInfo object and propagate it to this function. See https://github.com/jax-ml/jax/issues/26480 for more details.
DeprecationWarning: linear_util.wrap_init is missing a DebugInfo object. This behavior is deprecated, use api_util.debug_info() to construct a proper DebugInfo object and propagate it to this function. See https://github.com/jax-ml/jax/issues/26480 for more details.
DeprecationWarning: linear_util.wrap_init is missing a DebugInfo object. This behavior is deprecated, use api_util.debug_info() to construct a proper DebugInfo object and propagate it to this function. See https://github.com/jax-ml/jax/issues/26480 for more details.
