================
Step 1
================
Spectral indexing: ansi
Spectral resolution (L,M,N)=(6,6,0)
Node resolution (L,M,N)=(12,12,0)
Boundary ratio = 0
Pressure ratio = 0
Perturbation Order = 2
Objective: force
Optimizer: lsq-exact
================
Building objective: force
Precomputing transforms
Timer: Precomputing transforms = 1.30 sec
Timer: Objective build = 1.87 sec
Building objective: lcfs R
Building objective: lcfs Z
Building objective: fixed Psi
Building objective: fixed pressure
Building objective: fixed iota
Building objective: fixed sheet current
Building objective: self_consistency R
Building objective: self_consistency Z
Building objective: lambda gauge
Building objective: axis R self consistency
Building objective: axis Z self consistency
Timer: Objective build = 774 ms
Timer: LinearConstraintProjection build = 4.88 sec
Number of parameters: 27
Number of objectives: 98
Timer: Initializing the optimization = 7.57 sec

Starting optimization
Using method: lsq-exact
   Iteration     Total nfev        Cost      Cost reduction    Step norm     Optimality   
       0              1          4.082e-03                                    8.479e-02   
       1              2          3.236e-05      4.050e-03      1.293e-01      5.330e-03   
       2              3          4.599e-06      2.776e-05      6.882e-02      2.364e-03   
       3              4          5.300e-08      4.546e-06      1.538e-02      1.444e-04   
       4              5          1.137e-10      5.289e-08      6.604e-03      5.687e-06   
`gtol` condition satisfied. (gtol=1.00e-04)
         Current function value: 1.137e-10
         Total delta_x: 1.818e-01
         Iterations: 4
         Function evaluations: 5
         Jacobian evaluations: 5
Timer: Solution time = 6.28 sec
Timer: Avg time per step = 1.25 sec
==============================================================================================================
                                                                 Start  -->   End
Total (sum of squares):                                      4.082e-03  -->   1.137e-10, 
Maximum absolute Force error:                                2.596e+05  -->   6.095e+01 (N)
Minimum absolute Force error:                                5.674e+02  -->   6.784e-02 (N)
Average absolute Force error:                                8.678e+04  -->   1.177e+01 (N)
Maximum absolute Force error:                                4.186e-03  -->   9.828e-07 (normalized)
Minimum absolute Force error:                                9.148e-06  -->   1.094e-09 (normalized)
Average absolute Force error:                                1.399e-03  -->   1.899e-07 (normalized)
R boundary error:                                            0.000e+00  -->   3.469e-18 (m)
Z boundary error:                                            0.000e+00  -->   5.554e-17 (m)
Fixed Psi error:                                             0.000e+00  -->   0.000e+00 (Wb)
Fixed pressure profile error:                                0.000e+00  -->   0.000e+00 (Pa)
Fixed iota profile error:                                    0.000e+00  -->   0.000e+00 (dimensionless)
Fixed sheet current error:                                   0.000e+00  -->   0.000e+00 (~)
==============================================================================================================

Timer: Iteration 1 total = 16.1 sec
================
Step 2
================
Spectral indexing: ansi
Spectral resolution (L,M,N)=(12,12,0)
Node resolution (L,M,N)=(24,24,0)
Boundary ratio = 0
Pressure ratio = 0
Perturbation Order = 2
Objective: force
Optimizer: lsq-exact
================
Building objective: force
Precomputing transforms
Timer: Precomputing transforms = 1.70 sec
Timer: Objective build = 1.84 sec
Building objective: lcfs R
Building objective: lcfs Z
Building objective: fixed Psi
Building objective: fixed pressure
Building objective: fixed iota
Building objective: fixed sheet current
Building objective: self_consistency R
Building objective: self_consistency Z
Building objective: lambda gauge
Building objective: axis R self consistency
Building objective: axis Z self consistency
Timer: Objective build = 869 ms
Timer: LinearConstraintProjection build = 4.90 sec
Number of parameters: 108
Number of objectives: 338
Timer: Initializing the optimization = 7.67 sec

Starting optimization
Using method: lsq-exact
   Iteration     Total nfev        Cost      Cost reduction    Step norm     Optimality   
       0              1          1.187e-10                                    6.063e-06   
`gtol` condition satisfied. (gtol=1.00e-04)
         Current function value: 1.187e-10
         Total delta_x: 0.000e+00
         Iterations: 0
         Function evaluations: 1
         Jacobian evaluations: 1
Timer: Solution time = 4.06 sec
Timer: Avg time per step = 4.06 sec
==============================================================================================================
                                                                 Start  -->   End
Total (sum of squares):                                      1.187e-10  -->   1.187e-10, 
Maximum absolute Force error:                                7.660e+01  -->   7.660e+01 (N)
Minimum absolute Force error:                                4.368e-02  -->   4.368e-02 (N)
Average absolute Force error:                                1.175e+01  -->   1.175e+01 (N)
Maximum absolute Force error:                                1.235e-06  -->   1.235e-06 (normalized)
Minimum absolute Force error:                                7.043e-10  -->   7.043e-10 (normalized)
Average absolute Force error:                                1.895e-07  -->   1.895e-07 (normalized)
R boundary error:                                            0.000e+00  -->   0.000e+00 (m)
Z boundary error:                                            0.000e+00  -->   0.000e+00 (m)
Fixed Psi error:                                             0.000e+00  -->   0.000e+00 (Wb)
Fixed pressure profile error:                                0.000e+00  -->   0.000e+00 (Pa)
Fixed iota profile error:                                    0.000e+00  -->   0.000e+00 (dimensionless)
Fixed sheet current error:                                   0.000e+00  -->   0.000e+00 (~)
==============================================================================================================

Timer: Iteration 2 total = 17.0 sec
================
Step 3
================
Spectral indexing: ansi
Spectral resolution (L,M,N)=(14,14,0)
Node resolution (L,M,N)=(28,28,0)
Boundary ratio = 0
Pressure ratio = 0
Perturbation Order = 2
Objective: force
Optimizer: lsq-exact
================
Building objective: force
Precomputing transforms
Timer: Precomputing transforms = 1.73 sec
Timer: Objective build = 1.87 sec
Building objective: lcfs R
Building objective: lcfs Z
Building objective: fixed Psi
Building objective: fixed pressure
Building objective: fixed iota
Building objective: fixed sheet current
Building objective: self_consistency R
Building objective: self_consistency Z
Building objective: lambda gauge
Building objective: axis R self consistency
Building objective: axis Z self consistency
Timer: Objective build = 734 ms
Timer: LinearConstraintProjection build = 4.68 sec
Number of parameters: 147
Number of objectives: 450
Timer: Initializing the optimization = 7.34 sec

Starting optimization
Using method: lsq-exact
   Iteration     Total nfev        Cost      Cost reduction    Step norm     Optimality   
       0              1          1.196e-10                                    6.143e-06   
`gtol` condition satisfied. (gtol=1.00e-04)
         Current function value: 1.196e-10
         Total delta_x: 0.000e+00
         Iterations: 0
         Function evaluations: 1
         Jacobian evaluations: 1
Timer: Solution time = 4.53 sec
Timer: Avg time per step = 4.53 sec
==============================================================================================================
                                                                 Start  -->   End
Total (sum of squares):                                      1.196e-10  -->   1.196e-10, 
Maximum absolute Force error:                                7.882e+01  -->   7.882e+01 (N)
Minimum absolute Force error:                                2.569e-02  -->   2.569e-02 (N)
Average absolute Force error:                                1.178e+01  -->   1.178e+01 (N)
Maximum absolute Force error:                                1.271e-06  -->   1.271e-06 (normalized)
Minimum absolute Force error:                                4.143e-10  -->   4.143e-10 (normalized)
Average absolute Force error:                                1.899e-07  -->   1.899e-07 (normalized)
R boundary error:                                            0.000e+00  -->   0.000e+00 (m)
Z boundary error:                                            0.000e+00  -->   0.000e+00 (m)
Fixed Psi error:                                             0.000e+00  -->   0.000e+00 (Wb)
Fixed pressure profile error:                                0.000e+00  -->   0.000e+00 (Pa)
Fixed iota profile error:                                    0.000e+00  -->   0.000e+00 (dimensionless)
Fixed sheet current error:                                   0.000e+00  -->   0.000e+00 (~)
==============================================================================================================

Timer: Iteration 3 total = 17.5 sec
================
Step 4
================
Spectral indexing: ansi
Spectral resolution (L,M,N)=(14,14,0)
Node resolution (L,M,N)=(28,28,0)
Boundary ratio = 0
Pressure ratio = 0.5
Perturbation Order = 2
Objective: force
Optimizer: lsq-exact
================
Perturbing equilibrium
Building objective: force
Precomputing transforms
Timer: Precomputing transforms = 64.0 ms
Timer: Objective build = 73.5 ms
Building objective: lcfs R
Building objective: lcfs Z
Building objective: fixed Psi
Building objective: fixed pressure
Building objective: fixed iota
Building objective: fixed sheet current
Building objective: self_consistency R
Building objective: self_consistency Z
Building objective: lambda gauge
Building objective: axis R self consistency
Building objective: axis Z self consistency
Timer: Objective build = 105 ms
Perturbing p_l
Factorizing linear constraints
Timer: linear constraint factorize = 30.8 ms
Computing df
Timer: df computation = 4.15 sec
Factoring df
Timer: df/dx factorization = 56.9 ms
Computing d^2f
Timer: d^2f computation = 3.10 sec
Timer: Objective build = 2.14 ms
||dx||/||x|| =  2.917e-02
Timer: Total perturbation = 12.5 sec
Building objective: self_consistency R
Building objective: self_consistency Z
Building objective: lambda gauge
Building objective: axis R self consistency
Building objective: axis Z self consistency
Timer: Objective build = 11.0 ms
Timer: LinearConstraintProjection build = 33.5 ms
Number of parameters: 147
Number of objectives: 450
Timer: Initializing the optimization = 48.1 ms

Starting optimization
Using method: lsq-exact
   Iteration     Total nfev        Cost      Cost reduction    Step norm     Optimality   
       0              1          3.044e-03                                    2.193e-02   
       1              2          5.207e-04      2.523e-03      1.077e-01      9.304e-03   
       2              3          5.107e-05      4.696e-04      3.374e-02      4.389e-03   
       3              4          6.830e-06      4.424e-05      5.389e-02      1.473e-03   
       4              5          4.485e-07      6.381e-06      1.404e-02      3.754e-04   
       5              6          7.844e-08      3.701e-07      3.050e-02      1.214e-04   
       6              7          5.051e-08      2.793e-08      1.219e-02      1.290e-04   
       7              8          2.723e-09      4.779e-08      6.547e-03      2.430e-05   
`gtol` condition satisfied. (gtol=1.00e-04)
         Current function value: 2.723e-09
         Total delta_x: 8.790e-02
         Iterations: 7
         Function evaluations: 8
         Jacobian evaluations: 8
Timer: Solution time = 2.34 sec
Timer: Avg time per step = 293 ms
==============================================================================================================
                                                                 Start  -->   End
Total (sum of squares):                                      3.044e-03  -->   2.723e-09, 
Maximum absolute Force error:                                3.907e+06  -->   5.942e+02 (N)
Minimum absolute Force error:                                2.629e+00  -->   1.150e-01 (N)
Average absolute Force error:                                3.717e+04  -->   4.902e+01 (N)
Maximum absolute Force error:                                6.299e-02  -->   9.581e-06 (normalized)
Minimum absolute Force error:                                4.239e-08  -->   1.854e-09 (normalized)
Average absolute Force error:                                5.993e-04  -->   7.904e-07 (normalized)
R boundary error:                                            0.000e+00  -->   0.000e+00 (m)
Z boundary error:                                            0.000e+00  -->   0.000e+00 (m)
Fixed Psi error:                                             0.000e+00  -->   0.000e+00 (Wb)
Fixed pressure profile error:                                0.000e+00  -->   0.000e+00 (Pa)
Fixed iota profile error:                                    0.000e+00  -->   0.000e+00 (dimensionless)
Fixed sheet current error:                                   0.000e+00  -->   0.000e+00 (~)
==============================================================================================================

Timer: Iteration 4 total = 15.4 sec
================
Step 5
================
Spectral indexing: ansi
Spectral resolution (L,M,N)=(14,14,0)
Node resolution (L,M,N)=(28,28,0)
Boundary ratio = 0
Pressure ratio = 1.0
Perturbation Order = 2
Objective: force
Optimizer: lsq-exact
================
Perturbing equilibrium
Building objective: force
Precomputing transforms
Timer: Precomputing transforms = 63.0 ms
Timer: Objective build = 73.1 ms
Building objective: lcfs R
Building objective: lcfs Z
Building objective: fixed Psi
Building objective: fixed pressure
Building objective: fixed iota
Building objective: fixed sheet current
Building objective: self_consistency R
Building objective: self_consistency Z
Building objective: lambda gauge
Building objective: axis R self consistency
Building objective: axis Z self consistency
Timer: Objective build = 110 ms
Perturbing p_l
Factorizing linear constraints
Timer: linear constraint factorize = 979 ms
Computing df
Timer: df computation = 5.22 ms
Factoring df
Timer: df/dx factorization = 27.1 us
Computing d^2f
Timer: d^2f computation = 365 us
Timer: Objective build = 2.11 ms
||dx||/||x|| =  1.974e-02
Timer: Total perturbation = 1.98 sec
Building objective: self_consistency R
Building objective: self_consistency Z
Building objective: lambda gauge
Building objective: axis R self consistency
Building objective: axis Z self consistency
Timer: Objective build = 11.1 ms
Timer: LinearConstraintProjection build = 34.3 ms
Number of parameters: 147
Number of objectives: 450
Timer: Initializing the optimization = 48.9 ms

Starting optimization
Using method: lsq-exact
   Iteration     Total nfev        Cost      Cost reduction    Step norm     Optimality   
       0              1          6.949e-06                                    2.602e-03   
       1              2          2.968e-06      3.981e-06      4.534e-02      9.946e-04   
       2              3          8.472e-08      2.883e-06      1.793e-02      2.751e-04   
       3              5          1.373e-09      8.334e-08      3.028e-03      2.614e-05   
`gtol` condition satisfied. (gtol=1.00e-04)
         Current function value: 1.373e-09
         Total delta_x: 3.435e-02
         Iterations: 3
         Function evaluations: 5
         Jacobian evaluations: 4
Timer: Solution time = 143 ms
Timer: Avg time per step = 35.8 ms
==============================================================================================================
                                                                 Start  -->   End
Total (sum of squares):                                      6.949e-06  -->   1.373e-09, 
Maximum absolute Force error:                                4.964e+04  -->   1.060e+03 (N)
Minimum absolute Force error:                                6.621e-01  -->   7.158e-02 (N)
Average absolute Force error:                                3.126e+03  -->   3.577e+01 (N)
Maximum absolute Force error:                                8.004e-04  -->   1.710e-05 (normalized)
Minimum absolute Force error:                                1.068e-08  -->   1.154e-09 (normalized)
Average absolute Force error:                                5.040e-05  -->   5.768e-07 (normalized)
R boundary error:                                            0.000e+00  -->   0.000e+00 (m)
Z boundary error:                                            0.000e+00  -->   0.000e+00 (m)
Fixed Psi error:                                             0.000e+00  -->   0.000e+00 (Wb)
Fixed pressure profile error:                                0.000e+00  -->   0.000e+00 (Pa)
Fixed iota profile error:                                    0.000e+00  -->   0.000e+00 (dimensionless)
Fixed sheet current error:                                   0.000e+00  -->   0.000e+00 (~)
==============================================================================================================

Timer: Iteration 5 total = 2.55 sec
================
Step 6
================
Spectral indexing: ansi
Spectral resolution (L,M,N)=(14,14,10)
Node resolution (L,M,N)=(28,28,20)
Boundary ratio = 0.25
Pressure ratio = 1
Perturbation Order = 2
Objective: force
Optimizer: lsq-exact
================
Perturbing equilibrium
Building objective: force
Precomputing transforms
Timer: Precomputing transforms = 1.95 sec
Timer: Objective build = 2.07 sec
Building objective: lcfs R
Building objective: lcfs Z
Building objective: fixed Psi
Building objective: fixed pressure
Building objective: fixed iota
Building objective: fixed sheet current
Building objective: self_consistency R
Building objective: self_consistency Z
Building objective: lambda gauge
Building objective: axis R self consistency
Building objective: axis Z self consistency
Timer: Objective build = 1.23 sec
Perturbing Rb_lmn, Zb_lmn
Factorizing linear constraints
Timer: linear constraint factorize = 9.13 sec
Computing df
Timer: df computation = 11.8 sec
Factoring df
Timer: df/dx factorization = 80.3 ms
Computing d^2f
Timer: d^2f computation = 11.8 sec
Timer: Objective build = 2.18 ms
||dx||/||x|| =  4.447e-03
Timer: Total perturbation = 2.12 min
Building objective: self_consistency R
Building objective: self_consistency Z
Building objective: lambda gauge
Building objective: axis R self consistency
Building objective: axis Z self consistency
Timer: Objective build = 55.8 ms
Timer: LinearConstraintProjection build = 4.35 sec
Number of parameters: 3167
Number of objectives: 18450
Timer: Initializing the optimization = 6.67 sec

Starting optimization
Using method: lsq-exact
   Iteration     Total nfev        Cost      Cost reduction    Step norm     Optimality   
       0              1          4.668e-06                                    1.690e-03   
       1              2          3.652e-09      4.665e-06      6.041e-03      2.775e-05   
`gtol` condition satisfied. (gtol=1.00e-04)
         Current function value: 3.652e-09
         Total delta_x: 6.041e-03
         Iterations: 1
         Function evaluations: 2
         Jacobian evaluations: 2
Timer: Solution time = 1.05 min
Timer: Avg time per step = 31.6 sec
==============================================================================================================
                                                                 Start  -->   End
Total (sum of squares):                                      4.668e-06  -->   3.652e-09, 
Maximum absolute Force error:                                3.487e+04  -->   7.605e+02 (N)
Minimum absolute Force error:                                6.942e-02  -->   3.408e-03 (N)
Average absolute Force error:                                2.073e+03  -->   5.572e+01 (N)
Maximum absolute Force error:                                5.623e-04  -->   1.226e-05 (normalized)
Minimum absolute Force error:                                1.119e-09  -->   5.495e-11 (normalized)
Average absolute Force error:                                3.343e-05  -->   8.984e-07 (normalized)
R boundary error:                                            0.000e+00  -->   0.000e+00 (m)
Z boundary error:                                            0.000e+00  -->   0.000e+00 (m)
Fixed Psi error:                                             0.000e+00  -->   0.000e+00 (Wb)
Fixed pressure profile error:                                0.000e+00  -->   0.000e+00 (Pa)
Fixed iota profile error:                                    0.000e+00  -->   0.000e+00 (dimensionless)
Fixed sheet current error:                                   0.000e+00  -->   0.000e+00 (~)
==============================================================================================================

Timer: Iteration 6 total = 3.40 min
================
Step 7
================
Spectral indexing: ansi
Spectral resolution (L,M,N)=(14,14,10)
Node resolution (L,M,N)=(28,28,20)
Boundary ratio = 0.5
Pressure ratio = 1
Perturbation Order = 2
Objective: force
Optimizer: lsq-exact
================
Perturbing equilibrium
Building objective: force
Precomputing transforms
Timer: Precomputing transforms = 123 ms
Timer: Objective build = 147 ms
Building objective: lcfs R
Building objective: lcfs Z
Building objective: fixed Psi
Building objective: fixed pressure
Building objective: fixed iota
Building objective: fixed sheet current
Building objective: self_consistency R
Building objective: self_consistency Z
Building objective: lambda gauge
Building objective: axis R self consistency
Building objective: axis Z self consistency
Timer: Objective build = 157 ms
Perturbing Rb_lmn, Zb_lmn
Factorizing linear constraints
Timer: linear constraint factorize = 3.94 sec
Computing df
Timer: df computation = 107 ms
Factoring df
Timer: df/dx factorization = 71.8 us
Computing d^2f
Timer: d^2f computation = 1.85 sec
Timer: Objective build = 2.15 ms
||dx||/||x|| =  1.892e-03
Timer: Total perturbation = 1.83 min
Building objective: self_consistency R
Building objective: self_consistency Z
Building objective: lambda gauge
Building objective: axis R self consistency
Building objective: axis Z self consistency
Timer: Objective build = 55.8 ms
Timer: LinearConstraintProjection build = 4.05 sec
Number of parameters: 3167
Number of objectives: 18450
Timer: Initializing the optimization = 6.40 sec

Starting optimization
Using method: lsq-exact
   Iteration     Total nfev        Cost      Cost reduction    Step norm     Optimality   
       0              1          4.719e-08                                    1.021e-04   
       1              2          9.294e-09      3.790e-08      5.092e-03      4.374e-05   
`gtol` condition satisfied. (gtol=1.00e-04)
         Current function value: 9.294e-09
         Total delta_x: 5.092e-03
         Iterations: 1
         Function evaluations: 2
         Jacobian evaluations: 2
Timer: Solution time = 58.8 sec
Timer: Avg time per step = 29.4 sec
==============================================================================================================
                                                                 Start  -->   End
Total (sum of squares):                                      4.719e-08  -->   9.294e-09, 
Maximum absolute Force error:                                3.261e+03  -->   2.568e+03 (N)
Minimum absolute Force error:                                2.108e-03  -->   1.753e-04 (N)
Average absolute Force error:                                2.070e+02  -->   8.955e+01 (N)
Maximum absolute Force error:                                5.258e-05  -->   4.141e-05 (normalized)
Minimum absolute Force error:                                3.399e-11  -->   2.827e-12 (normalized)
Average absolute Force error:                                3.337e-06  -->   1.444e-06 (normalized)
R boundary error:                                            0.000e+00  -->   0.000e+00 (m)
Z boundary error:                                            0.000e+00  -->   0.000e+00 (m)
Fixed Psi error:                                             0.000e+00  -->   0.000e+00 (Wb)
Fixed pressure profile error:                                0.000e+00  -->   0.000e+00 (Pa)
Fixed iota profile error:                                    0.000e+00  -->   0.000e+00 (dimensionless)
Fixed sheet current error:                                   0.000e+00  -->   0.000e+00 (~)
==============================================================================================================

Timer: Iteration 7 total = 2.93 min
================
Step 8
================
Spectral indexing: ansi
Spectral resolution (L,M,N)=(14,14,10)
Node resolution (L,M,N)=(28,28,20)
Boundary ratio = 0.75
Pressure ratio = 1
Perturbation Order = 2
Objective: force
Optimizer: lsq-exact
================
Perturbing equilibrium
Building objective: force
Precomputing transforms
Timer: Precomputing transforms = 124 ms
Timer: Objective build = 147 ms
Building objective: lcfs R
Building objective: lcfs Z
Building objective: fixed Psi
Building objective: fixed pressure
Building objective: fixed iota
Building objective: fixed sheet current
Building objective: self_consistency R
Building objective: self_consistency Z
Building objective: lambda gauge
Building objective: axis R self consistency
Building objective: axis Z self consistency
Timer: Objective build = 155 ms
Perturbing Rb_lmn, Zb_lmn
Factorizing linear constraints
Timer: linear constraint factorize = 3.82 sec
Computing df
Timer: df computation = 98.9 ms
Factoring df
Timer: df/dx factorization = 72.5 us
Computing d^2f
Timer: d^2f computation = 1.83 sec
Timer: Objective build = 2.12 ms
||dx||/||x|| =  2.243e-03
Timer: Total perturbation = 1.76 min
Building objective: self_consistency R
Building objective: self_consistency Z
Building objective: lambda gauge
Building objective: axis R self consistency
Building objective: axis Z self consistency
Timer: Objective build = 55.5 ms
Timer: LinearConstraintProjection build = 4.11 sec
Number of parameters: 3167
Number of objectives: 18450
Timer: Initializing the optimization = 6.48 sec

Starting optimization
Using method: lsq-exact
   Iteration     Total nfev        Cost      Cost reduction    Step norm     Optimality   
       0              1          2.529e-07                                    3.153e-04   
       1              2          1.262e-08      2.403e-07      5.616e-03      5.247e-05   
`gtol` condition satisfied. (gtol=1.00e-04)
         Current function value: 1.262e-08
         Total delta_x: 5.616e-03
         Iterations: 1
         Function evaluations: 2
         Jacobian evaluations: 2
Timer: Solution time = 58.0 sec
Timer: Avg time per step = 29.0 sec
==============================================================================================================
                                                                 Start  -->   End
Total (sum of squares):                                      2.529e-07  -->   1.262e-08, 
Maximum absolute Force error:                                2.109e+04  -->   6.539e+03 (N)
Minimum absolute Force error:                                1.224e-02  -->   7.876e-04 (N)
Average absolute Force error:                                4.488e+02  -->   9.064e+01 (N)
Maximum absolute Force error:                                3.401e-04  -->   1.054e-04 (normalized)
Minimum absolute Force error:                                1.973e-10  -->   1.270e-11 (normalized)
Average absolute Force error:                                7.236e-06  -->   1.462e-06 (normalized)
R boundary error:                                            0.000e+00  -->   0.000e+00 (m)
Z boundary error:                                            0.000e+00  -->   0.000e+00 (m)
Fixed Psi error:                                             0.000e+00  -->   0.000e+00 (Wb)
Fixed pressure profile error:                                0.000e+00  -->   0.000e+00 (Pa)
Fixed iota profile error:                                    0.000e+00  -->   0.000e+00 (dimensionless)
Fixed sheet current error:                                   0.000e+00  -->   0.000e+00 (~)
==============================================================================================================

Timer: Iteration 8 total = 2.85 min
================
Step 9
================
Spectral indexing: ansi
Spectral resolution (L,M,N)=(14,14,10)
Node resolution (L,M,N)=(28,28,20)
Boundary ratio = 1.0
Pressure ratio = 1
Perturbation Order = 2
Objective: force
Optimizer: lsq-exact
================
Perturbing equilibrium
Building objective: force
Precomputing transforms
Timer: Precomputing transforms = 131 ms
Timer: Objective build = 155 ms
Building objective: lcfs R
Building objective: lcfs Z
Building objective: fixed Psi
Building objective: fixed pressure
Building objective: fixed iota
Building objective: fixed sheet current
Building objective: self_consistency R
Building objective: self_consistency Z
Building objective: lambda gauge
Building objective: axis R self consistency
Building objective: axis Z self consistency
Timer: Objective build = 157 ms
Perturbing Rb_lmn, Zb_lmn
Factorizing linear constraints
Timer: linear constraint factorize = 3.99 sec
Computing df
Timer: df computation = 97.8 ms
Factoring df
Timer: df/dx factorization = 75.1 us
Computing d^2f
Timer: d^2f computation = 1.84 sec
Timer: Objective build = 2.10 ms
||dx||/||x|| =  2.409e-03
Timer: Total perturbation = 1.80 min
Building objective: self_consistency R
Building objective: self_consistency Z
Building objective: lambda gauge
Building objective: axis R self consistency
Building objective: axis Z self consistency
Timer: Objective build = 59.0 ms
Timer: LinearConstraintProjection build = 3.97 sec
Number of parameters: 3167
Number of objectives: 18450
Timer: Initializing the optimization = 6.29 sec

Starting optimization
Using method: lsq-exact
   Iteration     Total nfev        Cost      Cost reduction    Step norm     Optimality   
       0              1          3.351e-07                                    3.950e-04   
       1              2          8.309e-09      3.268e-07      6.236e-03      3.133e-05   
`gtol` condition satisfied. (gtol=1.00e-04)
         Current function value: 8.309e-09
         Total delta_x: 6.236e-03
         Iterations: 1
         Function evaluations: 2
         Jacobian evaluations: 2
Timer: Solution time = 56.2 sec
Timer: Avg time per step = 28.1 sec
==============================================================================================================
                                                                 Start  -->   End
Total (sum of squares):                                      3.351e-07  -->   8.309e-09, 
Maximum absolute Force error:                                3.102e+04  -->   2.882e+03 (N)
Minimum absolute Force error:                                6.182e-03  -->   6.257e-04 (N)
Average absolute Force error:                                4.879e+02  -->   8.151e+01 (N)
Maximum absolute Force error:                                5.002e-04  -->   4.648e-05 (normalized)
Minimum absolute Force error:                                9.968e-11  -->   1.009e-11 (normalized)
Average absolute Force error:                                7.867e-06  -->   1.314e-06 (normalized)
R boundary error:                                            0.000e+00  -->   0.000e+00 (m)
Z boundary error:                                            0.000e+00  -->   0.000e+00 (m)
Fixed Psi error:                                             0.000e+00  -->   0.000e+00 (Wb)
Fixed pressure profile error:                                0.000e+00  -->   0.000e+00 (Pa)
Fixed iota profile error:                                    0.000e+00  -->   0.000e+00 (dimensionless)
Fixed sheet current error:                                   0.000e+00  -->   0.000e+00 (~)
==============================================================================================================

Timer: Iteration 9 total = 2.86 min
====================
Done
Timer: Total time = 13.3 min
====================


# Python warnings captured during continuation
DeprecationWarning: linear_util.wrap_init is missing a DebugInfo object. This behavior is deprecated, use api_util.debug_info() to construct a proper DebugInfo object and propagate it to this function. See https://github.com/jax-ml/jax/issues/26480 for more details.
DeprecationWarning: linear_util.wrap_init is missing a DebugInfo object. This behavior is deprecated, use api_util.debug_info() to construct a proper DebugInfo object and propagate it to this function. See https://github.com/jax-ml/jax/issues/26480 for more details.
DeprecationWarning: linear_util.wrap_init is missing a DebugInfo object. This behavior is deprecated, use api_util.debug_info() to construct a proper DebugInfo object and propagate it to this function. See https://github.com/jax-ml/jax/issues/26480 for more details.
DeprecationWarning: linear_util.wrap_init is missing a DebugInfo object. This behavior is deprecated, use api_util.debug_info() to construct a proper DebugInfo object and propagate it to this function. See https://github.com/jax-ml/jax/issues/26480 for more details.
DeprecationWarning: linear_util.wrap_init is missing a DebugInfo object. This behavior is deprecated, use api_util.debug_info() to construct a proper DebugInfo object and propagate it to this function. See https://github.com/jax-ml/jax/issues/26480 for more details.
DeprecationWarning: linear_util.wrap_init is missing a DebugInfo object. This behavior is deprecated, use api_util.debug_info() to construct a proper DebugInfo object and propagate it to this function. See https://github.com/jax-ml/jax/issues/26480 for more details.
DeprecationWarning: linear_util.wrap_init is missing a DebugInfo object. This behavior is deprecated, use api_util.debug_info() to construct a proper DebugInfo object and propagate it to this function. See https://github.com/jax-ml/jax/issues/26480 for more details.
DeprecationWarning: linear_util.wrap_init is missing a DebugInfo object. This behavior is deprecated, use api_util.debug_info() to construct a proper DebugInfo object and propagate it to this function. See https://github.com/jax-ml/jax/issues/26480 for more details.
DeprecationWarning: linear_util.wrap_init is missing a DebugInfo object. This behavior is deprecated, use api_util.debug_info() to construct a proper DebugInfo object and propagate it to this function. See https://github.com/jax-ml/jax/issues/26480 for more details.
DeprecationWarning: linear_util.wrap_init is missing a DebugInfo object. This behavior is deprecated, use api_util.debug_info() to construct a proper DebugInfo object and propagate it to this function. See https://github.com/jax-ml/jax/issues/26480 for more details.
DeprecationWarning: linear_util.wrap_init is missing a DebugInfo object. This behavior is deprecated, use api_util.debug_info() to construct a proper DebugInfo object and propagate it to this function. See https://github.com/jax-ml/jax/issues/26480 for more details.
DeprecationWarning: linear_util.wrap_init is missing a DebugInfo object. This behavior is deprecated, use api_util.debug_info() to construct a proper DebugInfo object and propagate it to this function. See https://github.com/jax-ml/jax/issues/26480 for more details.
DeprecationWarning: linear_util.wrap_init is missing a DebugInfo object. This behavior is deprecated, use api_util.debug_info() to construct a proper DebugInfo object and propagate it to this function. See https://github.com/jax-ml/jax/issues/26480 for more details.
DeprecationWarning: linear_util.wrap_init is missing a DebugInfo object. This behavior is deprecated, use api_util.debug_info() to construct a proper DebugInfo object and propagate it to this function. See https://github.com/jax-ml/jax/issues/26480 for more details.
DeprecationWarning: linear_util.wrap_init is missing a DebugInfo object. This behavior is deprecated, use api_util.debug_info() to construct a proper DebugInfo object and propagate it to this function. See https://github.com/jax-ml/jax/issues/26480 for more details.
DeprecationWarning: linear_util.wrap_init is missing a DebugInfo object. This behavior is deprecated, use api_util.debug_info() to construct a proper DebugInfo object and propagate it to this function. See https://github.com/jax-ml/jax/issues/26480 for more details.
DeprecationWarning: linear_util.wrap_init is missing a DebugInfo object. This behavior is deprecated, use api_util.debug_info() to construct a proper DebugInfo object and propagate it to this function. See https://github.com/jax-ml/jax/issues/26480 for more details.
DeprecationWarning: linear_util.wrap_init is missing a DebugInfo object. This behavior is deprecated, use api_util.debug_info() to construct a proper DebugInfo object and propagate it to this function. See https://github.com/jax-ml/jax/issues/26480 for more details.
DeprecationWarning: linear_util.wrap_init is missing a DebugInfo object. This behavior is deprecated, use api_util.debug_info() to construct a proper DebugInfo object and propagate it to this function. See https://github.com/jax-ml/jax/issues/26480 for more details.
DeprecationWarning: linear_util.wrap_init is missing a DebugInfo object. This behavior is deprecated, use api_util.debug_info() to construct a proper DebugInfo object and propagate it to this function. See https://github.com/jax-ml/jax/issues/26480 for more details.
DeprecationWarning: linear_util.wrap_init is missing a DebugInfo object. This behavior is deprecated, use api_util.debug_info() to construct a proper DebugInfo object and propagate it to this function. See https://github.com/jax-ml/jax/issues/26480 for more details.
DeprecationWarning: linear_util.wrap_init is missing a DebugInfo object. This behavior is deprecated, use api_util.debug_info() to construct a proper DebugInfo object and propagate it to this function. See https://github.com/jax-ml/jax/issues/26480 for more details.
DeprecationWarning: linear_util.wrap_init is missing a DebugInfo object. This behavior is deprecated, use api_util.debug_info() to construct a proper DebugInfo object and propagate it to this function. See https://github.com/jax-ml/jax/issues/26480 for more details.
DeprecationWarning: linear_util.wrap_init is missing a DebugInfo object. This behavior is deprecated, use api_util.debug_info() to construct a proper DebugInfo object and propagate it to this function. See https://github.com/jax-ml/jax/issues/26480 for more details.
DeprecationWarning: linear_util.wrap_init is missing a DebugInfo object. This behavior is deprecated, use api_util.debug_info() to construct a proper DebugInfo object and propagate it to this function. See https://github.com/jax-ml/jax/issues/26480 for more details.
DeprecationWarning: linear_util.wrap_init is missing a DebugInfo object. This behavior is deprecated, use api_util.debug_info() to construct a proper DebugInfo object and propagate it to this function. See https://github.com/jax-ml/jax/issues/26480 for more details.
DeprecationWarning: linear_util.wrap_init is missing a DebugInfo object. This behavior is deprecated, use api_util.debug_info() to construct a proper DebugInfo object and propagate it to this function. See https://github.com/jax-ml/jax/issues/26480 for more details.
DeprecationWarning: linear_util.wrap_init is missing a DebugInfo object. This behavior is deprecated, use api_util.debug_info() to construct a proper DebugInfo object and propagate it to this function. See https://github.com/jax-ml/jax/issues/26480 for more details.
DeprecationWarning: linear_util.wrap_init is missing a DebugInfo object. This behavior is deprecated, use api_util.debug_info() to construct a proper DebugInfo object and propagate it to this function. See https://github.com/jax-ml/jax/issues/26480 for more details.
DeprecationWarning: linear_util.wrap_init is missing a DebugInfo object. This behavior is deprecated, use api_util.debug_info() to construct a proper DebugInfo object and propagate it to this function. See https://github.com/jax-ml/jax/issues/26480 for more details.
DeprecationWarning: linear_util.wrap_init is missing a DebugInfo object. This behavior is deprecated, use api_util.debug_info() to construct a proper DebugInfo object and propagate it to this function. See https://github.com/jax-ml/jax/issues/26480 for more details.
DeprecationWarning: linear_util.wrap_init is missing a DebugInfo object. This behavior is deprecated, use api_util.debug_info() to construct a proper DebugInfo object and propagate it to this function. See https://github.com/jax-ml/jax/issues/26480 for more details.
DeprecationWarning: linear_util.wrap_init is missing a DebugInfo object. This behavior is deprecated, use api_util.debug_info() to construct a proper DebugInfo object and propagate it to this function. See https://github.com/jax-ml/jax/issues/26480 for more details.
DeprecationWarning: linear_util.wrap_init is missing a DebugInfo object. This behavior is deprecated, use api_util.debug_info() to construct a proper DebugInfo object and propagate it to this function. See https://github.com/jax-ml/jax/issues/26480 for more details.
DeprecationWarning: linear_util.wrap_init is missing a DebugInfo object. This behavior is deprecated, use api_util.debug_info() to construct a proper DebugInfo object and propagate it to this function. See https://github.com/jax-ml/jax/issues/26480 for more details.
DeprecationWarning: linear_util.wrap_init is missing a DebugInfo object. This behavior is deprecated, use api_util.debug_info() to construct a proper DebugInfo object and propagate it to this function. See https://github.com/jax-ml/jax/issues/26480 for more details.
DeprecationWarning: linear_util.wrap_init is missing a DebugInfo object. This behavior is deprecated, use api_util.debug_info() to construct a proper DebugInfo object and propagate it to this function. See https://github.com/jax-ml/jax/issues/26480 for more details.
DeprecationWarning: linear_util.wrap_init is missing a DebugInfo object. This behavior is deprecated, use api_util.debug_info() to construct a proper DebugInfo object and propagate it to this function. See https://github.com/jax-ml/jax/issues/26480 for more details.
DeprecationWarning: linear_util.wrap_init is missing a DebugInfo object. This behavior is deprecated, use api_util.debug_info() to construct a proper DebugInfo object and propagate it to this function. See https://github.com/jax-ml/jax/issues/26480 for more details.
DeprecationWarning: linear_util.wrap_init is missing a DebugInfo object. This behavior is deprecated, use api_util.debug_info() to construct a proper DebugInfo object and propagate it to this function. See https://github.com/jax-ml/jax/issues/26480 for more details.
DeprecationWarning: linear_util.wrap_init is missing a DebugInfo object. This behavior is deprecated, use api_util.debug_info() to construct a proper DebugInfo object and propagate it to this function. See https://github.com/jax-ml/jax/issues/26480 for more details.
DeprecationWarning: linear_util.wrap_init is missing a DebugInfo object. This behavior is deprecated, use api_util.debug_info() to construct a proper DebugInfo object and propagate it to this function. See https://github.com/jax-ml/jax/issues/26480 for more details.
DeprecationWarning: linear_util.wrap_init is missing a DebugInfo object. This behavior is deprecated, use api_util.debug_info() to construct a proper DebugInfo object and propagate it to this function. See https://github.com/jax-ml/jax/issues/26480 for more details.
DeprecationWarning: linear_util.wrap_init is missing a DebugInfo object. This behavior is deprecated, use api_util.debug_info() to construct a proper DebugInfo object and propagate it to this function. See https://github.com/jax-ml/jax/issues/26480 for more details.
DeprecationWarning: linear_util.wrap_init is missing a DebugInfo object. This behavior is deprecated, use api_util.debug_info() to construct a proper DebugInfo object and propagate it to this function. See https://github.com/jax-ml/jax/issues/26480 for more details.
DeprecationWarning: linear_util.wrap_init is missing a DebugInfo object. This behavior is deprecated, use api_util.debug_info() to construct a proper DebugInfo object and propagate it to this function. See https://github.com/jax-ml/jax/issues/26480 for more details.
DeprecationWarning: linear_util.wrap_init is missing a DebugInfo object. This behavior is deprecated, use api_util.debug_info() to construct a proper DebugInfo object and propagate it to this function. See https://github.com/jax-ml/jax/issues/26480 for more details.
DeprecationWarning: linear_util.wrap_init is missing a DebugInfo object. This behavior is deprecated, use api_util.debug_info() to construct a proper DebugInfo object and propagate it to this function. See https://github.com/jax-ml/jax/issues/26480 for more details.
DeprecationWarning: linear_util.wrap_init is missing a DebugInfo object. This behavior is deprecated, use api_util.debug_info() to construct a proper DebugInfo object and propagate it to this function. See https://github.com/jax-ml/jax/issues/26480 for more details.
