================
Step 1
================
Spectral indexing: ansi
Spectral resolution (L,M,N)=(6,6,0)
Node resolution (L,M,N)=(12,12,0)
Boundary ratio = 0
Pressure ratio = 0
Perturbation Order = 2
Objective: force
Optimizer: lsq-exact
================
Building objective: force
Precomputing transforms
Timer: Precomputing transforms = 1.43 sec
Timer: Objective build = 2.04 sec
Building objective: lcfs R
Building objective: lcfs Z
Building objective: fixed Psi
Building objective: fixed pressure
Building objective: fixed iota
Building objective: fixed sheet current
Building objective: self_consistency R
Building objective: self_consistency Z
Building objective: lambda gauge
Building objective: axis R self consistency
Building objective: axis Z self consistency
Timer: Objective build = 853 ms
Timer: LinearConstraintProjection build = 5.50 sec
Number of parameters: 27
Number of objectives: 98
Timer: Initializing the optimization = 8.45 sec

Starting optimization
Using method: lsq-exact
   Iteration     Total nfev        Cost      Cost reduction    Step norm     Optimality   
       0              1          3.875e-03                                    8.562e-02   
       1              2          6.985e-06      3.868e-03      8.278e-02      2.039e-03   
       2              3          1.176e-08      6.973e-06      2.944e-02      1.098e-04   
       3              4          2.227e-10      1.154e-08      5.931e-03      1.424e-05   
`gtol` condition satisfied. (gtol=1.00e-04)
         Current function value: 2.227e-10
         Total delta_x: 5.063e-02
         Iterations: 3
         Function evaluations: 4
         Jacobian evaluations: 4
Timer: Solution time = 6.62 sec
Timer: Avg time per step = 1.65 sec
==============================================================================================================
                                                                 Start  -->   End
Total (sum of squares):                                      3.875e-03  -->   2.227e-10, 
Maximum absolute Force error:                                2.502e+05  -->   2.869e+02 (N)
Minimum absolute Force error:                                4.354e+02  -->   2.415e-02 (N)
Average absolute Force error:                                8.429e+04  -->   1.757e+01 (N)
Maximum absolute Force error:                                4.035e-03  -->   4.625e-06 (normalized)
Minimum absolute Force error:                                7.020e-06  -->   3.894e-10 (normalized)
Average absolute Force error:                                1.359e-03  -->   2.834e-07 (normalized)
R boundary error:                                            0.000e+00  -->   3.469e-18 (m)
Z boundary error:                                            0.000e+00  -->   5.554e-17 (m)
Fixed Psi error:                                             0.000e+00  -->   0.000e+00 (Wb)
Fixed pressure profile error:                                0.000e+00  -->   0.000e+00 (Pa)
Fixed iota profile error:                                    0.000e+00  -->   0.000e+00 (dimensionless)
Fixed sheet current error:                                   0.000e+00  -->   0.000e+00 (~)
==============================================================================================================

Timer: Iteration 1 total = 17.3 sec
================
Step 2
================
Spectral indexing: ansi
Spectral resolution (L,M,N)=(12,12,0)
Node resolution (L,M,N)=(24,24,0)
Boundary ratio = 0
Pressure ratio = 0
Perturbation Order = 2
Objective: force
Optimizer: lsq-exact
================
Building objective: force
Precomputing transforms
Timer: Precomputing transforms = 1.67 sec
Timer: Objective build = 1.80 sec
Building objective: lcfs R
Building objective: lcfs Z
Building objective: fixed Psi
Building objective: fixed pressure
Building objective: fixed iota
Building objective: fixed sheet current
Building objective: self_consistency R
Building objective: self_consistency Z
Building objective: lambda gauge
Building objective: axis R self consistency
Building objective: axis Z self consistency
Timer: Objective build = 842 ms
Timer: LinearConstraintProjection build = 4.66 sec
Number of parameters: 108
Number of objectives: 338
Timer: Initializing the optimization = 7.36 sec

Starting optimization
Using method: lsq-exact
   Iteration     Total nfev        Cost      Cost reduction    Step norm     Optimality   
       0              1          2.144e-10                                    1.358e-05   
`gtol` condition satisfied. (gtol=1.00e-04)
         Current function value: 2.144e-10
         Total delta_x: 0.000e+00
         Iterations: 0
         Function evaluations: 1
         Jacobian evaluations: 1
Timer: Solution time = 3.98 sec
Timer: Avg time per step = 3.98 sec
==============================================================================================================
                                                                 Start  -->   End
Total (sum of squares):                                      2.144e-10  -->   2.144e-10, 
Maximum absolute Force error:                                3.433e+02  -->   3.433e+02 (N)
Minimum absolute Force error:                                1.253e-02  -->   1.253e-02 (N)
Average absolute Force error:                                1.698e+01  -->   1.698e+01 (N)
Maximum absolute Force error:                                5.535e-06  -->   5.535e-06 (normalized)
Minimum absolute Force error:                                2.021e-10  -->   2.021e-10 (normalized)
Average absolute Force error:                                2.738e-07  -->   2.738e-07 (normalized)
R boundary error:                                            0.000e+00  -->   0.000e+00 (m)
Z boundary error:                                            0.000e+00  -->   0.000e+00 (m)
Fixed Psi error:                                             0.000e+00  -->   0.000e+00 (Wb)
Fixed pressure profile error:                                0.000e+00  -->   0.000e+00 (Pa)
Fixed iota profile error:                                    0.000e+00  -->   0.000e+00 (dimensionless)
Fixed sheet current error:                                   0.000e+00  -->   0.000e+00 (~)
==============================================================================================================

Timer: Iteration 2 total = 16.4 sec
================
Step 3
================
Spectral indexing: ansi
Spectral resolution (L,M,N)=(14,14,0)
Node resolution (L,M,N)=(28,28,0)
Boundary ratio = 0
Pressure ratio = 0
Perturbation Order = 2
Objective: force
Optimizer: lsq-exact
================
Building objective: force
Precomputing transforms
Timer: Precomputing transforms = 1.71 sec
Timer: Objective build = 1.85 sec
Building objective: lcfs R
Building objective: lcfs Z
Building objective: fixed Psi
Building objective: fixed pressure
Building objective: fixed iota
Building objective: fixed sheet current
Building objective: self_consistency R
Building objective: self_consistency Z
Building objective: lambda gauge
Building objective: axis R self consistency
Building objective: axis Z self consistency
Timer: Objective build = 750 ms
Timer: LinearConstraintProjection build = 4.70 sec
Number of parameters: 147
Number of objectives: 450
Timer: Initializing the optimization = 7.35 sec

Starting optimization
Using method: lsq-exact
   Iteration     Total nfev        Cost      Cost reduction    Step norm     Optimality   
       0              1          2.142e-10                                    1.354e-05   
`gtol` condition satisfied. (gtol=1.00e-04)
         Current function value: 2.142e-10
         Total delta_x: 0.000e+00
         Iterations: 0
         Function evaluations: 1
         Jacobian evaluations: 1
Timer: Solution time = 4.39 sec
Timer: Avg time per step = 4.39 sec
==============================================================================================================
                                                                 Start  -->   End
Total (sum of squares):                                      2.142e-10  -->   2.142e-10, 
Maximum absolute Force error:                                3.519e+02  -->   3.519e+02 (N)
Minimum absolute Force error:                                7.733e-03  -->   7.733e-03 (N)
Average absolute Force error:                                1.699e+01  -->   1.699e+01 (N)
Maximum absolute Force error:                                5.674e-06  -->   5.674e-06 (normalized)
Minimum absolute Force error:                                1.247e-10  -->   1.247e-10 (normalized)
Average absolute Force error:                                2.740e-07  -->   2.740e-07 (normalized)
R boundary error:                                            0.000e+00  -->   0.000e+00 (m)
Z boundary error:                                            0.000e+00  -->   0.000e+00 (m)
Fixed Psi error:                                             0.000e+00  -->   0.000e+00 (Wb)
Fixed pressure profile error:                                0.000e+00  -->   0.000e+00 (Pa)
Fixed iota profile error:                                    0.000e+00  -->   0.000e+00 (dimensionless)
Fixed sheet current error:                                   0.000e+00  -->   0.000e+00 (~)
==============================================================================================================

Timer: Iteration 3 total = 17.4 sec
================
Step 4
================
Spectral indexing: ansi
Spectral resolution (L,M,N)=(14,14,0)
Node resolution (L,M,N)=(28,28,0)
Boundary ratio = 0
Pressure ratio = 0.5
Perturbation Order = 2
Objective: force
Optimizer: lsq-exact
================
Perturbing equilibrium
Building objective: force
Precomputing transforms
Timer: Precomputing transforms = 74.1 ms
Timer: Objective build = 83.6 ms
Building objective: lcfs R
Building objective: lcfs Z
Building objective: fixed Psi
Building objective: fixed pressure
Building objective: fixed iota
Building objective: fixed sheet current
Building objective: self_consistency R
Building objective: self_consistency Z
Building objective: lambda gauge
Building objective: axis R self consistency
Building objective: axis Z self consistency
Timer: Objective build = 108 ms
Perturbing p_l
Factorizing linear constraints
Timer: linear constraint factorize = 31.7 ms
Computing df
Timer: df computation = 4.10 sec
Factoring df
Timer: df/dx factorization = 55.7 ms
Computing d^2f
Timer: d^2f computation = 3.12 sec
Timer: Objective build = 2.17 ms
||dx||/||x|| =  2.825e-02
Timer: Total perturbation = 12.5 sec
Building objective: self_consistency R
Building objective: self_consistency Z
Building objective: lambda gauge
Building objective: axis R self consistency
Building objective: axis Z self consistency
Timer: Objective build = 14.4 ms
Timer: LinearConstraintProjection build = 34.7 ms
Number of parameters: 147
Number of objectives: 450
Timer: Initializing the optimization = 52.8 ms

Starting optimization
Using method: lsq-exact
   Iteration     Total nfev        Cost      Cost reduction    Step norm     Optimality   
       0              1          1.356e-02                                    4.367e-02   
       1              2          1.518e-03      1.204e-02      1.298e-01      1.614e-02   
       2              3          7.483e-05      1.443e-03      6.991e-02      4.579e-03   
       3              4          6.205e-05      1.278e-05      9.131e-02      5.486e-03   
       4              5          9.966e-06      5.209e-05      3.117e-02      1.860e-03   
       5              6          3.495e-06      6.470e-06      4.759e-02      1.274e-03   
       6              7          3.028e-06      4.673e-07      2.931e-02      1.119e-03   
       7              8          3.688e-08      2.991e-06      8.897e-03      1.341e-04   
       8             10          1.482e-09      3.540e-08      3.219e-03      1.837e-05   
`gtol` condition satisfied. (gtol=1.00e-04)
         Current function value: 1.482e-09
         Total delta_x: 1.073e-01
         Iterations: 8
         Function evaluations: 10
         Jacobian evaluations: 9
Timer: Solution time = 2.41 sec
Timer: Avg time per step = 268 ms
==============================================================================================================
                                                                 Start  -->   End
Total (sum of squares):                                      1.356e-02  -->   1.482e-09, 
Maximum absolute Force error:                                6.934e+06  -->   1.524e+03 (N)
Minimum absolute Force error:                                5.132e+01  -->   2.272e-02 (N)
Average absolute Force error:                                9.934e+04  -->   3.302e+01 (N)
Maximum absolute Force error:                                1.118e-01  -->   2.458e-05 (normalized)
Minimum absolute Force error:                                8.275e-07  -->   3.664e-10 (normalized)
Average absolute Force error:                                1.602e-03  -->   5.324e-07 (normalized)
R boundary error:                                            0.000e+00  -->   0.000e+00 (m)
Z boundary error:                                            0.000e+00  -->   0.000e+00 (m)
Fixed Psi error:                                             0.000e+00  -->   0.000e+00 (Wb)
Fixed pressure profile error:                                0.000e+00  -->   0.000e+00 (Pa)
Fixed iota profile error:                                    0.000e+00  -->   0.000e+00 (dimensionless)
Fixed sheet current error:                                   0.000e+00  -->   0.000e+00 (~)
==============================================================================================================

Timer: Iteration 4 total = 15.5 sec
================
Step 5
================
Spectral indexing: ansi
Spectral resolution (L,M,N)=(14,14,0)
Node resolution (L,M,N)=(28,28,0)
Boundary ratio = 0
Pressure ratio = 1.0
Perturbation Order = 2
Objective: force
Optimizer: lsq-exact
================
Perturbing equilibrium
Building objective: force
Precomputing transforms
Timer: Precomputing transforms = 66.2 ms
Timer: Objective build = 76.3 ms
Building objective: lcfs R
Building objective: lcfs Z
Building objective: fixed Psi
Building objective: fixed pressure
Building objective: fixed iota
Building objective: fixed sheet current
Building objective: self_consistency R
Building objective: self_consistency Z
Building objective: lambda gauge
Building objective: axis R self consistency
Building objective: axis Z self consistency
Timer: Objective build = 113 ms
Perturbing p_l
Factorizing linear constraints
Timer: linear constraint factorize = 1.01 sec
Computing df
Timer: df computation = 4.88 ms
Factoring df
Timer: df/dx factorization = 28.6 us
Computing d^2f
Timer: d^2f computation = 397 us
Timer: Objective build = 2.08 ms
||dx||/||x|| =  2.465e-02
Timer: Total perturbation = 2.00 sec
Building objective: self_consistency R
Building objective: self_consistency Z
Building objective: lambda gauge
Building objective: axis R self consistency
Building objective: axis Z self consistency
Timer: Objective build = 11.3 ms
Timer: LinearConstraintProjection build = 35.8 ms
Number of parameters: 147
Number of objectives: 450
Timer: Initializing the optimization = 50.8 ms

Starting optimization
Using method: lsq-exact
   Iteration     Total nfev        Cost      Cost reduction    Step norm     Optimality   
       0              1          1.800e-04                                    1.076e-02   
       1              2          2.676e-05      1.532e-04      5.002e-02      3.985e-03   
       2              3          1.595e-06      2.517e-05      3.147e-02      5.366e-04   
       3              4          2.086e-08      1.575e-06      7.575e-03      1.061e-04   
       4              6          2.336e-09      1.853e-08      3.939e-03      3.011e-05   
`gtol` condition satisfied. (gtol=1.00e-04)
         Current function value: 2.336e-09
         Total delta_x: 4.035e-02
         Iterations: 4
         Function evaluations: 6
         Jacobian evaluations: 5
Timer: Solution time = 162 ms
Timer: Avg time per step = 32.5 ms
==============================================================================================================
                                                                 Start  -->   End
Total (sum of squares):                                      1.800e-04  -->   2.336e-09, 
Maximum absolute Force error:                                2.965e+05  -->   2.397e+03 (N)
Minimum absolute Force error:                                1.269e+01  -->   9.145e-02 (N)
Average absolute Force error:                                1.333e+04  -->   5.035e+01 (N)
Maximum absolute Force error:                                4.781e-03  -->   3.865e-05 (normalized)
Minimum absolute Force error:                                2.046e-07  -->   1.474e-09 (normalized)
Average absolute Force error:                                2.149e-04  -->   8.118e-07 (normalized)
R boundary error:                                            0.000e+00  -->   0.000e+00 (m)
Z boundary error:                                            0.000e+00  -->   0.000e+00 (m)
Fixed Psi error:                                             0.000e+00  -->   0.000e+00 (Wb)
Fixed pressure profile error:                                0.000e+00  -->   0.000e+00 (Pa)
Fixed iota profile error:                                    0.000e+00  -->   0.000e+00 (dimensionless)
Fixed sheet current error:                                   0.000e+00  -->   0.000e+00 (~)
==============================================================================================================

Timer: Iteration 5 total = 2.60 sec
================
Step 6
================
Spectral indexing: ansi
Spectral resolution (L,M,N)=(14,14,10)
Node resolution (L,M,N)=(28,28,20)
Boundary ratio = 0.25
Pressure ratio = 1
Perturbation Order = 2
Objective: force
Optimizer: lsq-exact
================
Perturbing equilibrium
Building objective: force
Precomputing transforms
Timer: Precomputing transforms = 2.05 sec
Timer: Objective build = 2.17 sec
Building objective: lcfs R
Building objective: lcfs Z
Building objective: fixed Psi
Building objective: fixed pressure
Building objective: fixed iota
Building objective: fixed sheet current
Building objective: self_consistency R
Building objective: self_consistency Z
Building objective: lambda gauge
Building objective: axis R self consistency
Building objective: axis Z self consistency
Timer: Objective build = 1.27 sec
Perturbing Rb_lmn, Zb_lmn
Factorizing linear constraints
Timer: linear constraint factorize = 8.89 sec
Computing df
Timer: df computation = 10.5 sec
Factoring df
Timer: df/dx factorization = 79.1 ms
Computing d^2f
Timer: d^2f computation = 9.10 sec
Timer: Objective build = 2.23 ms
||dx||/||x|| =  2.461e-03
Timer: Total perturbation = 2.05 min
Building objective: self_consistency R
Building objective: self_consistency Z
Building objective: lambda gauge
Building objective: axis R self consistency
Building objective: axis Z self consistency
Timer: Objective build = 57.8 ms
Timer: LinearConstraintProjection build = 4.01 sec
Number of parameters: 3167
Number of objectives: 18450
Timer: Initializing the optimization = 6.28 sec

Starting optimization
Using method: lsq-exact
   Iteration     Total nfev        Cost      Cost reduction    Step norm     Optimality   
       0              1          1.514e-06                                    6.051e-04   
       1              2          6.151e-08      1.452e-06      6.605e-03      2.046e-04   
       2              4          7.188e-10      6.079e-08      2.877e-03      9.811e-06   
`gtol` condition satisfied. (gtol=1.00e-04)
         Current function value: 7.188e-10
         Total delta_x: 7.382e-03
         Iterations: 2
         Function evaluations: 4
         Jacobian evaluations: 3
Timer: Solution time = 3.29 min
Timer: Avg time per step = 1.09 min
==============================================================================================================
                                                                 Start  -->   End
Total (sum of squares):                                      1.514e-06  -->   7.188e-10, 
Maximum absolute Force error:                                4.747e+04  -->   1.574e+03 (N)
Minimum absolute Force error:                                1.016e-02  -->   3.336e-05 (N)
Average absolute Force error:                                9.324e+02  -->   2.258e+01 (N)
Maximum absolute Force error:                                7.655e-04  -->   2.538e-05 (normalized)
Minimum absolute Force error:                                1.638e-10  -->   5.379e-13 (normalized)
Average absolute Force error:                                1.503e-05  -->   3.640e-07 (normalized)
R boundary error:                                            0.000e+00  -->   0.000e+00 (m)
Z boundary error:                                            0.000e+00  -->   0.000e+00 (m)
Fixed Psi error:                                             0.000e+00  -->   0.000e+00 (Wb)
Fixed pressure profile error:                                0.000e+00  -->   0.000e+00 (Pa)
Fixed iota profile error:                                    0.000e+00  -->   0.000e+00 (dimensionless)
Fixed sheet current error:                                   0.000e+00  -->   0.000e+00 (~)
==============================================================================================================

Timer: Iteration 6 total = 5.57 min
================
Step 7
================
Spectral indexing: ansi
Spectral resolution (L,M,N)=(14,14,10)
Node resolution (L,M,N)=(28,28,20)
Boundary ratio = 0.5
Pressure ratio = 1
Perturbation Order = 2
Objective: force
Optimizer: lsq-exact
================
Perturbing equilibrium
Building objective: force
Precomputing transforms
Timer: Precomputing transforms = 124 ms
Timer: Objective build = 146 ms
Building objective: lcfs R
Building objective: lcfs Z
Building objective: fixed Psi
Building objective: fixed pressure
Building objective: fixed iota
Building objective: fixed sheet current
Building objective: self_consistency R
Building objective: self_consistency Z
Building objective: lambda gauge
Building objective: axis R self consistency
Building objective: axis Z self consistency
Timer: Objective build = 149 ms
Perturbing Rb_lmn, Zb_lmn
Factorizing linear constraints
Timer: linear constraint factorize = 3.56 sec
Computing df
Timer: df computation = 92.9 ms
Factoring df
Timer: df/dx factorization = 63.2 us
Computing d^2f
Timer: d^2f computation = 1.75 sec
Timer: Objective build = 2.19 ms
||dx||/||x|| =  6.784e-03
Timer: Total perturbation = 1.62 min
Building objective: self_consistency R
Building objective: self_consistency Z
Building objective: lambda gauge
Building objective: axis R self consistency
Building objective: axis Z self consistency
Timer: Objective build = 58.9 ms
Timer: LinearConstraintProjection build = 3.60 sec
Number of parameters: 3167
Number of objectives: 18450
Timer: Initializing the optimization = 5.90 sec

Starting optimization
Using method: lsq-exact
   Iteration     Total nfev        Cost      Cost reduction    Step norm     Optimality   
       0              1          2.348e-05                                    2.387e-03   
       1              2          9.976e-07      2.248e-05      2.041e-02      3.959e-04   
       2              3          7.331e-08      9.243e-07      1.102e-02      1.492e-04   
       3              5          5.209e-09      6.810e-08      4.832e-03      3.056e-05   
`gtol` condition satisfied. (gtol=1.00e-04)
         Current function value: 5.209e-09
         Total delta_x: 1.988e-02
         Iterations: 3
         Function evaluations: 5
         Jacobian evaluations: 4
Timer: Solution time = 3.53 min
Timer: Avg time per step = 52.9 sec
==============================================================================================================
                                                                 Start  -->   End
Total (sum of squares):                                      2.348e-05  -->   5.209e-09, 
Maximum absolute Force error:                                2.522e+05  -->   7.195e+03 (N)
Minimum absolute Force error:                                3.239e-02  -->   3.011e-04 (N)
Average absolute Force error:                                4.521e+03  -->   5.880e+01 (N)
Maximum absolute Force error:                                4.066e-03  -->   1.160e-04 (normalized)
Minimum absolute Force error:                                5.223e-10  -->   4.856e-12 (normalized)
Average absolute Force error:                                7.289e-05  -->   9.481e-07 (normalized)
R boundary error:                                            0.000e+00  -->   0.000e+00 (m)
Z boundary error:                                            0.000e+00  -->   0.000e+00 (m)
Fixed Psi error:                                             0.000e+00  -->   0.000e+00 (Wb)
Fixed pressure profile error:                                0.000e+00  -->   0.000e+00 (Pa)
Fixed iota profile error:                                    0.000e+00  -->   0.000e+00 (dimensionless)
Fixed sheet current error:                                   0.000e+00  -->   0.000e+00 (~)
==============================================================================================================

Timer: Iteration 7 total = 5.27 min
================
Step 8
================
Spectral indexing: ansi
Spectral resolution (L,M,N)=(14,14,10)
Node resolution (L,M,N)=(28,28,20)
Boundary ratio = 0.75
Pressure ratio = 1
Perturbation Order = 2
Objective: force
Optimizer: lsq-exact
================
Perturbing equilibrium
Building objective: force
Precomputing transforms
Timer: Precomputing transforms = 139 ms
Timer: Objective build = 163 ms
Building objective: lcfs R
Building objective: lcfs Z
Building objective: fixed Psi
Building objective: fixed pressure
Building objective: fixed iota
Building objective: fixed sheet current
Building objective: self_consistency R
Building objective: self_consistency Z
Building objective: lambda gauge
Building objective: axis R self consistency
Building objective: axis Z self consistency
Timer: Objective build = 161 ms
Perturbing Rb_lmn, Zb_lmn
Factorizing linear constraints
Timer: linear constraint factorize = 3.74 sec
Computing df
Timer: df computation = 97.5 ms
Factoring df
Timer: df/dx factorization = 66.0 us
Computing d^2f
Timer: d^2f computation = 1.86 sec
Timer: Objective build = 2.26 ms
||dx||/||x|| =  2.682e-03
Timer: Total perturbation = 1.72 min
Building objective: self_consistency R
Building objective: self_consistency Z
Building objective: lambda gauge
Building objective: axis R self consistency
Building objective: axis Z self consistency
Timer: Objective build = 59.0 ms
Timer: LinearConstraintProjection build = 3.81 sec
Number of parameters: 3167
Number of objectives: 18450
Timer: Initializing the optimization = 6.20 sec

Starting optimization
Using method: lsq-exact
   Iteration     Total nfev        Cost      Cost reduction    Step norm     Optimality   
       0              1          4.018e-07                                    3.522e-04   
       1              2          6.172e-08      3.401e-07      1.010e-02      1.103e-04   
       2              4          5.329e-09      5.639e-08      4.776e-03      3.737e-05   
`gtol` condition satisfied. (gtol=1.00e-04)
         Current function value: 5.329e-09
         Total delta_x: 1.100e-02
         Iterations: 2
         Function evaluations: 4
         Jacobian evaluations: 3
Timer: Solution time = 2.82 min
Timer: Avg time per step = 56.5 sec
==============================================================================================================
                                                                 Start  -->   End
Total (sum of squares):                                      4.018e-07  -->   5.329e-09, 
Maximum absolute Force error:                                1.351e+04  -->   8.228e+03 (N)
Minimum absolute Force error:                                2.664e-02  -->   4.366e-04 (N)
Average absolute Force error:                                5.907e+02  -->   5.633e+01 (N)
Maximum absolute Force error:                                2.178e-04  -->   1.327e-04 (normalized)
Minimum absolute Force error:                                4.295e-10  -->   7.039e-12 (normalized)
Average absolute Force error:                                9.525e-06  -->   9.082e-07 (normalized)
R boundary error:                                            0.000e+00  -->   0.000e+00 (m)
Z boundary error:                                            0.000e+00  -->   0.000e+00 (m)
Fixed Psi error:                                             0.000e+00  -->   0.000e+00 (Wb)
Fixed pressure profile error:                                0.000e+00  -->   0.000e+00 (Pa)
Fixed iota profile error:                                    0.000e+00  -->   0.000e+00 (dimensionless)
Fixed sheet current error:                                   0.000e+00  -->   0.000e+00 (~)
==============================================================================================================

Timer: Iteration 8 total = 4.66 min
================
Step 9
================
Spectral indexing: ansi
Spectral resolution (L,M,N)=(14,14,10)
Node resolution (L,M,N)=(28,28,20)
Boundary ratio = 1.0
Pressure ratio = 1
Perturbation Order = 2
Objective: force
Optimizer: lsq-exact
================
Perturbing equilibrium
Building objective: force
Precomputing transforms
Timer: Precomputing transforms = 118 ms
Timer: Objective build = 140 ms
Building objective: lcfs R
Building objective: lcfs Z
Building objective: fixed Psi
Building objective: fixed pressure
Building objective: fixed iota
Building objective: fixed sheet current
Building objective: self_consistency R
Building objective: self_consistency Z
Building objective: lambda gauge
Building objective: axis R self consistency
Building objective: axis Z self consistency
Timer: Objective build = 141 ms
Perturbing Rb_lmn, Zb_lmn
Factorizing linear constraints
Timer: linear constraint factorize = 3.37 sec
Computing df
Timer: df computation = 91.6 ms
Factoring df
Timer: df/dx factorization = 59.3 us
Computing d^2f
Timer: d^2f computation = 1.75 sec
Timer: Objective build = 2.06 ms
||dx||/||x|| =  4.920e-03
Timer: Total perturbation = 1.59 min
Building objective: self_consistency R
Building objective: self_consistency Z
Building objective: lambda gauge
Building objective: axis R self consistency
Building objective: axis Z self consistency
Timer: Objective build = 60.4 ms
Timer: LinearConstraintProjection build = 3.53 sec
Number of parameters: 3167
Number of objectives: 18450
Timer: Initializing the optimization = 5.78 sec

Starting optimization
Using method: lsq-exact
   Iteration     Total nfev        Cost      Cost reduction    Step norm     Optimality   
       0              1          8.119e-07                                    5.258e-04   
       1              2          2.228e-08      7.897e-07      1.136e-02      6.478e-05   
`gtol` condition satisfied. (gtol=1.00e-04)
         Current function value: 2.228e-08
         Total delta_x: 1.136e-02
         Iterations: 1
         Function evaluations: 2
         Jacobian evaluations: 2
Timer: Solution time = 57.7 sec
Timer: Avg time per step = 28.8 sec
==============================================================================================================
                                                                 Start  -->   End
Total (sum of squares):                                      8.119e-07  -->   2.228e-08, 
Maximum absolute Force error:                                2.328e+04  -->   1.284e+04 (N)
Minimum absolute Force error:                                2.306e-02  -->   6.279e-04 (N)
Average absolute Force error:                                8.339e+02  -->   1.420e+02 (N)
Maximum absolute Force error:                                3.754e-04  -->   2.070e-04 (normalized)
Minimum absolute Force error:                                3.719e-10  -->   1.012e-11 (normalized)
Average absolute Force error:                                1.345e-05  -->   2.290e-06 (normalized)
R boundary error:                                            0.000e+00  -->   0.000e+00 (m)
Z boundary error:                                            0.000e+00  -->   0.000e+00 (m)
Fixed Psi error:                                             0.000e+00  -->   0.000e+00 (Wb)
Fixed pressure profile error:                                0.000e+00  -->   0.000e+00 (Pa)
Fixed iota profile error:                                    0.000e+00  -->   0.000e+00 (dimensionless)
Fixed sheet current error:                                   0.000e+00  -->   0.000e+00 (~)
==============================================================================================================

Timer: Iteration 9 total = 2.66 min
====================
Done
Timer: Total time = 19.4 min
====================


# Python warnings captured during continuation
DeprecationWarning: linear_util.wrap_init is missing a DebugInfo object. This behavior is deprecated, use api_util.debug_info() to construct a proper DebugInfo object and propagate it to this function. See https://github.com/jax-ml/jax/issues/26480 for more details.
DeprecationWarning: linear_util.wrap_init is missing a DebugInfo object. This behavior is deprecated, use api_util.debug_info() to construct a proper DebugInfo object and propagate it to this function. See https://github.com/jax-ml/jax/issues/26480 for more details.
DeprecationWarning: linear_util.wrap_init is missing a DebugInfo object. This behavior is deprecated, use api_util.debug_info() to construct a proper DebugInfo object and propagate it to this function. See https://github.com/jax-ml/jax/issues/26480 for more details.
DeprecationWarning: linear_util.wrap_init is missing a DebugInfo object. This behavior is deprecated, use api_util.debug_info() to construct a proper DebugInfo object and propagate it to this function. See https://github.com/jax-ml/jax/issues/26480 for more details.
DeprecationWarning: linear_util.wrap_init is missing a DebugInfo object. This behavior is deprecated, use api_util.debug_info() to construct a proper DebugInfo object and propagate it to this function. See https://github.com/jax-ml/jax/issues/26480 for more details.
DeprecationWarning: linear_util.wrap_init is missing a DebugInfo object. This behavior is deprecated, use api_util.debug_info() to construct a proper DebugInfo object and propagate it to this function. See https://github.com/jax-ml/jax/issues/26480 for more details.
DeprecationWarning: linear_util.wrap_init is missing a DebugInfo object. This behavior is deprecated, use api_util.debug_info() to construct a proper DebugInfo object and propagate it to this function. See https://github.com/jax-ml/jax/issues/26480 for more details.
DeprecationWarning: linear_util.wrap_init is missing a DebugInfo object. This behavior is deprecated, use api_util.debug_info() to construct a proper DebugInfo object and propagate it to this function. See https://github.com/jax-ml/jax/issues/26480 for more details.
DeprecationWarning: linear_util.wrap_init is missing a DebugInfo object. This behavior is deprecated, use api_util.debug_info() to construct a proper DebugInfo object and propagate it to this function. See https://github.com/jax-ml/jax/issues/26480 for more details.
DeprecationWarning: linear_util.wrap_init is missing a DebugInfo object. This behavior is deprecated, use api_util.debug_info() to construct a proper DebugInfo object and propagate it to this function. See https://github.com/jax-ml/jax/issues/26480 for more details.
DeprecationWarning: linear_util.wrap_init is missing a DebugInfo object. This behavior is deprecated, use api_util.debug_info() to construct a proper DebugInfo object and propagate it to this function. See https://github.com/jax-ml/jax/issues/26480 for more details.
DeprecationWarning: linear_util.wrap_init is missing a DebugInfo object. This behavior is deprecated, use api_util.debug_info() to construct a proper DebugInfo object and propagate it to this function. See https://github.com/jax-ml/jax/issues/26480 for more details.
DeprecationWarning: linear_util.wrap_init is missing a DebugInfo object. This behavior is deprecated, use api_util.debug_info() to construct a proper DebugInfo object and propagate it to this function. See https://github.com/jax-ml/jax/issues/26480 for more details.
DeprecationWarning: linear_util.wrap_init is missing a DebugInfo object. This behavior is deprecated, use api_util.debug_info() to construct a proper DebugInfo object and propagate it to this function. See https://github.com/jax-ml/jax/issues/26480 for more details.
DeprecationWarning: linear_util.wrap_init is missing a DebugInfo object. This behavior is deprecated, use api_util.debug_info() to construct a proper DebugInfo object and propagate it to this function. See https://github.com/jax-ml/jax/issues/26480 for more details.
DeprecationWarning: linear_util.wrap_init is missing a DebugInfo object. This behavior is deprecated, use api_util.debug_info() to construct a proper DebugInfo object and propagate it to this function. See https://github.com/jax-ml/jax/issues/26480 for more details.
DeprecationWarning: linear_util.wrap_init is missing a DebugInfo object. This behavior is deprecated, use api_util.debug_info() to construct a proper DebugInfo object and propagate it to this function. See https://github.com/jax-ml/jax/issues/26480 for more details.
DeprecationWarning: linear_util.wrap_init is missing a DebugInfo object. This behavior is deprecated, use api_util.debug_info() to construct a proper DebugInfo object and propagate it to this function. See https://github.com/jax-ml/jax/issues/26480 for more details.
DeprecationWarning: linear_util.wrap_init is missing a DebugInfo object. This behavior is deprecated, use api_util.debug_info() to construct a proper DebugInfo object and propagate it to this function. See https://github.com/jax-ml/jax/issues/26480 for more details.
DeprecationWarning: linear_util.wrap_init is missing a DebugInfo object. This behavior is deprecated, use api_util.debug_info() to construct a proper DebugInfo object and propagate it to this function. See https://github.com/jax-ml/jax/issues/26480 for more details.
DeprecationWarning: linear_util.wrap_init is missing a DebugInfo object. This behavior is deprecated, use api_util.debug_info() to construct a proper DebugInfo object and propagate it to this function. See https://github.com/jax-ml/jax/issues/26480 for more details.
DeprecationWarning: linear_util.wrap_init is missing a DebugInfo object. This behavior is deprecated, use api_util.debug_info() to construct a proper DebugInfo object and propagate it to this function. See https://github.com/jax-ml/jax/issues/26480 for more details.
DeprecationWarning: linear_util.wrap_init is missing a DebugInfo object. This behavior is deprecated, use api_util.debug_info() to construct a proper DebugInfo object and propagate it to this function. See https://github.com/jax-ml/jax/issues/26480 for more details.
DeprecationWarning: linear_util.wrap_init is missing a DebugInfo object. This behavior is deprecated, use api_util.debug_info() to construct a proper DebugInfo object and propagate it to this function. See https://github.com/jax-ml/jax/issues/26480 for more details.
DeprecationWarning: linear_util.wrap_init is missing a DebugInfo object. This behavior is deprecated, use api_util.debug_info() to construct a proper DebugInfo object and propagate it to this function. See https://github.com/jax-ml/jax/issues/26480 for more details.
DeprecationWarning: linear_util.wrap_init is missing a DebugInfo object. This behavior is deprecated, use api_util.debug_info() to construct a proper DebugInfo object and propagate it to this function. See https://github.com/jax-ml/jax/issues/26480 for more details.
DeprecationWarning: linear_util.wrap_init is missing a DebugInfo object. This behavior is deprecated, use api_util.debug_info() to construct a proper DebugInfo object and propagate it to this function. See https://github.com/jax-ml/jax/issues/26480 for more details.
DeprecationWarning: linear_util.wrap_init is missing a DebugInfo object. This behavior is deprecated, use api_util.debug_info() to construct a proper DebugInfo object and propagate it to this function. See https://github.com/jax-ml/jax/issues/26480 for more details.
DeprecationWarning: linear_util.wrap_init is missing a DebugInfo object. This behavior is deprecated, use api_util.debug_info() to construct a proper DebugInfo object and propagate it to this function. See https://github.com/jax-ml/jax/issues/26480 for more details.
DeprecationWarning: linear_util.wrap_init is missing a DebugInfo object. This behavior is deprecated, use api_util.debug_info() to construct a proper DebugInfo object and propagate it to this function. See https://github.com/jax-ml/jax/issues/26480 for more details.
DeprecationWarning: linear_util.wrap_init is missing a DebugInfo object. This behavior is deprecated, use api_util.debug_info() to construct a proper DebugInfo object and propagate it to this function. See https://github.com/jax-ml/jax/issues/26480 for more details.
DeprecationWarning: linear_util.wrap_init is missing a DebugInfo object. This behavior is deprecated, use api_util.debug_info() to construct a proper DebugInfo object and propagate it to this function. See https://github.com/jax-ml/jax/issues/26480 for more details.
DeprecationWarning: linear_util.wrap_init is missing a DebugInfo object. This behavior is deprecated, use api_util.debug_info() to construct a proper DebugInfo object and propagate it to this function. See https://github.com/jax-ml/jax/issues/26480 for more details.
DeprecationWarning: linear_util.wrap_init is missing a DebugInfo object. This behavior is deprecated, use api_util.debug_info() to construct a proper DebugInfo object and propagate it to this function. See https://github.com/jax-ml/jax/issues/26480 for more details.
DeprecationWarning: linear_util.wrap_init is missing a DebugInfo object. This behavior is deprecated, use api_util.debug_info() to construct a proper DebugInfo object and propagate it to this function. See https://github.com/jax-ml/jax/issues/26480 for more details.
DeprecationWarning: linear_util.wrap_init is missing a DebugInfo object. This behavior is deprecated, use api_util.debug_info() to construct a proper DebugInfo object and propagate it to this function. See https://github.com/jax-ml/jax/issues/26480 for more details.
DeprecationWarning: linear_util.wrap_init is missing a DebugInfo object. This behavior is deprecated, use api_util.debug_info() to construct a proper DebugInfo object and propagate it to this function. See https://github.com/jax-ml/jax/issues/26480 for more details.
DeprecationWarning: linear_util.wrap_init is missing a DebugInfo object. This behavior is deprecated, use api_util.debug_info() to construct a proper DebugInfo object and propagate it to this function. See https://github.com/jax-ml/jax/issues/26480 for more details.
DeprecationWarning: linear_util.wrap_init is missing a DebugInfo object. This behavior is deprecated, use api_util.debug_info() to construct a proper DebugInfo object and propagate it to this function. See https://github.com/jax-ml/jax/issues/26480 for more details.
DeprecationWarning: linear_util.wrap_init is missing a DebugInfo object. This behavior is deprecated, use api_util.debug_info() to construct a proper DebugInfo object and propagate it to this function. See https://github.com/jax-ml/jax/issues/26480 for more details.
DeprecationWarning: linear_util.wrap_init is missing a DebugInfo object. This behavior is deprecated, use api_util.debug_info() to construct a proper DebugInfo object and propagate it to this function. See https://github.com/jax-ml/jax/issues/26480 for more details.
DeprecationWarning: linear_util.wrap_init is missing a DebugInfo object. This behavior is deprecated, use api_util.debug_info() to construct a proper DebugInfo object and propagate it to this function. See https://github.com/jax-ml/jax/issues/26480 for more details.
DeprecationWarning: linear_util.wrap_init is missing a DebugInfo object. This behavior is deprecated, use api_util.debug_info() to construct a proper DebugInfo object and propagate it to this function. See https://github.com/jax-ml/jax/issues/26480 for more details.
DeprecationWarning: linear_util.wrap_init is missing a DebugInfo object. This behavior is deprecated, use api_util.debug_info() to construct a proper DebugInfo object and propagate it to this function. See https://github.com/jax-ml/jax/issues/26480 for more details.
DeprecationWarning: linear_util.wrap_init is missing a DebugInfo object. This behavior is deprecated, use api_util.debug_info() to construct a proper DebugInfo object and propagate it to this function. See https://github.com/jax-ml/jax/issues/26480 for more details.
DeprecationWarning: linear_util.wrap_init is missing a DebugInfo object. This behavior is deprecated, use api_util.debug_info() to construct a proper DebugInfo object and propagate it to this function. See https://github.com/jax-ml/jax/issues/26480 for more details.
DeprecationWarning: linear_util.wrap_init is missing a DebugInfo object. This behavior is deprecated, use api_util.debug_info() to construct a proper DebugInfo object and propagate it to this function. See https://github.com/jax-ml/jax/issues/26480 for more details.
DeprecationWarning: linear_util.wrap_init is missing a DebugInfo object. This behavior is deprecated, use api_util.debug_info() to construct a proper DebugInfo object and propagate it to this function. See https://github.com/jax-ml/jax/issues/26480 for more details.
DeprecationWarning: linear_util.wrap_init is missing a DebugInfo object. This behavior is deprecated, use api_util.debug_info() to construct a proper DebugInfo object and propagate it to this function. See https://github.com/jax-ml/jax/issues/26480 for more details.
