================
Step 1
================
Spectral indexing: ansi
Spectral resolution (L,M,N)=(6,6,0)
Node resolution (L,M,N)=(12,12,0)
Boundary ratio = 0
Pressure ratio = 0
Perturbation Order = 2
Objective: force
Optimizer: lsq-exact
================
Building objective: force
Precomputing transforms
Timer: Precomputing transforms = 1.39 sec
Timer: Objective build = 1.96 sec
Building objective: lcfs R
Building objective: lcfs Z
Building objective: fixed Psi
Building objective: fixed pressure
Building objective: fixed iota
Building objective: fixed sheet current
Building objective: self_consistency R
Building objective: self_consistency Z
Building objective: lambda gauge
Building objective: axis R self consistency
Building objective: axis Z self consistency
Timer: Objective build = 787 ms
Timer: LinearConstraintProjection build = 5.10 sec
Number of parameters: 27
Number of objectives: 98
Timer: Initializing the optimization = 7.90 sec

Starting optimization
Using method: lsq-exact
   Iteration     Total nfev        Cost      Cost reduction    Step norm     Optimality   
       0              1          1.743e-02                                    1.847e-01   
       1              2          7.713e-05      1.735e-02      1.293e-01      8.709e-03   
       2              3          5.091e-08      7.708e-05      2.446e-02      1.917e-04   
       3              4          3.746e-08      1.345e-08      4.684e-02      1.597e-04   
       4              5          1.004e-09      3.646e-08      7.031e-03      1.890e-05   
`gtol` condition satisfied. (gtol=1.00e-04)
         Current function value: 1.004e-09
         Total delta_x: 1.991e-01
         Iterations: 4
         Function evaluations: 5
         Jacobian evaluations: 5
Timer: Solution time = 6.09 sec
Timer: Avg time per step = 1.21 sec
==============================================================================================================
                                                                 Start  -->   End
Total (sum of squares):                                      1.743e-02  -->   1.004e-09, 
Maximum absolute Force error:                                5.733e+05  -->   5.448e+02 (N)
Minimum absolute Force error:                                1.462e+02  -->   3.587e-01 (N)
Average absolute Force error:                                1.772e+05  -->   3.405e+01 (N)
Maximum absolute Force error:                                9.245e-03  -->   8.785e-06 (normalized)
Minimum absolute Force error:                                2.357e-06  -->   5.784e-09 (normalized)
Average absolute Force error:                                2.857e-03  -->   5.491e-07 (normalized)
R boundary error:                                            0.000e+00  -->   3.469e-18 (m)
Z boundary error:                                            0.000e+00  -->   5.554e-17 (m)
Fixed Psi error:                                             0.000e+00  -->   0.000e+00 (Wb)
Fixed pressure profile error:                                0.000e+00  -->   0.000e+00 (Pa)
Fixed iota profile error:                                    0.000e+00  -->   0.000e+00 (dimensionless)
Fixed sheet current error:                                   0.000e+00  -->   0.000e+00 (~)
==============================================================================================================

Timer: Iteration 1 total = 16.1 sec
================
Step 2
================
Spectral indexing: ansi
Spectral resolution (L,M,N)=(12,12,0)
Node resolution (L,M,N)=(24,24,0)
Boundary ratio = 0
Pressure ratio = 0
Perturbation Order = 2
Objective: force
Optimizer: lsq-exact
================
Building objective: force
Precomputing transforms
Timer: Precomputing transforms = 1.67 sec
Timer: Objective build = 1.80 sec
Building objective: lcfs R
Building objective: lcfs Z
Building objective: fixed Psi
Building objective: fixed pressure
Building objective: fixed iota
Building objective: fixed sheet current
Building objective: self_consistency R
Building objective: self_consistency Z
Building objective: lambda gauge
Building objective: axis R self consistency
Building objective: axis Z self consistency
Timer: Objective build = 824 ms
Timer: LinearConstraintProjection build = 4.68 sec
Number of parameters: 108
Number of objectives: 338
Timer: Initializing the optimization = 7.36 sec

Starting optimization
Using method: lsq-exact
   Iteration     Total nfev        Cost      Cost reduction    Step norm     Optimality   
       0              1          9.764e-10                                    2.745e-05   
`gtol` condition satisfied. (gtol=1.00e-04)
         Current function value: 9.764e-10
         Total delta_x: 0.000e+00
         Iterations: 0
         Function evaluations: 1
         Jacobian evaluations: 1
Timer: Solution time = 3.69 sec
Timer: Avg time per step = 3.69 sec
==============================================================================================================
                                                                 Start  -->   End
Total (sum of squares):                                      9.764e-10  -->   9.764e-10, 
Maximum absolute Force error:                                6.682e+02  -->   6.682e+02 (N)
Minimum absolute Force error:                                1.196e-01  -->   1.196e-01 (N)
Average absolute Force error:                                3.404e+01  -->   3.404e+01 (N)
Maximum absolute Force error:                                1.077e-05  -->   1.077e-05 (normalized)
Minimum absolute Force error:                                1.929e-09  -->   1.929e-09 (normalized)
Average absolute Force error:                                5.489e-07  -->   5.489e-07 (normalized)
R boundary error:                                            0.000e+00  -->   0.000e+00 (m)
Z boundary error:                                            0.000e+00  -->   0.000e+00 (m)
Fixed Psi error:                                             0.000e+00  -->   0.000e+00 (Wb)
Fixed pressure profile error:                                0.000e+00  -->   0.000e+00 (Pa)
Fixed iota profile error:                                    0.000e+00  -->   0.000e+00 (dimensionless)
Fixed sheet current error:                                   0.000e+00  -->   0.000e+00 (~)
==============================================================================================================

Timer: Iteration 2 total = 16.0 sec
================
Step 3
================
Spectral indexing: ansi
Spectral resolution (L,M,N)=(14,14,0)
Node resolution (L,M,N)=(28,28,0)
Boundary ratio = 0
Pressure ratio = 0
Perturbation Order = 2
Objective: force
Optimizer: lsq-exact
================
Building objective: force
Precomputing transforms
Timer: Precomputing transforms = 1.55 sec
Timer: Objective build = 1.68 sec
Building objective: lcfs R
Building objective: lcfs Z
Building objective: fixed Psi
Building objective: fixed pressure
Building objective: fixed iota
Building objective: fixed sheet current
Building objective: self_consistency R
Building objective: self_consistency Z
Building objective: lambda gauge
Building objective: axis R self consistency
Building objective: axis Z self consistency
Timer: Objective build = 708 ms
Timer: LinearConstraintProjection build = 4.35 sec
Number of parameters: 147
Number of objectives: 450
Timer: Initializing the optimization = 6.81 sec

Starting optimization
Using method: lsq-exact
   Iteration     Total nfev        Cost      Cost reduction    Step norm     Optimality   
       0              1          9.760e-10                                    2.476e-05   
`gtol` condition satisfied. (gtol=1.00e-04)
         Current function value: 9.760e-10
         Total delta_x: 0.000e+00
         Iterations: 0
         Function evaluations: 1
         Jacobian evaluations: 1
Timer: Solution time = 4.31 sec
Timer: Avg time per step = 4.31 sec
==============================================================================================================
                                                                 Start  -->   End
Total (sum of squares):                                      9.760e-10  -->   9.760e-10, 
Maximum absolute Force error:                                6.857e+02  -->   6.857e+02 (N)
Minimum absolute Force error:                                1.888e-02  -->   1.888e-02 (N)
Average absolute Force error:                                3.364e+01  -->   3.364e+01 (N)
Maximum absolute Force error:                                1.106e-05  -->   1.106e-05 (normalized)
Minimum absolute Force error:                                3.045e-10  -->   3.044e-10 (normalized)
Average absolute Force error:                                5.425e-07  -->   5.425e-07 (normalized)
R boundary error:                                            0.000e+00  -->   0.000e+00 (m)
Z boundary error:                                            0.000e+00  -->   0.000e+00 (m)
Fixed Psi error:                                             0.000e+00  -->   0.000e+00 (Wb)
Fixed pressure profile error:                                0.000e+00  -->   0.000e+00 (Pa)
Fixed iota profile error:                                    0.000e+00  -->   0.000e+00 (dimensionless)
Fixed sheet current error:                                   0.000e+00  -->   0.000e+00 (~)
==============================================================================================================

Timer: Iteration 3 total = 16.4 sec
================
Step 4
================
Spectral indexing: ansi
Spectral resolution (L,M,N)=(14,14,0)
Node resolution (L,M,N)=(28,28,0)
Boundary ratio = 0
Pressure ratio = 0.5
Perturbation Order = 2
Objective: force
Optimizer: lsq-exact
================
Perturbing equilibrium
Building objective: force
Precomputing transforms
Timer: Precomputing transforms = 54.5 ms
Timer: Objective build = 63.2 ms
Building objective: lcfs R
Building objective: lcfs Z
Building objective: fixed Psi
Building objective: fixed pressure
Building objective: fixed iota
Building objective: fixed sheet current
Building objective: self_consistency R
Building objective: self_consistency Z
Building objective: lambda gauge
Building objective: axis R self consistency
Building objective: axis Z self consistency
Timer: Objective build = 94.5 ms
Perturbing p_l
Factorizing linear constraints
Timer: linear constraint factorize = 29.9 ms
Computing df
Timer: df computation = 3.91 sec
Factoring df
Timer: df/dx factorization = 65.5 ms
Computing d^2f
Timer: d^2f computation = 3.00 sec
Timer: Objective build = 1.86 ms
||dx||/||x|| =  2.725e-02
Timer: Total perturbation = 11.9 sec
Building objective: self_consistency R
Building objective: self_consistency Z
Building objective: lambda gauge
Building objective: axis R self consistency
Building objective: axis Z self consistency
Timer: Objective build = 10.4 ms
Timer: LinearConstraintProjection build = 30.9 ms
Number of parameters: 147
Number of objectives: 450
Timer: Initializing the optimization = 44.5 ms

Starting optimization
Using method: lsq-exact
   Iteration     Total nfev        Cost      Cost reduction    Step norm     Optimality   
       0              1          3.116e-02                                    5.260e-02   
       1              2          4.118e-03      2.704e-02      1.669e-01      2.082e-02   
       2              3          2.283e-04      3.890e-03      7.153e-02      7.810e-03   
       3              4          1.564e-04      7.189e-05      1.391e-01      7.358e-03   
       4              5          2.586e-05      1.306e-04      5.468e-02      3.603e-03   
       5              6          4.863e-06      2.099e-05      4.542e-02      1.392e-03   
       6              8          2.135e-08      4.841e-06      5.515e-03      7.300e-05   
`gtol` condition satisfied. (gtol=1.00e-04)
         Current function value: 2.135e-08
         Total delta_x: 1.121e-01
         Iterations: 6
         Function evaluations: 8
         Jacobian evaluations: 7
Timer: Solution time = 2.21 sec
Timer: Avg time per step = 316 ms
==============================================================================================================
                                                                 Start  -->   End
Total (sum of squares):                                      3.116e-02  -->   2.135e-08, 
Maximum absolute Force error:                                9.264e+06  -->   8.213e+03 (N)
Minimum absolute Force error:                                2.308e+01  -->   9.469e-01 (N)
Average absolute Force error:                                1.367e+05  -->   1.562e+02 (N)
Maximum absolute Force error:                                1.494e-01  -->   1.324e-04 (normalized)
Minimum absolute Force error:                                3.721e-07  -->   1.527e-08 (normalized)
Average absolute Force error:                                2.204e-03  -->   2.519e-06 (normalized)
R boundary error:                                            0.000e+00  -->   0.000e+00 (m)
Z boundary error:                                            0.000e+00  -->   0.000e+00 (m)
Fixed Psi error:                                             0.000e+00  -->   0.000e+00 (Wb)
Fixed pressure profile error:                                0.000e+00  -->   0.000e+00 (Pa)
Fixed iota profile error:                                    0.000e+00  -->   0.000e+00 (dimensionless)
Fixed sheet current error:                                   0.000e+00  -->   0.000e+00 (~)
==============================================================================================================

Timer: Iteration 4 total = 14.6 sec
================
Step 5
================
Spectral indexing: ansi
Spectral resolution (L,M,N)=(14,14,0)
Node resolution (L,M,N)=(28,28,0)
Boundary ratio = 0
Pressure ratio = 1.0
Perturbation Order = 2
Objective: force
Optimizer: lsq-exact
================
Perturbing equilibrium
Building objective: force
Precomputing transforms
Timer: Precomputing transforms = 55.6 ms
Timer: Objective build = 64.0 ms
Building objective: lcfs R
Building objective: lcfs Z
Building objective: fixed Psi
Building objective: fixed pressure
Building objective: fixed iota
Building objective: fixed sheet current
Building objective: self_consistency R
Building objective: self_consistency Z
Building objective: lambda gauge
Building objective: axis R self consistency
Building objective: axis Z self consistency
Timer: Objective build = 103 ms
Perturbing p_l
Factorizing linear constraints
Timer: linear constraint factorize = 960 ms
Computing df
Timer: df computation = 1.69 ms
Factoring df
Timer: df/dx factorization = 28.8 us
Computing d^2f
Timer: d^2f computation = 365 us
Timer: Objective build = 1.83 ms
||dx||/||x|| =  1.986e-02
Timer: Total perturbation = 1.85 sec
Building objective: self_consistency R
Building objective: self_consistency Z
Building objective: lambda gauge
Building objective: axis R self consistency
Building objective: axis Z self consistency
Timer: Objective build = 10.9 ms
Timer: LinearConstraintProjection build = 32.5 ms
Number of parameters: 147
Number of objectives: 450
Timer: Initializing the optimization = 46.8 ms

Starting optimization
Using method: lsq-exact
   Iteration     Total nfev        Cost      Cost reduction    Step norm     Optimality   
       0              1          1.164e-05                                    1.649e-03   
       1              2          4.705e-07      1.117e-05      1.283e-02      3.218e-04   
       2              4          3.418e-09      4.671e-07      5.447e-03      3.392e-05   
`gtol` condition satisfied. (gtol=1.00e-04)
         Current function value: 3.418e-09
         Total delta_x: 1.411e-02
         Iterations: 2
         Function evaluations: 4
         Jacobian evaluations: 3
Timer: Solution time = 98.1 ms
Timer: Avg time per step = 32.7 ms
==============================================================================================================
                                                                 Start  -->   End
Total (sum of squares):                                      1.164e-05  -->   3.418e-09, 
Maximum absolute Force error:                                8.708e+04  -->   2.878e+03 (N)
Minimum absolute Force error:                                1.299e+01  -->   1.135e-02 (N)
Average absolute Force error:                                3.925e+03  -->   5.247e+01 (N)
Maximum absolute Force error:                                1.404e-03  -->   4.641e-05 (normalized)
Minimum absolute Force error:                                2.094e-07  -->   1.830e-10 (normalized)
Average absolute Force error:                                6.329e-05  -->   8.460e-07 (normalized)
R boundary error:                                            0.000e+00  -->   0.000e+00 (m)
Z boundary error:                                            0.000e+00  -->   0.000e+00 (m)
Fixed Psi error:                                             0.000e+00  -->   0.000e+00 (Wb)
Fixed pressure profile error:                                0.000e+00  -->   0.000e+00 (Pa)
Fixed iota profile error:                                    0.000e+00  -->   0.000e+00 (dimensionless)
Fixed sheet current error:                                   0.000e+00  -->   0.000e+00 (~)
==============================================================================================================

Timer: Iteration 5 total = 2.34 sec
================
Step 6
================
Spectral indexing: ansi
Spectral resolution (L,M,N)=(14,14,10)
Node resolution (L,M,N)=(28,28,20)
Boundary ratio = 0.25
Pressure ratio = 1
Perturbation Order = 2
Objective: force
Optimizer: lsq-exact
================
Perturbing equilibrium
Building objective: force
Precomputing transforms
Timer: Precomputing transforms = 1.78 sec
Timer: Objective build = 1.89 sec
Building objective: lcfs R
Building objective: lcfs Z
Building objective: fixed Psi
Building objective: fixed pressure
Building objective: fixed iota
Building objective: fixed sheet current
Building objective: self_consistency R
Building objective: self_consistency Z
Building objective: lambda gauge
Building objective: axis R self consistency
Building objective: axis Z self consistency
Timer: Objective build = 1.25 sec
Perturbing Rb_lmn, Zb_lmn
Factorizing linear constraints
Timer: linear constraint factorize = 9.45 sec
Computing df
Timer: df computation = 13.1 sec
Factoring df
Timer: df/dx factorization = 125 ms
Computing d^2f
Timer: d^2f computation = 9.52 sec
Timer: Objective build = 1.92 ms
||dx||/||x|| =  2.999e-03
Timer: Total perturbation = 2.20 min
Building objective: self_consistency R
Building objective: self_consistency Z
Building objective: lambda gauge
Building objective: axis R self consistency
Building objective: axis Z self consistency
Timer: Objective build = 53.0 ms
Timer: LinearConstraintProjection build = 3.79 sec
Number of parameters: 3167
Number of objectives: 18450
Timer: Initializing the optimization = 6.04 sec

Starting optimization
Using method: lsq-exact
   Iteration     Total nfev        Cost      Cost reduction    Step norm     Optimality   
       0              1          5.095e-06                                    1.274e-03   
       1              2          4.869e-08      5.046e-06      6.456e-03      1.138e-04   
       2              4          1.287e-09      4.740e-08      4.080e-03      2.281e-05   
`gtol` condition satisfied. (gtol=1.00e-04)
         Current function value: 1.287e-09
         Total delta_x: 6.527e-03
         Iterations: 2
         Function evaluations: 4
         Jacobian evaluations: 3
Timer: Solution time = 3.40 min
Timer: Avg time per step = 1.13 min
==============================================================================================================
                                                                 Start  -->   End
Total (sum of squares):                                      5.095e-06  -->   1.287e-09, 
Maximum absolute Force error:                                1.035e+05  -->   3.112e+03 (N)
Minimum absolute Force error:                                9.903e-03  -->   1.447e-04 (N)
Average absolute Force error:                                1.826e+03  -->   2.809e+01 (N)
Maximum absolute Force error:                                1.669e-03  -->   5.017e-05 (normalized)
Minimum absolute Force error:                                1.597e-10  -->   2.333e-12 (normalized)
Average absolute Force error:                                2.945e-05  -->   4.529e-07 (normalized)
R boundary error:                                            0.000e+00  -->   0.000e+00 (m)
Z boundary error:                                            0.000e+00  -->   0.000e+00 (m)
Fixed Psi error:                                             0.000e+00  -->   0.000e+00 (Wb)
Fixed pressure profile error:                                0.000e+00  -->   0.000e+00 (Pa)
Fixed iota profile error:                                    0.000e+00  -->   0.000e+00 (dimensionless)
Fixed sheet current error:                                   0.000e+00  -->   0.000e+00 (~)
==============================================================================================================

Timer: Iteration 6 total = 5.82 min
================
Step 7
================
Spectral indexing: ansi
Spectral resolution (L,M,N)=(14,14,10)
Node resolution (L,M,N)=(28,28,20)
Boundary ratio = 0.5
Pressure ratio = 1
Perturbation Order = 2
Objective: force
Optimizer: lsq-exact
================
Perturbing equilibrium
Building objective: force
Precomputing transforms
Timer: Precomputing transforms = 131 ms
Timer: Objective build = 153 ms
Building objective: lcfs R
Building objective: lcfs Z
Building objective: fixed Psi
Building objective: fixed pressure
Building objective: fixed iota
Building objective: fixed sheet current
Building objective: self_consistency R
Building objective: self_consistency Z
Building objective: lambda gauge
Building objective: axis R self consistency
Building objective: axis Z self consistency
Timer: Objective build = 143 ms
Perturbing Rb_lmn, Zb_lmn
Factorizing linear constraints
Timer: linear constraint factorize = 4.68 sec
Computing df
Timer: df computation = 101 ms
Factoring df
Timer: df/dx factorization = 161 us
Computing d^2f
Timer: d^2f computation = 1.83 sec
Timer: Objective build = 2.06 ms
||dx||/||x|| =  3.146e-03
Timer: Total perturbation = 1.80 min
Building objective: self_consistency R
Building objective: self_consistency Z
Building objective: lambda gauge
Building objective: axis R self consistency
Building objective: axis Z self consistency
Timer: Objective build = 52.4 ms
Timer: LinearConstraintProjection build = 5.23 sec
Number of parameters: 3167
Number of objectives: 18450
Timer: Initializing the optimization = 7.75 sec

Starting optimization
Using method: lsq-exact
   Iteration     Total nfev        Cost      Cost reduction    Step norm     Optimality   
       0              1          1.887e-06                                    7.473e-04   
       1              2          6.408e-08      1.823e-06      6.882e-03      1.450e-04   
       2              3          9.463e-09      5.462e-08      5.617e-03      6.553e-05   
`gtol` condition satisfied. (gtol=1.00e-04)
         Current function value: 9.463e-09
         Total delta_x: 6.856e-03
         Iterations: 2
         Function evaluations: 3
         Jacobian evaluations: 3
Timer: Solution time = 1.78 min
Timer: Avg time per step = 35.6 sec
==============================================================================================================
                                                                 Start  -->   End
Total (sum of squares):                                      1.887e-06  -->   9.463e-09, 
Maximum absolute Force error:                                5.427e+04  -->   6.032e+03 (N)
Minimum absolute Force error:                                1.068e-03  -->   1.594e-03 (N)
Average absolute Force error:                                1.394e+03  -->   8.447e+01 (N)
Maximum absolute Force error:                                8.751e-04  -->   9.726e-05 (normalized)
Minimum absolute Force error:                                1.721e-11  -->   2.570e-11 (normalized)
Average absolute Force error:                                2.248e-05  -->   1.362e-06 (normalized)
R boundary error:                                            0.000e+00  -->   0.000e+00 (m)
Z boundary error:                                            0.000e+00  -->   0.000e+00 (m)
Fixed Psi error:                                             0.000e+00  -->   0.000e+00 (Wb)
Fixed pressure profile error:                                0.000e+00  -->   0.000e+00 (Pa)
Fixed iota profile error:                                    0.000e+00  -->   0.000e+00 (dimensionless)
Fixed sheet current error:                                   0.000e+00  -->   0.000e+00 (~)
==============================================================================================================

Timer: Iteration 7 total = 3.72 min
================
Step 8
================
Spectral indexing: ansi
Spectral resolution (L,M,N)=(14,14,10)
Node resolution (L,M,N)=(28,28,20)
Boundary ratio = 0.75
Pressure ratio = 1
Perturbation Order = 2
Objective: force
Optimizer: lsq-exact
================
Perturbing equilibrium
Building objective: force
Precomputing transforms
Timer: Precomputing transforms = 138 ms
Timer: Objective build = 161 ms
Building objective: lcfs R
Building objective: lcfs Z
Building objective: fixed Psi
Building objective: fixed pressure
Building objective: fixed iota
Building objective: fixed sheet current
Building objective: self_consistency R
Building objective: self_consistency Z
Building objective: lambda gauge
Building objective: axis R self consistency
Building objective: axis Z self consistency
Timer: Objective build = 151 ms
Perturbing Rb_lmn, Zb_lmn
Factorizing linear constraints
Timer: linear constraint factorize = 4.94 sec
Computing df
Timer: df computation = 122 ms
Factoring df
Timer: df/dx factorization = 76.0 us
Computing d^2f
Timer: d^2f computation = 1.86 sec
Timer: Objective build = 2.02 ms
||dx||/||x|| =  3.137e-03
Timer: Total perturbation = 1.83 min
Building objective: self_consistency R
Building objective: self_consistency Z
Building objective: lambda gauge
Building objective: axis R self consistency
Building objective: axis Z self consistency
Timer: Objective build = 54.6 ms
Timer: LinearConstraintProjection build = 4.91 sec
Number of parameters: 3167
Number of objectives: 18450
Timer: Initializing the optimization = 7.28 sec

Starting optimization
Using method: lsq-exact
   Iteration     Total nfev        Cost      Cost reduction    Step norm     Optimality   
       0              1          1.494e-06                                    7.785e-04   
       1              2          2.276e-07      1.267e-06      1.021e-02      3.223e-04   
       2              3          2.139e-08      2.063e-07      5.259e-03      7.365e-05   
`gtol` condition satisfied. (gtol=1.00e-04)
         Current function value: 2.139e-08
         Total delta_x: 9.696e-03
         Iterations: 2
         Function evaluations: 3
         Jacobian evaluations: 3
Timer: Solution time = 1.83 min
Timer: Avg time per step = 36.5 sec
==============================================================================================================
                                                                 Start  -->   End
Total (sum of squares):                                      1.494e-06  -->   2.139e-08, 
Maximum absolute Force error:                                5.947e+04  -->   8.268e+03 (N)
Minimum absolute Force error:                                2.377e-02  -->   2.731e-04 (N)
Average absolute Force error:                                1.172e+03  -->   1.109e+02 (N)
Maximum absolute Force error:                                9.589e-04  -->   1.333e-04 (normalized)
Minimum absolute Force error:                                3.833e-10  -->   4.404e-12 (normalized)
Average absolute Force error:                                1.890e-05  -->   1.789e-06 (normalized)
R boundary error:                                            0.000e+00  -->   0.000e+00 (m)
Z boundary error:                                            0.000e+00  -->   0.000e+00 (m)
Fixed Psi error:                                             0.000e+00  -->   0.000e+00 (Wb)
Fixed pressure profile error:                                0.000e+00  -->   0.000e+00 (Pa)
Fixed iota profile error:                                    0.000e+00  -->   0.000e+00 (dimensionless)
Fixed sheet current error:                                   0.000e+00  -->   0.000e+00 (~)
==============================================================================================================

Timer: Iteration 8 total = 3.80 min
================
Step 9
================
Spectral indexing: ansi
Spectral resolution (L,M,N)=(14,14,10)
Node resolution (L,M,N)=(28,28,20)
Boundary ratio = 1.0
Pressure ratio = 1
Perturbation Order = 2
Objective: force
Optimizer: lsq-exact
================
Perturbing equilibrium
Building objective: force
Precomputing transforms
Timer: Precomputing transforms = 138 ms
Timer: Objective build = 160 ms
Building objective: lcfs R
Building objective: lcfs Z
Building objective: fixed Psi
Building objective: fixed pressure
Building objective: fixed iota
Building objective: fixed sheet current
Building objective: self_consistency R
Building objective: self_consistency Z
Building objective: lambda gauge
Building objective: axis R self consistency
Building objective: axis Z self consistency
Timer: Objective build = 157 ms
Perturbing Rb_lmn, Zb_lmn
Factorizing linear constraints
Timer: linear constraint factorize = 4.96 sec
Computing df
Timer: df computation = 107 ms
Factoring df
Timer: df/dx factorization = 75.2 us
Computing d^2f
Timer: d^2f computation = 1.86 sec
Timer: Objective build = 2.32 ms
||dx||/||x|| =  2.256e-03
Timer: Total perturbation = 1.84 min
Building objective: self_consistency R
Building objective: self_consistency Z
Building objective: lambda gauge
Building objective: axis R self consistency
Building objective: axis Z self consistency
Timer: Objective build = 59.6 ms
Timer: LinearConstraintProjection build = 5.23 sec
Number of parameters: 3167
Number of objectives: 18450
Timer: Initializing the optimization = 7.63 sec

Starting optimization
Using method: lsq-exact
   Iteration     Total nfev        Cost      Cost reduction    Step norm     Optimality   
       0              1          2.038e-07                                    2.208e-04   
       1              2          1.093e-07      9.451e-08      6.031e-03      1.481e-04   
       2              3          6.243e-09      1.030e-07      4.206e-03      4.527e-05   
`gtol` condition satisfied. (gtol=1.00e-04)
         Current function value: 6.243e-09
         Total delta_x: 7.475e-03
         Iterations: 2
         Function evaluations: 3
         Jacobian evaluations: 3
Timer: Solution time = 1.81 min
Timer: Avg time per step = 36.3 sec
==============================================================================================================
                                                                 Start  -->   End
Total (sum of squares):                                      2.038e-07  -->   6.243e-09, 
Maximum absolute Force error:                                1.582e+04  -->   7.168e+03 (N)
Minimum absolute Force error:                                3.829e-03  -->   6.793e-04 (N)
Average absolute Force error:                                4.629e+02  -->   5.227e+01 (N)
Maximum absolute Force error:                                2.551e-04  -->   1.156e-04 (normalized)
Minimum absolute Force error:                                6.174e-11  -->   1.095e-11 (normalized)
Average absolute Force error:                                7.465e-06  -->   8.428e-07 (normalized)
R boundary error:                                            0.000e+00  -->   0.000e+00 (m)
Z boundary error:                                            0.000e+00  -->   0.000e+00 (m)
Fixed Psi error:                                             0.000e+00  -->   0.000e+00 (Wb)
Fixed pressure profile error:                                0.000e+00  -->   0.000e+00 (Pa)
Fixed iota profile error:                                    0.000e+00  -->   0.000e+00 (dimensionless)
Fixed sheet current error:                                   0.000e+00  -->   0.000e+00 (~)
==============================================================================================================

Timer: Iteration 9 total = 3.80 min
====================
Done
Timer: Total time = 18.3 min
====================


# Python warnings captured during continuation
DeprecationWarning: linear_util.wrap_init is missing a DebugInfo object. This behavior is deprecated, use api_util.debug_info() to construct a proper DebugInfo object and propagate it to this function. See https://github.com/jax-ml/jax/issues/26480 for more details.
DeprecationWarning: linear_util.wrap_init is missing a DebugInfo object. This behavior is deprecated, use api_util.debug_info() to construct a proper DebugInfo object and propagate it to this function. See https://github.com/jax-ml/jax/issues/26480 for more details.
DeprecationWarning: linear_util.wrap_init is missing a DebugInfo object. This behavior is deprecated, use api_util.debug_info() to construct a proper DebugInfo object and propagate it to this function. See https://github.com/jax-ml/jax/issues/26480 for more details.
DeprecationWarning: linear_util.wrap_init is missing a DebugInfo object. This behavior is deprecated, use api_util.debug_info() to construct a proper DebugInfo object and propagate it to this function. See https://github.com/jax-ml/jax/issues/26480 for more details.
DeprecationWarning: linear_util.wrap_init is missing a DebugInfo object. This behavior is deprecated, use api_util.debug_info() to construct a proper DebugInfo object and propagate it to this function. See https://github.com/jax-ml/jax/issues/26480 for more details.
DeprecationWarning: linear_util.wrap_init is missing a DebugInfo object. This behavior is deprecated, use api_util.debug_info() to construct a proper DebugInfo object and propagate it to this function. See https://github.com/jax-ml/jax/issues/26480 for more details.
DeprecationWarning: linear_util.wrap_init is missing a DebugInfo object. This behavior is deprecated, use api_util.debug_info() to construct a proper DebugInfo object and propagate it to this function. See https://github.com/jax-ml/jax/issues/26480 for more details.
DeprecationWarning: linear_util.wrap_init is missing a DebugInfo object. This behavior is deprecated, use api_util.debug_info() to construct a proper DebugInfo object and propagate it to this function. See https://github.com/jax-ml/jax/issues/26480 for more details.
DeprecationWarning: linear_util.wrap_init is missing a DebugInfo object. This behavior is deprecated, use api_util.debug_info() to construct a proper DebugInfo object and propagate it to this function. See https://github.com/jax-ml/jax/issues/26480 for more details.
DeprecationWarning: linear_util.wrap_init is missing a DebugInfo object. This behavior is deprecated, use api_util.debug_info() to construct a proper DebugInfo object and propagate it to this function. See https://github.com/jax-ml/jax/issues/26480 for more details.
DeprecationWarning: linear_util.wrap_init is missing a DebugInfo object. This behavior is deprecated, use api_util.debug_info() to construct a proper DebugInfo object and propagate it to this function. See https://github.com/jax-ml/jax/issues/26480 for more details.
DeprecationWarning: linear_util.wrap_init is missing a DebugInfo object. This behavior is deprecated, use api_util.debug_info() to construct a proper DebugInfo object and propagate it to this function. See https://github.com/jax-ml/jax/issues/26480 for more details.
DeprecationWarning: linear_util.wrap_init is missing a DebugInfo object. This behavior is deprecated, use api_util.debug_info() to construct a proper DebugInfo object and propagate it to this function. See https://github.com/jax-ml/jax/issues/26480 for more details.
DeprecationWarning: linear_util.wrap_init is missing a DebugInfo object. This behavior is deprecated, use api_util.debug_info() to construct a proper DebugInfo object and propagate it to this function. See https://github.com/jax-ml/jax/issues/26480 for more details.
DeprecationWarning: linear_util.wrap_init is missing a DebugInfo object. This behavior is deprecated, use api_util.debug_info() to construct a proper DebugInfo object and propagate it to this function. See https://github.com/jax-ml/jax/issues/26480 for more details.
DeprecationWarning: linear_util.wrap_init is missing a DebugInfo object. This behavior is deprecated, use api_util.debug_info() to construct a proper DebugInfo object and propagate it to this function. See https://github.com/jax-ml/jax/issues/26480 for more details.
DeprecationWarning: linear_util.wrap_init is missing a DebugInfo object. This behavior is deprecated, use api_util.debug_info() to construct a proper DebugInfo object and propagate it to this function. See https://github.com/jax-ml/jax/issues/26480 for more details.
DeprecationWarning: linear_util.wrap_init is missing a DebugInfo object. This behavior is deprecated, use api_util.debug_info() to construct a proper DebugInfo object and propagate it to this function. See https://github.com/jax-ml/jax/issues/26480 for more details.
DeprecationWarning: linear_util.wrap_init is missing a DebugInfo object. This behavior is deprecated, use api_util.debug_info() to construct a proper DebugInfo object and propagate it to this function. See https://github.com/jax-ml/jax/issues/26480 for more details.
DeprecationWarning: linear_util.wrap_init is missing a DebugInfo object. This behavior is deprecated, use api_util.debug_info() to construct a proper DebugInfo object and propagate it to this function. See https://github.com/jax-ml/jax/issues/26480 for more details.
DeprecationWarning: linear_util.wrap_init is missing a DebugInfo object. This behavior is deprecated, use api_util.debug_info() to construct a proper DebugInfo object and propagate it to this function. See https://github.com/jax-ml/jax/issues/26480 for more details.
DeprecationWarning: linear_util.wrap_init is missing a DebugInfo object. This behavior is deprecated, use api_util.debug_info() to construct a proper DebugInfo object and propagate it to this function. See https://github.com/jax-ml/jax/issues/26480 for more details.
DeprecationWarning: linear_util.wrap_init is missing a DebugInfo object. This behavior is deprecated, use api_util.debug_info() to construct a proper DebugInfo object and propagate it to this function. See https://github.com/jax-ml/jax/issues/26480 for more details.
DeprecationWarning: linear_util.wrap_init is missing a DebugInfo object. This behavior is deprecated, use api_util.debug_info() to construct a proper DebugInfo object and propagate it to this function. See https://github.com/jax-ml/jax/issues/26480 for more details.
DeprecationWarning: linear_util.wrap_init is missing a DebugInfo object. This behavior is deprecated, use api_util.debug_info() to construct a proper DebugInfo object and propagate it to this function. See https://github.com/jax-ml/jax/issues/26480 for more details.
DeprecationWarning: linear_util.wrap_init is missing a DebugInfo object. This behavior is deprecated, use api_util.debug_info() to construct a proper DebugInfo object and propagate it to this function. See https://github.com/jax-ml/jax/issues/26480 for more details.
DeprecationWarning: linear_util.wrap_init is missing a DebugInfo object. This behavior is deprecated, use api_util.debug_info() to construct a proper DebugInfo object and propagate it to this function. See https://github.com/jax-ml/jax/issues/26480 for more details.
DeprecationWarning: linear_util.wrap_init is missing a DebugInfo object. This behavior is deprecated, use api_util.debug_info() to construct a proper DebugInfo object and propagate it to this function. See https://github.com/jax-ml/jax/issues/26480 for more details.
DeprecationWarning: linear_util.wrap_init is missing a DebugInfo object. This behavior is deprecated, use api_util.debug_info() to construct a proper DebugInfo object and propagate it to this function. See https://github.com/jax-ml/jax/issues/26480 for more details.
DeprecationWarning: linear_util.wrap_init is missing a DebugInfo object. This behavior is deprecated, use api_util.debug_info() to construct a proper DebugInfo object and propagate it to this function. See https://github.com/jax-ml/jax/issues/26480 for more details.
DeprecationWarning: linear_util.wrap_init is missing a DebugInfo object. This behavior is deprecated, use api_util.debug_info() to construct a proper DebugInfo object and propagate it to this function. See https://github.com/jax-ml/jax/issues/26480 for more details.
DeprecationWarning: linear_util.wrap_init is missing a DebugInfo object. This behavior is deprecated, use api_util.debug_info() to construct a proper DebugInfo object and propagate it to this function. See https://github.com/jax-ml/jax/issues/26480 for more details.
DeprecationWarning: linear_util.wrap_init is missing a DebugInfo object. This behavior is deprecated, use api_util.debug_info() to construct a proper DebugInfo object and propagate it to this function. See https://github.com/jax-ml/jax/issues/26480 for more details.
DeprecationWarning: linear_util.wrap_init is missing a DebugInfo object. This behavior is deprecated, use api_util.debug_info() to construct a proper DebugInfo object and propagate it to this function. See https://github.com/jax-ml/jax/issues/26480 for more details.
DeprecationWarning: linear_util.wrap_init is missing a DebugInfo object. This behavior is deprecated, use api_util.debug_info() to construct a proper DebugInfo object and propagate it to this function. See https://github.com/jax-ml/jax/issues/26480 for more details.
DeprecationWarning: linear_util.wrap_init is missing a DebugInfo object. This behavior is deprecated, use api_util.debug_info() to construct a proper DebugInfo object and propagate it to this function. See https://github.com/jax-ml/jax/issues/26480 for more details.
DeprecationWarning: linear_util.wrap_init is missing a DebugInfo object. This behavior is deprecated, use api_util.debug_info() to construct a proper DebugInfo object and propagate it to this function. See https://github.com/jax-ml/jax/issues/26480 for more details.
DeprecationWarning: linear_util.wrap_init is missing a DebugInfo object. This behavior is deprecated, use api_util.debug_info() to construct a proper DebugInfo object and propagate it to this function. See https://github.com/jax-ml/jax/issues/26480 for more details.
DeprecationWarning: linear_util.wrap_init is missing a DebugInfo object. This behavior is deprecated, use api_util.debug_info() to construct a proper DebugInfo object and propagate it to this function. See https://github.com/jax-ml/jax/issues/26480 for more details.
DeprecationWarning: linear_util.wrap_init is missing a DebugInfo object. This behavior is deprecated, use api_util.debug_info() to construct a proper DebugInfo object and propagate it to this function. See https://github.com/jax-ml/jax/issues/26480 for more details.
DeprecationWarning: linear_util.wrap_init is missing a DebugInfo object. This behavior is deprecated, use api_util.debug_info() to construct a proper DebugInfo object and propagate it to this function. See https://github.com/jax-ml/jax/issues/26480 for more details.
DeprecationWarning: linear_util.wrap_init is missing a DebugInfo object. This behavior is deprecated, use api_util.debug_info() to construct a proper DebugInfo object and propagate it to this function. See https://github.com/jax-ml/jax/issues/26480 for more details.
DeprecationWarning: linear_util.wrap_init is missing a DebugInfo object. This behavior is deprecated, use api_util.debug_info() to construct a proper DebugInfo object and propagate it to this function. See https://github.com/jax-ml/jax/issues/26480 for more details.
DeprecationWarning: linear_util.wrap_init is missing a DebugInfo object. This behavior is deprecated, use api_util.debug_info() to construct a proper DebugInfo object and propagate it to this function. See https://github.com/jax-ml/jax/issues/26480 for more details.
DeprecationWarning: linear_util.wrap_init is missing a DebugInfo object. This behavior is deprecated, use api_util.debug_info() to construct a proper DebugInfo object and propagate it to this function. See https://github.com/jax-ml/jax/issues/26480 for more details.
DeprecationWarning: linear_util.wrap_init is missing a DebugInfo object. This behavior is deprecated, use api_util.debug_info() to construct a proper DebugInfo object and propagate it to this function. See https://github.com/jax-ml/jax/issues/26480 for more details.
DeprecationWarning: linear_util.wrap_init is missing a DebugInfo object. This behavior is deprecated, use api_util.debug_info() to construct a proper DebugInfo object and propagate it to this function. See https://github.com/jax-ml/jax/issues/26480 for more details.
DeprecationWarning: linear_util.wrap_init is missing a DebugInfo object. This behavior is deprecated, use api_util.debug_info() to construct a proper DebugInfo object and propagate it to this function. See https://github.com/jax-ml/jax/issues/26480 for more details.
DeprecationWarning: linear_util.wrap_init is missing a DebugInfo object. This behavior is deprecated, use api_util.debug_info() to construct a proper DebugInfo object and propagate it to this function. See https://github.com/jax-ml/jax/issues/26480 for more details.
