================
Step 1
================
Spectral indexing: ansi
Spectral resolution (L,M,N)=(6,6,0)
Node resolution (L,M,N)=(12,12,0)
Boundary ratio = 0
Pressure ratio = 0
Perturbation Order = 2
Objective: force
Optimizer: lsq-exact
================
Building objective: force
Precomputing transforms
[32mTimer: Precomputing transforms = 39.9 ms[0m
[32mTimer: Objective build = 46.8 ms[0m
Building objective: lcfs R
Building objective: lcfs Z
Building objective: fixed Psi
Building objective: fixed pressure
Building objective: fixed iota
Building objective: fixed sheet current
Building objective: self_consistency R
Building objective: self_consistency Z
Building objective: lambda gauge
Building objective: axis R self consistency
Building objective: axis Z self consistency
[32mTimer: Objective build = 74.1 ms[0m
[32mTimer: LinearConstraintProjection build = 25.1 ms[0m
Number of parameters: 27
Number of objectives: 98
[32mTimer: Initializing the optimization = 148 ms[0m

Starting optimization
Using method: lsq-exact
   Iteration     Total nfev        Cost      Cost reduction    Step norm     Optimality   
       0              1          1.792e-02                                    1.875e-01   
       1              2          1.192e-04      1.780e-02      1.898e-01      8.455e-03   
       2              3          5.776e-07      1.186e-04      6.724e-02      6.686e-04   
       3              4          3.291e-07      2.485e-07      5.328e-02      5.599e-04   
       4              5          8.484e-10      3.283e-07      2.273e-03      1.700e-05   
       5              6          9.644e-11      7.520e-10      2.121e-03      7.254e-06   
       6              7          4.869e-12      9.157e-11      8.762e-04      8.038e-07   
`gtol` condition satisfied. (gtol=1.00e-06)
         Current function value: 4.869e-12
         Total delta_x: 7.882e-02
         Iterations: 6
         Function evaluations: 7
         Jacobian evaluations: 7
[32mTimer: Solution time = 264 ms[0m
[32mTimer: Avg time per step = 37.7 ms[0m
==============================================================================================================
                                                                 Start  -->   End
Total (sum of squares):                                      1.792e-02  -->   4.869e-12, 
Maximum absolute Force error:                                5.858e+05  -->   3.753e+01 (N)
Minimum absolute Force error:                                9.909e+00  -->   2.470e-02 (N)
Average absolute Force error:                                1.789e+05  -->   2.716e+00 (N)
Maximum absolute Force error:                                9.446e-03  -->   6.051e-07 (normalized)
Minimum absolute Force error:                                1.598e-07  -->   3.982e-10 (normalized)
Average absolute Force error:                                2.885e-03  -->   4.380e-08 (normalized)
R boundary error:                                            0.000e+00  -->   3.469e-18 (m)
Z boundary error:                                            0.000e+00  -->   5.554e-17 (m)
Fixed Psi error:                                             0.000e+00  -->   0.000e+00 (Wb)
Fixed pressure profile error:                                0.000e+00  -->   0.000e+00 (Pa)
Fixed iota profile error:                                    0.000e+00  -->   0.000e+00 (dimensionless)
Fixed sheet current error:                                   0.000e+00  -->   0.000e+00 (~)
==============================================================================================================

[32mTimer: Iteration 1 total = 498 ms[0m
================
Step 2
================
Spectral indexing: ansi
Spectral resolution (L,M,N)=(8,8,0)
Node resolution (L,M,N)=(16,16,0)
Boundary ratio = 0
Pressure ratio = 0
Perturbation Order = 2
Objective: force
Optimizer: lsq-exact
================
Building objective: force
Precomputing transforms
[32mTimer: Precomputing transforms = 41.5 ms[0m
[32mTimer: Objective build = 48.2 ms[0m
Building objective: lcfs R
Building objective: lcfs Z
Building objective: fixed Psi
Building objective: fixed pressure
Building objective: fixed iota
Building objective: fixed sheet current
Building objective: self_consistency R
Building objective: self_consistency Z
Building objective: lambda gauge
Building objective: axis R self consistency
Building objective: axis Z self consistency
[32mTimer: Objective build = 73.0 ms[0m
[32mTimer: LinearConstraintProjection build = 26.6 ms[0m
Number of parameters: 48
Number of objectives: 162
[32mTimer: Initializing the optimization = 150 ms[0m

Starting optimization
Using method: lsq-exact
   Iteration     Total nfev        Cost      Cost reduction    Step norm     Optimality   
       0              1          4.819e-12                                    1.156e-06   
       1              4          4.785e-13      4.341e-12      5.366e-04      3.321e-07   
`gtol` condition satisfied. (gtol=1.00e-06)
         Current function value: 4.785e-13
         Total delta_x: 5.366e-04
         Iterations: 1
         Function evaluations: 4
         Jacobian evaluations: 2
[32mTimer: Solution time = 31.2 ms[0m
[32mTimer: Avg time per step = 15.6 ms[0m
==============================================================================================================
                                                                 Start  -->   End
Total (sum of squares):                                      4.819e-12  -->   4.785e-13, 
Maximum absolute Force error:                                4.397e+01  -->   5.021e+00 (N)
Minimum absolute Force error:                                3.429e-03  -->   6.417e-04 (N)
Average absolute Force error:                                2.690e+00  -->   7.326e-01 (N)
Maximum absolute Force error:                                7.091e-07  -->   8.096e-08 (normalized)
Minimum absolute Force error:                                5.529e-11  -->   1.035e-11 (normalized)
Average absolute Force error:                                4.337e-08  -->   1.181e-08 (normalized)
R boundary error:                                            0.000e+00  -->   0.000e+00 (m)
Z boundary error:                                            0.000e+00  -->   0.000e+00 (m)
Fixed Psi error:                                             0.000e+00  -->   0.000e+00 (Wb)
Fixed pressure profile error:                                0.000e+00  -->   0.000e+00 (Pa)
Fixed iota profile error:                                    0.000e+00  -->   0.000e+00 (dimensionless)
Fixed sheet current error:                                   0.000e+00  -->   0.000e+00 (~)
==============================================================================================================

[32mTimer: Iteration 2 total = 275 ms[0m
================
Step 3
================
Spectral indexing: ansi
Spectral resolution (L,M,N)=(8,8,0)
Node resolution (L,M,N)=(16,16,0)
Boundary ratio = 0
Pressure ratio = 0.5
Perturbation Order = 2
Objective: force
Optimizer: lsq-exact
================
Perturbing equilibrium
Building objective: force
Precomputing transforms
[32mTimer: Precomputing transforms = 40.2 ms[0m
[32mTimer: Objective build = 46.3 ms[0m
Building objective: lcfs R
Building objective: lcfs Z
Building objective: fixed Psi
Building objective: fixed pressure
Building objective: fixed iota
Building objective: fixed sheet current
Building objective: self_consistency R
Building objective: self_consistency Z
Building objective: lambda gauge
Building objective: axis R self consistency
Building objective: axis Z self consistency
[32mTimer: Objective build = 75.9 ms[0m
Perturbing p_l
Factorizing linear constraints
[32mTimer: linear constraint factorize = 21.1 ms[0m
Computing df
[32mTimer: df computation = 2.18 ms[0m
Factoring df
[32mTimer: df/dx factorization = 93.5 us[0m
Computing d^2f
[32mTimer: d^2f computation = 550 us[0m
[32mTimer: Objective build = 1.38 ms[0m
||dx||/||x|| =  1.526e-02
[32mTimer: Total perturbation = 151 ms[0m
Building objective: self_consistency R
Building objective: self_consistency Z
Building objective: lambda gauge
Building objective: axis R self consistency
Building objective: axis Z self consistency
[32mTimer: Objective build = 6.70 ms[0m
[32mTimer: LinearConstraintProjection build = 24.2 ms[0m
Number of parameters: 48
Number of objectives: 162
[32mTimer: Initializing the optimization = 33.5 ms[0m

Starting optimization
Using method: lsq-exact
   Iteration     Total nfev        Cost      Cost reduction    Step norm     Optimality   
       0              1          3.157e-05                                    2.972e-03   
       1              2          2.242e-06      2.933e-05      1.551e-02      1.008e-03   
       2              3          1.817e-07      2.060e-06      7.271e-03      2.905e-04   
       3              4          5.760e-09      1.759e-07      3.353e-03      5.379e-05   
       4              5          3.208e-09      2.552e-09      4.465e-03      3.887e-05   
       5              7          1.921e-10      3.016e-09      1.615e-03      5.583e-06   
       6              9          2.241e-11      1.697e-10      7.269e-04      1.874e-06   
       7             11          9.339e-12      1.307e-11      5.148e-04      3.668e-07   
`gtol` condition satisfied. (gtol=1.00e-06)
         Current function value: 9.339e-12
         Total delta_x: 2.670e-02
         Iterations: 7
         Function evaluations: 11
         Jacobian evaluations: 8
[32mTimer: Solution time = 104 ms[0m
[32mTimer: Avg time per step = 13.1 ms[0m
==============================================================================================================
                                                                 Start  -->   End
Total (sum of squares):                                      3.157e-05  -->   9.339e-12, 
Maximum absolute Force error:                                9.621e+04  -->   5.262e+01 (N)
Minimum absolute Force error:                                1.353e+01  -->   1.248e-02 (N)
Average absolute Force error:                                5.994e+03  -->   3.843e+00 (N)
Maximum absolute Force error:                                1.551e-03  -->   8.485e-07 (normalized)
Minimum absolute Force error:                                2.181e-07  -->   2.012e-10 (normalized)
Average absolute Force error:                                9.665e-05  -->   6.197e-08 (normalized)
R boundary error:                                            0.000e+00  -->   0.000e+00 (m)
Z boundary error:                                            0.000e+00  -->   0.000e+00 (m)
Fixed Psi error:                                             0.000e+00  -->   0.000e+00 (Wb)
Fixed pressure profile error:                                0.000e+00  -->   0.000e+00 (Pa)
Fixed iota profile error:                                    0.000e+00  -->   0.000e+00 (dimensionless)
Fixed sheet current error:                                   0.000e+00  -->   0.000e+00 (~)
==============================================================================================================

[32mTimer: Iteration 3 total = 506 ms[0m
================
Step 4
================
Spectral indexing: ansi
Spectral resolution (L,M,N)=(8,8,0)
Node resolution (L,M,N)=(16,16,0)
Boundary ratio = 0
Pressure ratio = 1.0
Perturbation Order = 2
Objective: force
Optimizer: lsq-exact
================
Perturbing equilibrium
Building objective: force
Precomputing transforms
[32mTimer: Precomputing transforms = 45.2 ms[0m
[32mTimer: Objective build = 52.4 ms[0m
Building objective: lcfs R
Building objective: lcfs Z
Building objective: fixed Psi
Building objective: fixed pressure
Building objective: fixed iota
Building objective: fixed sheet current
Building objective: self_consistency R
Building objective: self_consistency Z
Building objective: lambda gauge
Building objective: axis R self consistency
Building objective: axis Z self consistency
[32mTimer: Objective build = 83.4 ms[0m
Perturbing p_l
Factorizing linear constraints
[32mTimer: linear constraint factorize = 23.2 ms[0m
Computing df
[32mTimer: df computation = 1.66 ms[0m
Factoring df
[32mTimer: df/dx factorization = 31.6 us[0m
Computing d^2f
[32mTimer: d^2f computation = 376 us[0m
[32mTimer: Objective build = 1.35 ms[0m
||dx||/||x|| =  1.677e-02
[32mTimer: Total perturbation = 141 ms[0m
Building objective: self_consistency R
Building objective: self_consistency Z
Building objective: lambda gauge
Building objective: axis R self consistency
Building objective: axis Z self consistency
[32mTimer: Objective build = 7.29 ms[0m
[32mTimer: LinearConstraintProjection build = 24.3 ms[0m
Number of parameters: 48
Number of objectives: 162
[32mTimer: Initializing the optimization = 34.2 ms[0m

Starting optimization
Using method: lsq-exact
   Iteration     Total nfev        Cost      Cost reduction    Step norm     Optimality   
       0              1          3.160e-05                                    5.380e-03   
       1              2          1.057e-08      3.159e-05      1.442e-02      7.454e-05   
       2              5          3.390e-10      1.023e-08      5.108e-03      7.823e-06   
       3              7          1.911e-10      1.479e-10      2.518e-03      2.278e-06   
       4              9          1.712e-10      1.999e-11      1.161e-03      4.996e-07   
`gtol` condition satisfied. (gtol=1.00e-06)
         Current function value: 1.712e-10
         Total delta_x: 1.374e-02
         Iterations: 4
         Function evaluations: 9
         Jacobian evaluations: 5
[32mTimer: Solution time = 64.4 ms[0m
[32mTimer: Avg time per step = 12.8 ms[0m
==============================================================================================================
                                                                 Start  -->   End
Total (sum of squares):                                      3.160e-05  -->   1.712e-10, 
Maximum absolute Force error:                                2.832e+04  -->   1.851e+02 (N)
Minimum absolute Force error:                                4.821e+00  -->   1.001e-01 (N)
Average absolute Force error:                                5.817e+03  -->   1.579e+01 (N)
Maximum absolute Force error:                                4.567e-04  -->   2.984e-06 (normalized)
Minimum absolute Force error:                                7.774e-08  -->   1.613e-09 (normalized)
Average absolute Force error:                                9.379e-05  -->   2.546e-07 (normalized)
R boundary error:                                            0.000e+00  -->   0.000e+00 (m)
Z boundary error:                                            0.000e+00  -->   0.000e+00 (m)
Fixed Psi error:                                             0.000e+00  -->   0.000e+00 (Wb)
Fixed pressure profile error:                                0.000e+00  -->   0.000e+00 (Pa)
Fixed iota profile error:                                    0.000e+00  -->   0.000e+00 (dimensionless)
Fixed sheet current error:                                   0.000e+00  -->   0.000e+00 (~)
==============================================================================================================

[32mTimer: Iteration 4 total = 463 ms[0m
================
Step 5
================
Spectral indexing: ansi
Spectral resolution (L,M,N)=(8,8,3)
Node resolution (L,M,N)=(16,16,6)
Boundary ratio = 0.25
Pressure ratio = 1
Perturbation Order = 2
Objective: force
Optimizer: lsq-exact
================
Perturbing equilibrium
Building objective: force
Precomputing transforms
[32mTimer: Precomputing transforms = 63.0 ms[0m
[32mTimer: Objective build = 70.1 ms[0m
Building objective: lcfs R
Building objective: lcfs Z
Building objective: fixed Psi
Building objective: fixed pressure
Building objective: fixed iota
Building objective: fixed sheet current
Building objective: self_consistency R
Building objective: self_consistency Z
Building objective: lambda gauge
Building objective: axis R self consistency
Building objective: axis Z self consistency
[32mTimer: Objective build = 83.9 ms[0m
Perturbing Rb_lmn, Zb_lmn
Factorizing linear constraints
[32mTimer: linear constraint factorize = 46.6 ms[0m
Computing df
[32mTimer: df computation = 2.03 ms[0m
Factoring df
[32mTimer: df/dx factorization = 28.6 us[0m
Computing d^2f
[32mTimer: d^2f computation = 495 us[0m
[32mTimer: Objective build = 1.40 ms[0m
||dx||/||x|| =  3.091e-03
[32mTimer: Total perturbation = 1.71 sec[0m
Building objective: self_consistency R
Building objective: self_consistency Z
Building objective: lambda gauge
Building objective: axis R self consistency
Building objective: axis Z self consistency
[32mTimer: Objective build = 10.3 ms[0m
[32mTimer: LinearConstraintProjection build = 45.1 ms[0m
Number of parameters: 351
Number of objectives: 2106
[32mTimer: Initializing the optimization = 58.9 ms[0m

Starting optimization
Using method: lsq-exact
   Iteration     Total nfev        Cost      Cost reduction    Step norm     Optimality   
       0              1          1.391e-06                                    7.645e-04   
       1              2          1.089e-07      1.283e-06      1.014e-02      1.858e-04   
       2              4          5.544e-10      1.084e-07      4.391e-03      9.694e-06   
       3              6          1.345e-10      4.200e-10      1.696e-03      4.589e-06   
       4              8          4.244e-11      9.204e-11      1.001e-03      1.152e-06   
       5             10          3.272e-11      9.712e-12      5.854e-04      2.723e-07   
`gtol` condition satisfied. (gtol=1.00e-06)
         Current function value: 3.272e-11
         Total delta_x: 1.011e-02
         Iterations: 5
         Function evaluations: 10
         Jacobian evaluations: 6
[32mTimer: Solution time = 1.58 sec[0m
[32mTimer: Avg time per step = 264 ms[0m
==============================================================================================================
                                                                 Start  -->   End
Total (sum of squares):                                      1.391e-06  -->   3.272e-11, 
Maximum absolute Force error:                                3.085e+04  -->   1.021e+02 (N)
Minimum absolute Force error:                                7.146e-01  -->   1.967e-03 (N)
Average absolute Force error:                                1.245e+03  -->   6.658e+00 (N)
Maximum absolute Force error:                                4.974e-04  -->   1.646e-06 (normalized)
Minimum absolute Force error:                                1.152e-08  -->   3.172e-11 (normalized)
Average absolute Force error:                                2.008e-05  -->   1.074e-07 (normalized)
R boundary error:                                            0.000e+00  -->   0.000e+00 (m)
Z boundary error:                                            0.000e+00  -->   0.000e+00 (m)
Fixed Psi error:                                             0.000e+00  -->   0.000e+00 (Wb)
Fixed pressure profile error:                                0.000e+00  -->   0.000e+00 (Pa)
Fixed iota profile error:                                    0.000e+00  -->   0.000e+00 (dimensionless)
Fixed sheet current error:                                   0.000e+00  -->   0.000e+00 (~)
==============================================================================================================

[32mTimer: Iteration 5 total = 3.68 sec[0m
================
Step 6
================
Spectral indexing: ansi
Spectral resolution (L,M,N)=(8,8,3)
Node resolution (L,M,N)=(16,16,6)
Boundary ratio = 0.5
Pressure ratio = 1
Perturbation Order = 2
Objective: force
Optimizer: lsq-exact
================
Perturbing equilibrium
Building objective: force
Precomputing transforms
[32mTimer: Precomputing transforms = 63.0 ms[0m
[32mTimer: Objective build = 70.2 ms[0m
Building objective: lcfs R
Building objective: lcfs Z
Building objective: fixed Psi
Building objective: fixed pressure
Building objective: fixed iota
Building objective: fixed sheet current
Building objective: self_consistency R
Building objective: self_consistency Z
Building objective: lambda gauge
Building objective: axis R self consistency
Building objective: axis Z self consistency
[32mTimer: Objective build = 79.9 ms[0m
Perturbing Rb_lmn, Zb_lmn
Factorizing linear constraints
[32mTimer: linear constraint factorize = 46.4 ms[0m
Computing df
[32mTimer: df computation = 1.58 ms[0m
Factoring df
[32mTimer: df/dx factorization = 25.2 us[0m
Computing d^2f
[32mTimer: d^2f computation = 332 us[0m
[32mTimer: Objective build = 1.37 ms[0m
||dx||/||x|| =  6.862e-03
[32mTimer: Total perturbation = 381 ms[0m
Building objective: self_consistency R
Building objective: self_consistency Z
Building objective: lambda gauge
Building objective: axis R self consistency
Building objective: axis Z self consistency
[32mTimer: Objective build = 9.95 ms[0m
[32mTimer: LinearConstraintProjection build = 48.5 ms[0m
Number of parameters: 351
Number of objectives: 2106
[32mTimer: Initializing the optimization = 62.2 ms[0m

Starting optimization
Using method: lsq-exact
   Iteration     Total nfev        Cost      Cost reduction    Step norm     Optimality   
       0              1          1.012e-05                                    2.613e-03   
       1              2          2.837e-07      9.836e-06      1.106e-02      3.381e-04   
       2              4          3.298e-09      2.804e-07      4.470e-03      3.635e-05   
       3              6          1.142e-10      3.184e-09      2.107e-03      4.933e-06   
       4              8          2.785e-11      8.634e-11      1.070e-03      1.536e-06   
       5             10          2.052e-11      7.331e-12      5.226e-04      3.987e-07   
`gtol` condition satisfied. (gtol=1.00e-06)
         Current function value: 2.052e-11
         Total delta_x: 1.064e-02
         Iterations: 5
         Function evaluations: 10
         Jacobian evaluations: 6
[32mTimer: Solution time = 1.21 sec[0m
[32mTimer: Avg time per step = 202 ms[0m
==============================================================================================================
                                                                 Start  -->   End
Total (sum of squares):                                      1.012e-05  -->   2.052e-11, 
Maximum absolute Force error:                                6.883e+04  -->   8.123e+01 (N)
Minimum absolute Force error:                                2.533e-01  -->   2.719e-03 (N)
Average absolute Force error:                                3.208e+03  -->   5.637e+00 (N)
Maximum absolute Force error:                                1.110e-03  -->   1.310e-06 (normalized)
Minimum absolute Force error:                                4.084e-09  -->   4.385e-11 (normalized)
Average absolute Force error:                                5.173e-05  -->   9.089e-08 (normalized)
R boundary error:                                            0.000e+00  -->   0.000e+00 (m)
Z boundary error:                                            0.000e+00  -->   0.000e+00 (m)
Fixed Psi error:                                             0.000e+00  -->   0.000e+00 (Wb)
Fixed pressure profile error:                                0.000e+00  -->   0.000e+00 (Pa)
Fixed iota profile error:                                    0.000e+00  -->   0.000e+00 (dimensionless)
Fixed sheet current error:                                   0.000e+00  -->   0.000e+00 (~)
==============================================================================================================

[32mTimer: Iteration 6 total = 1.95 sec[0m
================
Step 7
================
Spectral indexing: ansi
Spectral resolution (L,M,N)=(8,8,3)
Node resolution (L,M,N)=(16,16,6)
Boundary ratio = 0.75
Pressure ratio = 1
Perturbation Order = 2
Objective: force
Optimizer: lsq-exact
================
Perturbing equilibrium
Building objective: force
Precomputing transforms
[32mTimer: Precomputing transforms = 64.5 ms[0m
[32mTimer: Objective build = 71.7 ms[0m
Building objective: lcfs R
Building objective: lcfs Z
Building objective: fixed Psi
Building objective: fixed pressure
Building objective: fixed iota
Building objective: fixed sheet current
Building objective: self_consistency R
Building objective: self_consistency Z
Building objective: lambda gauge
Building objective: axis R self consistency
Building objective: axis Z self consistency
[32mTimer: Objective build = 80.5 ms[0m
Perturbing Rb_lmn, Zb_lmn
Factorizing linear constraints
[32mTimer: linear constraint factorize = 43.1 ms[0m
Computing df
[32mTimer: df computation = 1.66 ms[0m
Factoring df
[32mTimer: df/dx factorization = 26.8 us[0m
Computing d^2f
[32mTimer: d^2f computation = 352 us[0m
[32mTimer: Objective build = 1.41 ms[0m
||dx||/||x|| =  1.943e-03
[32mTimer: Total perturbation = 386 ms[0m
Building objective: self_consistency R
Building objective: self_consistency Z
Building objective: lambda gauge
Building objective: axis R self consistency
Building objective: axis Z self consistency
[32mTimer: Objective build = 9.76 ms[0m
[32mTimer: LinearConstraintProjection build = 47.2 ms[0m
Number of parameters: 351
Number of objectives: 2106
[32mTimer: Initializing the optimization = 60.3 ms[0m

Starting optimization
Using method: lsq-exact
   Iteration     Total nfev        Cost      Cost reduction    Step norm     Optimality   
       0              1          8.607e-08                                    2.139e-04   
       1              2          3.640e-09      8.243e-08      2.799e-03      4.309e-05   
       2              3          1.573e-10      3.483e-09      2.225e-03      8.891e-06   
       3              4          3.246e-11      1.249e-10      7.467e-04      2.340e-06   
       4              5          2.619e-11      6.267e-12      7.718e-04      2.148e-06   
       5              6          2.069e-11      5.501e-12      7.836e-04      9.806e-07   
`gtol` condition satisfied. (gtol=1.00e-06)
         Current function value: 2.069e-11
         Total delta_x: 3.725e-03
         Iterations: 5
         Function evaluations: 6
         Jacobian evaluations: 6
[32mTimer: Solution time = 684 ms[0m
[32mTimer: Avg time per step = 114 ms[0m
==============================================================================================================
                                                                 Start  -->   End
Total (sum of squares):                                      8.607e-08  -->   2.069e-11, 
Maximum absolute Force error:                                1.201e+04  -->   1.559e+02 (N)
Minimum absolute Force error:                                6.108e-02  -->   1.609e-04 (N)
Average absolute Force error:                                2.864e+02  -->   5.620e+00 (N)
Maximum absolute Force error:                                1.937e-04  -->   2.514e-06 (normalized)
Minimum absolute Force error:                                9.849e-10  -->   2.594e-12 (normalized)
Average absolute Force error:                                4.619e-06  -->   9.062e-08 (normalized)
R boundary error:                                            0.000e+00  -->   0.000e+00 (m)
Z boundary error:                                            0.000e+00  -->   0.000e+00 (m)
Fixed Psi error:                                             0.000e+00  -->   0.000e+00 (Wb)
Fixed pressure profile error:                                0.000e+00  -->   0.000e+00 (Pa)
Fixed iota profile error:                                    0.000e+00  -->   0.000e+00 (dimensionless)
Fixed sheet current error:                                   0.000e+00  -->   0.000e+00 (~)
==============================================================================================================

[32mTimer: Iteration 7 total = 1.43 sec[0m
================
Step 8
================
Spectral indexing: ansi
Spectral resolution (L,M,N)=(8,8,3)
Node resolution (L,M,N)=(16,16,6)
Boundary ratio = 1.0
Pressure ratio = 1
Perturbation Order = 2
Objective: force
Optimizer: lsq-exact
================
Perturbing equilibrium
Building objective: force
Precomputing transforms
[32mTimer: Precomputing transforms = 62.4 ms[0m
[32mTimer: Objective build = 69.5 ms[0m
Building objective: lcfs R
Building objective: lcfs Z
Building objective: fixed Psi
Building objective: fixed pressure
Building objective: fixed iota
Building objective: fixed sheet current
Building objective: self_consistency R
Building objective: self_consistency Z
Building objective: lambda gauge
Building objective: axis R self consistency
Building objective: axis Z self consistency
[32mTimer: Objective build = 80.5 ms[0m
Perturbing Rb_lmn, Zb_lmn
Factorizing linear constraints
[32mTimer: linear constraint factorize = 44.7 ms[0m
Computing df
[32mTimer: df computation = 1.58 ms[0m
Factoring df
[32mTimer: df/dx factorization = 26.7 us[0m
Computing d^2f
[32mTimer: d^2f computation = 394 us[0m
[32mTimer: Objective build = 1.36 ms[0m
||dx||/||x|| =  1.199e-03
[32mTimer: Total perturbation = 381 ms[0m
Building objective: self_consistency R
Building objective: self_consistency Z
Building objective: lambda gauge
Building objective: axis R self consistency
Building objective: axis Z self consistency
[32mTimer: Objective build = 9.97 ms[0m
[32mTimer: LinearConstraintProjection build = 42.5 ms[0m
Number of parameters: 351
Number of objectives: 2106
[32mTimer: Initializing the optimization = 56.9 ms[0m

Starting optimization
Using method: lsq-exact
   Iteration     Total nfev        Cost      Cost reduction    Step norm     Optimality   
       0              1          1.753e-08                                    1.108e-04   
       1              2          1.131e-10      1.742e-08      9.706e-04      5.433e-06   
       2              3          1.860e-11      9.448e-11      8.826e-04      7.419e-07   
`gtol` condition satisfied. (gtol=1.00e-06)
         Current function value: 1.860e-11
         Total delta_x: 9.467e-04
         Iterations: 2
         Function evaluations: 3
         Jacobian evaluations: 3
[32mTimer: Solution time = 342 ms[0m
[32mTimer: Avg time per step = 114 ms[0m
==============================================================================================================
                                                                 Start  -->   End
Total (sum of squares):                                      1.753e-08  -->   1.860e-11, 
Maximum absolute Force error:                                5.465e+03  -->   7.320e+01 (N)
Minimum absolute Force error:                                2.711e-02  -->   3.084e-04 (N)
Average absolute Force error:                                1.147e+02  -->   5.450e+00 (N)
Maximum absolute Force error:                                8.811e-05  -->   1.180e-06 (normalized)
Minimum absolute Force error:                                4.371e-10  -->   4.973e-12 (normalized)
Average absolute Force error:                                1.850e-06  -->   8.787e-08 (normalized)
R boundary error:                                            0.000e+00  -->   0.000e+00 (m)
Z boundary error:                                            0.000e+00  -->   0.000e+00 (m)
Fixed Psi error:                                             0.000e+00  -->   0.000e+00 (Wb)
Fixed pressure profile error:                                0.000e+00  -->   0.000e+00 (Pa)
Fixed iota profile error:                                    0.000e+00  -->   0.000e+00 (dimensionless)
Fixed sheet current error:                                   0.000e+00  -->   0.000e+00 (~)
==============================================================================================================

[32mTimer: Iteration 8 total = 1.07 sec[0m
====================
Done
[32mTimer: Total time = 10.0 sec[0m
====================


# Python warnings captured during continuation
RuntimeWarning: divide by zero encountered in matmul
RuntimeWarning: overflow encountered in matmul
RuntimeWarning: invalid value encountered in matmul
RuntimeWarning: divide by zero encountered in matmul
RuntimeWarning: overflow encountered in matmul
RuntimeWarning: invalid value encountered in matmul
RuntimeWarning: divide by zero encountered in matmul
RuntimeWarning: overflow encountered in matmul
RuntimeWarning: invalid value encountered in matmul
RuntimeWarning: divide by zero encountered in matmul
RuntimeWarning: overflow encountered in matmul
RuntimeWarning: invalid value encountered in matmul
RuntimeWarning: divide by zero encountered in matmul
RuntimeWarning: overflow encountered in matmul
RuntimeWarning: invalid value encountered in matmul
RuntimeWarning: divide by zero encountered in matmul
RuntimeWarning: overflow encountered in matmul
RuntimeWarning: invalid value encountered in matmul
RuntimeWarning: divide by zero encountered in matmul
RuntimeWarning: overflow encountered in matmul
RuntimeWarning: invalid value encountered in matmul
RuntimeWarning: divide by zero encountered in matmul
RuntimeWarning: overflow encountered in matmul
RuntimeWarning: invalid value encountered in matmul
RuntimeWarning: divide by zero encountered in matmul
RuntimeWarning: overflow encountered in matmul
RuntimeWarning: invalid value encountered in matmul
RuntimeWarning: divide by zero encountered in matmul
RuntimeWarning: overflow encountered in matmul
RuntimeWarning: invalid value encountered in matmul
RuntimeWarning: divide by zero encountered in matmul
RuntimeWarning: overflow encountered in matmul
RuntimeWarning: invalid value encountered in matmul
RuntimeWarning: divide by zero encountered in matmul
RuntimeWarning: overflow encountered in matmul
RuntimeWarning: invalid value encountered in matmul
RuntimeWarning: divide by zero encountered in matmul
RuntimeWarning: overflow encountered in matmul
RuntimeWarning: invalid value encountered in matmul
RuntimeWarning: divide by zero encountered in matmul
RuntimeWarning: overflow encountered in matmul
RuntimeWarning: invalid value encountered in matmul
RuntimeWarning: divide by zero encountered in matmul
RuntimeWarning: overflow encountered in matmul
RuntimeWarning: invalid value encountered in matmul
RuntimeWarning: divide by zero encountered in matmul
RuntimeWarning: overflow encountered in matmul
RuntimeWarning: invalid value encountered in matmul
RuntimeWarning: divide by zero encountered in matmul
RuntimeWarning: overflow encountered in matmul
RuntimeWarning: invalid value encountered in matmul
RuntimeWarning: divide by zero encountered in matmul
RuntimeWarning: overflow encountered in matmul
RuntimeWarning: invalid value encountered in matmul
RuntimeWarning: divide by zero encountered in matmul
RuntimeWarning: overflow encountered in matmul
RuntimeWarning: invalid value encountered in matmul
RuntimeWarning: divide by zero encountered in matmul
RuntimeWarning: overflow encountered in matmul
RuntimeWarning: invalid value encountered in matmul
RuntimeWarning: divide by zero encountered in matmul
RuntimeWarning: overflow encountered in matmul
RuntimeWarning: invalid value encountered in matmul
RuntimeWarning: divide by zero encountered in matmul
RuntimeWarning: overflow encountered in matmul
RuntimeWarning: invalid value encountered in matmul
RuntimeWarning: divide by zero encountered in matmul
RuntimeWarning: overflow encountered in matmul
RuntimeWarning: invalid value encountered in matmul
RuntimeWarning: divide by zero encountered in matmul
RuntimeWarning: overflow encountered in matmul
RuntimeWarning: invalid value encountered in matmul
