================
Step 1
================
Spectral indexing: ansi
Spectral resolution (L,M,N)=(6,6,0)
Node resolution (L,M,N)=(12,12,0)
Boundary ratio = 0
Pressure ratio = 0
Perturbation Order = 2
Objective: force
Optimizer: lsq-exact
================
Building objective: force
Precomputing transforms
Timer: Precomputing transforms = 1.07 sec
Timer: Objective build = 1.48 sec
Building objective: lcfs R
Building objective: lcfs Z
Building objective: fixed Psi
Building objective: fixed pressure
Building objective: fixed iota
Building objective: fixed sheet current
Building objective: self_consistency R
Building objective: self_consistency Z
Building objective: lambda gauge
Building objective: axis R self consistency
Building objective: axis Z self consistency
Timer: Objective build = 554 ms
Timer: LinearConstraintProjection build = 3.58 sec
Number of parameters: 27
Number of objectives: 98
Timer: Initializing the optimization = 5.66 sec

Starting optimization
Using method: lsq-exact
   Iteration     Total nfev        Cost      Cost reduction    Step norm     Optimality   
       0              1          2.302e-03                                    6.553e-02   
       1              2          3.668e-06      2.298e-03      2.915e-02      1.650e-03   
       2              3          1.503e-08      3.653e-06      6.641e-03      1.103e-04   
       3              4          6.728e-11      1.496e-08      4.680e-03      6.420e-06   
       4              5          1.571e-12      6.571e-11      8.040e-04      4.260e-07   
       5              7          1.427e-12      1.435e-13      4.190e-04      4.777e-07   
       6              8          9.752e-13      4.521e-13      1.191e-04      1.210e-08   
       7             10          9.700e-13      5.205e-15      6.349e-05      5.921e-09   
`gtol` condition satisfied. (gtol=1.00e-08)
         Current function value: 9.700e-13
         Total delta_x: 2.771e-02
         Iterations: 7
         Function evaluations: 10
         Jacobian evaluations: 8
Timer: Solution time = 4.68 sec
Timer: Avg time per step = 585 ms
==============================================================================================================
                                                                 Start  -->   End
Total (sum of squares):                                      2.302e-03  -->   9.700e-13, 
Maximum absolute Force error:                                2.021e+05  -->   1.372e+01 (N)
Minimum absolute Force error:                                3.557e+02  -->   1.510e-02 (N)
Average absolute Force error:                                6.374e+04  -->   1.183e+00 (N)
Maximum absolute Force error:                                3.277e-03  -->   2.225e-07 (normalized)
Minimum absolute Force error:                                5.767e-06  -->   2.448e-10 (normalized)
Average absolute Force error:                                1.034e-03  -->   1.918e-08 (normalized)
R boundary error:                                            0.000e+00  -->   0.000e+00 (m)
Z boundary error:                                            0.000e+00  -->   0.000e+00 (m)
Fixed Psi error:                                             0.000e+00  -->   0.000e+00 (Wb)
Fixed pressure profile error:                                0.000e+00  -->   0.000e+00 (Pa)
Fixed iota profile error:                                    0.000e+00  -->   0.000e+00 (dimensionless)
Fixed sheet current error:                                   0.000e+00  -->   0.000e+00 (~)
==============================================================================================================

Timer: Iteration 1 total = 11.9 sec
================
Step 2
================
Spectral indexing: ansi
Spectral resolution (L,M,N)=(12,12,0)
Node resolution (L,M,N)=(24,24,0)
Boundary ratio = 0
Pressure ratio = 0
Perturbation Order = 2
Objective: force
Optimizer: lsq-exact
================
Building objective: force
Precomputing transforms
Timer: Precomputing transforms = 1.16 sec
Timer: Objective build = 1.25 sec
Building objective: lcfs R
Building objective: lcfs Z
Building objective: fixed Psi
Building objective: fixed pressure
Building objective: fixed iota
Building objective: fixed sheet current
Building objective: self_consistency R
Building objective: self_consistency Z
Building objective: lambda gauge
Building objective: axis R self consistency
Building objective: axis Z self consistency
Timer: Objective build = 514 ms
Timer: LinearConstraintProjection build = 3.42 sec
Number of parameters: 108
Number of objectives: 338
Timer: Initializing the optimization = 5.23 sec

Starting optimization
Using method: lsq-exact
   Iteration     Total nfev        Cost      Cost reduction    Step norm     Optimality   
       0              1          9.707e-13                                    3.171e-07   
       1              6          2.746e-13      6.961e-13      3.831e-04      1.203e-07   
       2              8          6.804e-14      2.066e-13      1.387e-04      2.798e-08   
       3             10          3.998e-14      2.806e-14      7.313e-05      6.585e-09   
`gtol` condition satisfied. (gtol=1.00e-08)
         Current function value: 3.998e-14
         Total delta_x: 5.289e-04
         Iterations: 3
         Function evaluations: 10
         Jacobian evaluations: 4
Timer: Solution time = 4.31 sec
Timer: Avg time per step = 1.07 sec
==============================================================================================================
                                                                 Start  -->   End
Total (sum of squares):                                      9.707e-13  -->   3.998e-14, 
Maximum absolute Force error:                                1.826e+01  -->   1.598e+00 (N)
Minimum absolute Force error:                                1.461e-03  -->   9.933e-04 (N)
Average absolute Force error:                                1.146e+00  -->   2.049e-01 (N)
Maximum absolute Force error:                                2.961e-07  -->   2.591e-08 (normalized)
Minimum absolute Force error:                                2.369e-11  -->   1.611e-11 (normalized)
Average absolute Force error:                                1.858e-08  -->   3.322e-09 (normalized)
R boundary error:                                            0.000e+00  -->   0.000e+00 (m)
Z boundary error:                                            0.000e+00  -->   0.000e+00 (m)
Fixed Psi error:                                             0.000e+00  -->   0.000e+00 (Wb)
Fixed pressure profile error:                                0.000e+00  -->   0.000e+00 (Pa)
Fixed iota profile error:                                    0.000e+00  -->   0.000e+00 (dimensionless)
Fixed sheet current error:                                   0.000e+00  -->   0.000e+00 (~)
==============================================================================================================

Timer: Iteration 2 total = 12.9 sec
================
Step 3
================
Spectral indexing: ansi
Spectral resolution (L,M,N)=(12,12,0)
Node resolution (L,M,N)=(24,24,0)
Boundary ratio = 0
Pressure ratio = 0.5
Perturbation Order = 2
Objective: force
Optimizer: lsq-exact
================
Perturbing equilibrium
Building objective: force
Precomputing transforms
Timer: Precomputing transforms = 43.3 ms
Timer: Objective build = 49.7 ms
Building objective: lcfs R
Building objective: lcfs Z
Building objective: fixed Psi
Building objective: fixed pressure
Building objective: fixed iota
Building objective: fixed sheet current
Building objective: self_consistency R
Building objective: self_consistency Z
Building objective: lambda gauge
Building objective: axis R self consistency
Building objective: axis Z self consistency
Timer: Objective build = 69.8 ms
Perturbing p_l
Factorizing linear constraints
Timer: linear constraint factorize = 20.7 ms
Computing df
Timer: df computation = 3.04 sec
Factoring df
Timer: df/dx factorization = 33.3 ms
Computing d^2f
Timer: d^2f computation = 2.28 sec
Timer: Objective build = 1.42 ms
||dx||/||x|| =  5.326e-02
Timer: Total perturbation = 8.94 sec
Building objective: self_consistency R
Building objective: self_consistency Z
Building objective: lambda gauge
Building objective: axis R self consistency
Building objective: axis Z self consistency
Timer: Objective build = 7.35 ms
Timer: LinearConstraintProjection build = 22.5 ms
Number of parameters: 108
Number of objectives: 338
Timer: Initializing the optimization = 32.1 ms

Starting optimization
Using method: lsq-exact
   Iteration     Total nfev        Cost      Cost reduction    Step norm     Optimality   
       0              1          4.876e-01                                    6.396e-01   
       1              2          3.047e-02      4.571e-01      1.937e-01      1.174e-01   
       2              3          1.249e-03      2.922e-02      6.760e-02      7.834e-03   
       3              4          5.268e-04      7.222e-04      1.577e-01      1.050e-02   
       4              5          1.850e-04      3.417e-04      6.745e-02      3.698e-03   
       5              7          2.553e-05      1.595e-04      4.256e-02      2.488e-03   
       6              9          2.895e-06      2.263e-05      3.193e-02      7.476e-04   
       7             11          1.700e-07      2.725e-06      1.505e-02      1.745e-04   
       8             13          4.218e-08      1.278e-07      6.978e-03      3.248e-05   
       9             15          3.600e-08      6.178e-09      3.493e-03      7.651e-06   
      10             17          3.524e-08      7.657e-10      1.740e-03      1.850e-06   
      11             18          3.474e-08      4.961e-10      3.421e-03      7.234e-06   
      12             19          3.394e-08      7.985e-10      3.361e-03      7.073e-06   
      13             20          3.317e-08      7.709e-10      3.292e-03      6.886e-06   
      14             21          3.243e-08      7.424e-10      3.217e-03      6.717e-06   
      15             22          3.171e-08      7.147e-10      3.136e-03      6.618e-06   
      16             23          3.103e-08      6.880e-10      3.051e-03      6.514e-06   
      17             24          3.036e-08      6.628e-10      2.962e-03      6.408e-06   
      18             25          2.972e-08      6.392e-10      2.872e-03      6.302e-06   
      19             26          2.911e-08      6.174e-10      2.782e-03      6.199e-06   
      20             27          2.851e-08      5.974e-10      2.693e-03      6.102e-06   
      21             28          2.793e-08      5.793e-10      2.607e-03      6.012e-06   
      22             29          2.737e-08      5.628e-10      2.525e-03      5.933e-06   
      23             30          2.682e-08      5.479e-10      2.448e-03      5.899e-06   
      24             31          2.629e-08      5.344e-10      2.377e-03      6.101e-06   
      25             32          2.576e-08      5.221e-10      2.311e-03      6.303e-06   
      26             33          2.525e-08      5.107e-10      2.251e-03      6.505e-06   
      27             34          2.475e-08      5.002e-10      2.198e-03      6.708e-06   
      28             35          2.426e-08      4.904e-10      2.150e-03      6.908e-06   
      29             36          2.378e-08      4.812e-10      2.108e-03      7.103e-06   
      30             37          2.331e-08      4.727e-10      2.072e-03      7.290e-06   
      31             38          2.284e-08      4.646e-10      2.041e-03      7.465e-06   
      32             39          2.239e-08      4.571e-10      2.015e-03      7.626e-06   
      33             40          2.194e-08      4.499e-10      1.995e-03      7.773e-06   
      34             41          2.149e-08      4.431e-10      1.979e-03      7.904e-06   
      35             42          2.106e-08      4.366e-10      1.967e-03      8.021e-06   
      36             43          2.063e-08      4.303e-10      1.958e-03      8.124e-06   
      37             44          2.020e-08      4.240e-10      1.953e-03      8.213e-06   
      38             45          1.978e-08      4.177e-10      1.952e-03      8.289e-06   
      39             46          1.937e-08      4.113e-10      1.953e-03      8.354e-06   
      40             47          1.897e-08      4.046e-10      1.958e-03      8.408e-06   
      41             48          1.857e-08      3.976e-10      1.965e-03      8.456e-06   
      42             49          1.818e-08      3.901e-10      1.975e-03      8.499e-06   
      43             50          1.780e-08      3.824e-10      1.985e-03      8.542e-06   
      44             51          1.742e-08      3.745e-10      1.995e-03      8.587e-06   
      45             52          1.706e-08      3.666e-10      2.002e-03      8.635e-06   
      46             53          1.670e-08      3.588e-10      2.007e-03      8.687e-06   
      47             54          1.635e-08      3.512e-10      2.008e-03      8.744e-06   
      48             55          1.600e-08      3.437e-10      2.005e-03      8.805e-06   
      49             56          1.567e-08      3.364e-10      1.999e-03      8.869e-06   
      50             57          1.534e-08      3.293e-10      1.990e-03      8.937e-06   
      51             58          1.502e-08      3.224e-10      1.980e-03      9.007e-06   
      52             59          1.470e-08      3.157e-10      1.968e-03      9.078e-06   
      53             60          1.439e-08      3.093e-10      1.954e-03      9.149e-06   
      54             61          1.409e-08      3.030e-10      1.940e-03      9.220e-06   
      55             62          1.379e-08      2.970e-10      1.926e-03      9.288e-06   
      56             63          1.350e-08      2.911e-10      1.912e-03      9.353e-06   
      57             64          1.321e-08      2.855e-10      1.898e-03      9.414e-06   
      58             65          1.293e-08      2.801e-10      1.885e-03      9.470e-06   
      59             66          1.266e-08      2.749e-10      1.872e-03      9.520e-06   
      60             67          1.239e-08      2.699e-10      1.860e-03      9.564e-06   
      61             68          1.212e-08      2.650e-10      1.848e-03      9.601e-06   
      62             69          1.186e-08      2.604e-10      1.837e-03      9.633e-06   
      63             70          1.161e-08      2.559e-10      1.827e-03      9.658e-06   
      64             71          1.136e-08      2.516e-10      1.817e-03      9.678e-06   
      65             72          1.111e-08      2.475e-10      1.809e-03      9.695e-06   
      66             73          1.087e-08      2.436e-10      1.801e-03      9.709e-06   
      67             74          1.063e-08      2.398e-10      1.794e-03      9.723e-06   
      68             75          1.039e-08      2.361e-10      1.788e-03      9.738e-06   
      69             76          1.016e-08      2.326e-10      1.783e-03      9.759e-06   
      70             77          9.928e-09      2.292e-10      1.778e-03      9.788e-06   
      71             78          9.702e-09      2.259e-10      1.774e-03      9.829e-06   
      72             79          9.479e-09      2.225e-10      1.770e-03      9.885e-06   
      73             80          9.260e-09      2.192e-10      1.766e-03      9.957e-06   
      74             81          9.044e-09      2.158e-10      1.762e-03      1.005e-05   
      75             82          8.832e-09      2.124e-10      1.757e-03      1.015e-05   
      76             83          8.623e-09      2.089e-10      1.752e-03      1.027e-05   
      77             84          8.418e-09      2.054e-10      1.746e-03      1.040e-05   
      78             85          8.216e-09      2.019e-10      1.740e-03      1.054e-05   
      79             86          8.017e-09      1.984e-10      1.733e-03      1.068e-05   
      80             87          7.822e-09      1.949e-10      1.727e-03      1.083e-05   
      81             88          7.631e-09      1.914e-10      1.721e-03      1.098e-05   
      82             89          7.443e-09      1.880e-10      1.717e-03      1.113e-05   
      83             90          7.258e-09      1.847e-10      1.715e-03      1.128e-05   
      84             91          7.077e-09      1.815e-10      1.716e-03      1.143e-05   
      85             92          6.898e-09      1.786e-10      1.723e-03      1.156e-05   
      86             93          6.722e-09      1.761e-10      1.738e-03      1.167e-05   
      87             94          6.548e-09      1.741e-10      1.765e-03      1.174e-05   
      88             95          6.372e-09      1.757e-10      1.809e-03      1.166e-05   
      89             96          6.201e-09      1.718e-10      1.872e-03      1.163e-05   
      90             97          6.027e-09      1.735e-10      1.955e-03      1.146e-05   
      91             98          5.845e-09      1.817e-10      2.055e-03      1.097e-05   
      92             99          5.658e-09      1.868e-10      2.143e-03      1.034e-05   
      93             100         5.466e-09      1.923e-10      2.182e-03      9.637e-06   
      94             101         5.264e-09      2.022e-10      2.138e-03      8.844e-06   
      95             102         5.063e-09      2.015e-10      1.989e-03      8.272e-06   
      96             103         4.869e-09      1.935e-10      1.764e-03      7.981e-06   
      97             104         4.695e-09      1.740e-10      1.526e-03      7.978e-06   
      98             105         4.546e-09      1.488e-10      1.344e-03      8.103e-06   
      99             106         4.418e-09      1.277e-10      1.250e-03      8.159e-06   
      100            107         4.304e-09      1.148e-10      1.232e-03      8.087e-06   
Warning: Maximum number of iterations has been exceeded.
         Current function value: 4.304e-09
         Total delta_x: 2.595e-01
         Iterations: 100
         Function evaluations: 107
         Jacobian evaluations: 101
Timer: Solution time = 1.85 sec
Timer: Avg time per step = 18.3 ms
==============================================================================================================
                                                                 Start  -->   End
Total (sum of squares):                                      4.876e-01  -->   4.304e-09, 
Maximum absolute Force error:                                1.561e+07  -->   1.489e+03 (N)
Minimum absolute Force error:                                9.958e+02  -->   2.211e-01 (N)
Average absolute Force error:                                7.694e+05  -->   7.849e+01 (N)
Maximum absolute Force error:                                2.532e-01  -->   2.415e-05 (normalized)
Minimum absolute Force error:                                1.615e-05  -->   3.585e-09 (normalized)
Average absolute Force error:                                1.248e-02  -->   1.273e-06 (normalized)
R boundary error:                                            0.000e+00  -->   0.000e+00 (m)
Z boundary error:                                            0.000e+00  -->   0.000e+00 (m)
Fixed Psi error:                                             0.000e+00  -->   0.000e+00 (Wb)
Fixed pressure profile error:                                0.000e+00  -->   1.137e-13 (Pa)
Fixed iota profile error:                                    0.000e+00  -->   0.000e+00 (dimensionless)
Fixed sheet current error:                                   0.000e+00  -->   0.000e+00 (~)
==============================================================================================================

Timer: Iteration 3 total = 11.1 sec
================
Step 4
================
Spectral indexing: ansi
Spectral resolution (L,M,N)=(12,12,0)
Node resolution (L,M,N)=(24,24,0)
Boundary ratio = 0
Pressure ratio = 1.0
Perturbation Order = 2
Objective: force
Optimizer: lsq-exact
================
Perturbing equilibrium
Building objective: force
Precomputing transforms
Timer: Precomputing transforms = 42.4 ms
Timer: Objective build = 49.0 ms
Building objective: lcfs R
Building objective: lcfs Z
Building objective: fixed Psi
Building objective: fixed pressure
Building objective: fixed iota
Building objective: fixed sheet current
Building objective: self_consistency R
Building objective: self_consistency Z
Building objective: lambda gauge
Building objective: axis R self consistency
Building objective: axis Z self consistency
Timer: Objective build = 71.2 ms
Perturbing p_l
Factorizing linear constraints
Timer: linear constraint factorize = 687 ms
Computing df
Timer: df computation = 1.25 ms
Factoring df
Timer: df/dx factorization = 19.2 us
Computing d^2f
Timer: d^2f computation = 252 us
Timer: Objective build = 1.40 ms
||dx||/||x|| =  4.906e-02
Timer: Total perturbation = 1.43 sec
Building objective: self_consistency R
Building objective: self_consistency Z
Building objective: lambda gauge
Building objective: axis R self consistency
Building objective: axis Z self consistency
Timer: Objective build = 7.44 ms
Timer: LinearConstraintProjection build = 21.4 ms
Number of parameters: 108
Number of objectives: 338
Timer: Initializing the optimization = 31.1 ms

Starting optimization
Using method: lsq-exact
   Iteration     Total nfev        Cost      Cost reduction    Step norm     Optimality   
       0              1          9.347e-04                                    1.021e-02   
       1              2          1.700e-05      9.177e-04      6.440e-02      3.507e-03   
       2              4          3.557e-06      1.344e-05      2.971e-02      5.070e-04   
       3              6          3.908e-07      3.166e-06      2.040e-02      3.572e-04   
       4              8          1.550e-08      3.753e-07      1.110e-02      6.066e-05   
       5             10          3.676e-09      1.182e-08      5.500e-03      2.823e-05   
       6             12          2.195e-09      1.480e-09      2.756e-03      9.276e-06   
       7             14          2.020e-09      1.758e-10      1.389e-03      2.506e-06   
       8             16          1.986e-09      3.368e-11      6.972e-04      6.543e-07   
       9             17          1.946e-09      3.965e-11      1.380e-03      2.519e-06   
      10             19          1.913e-09      3.300e-11      6.918e-04      6.604e-07   
      11             20          1.875e-09      3.844e-11      1.363e-03      2.549e-06   
      12             22          1.842e-09      3.262e-11      6.821e-04      6.734e-07   
      13             23          1.805e-09      3.715e-11      1.338e-03      2.594e-06   
      14             25          1.773e-09      3.234e-11      6.675e-04      6.883e-07   
      15             26          1.737e-09      3.572e-11      1.304e-03      2.626e-06   
      16             28          1.705e-09      3.188e-11      6.479e-04      6.960e-07   
      17             29          1.671e-09      3.418e-11      1.262e-03      2.610e-06   
      18             31          1.640e-09      3.092e-11      6.249e-04      6.869e-07   
      19             32          1.607e-09      3.265e-11      1.218e-03      2.521e-06   
      20             34          1.578e-09      2.935e-11      6.019e-04      6.567e-07   
      21             35          1.547e-09      3.125e-11      1.179e-03      2.364e-06   
      22             37          1.520e-09      2.731e-11      5.833e-04      6.102e-07   
      23             38          1.490e-09      2.995e-11      1.153e-03      2.172e-06   
      24             40          1.464e-09      2.514e-11      5.722e-04      5.584e-07   
      25             41          1.436e-09      2.868e-11      1.142e-03      1.983e-06   
      26             43          1.413e-09      2.313e-11      5.691e-04      5.108e-07   
      27             44          1.385e-09      2.738e-11      1.145e-03      1.822e-06   
      28             46          1.364e-09      2.145e-11      5.722e-04      4.722e-07   
      29             47          1.338e-09      2.606e-11      1.157e-03      1.697e-06   
      30             49          1.318e-09      2.011e-11      5.789e-04      4.439e-07   
      31             50          1.293e-09      2.473e-11      1.172e-03      1.610e-06   
      32             52          1.274e-09      1.906e-11      5.868e-04      4.258e-07   
      33             53          1.250e-09      2.340e-11      1.188e-03      1.559e-06   
      34             55          1.232e-09      1.828e-11      5.943e-04      4.173e-07   
      35             56          1.210e-09      2.209e-11      1.202e-03      1.563e-06   
      36             58          1.192e-09      1.773e-11      6.007e-04      4.174e-07   
      37             59          1.172e-09      2.078e-11      1.213e-03      1.604e-06   
      38             61          1.154e-09      1.738e-11      6.053e-04      4.251e-07   
      39             62          1.135e-09      1.949e-11      1.221e-03      1.671e-06   
      40             64          1.117e-09      1.723e-11      6.080e-04      4.430e-07   
      41             65          1.099e-09      1.820e-11      1.225e-03      1.757e-06   
      42             67          1.082e-09      1.726e-11      6.088e-04      4.666e-07   
      43             68          1.065e-09      1.695e-11      1.226e-03      1.854e-06   
      44             69          1.043e-09      2.212e-11      1.224e-03      1.915e-06   
      45             71          1.025e-09      1.762e-11      6.064e-04      5.036e-07   
      46             72          1.010e-09      1.504e-11      1.223e-03      1.996e-06   
      47             73          9.891e-10      2.118e-11      1.220e-03      2.033e-06   
      48             74          9.681e-10      2.094e-11      1.219e-03      2.052e-06   
      49             75          9.476e-10      2.058e-11      1.219e-03      2.057e-06   
      50             76          9.274e-10      2.021e-11      1.222e-03      2.046e-06   
      51             77          9.076e-10      1.979e-11      1.226e-03      2.021e-06   
      52             78          8.882e-10      1.934e-11      1.232e-03      1.985e-06   
      53             79          8.693e-10      1.887e-11      1.238e-03      1.943e-06   
      54             80          8.510e-10      1.838e-11      1.246e-03      1.897e-06   
      55             81          8.331e-10      1.789e-11      1.253e-03      1.851e-06   
      56             82          8.157e-10      1.742e-11      1.260e-03      1.807e-06   
      57             83          7.987e-10      1.697e-11      1.266e-03      1.766e-06   
      58             84          7.821e-10      1.655e-11      1.271e-03      1.730e-06   
      59             85          7.660e-10      1.616e-11      1.274e-03      1.700e-06   
      60             86          7.502e-10      1.580e-11      1.273e-03      1.676e-06   
      61             87          7.347e-10      1.546e-11      1.269e-03      1.659e-06   
      62             88          7.194e-10      1.529e-11      1.258e-03      1.633e-06   
      63             89          7.047e-10      1.474e-11      1.239e-03      1.635e-06   
      64             90          6.903e-10      1.442e-11      1.208e-03      1.635e-06   
      65             91          6.763e-10      1.397e-11      1.164e-03      1.635e-06   
      66             92          6.625e-10      1.379e-11      1.110e-03      1.597e-06   
      67             93          6.487e-10      1.383e-11      1.056e-03      1.559e-06   
      68             94          6.344e-10      1.426e-11      1.024e-03      1.323e-06   
      69             95          6.205e-10      1.396e-11      1.041e-03      8.913e-07   
      70             96          6.083e-10      1.220e-11      1.091e-03      8.023e-07   
      71             97          5.978e-10      1.052e-11      1.135e-03      6.920e-07   
      72             98          5.884e-10      9.359e-12      1.158e-03      5.974e-07   
      73             99          5.799e-10      8.474e-12      1.163e-03      5.386e-07   
      74             100         5.721e-10      7.801e-12      1.158e-03      5.020e-07   
      75             101         5.648e-10      7.303e-12      1.147e-03      4.770e-07   
      76             102         5.579e-10      6.929e-12      1.134e-03      4.606e-07   
      77             103         5.512e-10      6.641e-12      1.120e-03      4.503e-07   
      78             104         5.448e-10      6.409e-12      1.107e-03      4.440e-07   
      79             105         5.386e-10      6.217e-12      1.095e-03      4.405e-07   
      80             106         5.326e-10      6.051e-12      1.084e-03      4.389e-07   
      81             107         5.267e-10      5.904e-12      1.073e-03      4.401e-07   
      82             108         5.209e-10      5.770e-12      1.064e-03      4.420e-07   
      83             109         5.153e-10      5.644e-12      1.056e-03      4.413e-07   
      84             110         5.097e-10      5.525e-12      1.048e-03      4.428e-07   
      85             111         5.043e-10      5.410e-12      1.042e-03      4.455e-07   
      86             112         4.990e-10      5.299e-12      1.036e-03      4.488e-07   
      87             113         4.938e-10      5.190e-12      1.032e-03      4.526e-07   
      88             114         4.887e-10      5.085e-12      1.028e-03      4.569e-07   
      89             115         4.838e-10      4.982e-12      1.026e-03      4.619e-07   
      90             116         4.789e-10      4.882e-12      1.025e-03      4.674e-07   
      91             117         4.741e-10      4.784e-12      1.025e-03      4.828e-07   
Optimization terminated successfully.
`ftol` condition satisfied. (ftol=1.00e-02)
         Current function value: 4.741e-10
         Total delta_x: 1.193e-01
         Iterations: 91
         Function evaluations: 117
         Jacobian evaluations: 92
Timer: Solution time = 1.47 sec
Timer: Avg time per step = 16.0 ms
==============================================================================================================
                                                                 Start  -->   End
Total (sum of squares):                                      9.347e-04  -->   4.741e-10, 
Maximum absolute Force error:                                6.102e+05  -->   5.844e+02 (N)
Minimum absolute Force error:                                7.037e+01  -->   2.171e-02 (N)
Average absolute Force error:                                3.282e+04  -->   2.575e+01 (N)
Maximum absolute Force error:                                9.895e-03  -->   9.475e-06 (normalized)
Minimum absolute Force error:                                1.141e-06  -->   3.520e-10 (normalized)
Average absolute Force error:                                5.322e-04  -->   4.175e-07 (normalized)
R boundary error:                                            0.000e+00  -->   0.000e+00 (m)
Z boundary error:                                            0.000e+00  -->   0.000e+00 (m)
Fixed Psi error:                                             0.000e+00  -->   0.000e+00 (Wb)
Fixed pressure profile error:                                0.000e+00  -->   0.000e+00 (Pa)
Fixed iota profile error:                                    0.000e+00  -->   0.000e+00 (dimensionless)
Fixed sheet current error:                                   0.000e+00  -->   0.000e+00 (~)
==============================================================================================================

Timer: Iteration 4 total = 3.19 sec
================
Step 5
================
Spectral indexing: ansi
Spectral resolution (L,M,N)=(12,12,8)
Node resolution (L,M,N)=(24,24,16)
Boundary ratio = 0.25
Pressure ratio = 1
Perturbation Order = 2
Objective: force
Optimizer: lsq-exact
================
Perturbing equilibrium
Building objective: force
Precomputing transforms
Timer: Precomputing transforms = 1.79 sec
Timer: Objective build = 1.86 sec
Building objective: lcfs R
Building objective: lcfs Z
Building objective: fixed Psi
Building objective: fixed pressure
Building objective: fixed iota
Building objective: fixed sheet current
Building objective: self_consistency R
Building objective: self_consistency Z
Building objective: lambda gauge
Building objective: axis R self consistency
Building objective: axis Z self consistency
Timer: Objective build = 780 ms
Perturbing Rb_lmn, Zb_lmn
Factorizing linear constraints
Timer: linear constraint factorize = 4.02 sec
Computing df
Timer: df computation = 6.50 sec
Factoring df
Timer: df/dx factorization = 46.8 ms
Computing d^2f
Timer: d^2f computation = 5.76 sec
Timer: Objective build = 1.45 ms
||dx||/||x|| =  2.006e-02
Timer: Total perturbation = 33.4 sec
Building objective: self_consistency R
Building objective: self_consistency Z
Building objective: lambda gauge
Building objective: axis R self consistency
Building objective: axis Z self consistency
Timer: Objective build = 25.2 ms
Timer: LinearConstraintProjection build = 1.02 sec
Number of parameters: 1892
Number of objectives: 11154
Timer: Initializing the optimization = 1.40 sec

Starting optimization
Using method: lsq-exact
   Iteration     Total nfev        Cost      Cost reduction    Step norm     Optimality   
       0              1          1.690e-03                                    7.804e-03   
       1              2          1.749e-05      1.673e-03      5.776e-02      1.615e-03   
       2              4          2.457e-06      1.503e-05      3.305e-02      3.993e-04   
       3              6          1.433e-07      2.314e-06      1.768e-02      1.348e-04   
       4              8          1.018e-08      1.331e-07      7.633e-03      2.114e-05   
       5             10          2.488e-09      7.688e-09      3.536e-03      4.804e-06   
       6             12          1.763e-09      7.249e-10      1.745e-03      8.690e-07   
       7             13          1.576e-09      1.866e-10      3.522e-03      3.289e-06   
       8             14          1.250e-09      3.267e-10      3.545e-03      3.816e-06   
       9             15          1.035e-09      2.149e-10      3.525e-03      4.764e-06   
      10             16          9.439e-10      9.073e-11      3.432e-03      6.137e-06   
      11             17          5.838e-10      3.601e-10      8.439e-04      4.537e-07   
      12             18          5.456e-10      3.819e-11      1.648e-03      1.983e-06   
      13             19          4.988e-10      4.679e-11      1.596e-03      2.268e-06   
      14             20          4.629e-10      3.588e-11      1.548e-03      2.768e-06   
      15             21          4.318e-10      3.113e-11      1.527e-03      3.512e-06   
      16             22          3.998e-10      3.196e-11      1.549e-03      4.242e-06   
      17             23          3.673e-10      3.257e-11      1.605e-03      4.832e-06   
      18             24          3.375e-10      2.976e-11      1.668e-03      5.276e-06   
      19             25          3.125e-10      2.502e-11      1.717e-03      5.655e-06   
      20             26          2.924e-10      2.006e-11      1.746e-03      6.071e-06   
      21             27          2.771e-10      1.534e-11      1.753e-03      6.599e-06   
      22             28          2.100e-10      6.712e-11      4.228e-04      4.814e-07   
      23             29          2.052e-10      4.755e-12      8.598e-04      1.912e-06   
      24             30          1.968e-10      8.448e-12      8.592e-04      2.004e-06   
      25             31          1.888e-10      7.981e-12      8.572e-04      2.070e-06   
      26             32          1.813e-10      7.465e-12      8.564e-04      2.124e-06   
      27             33          1.744e-10      6.969e-12      8.577e-04      2.156e-06   
      28             34          1.679e-10      6.474e-12      8.614e-04      2.167e-06   
      29             35          1.619e-10      5.981e-12      8.672e-04      2.157e-06   
      30             36          1.564e-10      5.489e-12      8.747e-04      2.131e-06   
      31             37          1.514e-10      5.002e-12      8.829e-04      2.099e-06   
      32             38          1.469e-10      4.529e-12      8.912e-04      2.066e-06   
      33             39          1.428e-10      4.079e-12      8.993e-04      2.040e-06   
      34             40          1.391e-10      3.658e-12      9.069e-04      2.025e-06   
      35             41          1.359e-10      3.259e-12      9.140e-04      2.022e-06   
      36             42          1.330e-10      2.869e-12      9.206e-04      2.032e-06   
      37             43          1.305e-10      2.482e-12      9.260e-04      2.055e-06   
      38             44          1.284e-10      2.104e-12      9.294e-04      2.088e-06   
      39             45          1.267e-10      1.754e-12      9.290e-04      2.126e-06   
      40             46          1.252e-10      1.444e-12      9.233e-04      2.162e-06   
      41             47          1.193e-10      5.912e-12      2.360e-04      1.324e-07   
      42             48          1.189e-10      4.351e-13      4.553e-04      5.452e-07   
Optimization terminated successfully.
`ftol` condition satisfied. (ftol=1.00e-02)
         Current function value: 1.189e-10
         Total delta_x: 3.484e-02
         Iterations: 42
         Function evaluations: 48
         Jacobian evaluations: 43
Timer: Solution time = 11.6 min
Timer: Avg time per step = 16.3 sec
==============================================================================================================
                                                                 Start  -->   End
Total (sum of squares):                                      1.690e-03  -->   1.189e-10, 
Maximum absolute Force error:                                1.612e+06  -->   3.628e+02 (N)
Minimum absolute Force error:                                3.676e+00  -->   1.021e-03 (N)
Average absolute Force error:                                3.450e+04  -->   1.336e+01 (N)
Maximum absolute Force error:                                2.613e-02  -->   5.883e-06 (normalized)
Minimum absolute Force error:                                5.961e-08  -->   1.656e-11 (normalized)
Average absolute Force error:                                5.594e-04  -->   2.165e-07 (normalized)
R boundary error:                                            0.000e+00  -->   0.000e+00 (m)
Z boundary error:                                            0.000e+00  -->   0.000e+00 (m)
Fixed Psi error:                                             0.000e+00  -->   0.000e+00 (Wb)
Fixed pressure profile error:                                0.000e+00  -->   0.000e+00 (Pa)
Fixed iota profile error:                                    0.000e+00  -->   0.000e+00 (dimensionless)
Fixed sheet current error:                                   0.000e+00  -->   0.000e+00 (~)
==============================================================================================================

Timer: Iteration 5 total = 12.3 min
================
Step 6
================
Spectral indexing: ansi
Spectral resolution (L,M,N)=(12,12,8)
Node resolution (L,M,N)=(24,24,16)
Boundary ratio = 0.5
Pressure ratio = 1
Perturbation Order = 2
Objective: force
Optimizer: lsq-exact
================
Perturbing equilibrium
Building objective: force
Precomputing transforms
Timer: Precomputing transforms = 84.4 ms
Timer: Objective build = 98.5 ms
Building objective: lcfs R
Building objective: lcfs Z
Building objective: fixed Psi
Building objective: fixed pressure
Building objective: fixed iota
Building objective: fixed sheet current
Building objective: self_consistency R
Building objective: self_consistency Z
Building objective: lambda gauge
Building objective: axis R self consistency
Building objective: axis Z self consistency
Timer: Objective build = 120 ms
Perturbing Rb_lmn, Zb_lmn
Factorizing linear constraints
Timer: linear constraint factorize = 2.38 sec
Computing df
Timer: df computation = 31.5 ms
Factoring df
Timer: df/dx factorization = 57.0 us
Computing d^2f
Timer: d^2f computation = 351 ms
Timer: Objective build = 1.56 ms
||dx||/||x|| =  1.254e-02
Timer: Total perturbation = 25.3 sec
Building objective: self_consistency R
Building objective: self_consistency Z
Building objective: lambda gauge
Building objective: axis R self consistency
Building objective: axis Z self consistency
Timer: Objective build = 29.0 ms
Timer: LinearConstraintProjection build = 1.44 sec
Number of parameters: 1892
Number of objectives: 11154
Timer: Initializing the optimization = 1.93 sec

Starting optimization
Using method: lsq-exact
   Iteration     Total nfev        Cost      Cost reduction    Step norm     Optimality   
       0              1          5.265e-03                                    7.009e-02   
       1              2          1.019e-05      5.255e-03      4.830e-02      1.900e-03   
       2              3          7.489e-06      2.699e-06      4.386e-02      1.520e-03   
       3              4          5.871e-06      1.617e-06      2.590e-02      1.363e-03   
       4              5          2.949e-08      5.842e-06      9.127e-03      9.566e-05   
       5              7          9.354e-09      2.013e-08      3.359e-03      3.133e-05   
       6              8          1.752e-09      7.602e-09      3.451e-03      2.400e-05   
       7             10          2.778e-10      1.474e-09      1.687e-03      5.761e-06   
       8             12          1.095e-10      1.683e-10      8.939e-04      2.184e-06   
       9             14          9.482e-11      1.470e-11      4.481e-04      4.159e-07   
      10             16          9.336e-11      1.455e-12      2.300e-04      1.238e-07   
      11             17          9.313e-11      2.319e-13      4.590e-04      3.031e-07   
Optimization terminated successfully.
`ftol` condition satisfied. (ftol=1.00e-02)
         Current function value: 9.313e-11
         Total delta_x: 3.151e-02
         Iterations: 11
         Function evaluations: 17
         Jacobian evaluations: 12
Timer: Solution time = 4.46 min
Timer: Avg time per step = 22.3 sec
==============================================================================================================
                                                                 Start  -->   End
Total (sum of squares):                                      5.265e-03  -->   9.313e-11, 
Maximum absolute Force error:                                3.978e+06  -->   3.080e+02 (N)
Minimum absolute Force error:                                3.160e-01  -->   1.530e-03 (N)
Average absolute Force error:                                4.819e+04  -->   1.182e+01 (N)
Maximum absolute Force error:                                6.450e-02  -->   4.993e-06 (normalized)
Minimum absolute Force error:                                5.124e-09  -->   2.480e-11 (normalized)
Average absolute Force error:                                7.814e-04  -->   1.917e-07 (normalized)
R boundary error:                                            0.000e+00  -->   0.000e+00 (m)
Z boundary error:                                            0.000e+00  -->   0.000e+00 (m)
Fixed Psi error:                                             0.000e+00  -->   0.000e+00 (Wb)
Fixed pressure profile error:                                0.000e+00  -->   0.000e+00 (Pa)
Fixed iota profile error:                                    0.000e+00  -->   0.000e+00 (dimensionless)
Fixed sheet current error:                                   0.000e+00  -->   0.000e+00 (~)
==============================================================================================================

Timer: Iteration 6 total = 4.92 min
================
Step 7
================
Spectral indexing: ansi
Spectral resolution (L,M,N)=(12,12,8)
Node resolution (L,M,N)=(24,24,16)
Boundary ratio = 0.75
Pressure ratio = 1
Perturbation Order = 2
Objective: force
Optimizer: lsq-exact
================
Perturbing equilibrium
Building objective: force
Precomputing transforms
Timer: Precomputing transforms = 89.7 ms
Timer: Objective build = 105 ms
Building objective: lcfs R
Building objective: lcfs Z
Building objective: fixed Psi
Building objective: fixed pressure
Building objective: fixed iota
Building objective: fixed sheet current
Building objective: self_consistency R
Building objective: self_consistency Z
Building objective: lambda gauge
Building objective: axis R self consistency
Building objective: axis Z self consistency
Timer: Objective build = 128 ms
Perturbing Rb_lmn, Zb_lmn
Factorizing linear constraints
Timer: linear constraint factorize = 1.76 sec
Computing df
Timer: df computation = 25.2 ms
Factoring df
Timer: df/dx factorization = 72.3 us
Computing d^2f
Timer: d^2f computation = 403 ms
Timer: Objective build = 1.63 ms
||dx||/||x|| =  8.790e-03
Timer: Total perturbation = 25.9 sec
Building objective: self_consistency R
Building objective: self_consistency Z
Building objective: lambda gauge
Building objective: axis R self consistency
Building objective: axis Z self consistency
Timer: Objective build = 28.7 ms
Timer: LinearConstraintProjection build = 2.47 sec
Number of parameters: 1892
Number of objectives: 11154
Timer: Initializing the optimization = 2.94 sec

Starting optimization
Using method: lsq-exact
   Iteration     Total nfev        Cost      Cost reduction    Step norm     Optimality   
       0              1          4.671e-04                                    1.787e-02   
       1              2          1.661e-06      4.655e-04      2.813e-02      5.003e-04   
       2              4          3.742e-08      1.624e-06      8.261e-03      9.572e-05   
       3              6          2.399e-09      3.502e-08      2.518e-03      1.796e-05   
       4              8          2.034e-10      2.196e-09      1.548e-03      3.304e-06   
       5             10          1.190e-10      8.437e-11      7.447e-04      1.405e-06   
       6             12          1.081e-10      1.092e-11      3.746e-04      2.011e-07   
       7             14          1.069e-10      1.175e-12      1.741e-04      8.959e-08   
       8             15          1.060e-10      9.562e-13      3.404e-04      3.326e-07   
Optimization terminated successfully.
`ftol` condition satisfied. (ftol=1.00e-02)
         Current function value: 1.060e-10
         Total delta_x: 2.647e-02
         Iterations: 8
         Function evaluations: 15
         Jacobian evaluations: 9
Timer: Solution time = 4.19 min
Timer: Avg time per step = 27.9 sec
==============================================================================================================
                                                                 Start  -->   End
Total (sum of squares):                                      4.671e-04  -->   1.060e-10, 
Maximum absolute Force error:                                1.221e+06  -->   3.341e+02 (N)
Minimum absolute Force error:                                2.416e-01  -->   1.502e-03 (N)
Average absolute Force error:                                1.619e+04  -->   1.261e+01 (N)
Maximum absolute Force error:                                1.981e-02  -->   5.418e-06 (normalized)
Minimum absolute Force error:                                3.917e-09  -->   2.436e-11 (normalized)
Average absolute Force error:                                2.626e-04  -->   2.044e-07 (normalized)
R boundary error:                                            0.000e+00  -->   0.000e+00 (m)
Z boundary error:                                            0.000e+00  -->   0.000e+00 (m)
Fixed Psi error:                                             0.000e+00  -->   0.000e+00 (Wb)
Fixed pressure profile error:                                0.000e+00  -->   0.000e+00 (Pa)
Fixed iota profile error:                                    0.000e+00  -->   0.000e+00 (dimensionless)
Fixed sheet current error:                                   0.000e+00  -->   0.000e+00 (~)
==============================================================================================================

Timer: Iteration 7 total = 4.68 min
================
Step 8
================
Spectral indexing: ansi
Spectral resolution (L,M,N)=(12,12,8)
Node resolution (L,M,N)=(24,24,16)
Boundary ratio = 1.0
Pressure ratio = 1
Perturbation Order = 2
Objective: force
Optimizer: lsq-exact
================
Perturbing equilibrium
Building objective: force
Precomputing transforms
Timer: Precomputing transforms = 80.6 ms
Timer: Objective build = 94.8 ms
Building objective: lcfs R
Building objective: lcfs Z
Building objective: fixed Psi
Building objective: fixed pressure
Building objective: fixed iota
Building objective: fixed sheet current
Building objective: self_consistency R
Building objective: self_consistency Z
Building objective: lambda gauge
Building objective: axis R self consistency
Building objective: axis Z self consistency
Timer: Objective build = 116 ms
Perturbing Rb_lmn, Zb_lmn
Factorizing linear constraints
Timer: linear constraint factorize = 2.08 sec
Computing df
Timer: df computation = 24.3 ms
Factoring df
Timer: df/dx factorization = 61.1 us
Computing d^2f
Timer: d^2f computation = 327 ms
Timer: Objective build = 1.75 ms
||dx||/||x|| =  7.499e-03
Timer: Total perturbation = 24.5 sec
Building objective: self_consistency R
Building objective: self_consistency Z
Building objective: lambda gauge
Building objective: axis R self consistency
Building objective: axis Z self consistency
Timer: Objective build = 28.8 ms
Timer: LinearConstraintProjection build = 993 ms
Number of parameters: 1892
Number of objectives: 11154
Timer: Initializing the optimization = 1.45 sec

Starting optimization
Using method: lsq-exact
   Iteration     Total nfev        Cost      Cost reduction    Step norm     Optimality   
       0              1          2.814e-04                                    1.180e-02   
       1              2          1.250e-06      2.801e-04      2.848e-02      4.605e-04   
       2              4          9.185e-08      1.159e-06      8.521e-03      1.774e-04   
       3              6          9.526e-09      8.232e-08      3.983e-03      6.637e-05   
       4              8          1.069e-09      8.458e-09      1.964e-03      2.105e-05   
       5             10          3.420e-10      7.268e-10      1.220e-03      1.001e-05   
       6             12          1.566e-10      1.854e-10      4.630e-04      4.110e-06   
       7             14          1.193e-10      3.731e-11      2.828e-04      1.078e-06   
       8             16          1.161e-10      3.186e-12      1.228e-04      1.781e-07   
       9             17          1.161e-10      3.075e-14      2.606e-04      3.844e-07   
      10             18          1.157e-10      3.628e-13      6.484e-05      2.468e-08   
Optimization terminated successfully.
`ftol` condition satisfied. (ftol=1.00e-02)
         Current function value: 1.157e-10
         Total delta_x: 2.475e-02
         Iterations: 10
         Function evaluations: 18
         Jacobian evaluations: 11
Timer: Solution time = 4.37 min
Timer: Avg time per step = 23.8 sec
==============================================================================================================
                                                                 Start  -->   End
Total (sum of squares):                                      2.814e-04  -->   1.157e-10, 
Maximum absolute Force error:                                9.657e+05  -->   3.622e+02 (N)
Minimum absolute Force error:                                3.899e-01  -->   3.823e-04 (N)
Average absolute Force error:                                1.125e+04  -->   1.309e+01 (N)
Maximum absolute Force error:                                1.566e-02  -->   5.874e-06 (normalized)
Minimum absolute Force error:                                6.322e-09  -->   6.199e-12 (normalized)
Average absolute Force error:                                1.824e-04  -->   2.122e-07 (normalized)
R boundary error:                                            0.000e+00  -->   0.000e+00 (m)
Z boundary error:                                            0.000e+00  -->   0.000e+00 (m)
Fixed Psi error:                                             0.000e+00  -->   0.000e+00 (Wb)
Fixed pressure profile error:                                0.000e+00  -->   0.000e+00 (Pa)
Fixed iota profile error:                                    0.000e+00  -->   0.000e+00 (dimensionless)
Fixed sheet current error:                                   0.000e+00  -->   0.000e+00 (~)
==============================================================================================================

Timer: Iteration 8 total = 4.81 min
====================
Done
Timer: Total time = 27.5 min
====================


# Python warnings captured during continuation
DeprecationWarning: linear_util.wrap_init is missing a DebugInfo object. This behavior is deprecated, use api_util.debug_info() to construct a proper DebugInfo object and propagate it to this function. See https://github.com/jax-ml/jax/issues/26480 for more details.
DeprecationWarning: linear_util.wrap_init is missing a DebugInfo object. This behavior is deprecated, use api_util.debug_info() to construct a proper DebugInfo object and propagate it to this function. See https://github.com/jax-ml/jax/issues/26480 for more details.
DeprecationWarning: linear_util.wrap_init is missing a DebugInfo object. This behavior is deprecated, use api_util.debug_info() to construct a proper DebugInfo object and propagate it to this function. See https://github.com/jax-ml/jax/issues/26480 for more details.
DeprecationWarning: linear_util.wrap_init is missing a DebugInfo object. This behavior is deprecated, use api_util.debug_info() to construct a proper DebugInfo object and propagate it to this function. See https://github.com/jax-ml/jax/issues/26480 for more details.
DeprecationWarning: linear_util.wrap_init is missing a DebugInfo object. This behavior is deprecated, use api_util.debug_info() to construct a proper DebugInfo object and propagate it to this function. See https://github.com/jax-ml/jax/issues/26480 for more details.
DeprecationWarning: linear_util.wrap_init is missing a DebugInfo object. This behavior is deprecated, use api_util.debug_info() to construct a proper DebugInfo object and propagate it to this function. See https://github.com/jax-ml/jax/issues/26480 for more details.
DeprecationWarning: linear_util.wrap_init is missing a DebugInfo object. This behavior is deprecated, use api_util.debug_info() to construct a proper DebugInfo object and propagate it to this function. See https://github.com/jax-ml/jax/issues/26480 for more details.
DeprecationWarning: linear_util.wrap_init is missing a DebugInfo object. This behavior is deprecated, use api_util.debug_info() to construct a proper DebugInfo object and propagate it to this function. See https://github.com/jax-ml/jax/issues/26480 for more details.
DeprecationWarning: linear_util.wrap_init is missing a DebugInfo object. This behavior is deprecated, use api_util.debug_info() to construct a proper DebugInfo object and propagate it to this function. See https://github.com/jax-ml/jax/issues/26480 for more details.
DeprecationWarning: linear_util.wrap_init is missing a DebugInfo object. This behavior is deprecated, use api_util.debug_info() to construct a proper DebugInfo object and propagate it to this function. See https://github.com/jax-ml/jax/issues/26480 for more details.
DeprecationWarning: linear_util.wrap_init is missing a DebugInfo object. This behavior is deprecated, use api_util.debug_info() to construct a proper DebugInfo object and propagate it to this function. See https://github.com/jax-ml/jax/issues/26480 for more details.
DeprecationWarning: linear_util.wrap_init is missing a DebugInfo object. This behavior is deprecated, use api_util.debug_info() to construct a proper DebugInfo object and propagate it to this function. See https://github.com/jax-ml/jax/issues/26480 for more details.
DeprecationWarning: linear_util.wrap_init is missing a DebugInfo object. This behavior is deprecated, use api_util.debug_info() to construct a proper DebugInfo object and propagate it to this function. See https://github.com/jax-ml/jax/issues/26480 for more details.
DeprecationWarning: linear_util.wrap_init is missing a DebugInfo object. This behavior is deprecated, use api_util.debug_info() to construct a proper DebugInfo object and propagate it to this function. See https://github.com/jax-ml/jax/issues/26480 for more details.
DeprecationWarning: linear_util.wrap_init is missing a DebugInfo object. This behavior is deprecated, use api_util.debug_info() to construct a proper DebugInfo object and propagate it to this function. See https://github.com/jax-ml/jax/issues/26480 for more details.
DeprecationWarning: linear_util.wrap_init is missing a DebugInfo object. This behavior is deprecated, use api_util.debug_info() to construct a proper DebugInfo object and propagate it to this function. See https://github.com/jax-ml/jax/issues/26480 for more details.
DeprecationWarning: linear_util.wrap_init is missing a DebugInfo object. This behavior is deprecated, use api_util.debug_info() to construct a proper DebugInfo object and propagate it to this function. See https://github.com/jax-ml/jax/issues/26480 for more details.
DeprecationWarning: linear_util.wrap_init is missing a DebugInfo object. This behavior is deprecated, use api_util.debug_info() to construct a proper DebugInfo object and propagate it to this function. See https://github.com/jax-ml/jax/issues/26480 for more details.
DeprecationWarning: linear_util.wrap_init is missing a DebugInfo object. This behavior is deprecated, use api_util.debug_info() to construct a proper DebugInfo object and propagate it to this function. See https://github.com/jax-ml/jax/issues/26480 for more details.
DeprecationWarning: linear_util.wrap_init is missing a DebugInfo object. This behavior is deprecated, use api_util.debug_info() to construct a proper DebugInfo object and propagate it to this function. See https://github.com/jax-ml/jax/issues/26480 for more details.
DeprecationWarning: linear_util.wrap_init is missing a DebugInfo object. This behavior is deprecated, use api_util.debug_info() to construct a proper DebugInfo object and propagate it to this function. See https://github.com/jax-ml/jax/issues/26480 for more details.
DeprecationWarning: linear_util.wrap_init is missing a DebugInfo object. This behavior is deprecated, use api_util.debug_info() to construct a proper DebugInfo object and propagate it to this function. See https://github.com/jax-ml/jax/issues/26480 for more details.
DeprecationWarning: linear_util.wrap_init is missing a DebugInfo object. This behavior is deprecated, use api_util.debug_info() to construct a proper DebugInfo object and propagate it to this function. See https://github.com/jax-ml/jax/issues/26480 for more details.
DeprecationWarning: linear_util.wrap_init is missing a DebugInfo object. This behavior is deprecated, use api_util.debug_info() to construct a proper DebugInfo object and propagate it to this function. See https://github.com/jax-ml/jax/issues/26480 for more details.
DeprecationWarning: linear_util.wrap_init is missing a DebugInfo object. This behavior is deprecated, use api_util.debug_info() to construct a proper DebugInfo object and propagate it to this function. See https://github.com/jax-ml/jax/issues/26480 for more details.
DeprecationWarning: linear_util.wrap_init is missing a DebugInfo object. This behavior is deprecated, use api_util.debug_info() to construct a proper DebugInfo object and propagate it to this function. See https://github.com/jax-ml/jax/issues/26480 for more details.
DeprecationWarning: linear_util.wrap_init is missing a DebugInfo object. This behavior is deprecated, use api_util.debug_info() to construct a proper DebugInfo object and propagate it to this function. See https://github.com/jax-ml/jax/issues/26480 for more details.
DeprecationWarning: linear_util.wrap_init is missing a DebugInfo object. This behavior is deprecated, use api_util.debug_info() to construct a proper DebugInfo object and propagate it to this function. See https://github.com/jax-ml/jax/issues/26480 for more details.
DeprecationWarning: linear_util.wrap_init is missing a DebugInfo object. This behavior is deprecated, use api_util.debug_info() to construct a proper DebugInfo object and propagate it to this function. See https://github.com/jax-ml/jax/issues/26480 for more details.
DeprecationWarning: linear_util.wrap_init is missing a DebugInfo object. This behavior is deprecated, use api_util.debug_info() to construct a proper DebugInfo object and propagate it to this function. See https://github.com/jax-ml/jax/issues/26480 for more details.
DeprecationWarning: linear_util.wrap_init is missing a DebugInfo object. This behavior is deprecated, use api_util.debug_info() to construct a proper DebugInfo object and propagate it to this function. See https://github.com/jax-ml/jax/issues/26480 for more details.
DeprecationWarning: linear_util.wrap_init is missing a DebugInfo object. This behavior is deprecated, use api_util.debug_info() to construct a proper DebugInfo object and propagate it to this function. See https://github.com/jax-ml/jax/issues/26480 for more details.
DeprecationWarning: linear_util.wrap_init is missing a DebugInfo object. This behavior is deprecated, use api_util.debug_info() to construct a proper DebugInfo object and propagate it to this function. See https://github.com/jax-ml/jax/issues/26480 for more details.
DeprecationWarning: linear_util.wrap_init is missing a DebugInfo object. This behavior is deprecated, use api_util.debug_info() to construct a proper DebugInfo object and propagate it to this function. See https://github.com/jax-ml/jax/issues/26480 for more details.
DeprecationWarning: linear_util.wrap_init is missing a DebugInfo object. This behavior is deprecated, use api_util.debug_info() to construct a proper DebugInfo object and propagate it to this function. See https://github.com/jax-ml/jax/issues/26480 for more details.
DeprecationWarning: linear_util.wrap_init is missing a DebugInfo object. This behavior is deprecated, use api_util.debug_info() to construct a proper DebugInfo object and propagate it to this function. See https://github.com/jax-ml/jax/issues/26480 for more details.
DeprecationWarning: linear_util.wrap_init is missing a DebugInfo object. This behavior is deprecated, use api_util.debug_info() to construct a proper DebugInfo object and propagate it to this function. See https://github.com/jax-ml/jax/issues/26480 for more details.
DeprecationWarning: linear_util.wrap_init is missing a DebugInfo object. This behavior is deprecated, use api_util.debug_info() to construct a proper DebugInfo object and propagate it to this function. See https://github.com/jax-ml/jax/issues/26480 for more details.
