Building objective: force
Precomputing transforms
[32mTimer: Precomputing transforms = 33.4 ms[0m
Building objective: QS Boozer
Precomputing transforms
[32mTimer: Precomputing transforms = 554 ms[0m
Building objective: ideal ballooning lambda
Building objective: Mercier Stability
Precomputing transforms
[32mTimer: Precomputing transforms = 651 ms[0m
Building objective: FLO_pressure_axis
Building objective: FLO_pressure_shape
Building objective: FLO_iota_axis
Building objective: FLO_iota_edge
[32mTimer: Objective build = 2.62 sec[0m
Building objective: force
Precomputing transforms
[32mTimer: Precomputing transforms = 36.0 ms[0m
[32mTimer: Objective build = 40.4 ms[0m
[32mTimer: Objective build = 1.09 ms[0m
[32mTimer: Eq Update LinearConstraintProjection build = 916 ms[0m
[32mTimer: Proximal projection build = 7.55 sec[0m
Building objective: fixed Psi
Building objective: lcfs R
Building objective: lcfs Z
Building objective: FLO_pressure_octic
Building objective: FLO_pressure_DOF
Building objective: FLO_pressure_edge
Building objective: FLO_grad_pressure_edge
Building objective: FLO_iota_quadratic
[32mTimer: Objective build = 927 ms[0m
[32mTimer: LinearConstraintProjection build = 1.19 sec[0m
Number of parameters: 3
Number of objectives: 1448
[32mTimer: Initializing the optimization = 9.70 sec[0m

Starting optimization
Using method: proximal-lsq-exact
   Iteration     Total nfev        Cost      Cost reduction    Step norm     Optimality   
       0              1          1.125e+18                                    1.500e+09   
       1              2          2.901e+17      8.349e+17      1.827e-01      7.618e+08   
       2              4          7.708e+16      2.131e+17      7.284e-02      3.926e+08   
       3              5          3.242e+12      7.708e+16      5.218e-01      2.546e+06   
       4              7          4.688e-01      3.242e+12      6.866e-01      9.653e-01   
       5              8          2.997e-03      4.658e-01      5.773e-01      2.636e-05   
       6             12          2.996e-03      1.199e-06      8.104e-03      4.058e-05   
       7             13          2.989e-03      6.562e-06      3.173e-02      1.719e-04   
       8             33          2.989e-03      6.308e-08      9.852e-03      8.330e-05   
Optimization terminated successfully.
`ftol` condition satisfied. (ftol=1.00e-04)
`xtol` condition satisfied. (xtol=1.00e-06)
         Current function value: 2.989e-03
         Total delta_x: 2.001e+00
         Iterations: 8
         Function evaluations: 33
         Jacobian evaluations: 9
[32mTimer: Solution time = 4.83 min[0m
[32mTimer: Avg time per step = 32.2 sec[0m
==============================================================================================================
                                                                 Start  -->   End
Total (sum of squares):                                      1.125e+18  -->   2.989e-03, 
Maximum absolute Force error:                                2.740e+02  -->   1.586e+03 (N)
Minimum absolute Force error:                                2.279e-02  -->   4.840e-02 (N)
Average absolute Force error:                                2.487e+01  -->   1.394e+02 (N)
Maximum absolute Force error:                                3.402e-06  -->   1.969e-05 (normalized)
Minimum absolute Force error:                                2.829e-10  -->   6.008e-10 (normalized)
Average absolute Force error:                                3.087e-07  -->   1.730e-06 (normalized)
Maximum absolute Quasi-symmetry (1,4) Boozer error:          1.603e-01  -->   1.568e-01 (T)
Minimum absolute Quasi-symmetry (1,4) Boozer error:          3.604e-13  -->   8.815e-12 (T)
Average absolute Quasi-symmetry (1,4) Boozer error:          1.262e-03  -->   1.403e-03 (T)
Maximum absolute Quasi-symmetry (1,4) Boozer error:          7.107e-02  -->   6.951e-02 (normalized)
Minimum absolute Quasi-symmetry (1,4) Boozer error:          1.598e-13  -->   3.908e-12 (normalized)
Average absolute Quasi-symmetry (1,4) Boozer error:          5.596e-04  -->   6.220e-04 (normalized)
Maximum absolute Ideal ballooning lambda:                    0.000e+00  -->   0.000e+00 ~
Minimum absolute Ideal ballooning lambda:                    0.000e+00  -->   0.000e+00 ~
Average absolute Ideal ballooning lambda:                    0.000e+00  -->   0.000e+00 ~
Maximum absolute Ideal ballooning lambda:                    0.000e+00  -->   0.000e+00 (normalized)
Minimum absolute Ideal ballooning lambda:                    0.000e+00  -->   0.000e+00 (normalized)
Average absolute Ideal ballooning lambda:                    0.000e+00  -->   0.000e+00 (normalized)
Maximum Mercier Stability:                                   2.711e+00  -->   2.600e+01 (Wb^-2)
Minimum Mercier Stability:                                   4.623e-03  -->  -1.338e-02 (Wb^-2)
Average Mercier Stability:                                   2.998e-01  -->   2.894e+00 (Wb^-2)
Maximum Mercier Stability:                                   2.711e+00  -->   2.600e+01 (normalized)
Minimum Mercier Stability:                                   4.623e-03  -->  -1.338e-02 (normalized)
Average Mercier Stability:                                   2.998e-01  -->   2.894e+00 (normalized)
Custom linear objective value:                               0.000e+00  -->   0.000e+00 (Unknown)
Custom linear objective value:                               0.000e+00  -->   0.000e+00 (Unknown)
Custom linear objective value:                               0.000e+00  -->   0.000e+00 (Unknown)
Custom linear objective value:                               1.500e-01  -->   0.000e+00 (Unknown)
Maximum absolute Force error:                                2.740e+02  -->   1.586e+03 (N)
Minimum absolute Force error:                                2.279e-02  -->   4.840e-02 (N)
Average absolute Force error:                                2.487e+01  -->   1.394e+02 (N)
Maximum absolute Force error:                                3.402e-06  -->   1.969e-05 (normalized)
Minimum absolute Force error:                                2.829e-10  -->   6.008e-10 (normalized)
Average absolute Force error:                                3.087e-07  -->   1.730e-06 (normalized)
Fixed Psi error:                                             0.000e+00  -->   0.000e+00 (Wb)
R boundary error:                                            0.000e+00  -->   0.000e+00 (m)
Z boundary error:                                            0.000e+00  -->   0.000e+00 (m)
Custom linear objective value:                               0.000e+00  -->   0.000e+00 (Unknown)
Custom linear objective value:                               0.000e+00  -->   0.000e+00 (Unknown)
Custom linear objective value:                               0.000e+00  -->   0.000e+00 (Unknown)
Custom linear objective value:                               0.000e+00  -->   0.000e+00 (Unknown)
Custom linear objective value:                               0.000e+00  -->   0.000e+00 (Unknown)
==============================================================================================================



# Python warnings captured during optimization
DeprecationWarning: linear_util.wrap_init is missing a DebugInfo object. This behavior is deprecated, use api_util.debug_info() to construct a proper DebugInfo object and propagate it to this function. See https://github.com/jax-ml/jax/issues/26480 for more details.
DeprecationWarning: linear_util.wrap_init is missing a DebugInfo object. This behavior is deprecated, use api_util.debug_info() to construct a proper DebugInfo object and propagate it to this function. See https://github.com/jax-ml/jax/issues/26480 for more details.
DeprecationWarning: linear_util.wrap_init is missing a DebugInfo object. This behavior is deprecated, use api_util.debug_info() to construct a proper DebugInfo object and propagate it to this function. See https://github.com/jax-ml/jax/issues/26480 for more details.
DeprecationWarning: linear_util.wrap_init is missing a DebugInfo object. This behavior is deprecated, use api_util.debug_info() to construct a proper DebugInfo object and propagate it to this function. See https://github.com/jax-ml/jax/issues/26480 for more details.
DeprecationWarning: linear_util.wrap_init is missing a DebugInfo object. This behavior is deprecated, use api_util.debug_info() to construct a proper DebugInfo object and propagate it to this function. See https://github.com/jax-ml/jax/issues/26480 for more details.
DeprecationWarning: linear_util.wrap_init is missing a DebugInfo object. This behavior is deprecated, use api_util.debug_info() to construct a proper DebugInfo object and propagate it to this function. See https://github.com/jax-ml/jax/issues/26480 for more details.
DeprecationWarning: linear_util.wrap_init is missing a DebugInfo object. This behavior is deprecated, use api_util.debug_info() to construct a proper DebugInfo object and propagate it to this function. See https://github.com/jax-ml/jax/issues/26480 for more details.
DeprecationWarning: linear_util.wrap_init is missing a DebugInfo object. This behavior is deprecated, use api_util.debug_info() to construct a proper DebugInfo object and propagate it to this function. See https://github.com/jax-ml/jax/issues/26480 for more details.
DeprecationWarning: linear_util.wrap_init is missing a DebugInfo object. This behavior is deprecated, use api_util.debug_info() to construct a proper DebugInfo object and propagate it to this function. See https://github.com/jax-ml/jax/issues/26480 for more details.
DeprecationWarning: linear_util.wrap_init is missing a DebugInfo object. This behavior is deprecated, use api_util.debug_info() to construct a proper DebugInfo object and propagate it to this function. See https://github.com/jax-ml/jax/issues/26480 for more details.
DeprecationWarning: linear_util.wrap_init is missing a DebugInfo object. This behavior is deprecated, use api_util.debug_info() to construct a proper DebugInfo object and propagate it to this function. See https://github.com/jax-ml/jax/issues/26480 for more details.
RuntimeWarning: divide by zero encountered in matmul
RuntimeWarning: overflow encountered in matmul
RuntimeWarning: invalid value encountered in matmul
RuntimeWarning: divide by zero encountered in matmul
RuntimeWarning: overflow encountered in matmul
RuntimeWarning: invalid value encountered in matmul
DeprecationWarning: linear_util.wrap_init is missing a DebugInfo object. This behavior is deprecated, use api_util.debug_info() to construct a proper DebugInfo object and propagate it to this function. See https://github.com/jax-ml/jax/issues/26480 for more details.
RuntimeWarning: divide by zero encountered in matmul
RuntimeWarning: overflow encountered in matmul
RuntimeWarning: invalid value encountered in matmul
RuntimeWarning: divide by zero encountered in matmul
RuntimeWarning: overflow encountered in matmul
RuntimeWarning: invalid value encountered in matmul
DeprecationWarning: linear_util.wrap_init is missing a DebugInfo object. This behavior is deprecated, use api_util.debug_info() to construct a proper DebugInfo object and propagate it to this function. See https://github.com/jax-ml/jax/issues/26480 for more details.
RuntimeWarning: divide by zero encountered in matmul
RuntimeWarning: overflow encountered in matmul
RuntimeWarning: invalid value encountered in matmul
RuntimeWarning: divide by zero encountered in matmul
RuntimeWarning: overflow encountered in matmul
RuntimeWarning: invalid value encountered in matmul
DeprecationWarning: linear_util.wrap_init is missing a DebugInfo object. This behavior is deprecated, use api_util.debug_info() to construct a proper DebugInfo object and propagate it to this function. See https://github.com/jax-ml/jax/issues/26480 for more details.
DeprecationWarning: linear_util.wrap_init is missing a DebugInfo object. This behavior is deprecated, use api_util.debug_info() to construct a proper DebugInfo object and propagate it to this function. See https://github.com/jax-ml/jax/issues/26480 for more details.
DeprecationWarning: linear_util.wrap_init is missing a DebugInfo object. This behavior is deprecated, use api_util.debug_info() to construct a proper DebugInfo object and propagate it to this function. See https://github.com/jax-ml/jax/issues/26480 for more details.
DeprecationWarning: linear_util.wrap_init is missing a DebugInfo object. This behavior is deprecated, use api_util.debug_info() to construct a proper DebugInfo object and propagate it to this function. See https://github.com/jax-ml/jax/issues/26480 for more details.
DeprecationWarning: linear_util.wrap_init is missing a DebugInfo object. This behavior is deprecated, use api_util.debug_info() to construct a proper DebugInfo object and propagate it to this function. See https://github.com/jax-ml/jax/issues/26480 for more details.
DeprecationWarning: linear_util.wrap_init is missing a DebugInfo object. This behavior is deprecated, use api_util.debug_info() to construct a proper DebugInfo object and propagate it to this function. See https://github.com/jax-ml/jax/issues/26480 for more details.
DeprecationWarning: linear_util.wrap_init is missing a DebugInfo object. This behavior is deprecated, use api_util.debug_info() to construct a proper DebugInfo object and propagate it to this function. See https://github.com/jax-ml/jax/issues/26480 for more details.
DeprecationWarning: linear_util.wrap_init is missing a DebugInfo object. This behavior is deprecated, use api_util.debug_info() to construct a proper DebugInfo object and propagate it to this function. See https://github.com/jax-ml/jax/issues/26480 for more details.
RuntimeWarning: divide by zero encountered in matmul
RuntimeWarning: overflow encountered in matmul
RuntimeWarning: invalid value encountered in matmul
RuntimeWarning: divide by zero encountered in matmul
RuntimeWarning: overflow encountered in matmul
RuntimeWarning: invalid value encountered in matmul
DeprecationWarning: linear_util.wrap_init is missing a DebugInfo object. This behavior is deprecated, use api_util.debug_info() to construct a proper DebugInfo object and propagate it to this function. See https://github.com/jax-ml/jax/issues/26480 for more details.
DeprecationWarning: linear_util.wrap_init is missing a DebugInfo object. This behavior is deprecated, use api_util.debug_info() to construct a proper DebugInfo object and propagate it to this function. See https://github.com/jax-ml/jax/issues/26480 for more details.
DeprecationWarning: linear_util.wrap_init is missing a DebugInfo object. This behavior is deprecated, use api_util.debug_info() to construct a proper DebugInfo object and propagate it to this function. See https://github.com/jax-ml/jax/issues/26480 for more details.
DeprecationWarning: linear_util.wrap_init is missing a DebugInfo object. This behavior is deprecated, use api_util.debug_info() to construct a proper DebugInfo object and propagate it to this function. See https://github.com/jax-ml/jax/issues/26480 for more details.
DeprecationWarning: linear_util.wrap_init is missing a DebugInfo object. This behavior is deprecated, use api_util.debug_info() to construct a proper DebugInfo object and propagate it to this function. See https://github.com/jax-ml/jax/issues/26480 for more details.
DeprecationWarning: linear_util.wrap_init is missing a DebugInfo object. This behavior is deprecated, use api_util.debug_info() to construct a proper DebugInfo object and propagate it to this function. See https://github.com/jax-ml/jax/issues/26480 for more details.
RuntimeWarning: divide by zero encountered in matmul
RuntimeWarning: overflow encountered in matmul
RuntimeWarning: invalid value encountered in matmul
RuntimeWarning: divide by zero encountered in matmul
RuntimeWarning: overflow encountered in matmul
RuntimeWarning: invalid value encountered in matmul
RuntimeWarning: divide by zero encountered in matmul
RuntimeWarning: overflow encountered in matmul
RuntimeWarning: invalid value encountered in matmul
RuntimeWarning: divide by zero encountered in matmul
RuntimeWarning: overflow encountered in matmul
RuntimeWarning: invalid value encountered in matmul
RuntimeWarning: divide by zero encountered in matmul
RuntimeWarning: overflow encountered in matmul
RuntimeWarning: invalid value encountered in matmul
RuntimeWarning: divide by zero encountered in matmul
RuntimeWarning: overflow encountered in matmul
RuntimeWarning: invalid value encountered in matmul
RuntimeWarning: divide by zero encountered in matmul
RuntimeWarning: overflow encountered in matmul
RuntimeWarning: invalid value encountered in matmul
RuntimeWarning: divide by zero encountered in matmul
RuntimeWarning: overflow encountered in matmul
RuntimeWarning: invalid value encountered in matmul
RuntimeWarning: divide by zero encountered in matmul
RuntimeWarning: overflow encountered in matmul
RuntimeWarning: invalid value encountered in matmul
RuntimeWarning: divide by zero encountered in matmul
RuntimeWarning: overflow encountered in matmul
RuntimeWarning: invalid value encountered in matmul
RuntimeWarning: divide by zero encountered in matmul
RuntimeWarning: overflow encountered in matmul
RuntimeWarning: invalid value encountered in matmul
RuntimeWarning: divide by zero encountered in matmul
RuntimeWarning: overflow encountered in matmul
RuntimeWarning: invalid value encountered in matmul
RuntimeWarning: divide by zero encountered in matmul
RuntimeWarning: overflow encountered in matmul
RuntimeWarning: invalid value encountered in matmul
RuntimeWarning: divide by zero encountered in matmul
RuntimeWarning: overflow encountered in matmul
RuntimeWarning: invalid value encountered in matmul
RuntimeWarning: divide by zero encountered in matmul
RuntimeWarning: overflow encountered in matmul
RuntimeWarning: invalid value encountered in matmul
RuntimeWarning: divide by zero encountered in matmul
RuntimeWarning: overflow encountered in matmul
RuntimeWarning: invalid value encountered in matmul
RuntimeWarning: divide by zero encountered in matmul
RuntimeWarning: overflow encountered in matmul
RuntimeWarning: invalid value encountered in matmul
RuntimeWarning: divide by zero encountered in matmul
RuntimeWarning: overflow encountered in matmul
RuntimeWarning: invalid value encountered in matmul
RuntimeWarning: divide by zero encountered in matmul
RuntimeWarning: overflow encountered in matmul
RuntimeWarning: invalid value encountered in matmul
RuntimeWarning: divide by zero encountered in matmul
RuntimeWarning: overflow encountered in matmul
RuntimeWarning: invalid value encountered in matmul
RuntimeWarning: divide by zero encountered in matmul
RuntimeWarning: overflow encountered in matmul
RuntimeWarning: invalid value encountered in matmul
RuntimeWarning: divide by zero encountered in matmul
RuntimeWarning: overflow encountered in matmul
RuntimeWarning: invalid value encountered in matmul
RuntimeWarning: divide by zero encountered in matmul
RuntimeWarning: overflow encountered in matmul
RuntimeWarning: invalid value encountered in matmul
RuntimeWarning: divide by zero encountered in matmul
RuntimeWarning: overflow encountered in matmul
RuntimeWarning: invalid value encountered in matmul
RuntimeWarning: divide by zero encountered in matmul
RuntimeWarning: overflow encountered in matmul
RuntimeWarning: invalid value encountered in matmul
RuntimeWarning: divide by zero encountered in matmul
RuntimeWarning: overflow encountered in matmul
RuntimeWarning: invalid value encountered in matmul
RuntimeWarning: divide by zero encountered in matmul
RuntimeWarning: overflow encountered in matmul
RuntimeWarning: invalid value encountered in matmul
RuntimeWarning: divide by zero encountered in matmul
RuntimeWarning: overflow encountered in matmul
RuntimeWarning: invalid value encountered in matmul
RuntimeWarning: divide by zero encountered in matmul
RuntimeWarning: overflow encountered in matmul
RuntimeWarning: invalid value encountered in matmul
RuntimeWarning: divide by zero encountered in matmul
RuntimeWarning: overflow encountered in matmul
RuntimeWarning: invalid value encountered in matmul
RuntimeWarning: divide by zero encountered in matmul
RuntimeWarning: overflow encountered in matmul
RuntimeWarning: invalid value encountered in matmul
RuntimeWarning: divide by zero encountered in matmul
RuntimeWarning: overflow encountered in matmul
RuntimeWarning: invalid value encountered in matmul
RuntimeWarning: divide by zero encountered in matmul
RuntimeWarning: overflow encountered in matmul
RuntimeWarning: invalid value encountered in matmul
RuntimeWarning: divide by zero encountered in matmul
RuntimeWarning: overflow encountered in matmul
RuntimeWarning: invalid value encountered in matmul
RuntimeWarning: divide by zero encountered in matmul
RuntimeWarning: overflow encountered in matmul
RuntimeWarning: invalid value encountered in matmul
RuntimeWarning: divide by zero encountered in matmul
RuntimeWarning: overflow encountered in matmul
RuntimeWarning: invalid value encountered in matmul
RuntimeWarning: divide by zero encountered in matmul
RuntimeWarning: overflow encountered in matmul
RuntimeWarning: invalid value encountered in matmul
RuntimeWarning: divide by zero encountered in matmul
RuntimeWarning: overflow encountered in matmul
RuntimeWarning: invalid value encountered in matmul
RuntimeWarning: divide by zero encountered in matmul
RuntimeWarning: overflow encountered in matmul
RuntimeWarning: invalid value encountered in matmul
RuntimeWarning: divide by zero encountered in matmul
RuntimeWarning: overflow encountered in matmul
RuntimeWarning: invalid value encountered in matmul
RuntimeWarning: divide by zero encountered in matmul
RuntimeWarning: overflow encountered in matmul
RuntimeWarning: invalid value encountered in matmul
RuntimeWarning: divide by zero encountered in matmul
RuntimeWarning: overflow encountered in matmul
RuntimeWarning: invalid value encountered in matmul
RuntimeWarning: divide by zero encountered in matmul
RuntimeWarning: overflow encountered in matmul
RuntimeWarning: invalid value encountered in matmul
RuntimeWarning: divide by zero encountered in matmul
RuntimeWarning: overflow encountered in matmul
RuntimeWarning: invalid value encountered in matmul
RuntimeWarning: divide by zero encountered in matmul
RuntimeWarning: overflow encountered in matmul
RuntimeWarning: invalid value encountered in matmul
RuntimeWarning: divide by zero encountered in matmul
RuntimeWarning: overflow encountered in matmul
RuntimeWarning: invalid value encountered in matmul
RuntimeWarning: divide by zero encountered in matmul
RuntimeWarning: overflow encountered in matmul
RuntimeWarning: invalid value encountered in matmul
RuntimeWarning: divide by zero encountered in matmul
RuntimeWarning: overflow encountered in matmul
RuntimeWarning: invalid value encountered in matmul
RuntimeWarning: divide by zero encountered in matmul
RuntimeWarning: overflow encountered in matmul
RuntimeWarning: invalid value encountered in matmul
RuntimeWarning: divide by zero encountered in matmul
RuntimeWarning: overflow encountered in matmul
RuntimeWarning: invalid value encountered in matmul
RuntimeWarning: divide by zero encountered in matmul
RuntimeWarning: overflow encountered in matmul
RuntimeWarning: invalid value encountered in matmul
RuntimeWarning: divide by zero encountered in matmul
RuntimeWarning: overflow encountered in matmul
RuntimeWarning: invalid value encountered in matmul
RuntimeWarning: divide by zero encountered in matmul
RuntimeWarning: overflow encountered in matmul
RuntimeWarning: invalid value encountered in matmul
RuntimeWarning: divide by zero encountered in matmul
RuntimeWarning: overflow encountered in matmul
RuntimeWarning: invalid value encountered in matmul
RuntimeWarning: divide by zero encountered in matmul
RuntimeWarning: overflow encountered in matmul
RuntimeWarning: invalid value encountered in matmul
RuntimeWarning: divide by zero encountered in matmul
RuntimeWarning: overflow encountered in matmul
RuntimeWarning: invalid value encountered in matmul
RuntimeWarning: divide by zero encountered in matmul
RuntimeWarning: overflow encountered in matmul
RuntimeWarning: invalid value encountered in matmul
RuntimeWarning: divide by zero encountered in matmul
RuntimeWarning: overflow encountered in matmul
RuntimeWarning: invalid value encountered in matmul
RuntimeWarning: divide by zero encountered in matmul
RuntimeWarning: overflow encountered in matmul
RuntimeWarning: invalid value encountered in matmul
RuntimeWarning: divide by zero encountered in matmul
RuntimeWarning: overflow encountered in matmul
RuntimeWarning: invalid value encountered in matmul
RuntimeWarning: divide by zero encountered in matmul
RuntimeWarning: overflow encountered in matmul
RuntimeWarning: invalid value encountered in matmul
RuntimeWarning: divide by zero encountered in matmul
RuntimeWarning: overflow encountered in matmul
RuntimeWarning: invalid value encountered in matmul
RuntimeWarning: divide by zero encountered in matmul
RuntimeWarning: overflow encountered in matmul
RuntimeWarning: invalid value encountered in matmul
RuntimeWarning: divide by zero encountered in matmul
RuntimeWarning: overflow encountered in matmul
RuntimeWarning: invalid value encountered in matmul
RuntimeWarning: divide by zero encountered in matmul
RuntimeWarning: overflow encountered in matmul
RuntimeWarning: invalid value encountered in matmul
RuntimeWarning: divide by zero encountered in matmul
RuntimeWarning: overflow encountered in matmul
RuntimeWarning: invalid value encountered in matmul
RuntimeWarning: divide by zero encountered in matmul
RuntimeWarning: overflow encountered in matmul
RuntimeWarning: invalid value encountered in matmul
RuntimeWarning: divide by zero encountered in matmul
RuntimeWarning: overflow encountered in matmul
RuntimeWarning: invalid value encountered in matmul
RuntimeWarning: divide by zero encountered in matmul
RuntimeWarning: overflow encountered in matmul
RuntimeWarning: invalid value encountered in matmul
RuntimeWarning: divide by zero encountered in matmul
RuntimeWarning: overflow encountered in matmul
RuntimeWarning: invalid value encountered in matmul
RuntimeWarning: divide by zero encountered in matmul
RuntimeWarning: overflow encountered in matmul
RuntimeWarning: invalid value encountered in matmul
RuntimeWarning: divide by zero encountered in matmul
RuntimeWarning: overflow encountered in matmul
RuntimeWarning: invalid value encountered in matmul
RuntimeWarning: divide by zero encountered in matmul
RuntimeWarning: overflow encountered in matmul
RuntimeWarning: invalid value encountered in matmul
RuntimeWarning: divide by zero encountered in matmul
RuntimeWarning: overflow encountered in matmul
RuntimeWarning: invalid value encountered in matmul
RuntimeWarning: divide by zero encountered in matmul
RuntimeWarning: overflow encountered in matmul
RuntimeWarning: invalid value encountered in matmul
RuntimeWarning: divide by zero encountered in matmul
RuntimeWarning: overflow encountered in matmul
RuntimeWarning: invalid value encountered in matmul
RuntimeWarning: divide by zero encountered in matmul
RuntimeWarning: overflow encountered in matmul
RuntimeWarning: invalid value encountered in matmul
RuntimeWarning: divide by zero encountered in matmul
RuntimeWarning: overflow encountered in matmul
RuntimeWarning: invalid value encountered in matmul
RuntimeWarning: divide by zero encountered in matmul
RuntimeWarning: overflow encountered in matmul
RuntimeWarning: invalid value encountered in matmul
RuntimeWarning: divide by zero encountered in matmul
RuntimeWarning: overflow encountered in matmul
RuntimeWarning: invalid value encountered in matmul
RuntimeWarning: divide by zero encountered in matmul
RuntimeWarning: overflow encountered in matmul
RuntimeWarning: invalid value encountered in matmul
RuntimeWarning: divide by zero encountered in matmul
RuntimeWarning: overflow encountered in matmul
RuntimeWarning: invalid value encountered in matmul
RuntimeWarning: divide by zero encountered in matmul
RuntimeWarning: overflow encountered in matmul
RuntimeWarning: invalid value encountered in matmul
RuntimeWarning: divide by zero encountered in matmul
RuntimeWarning: overflow encountered in matmul
RuntimeWarning: invalid value encountered in matmul
RuntimeWarning: divide by zero encountered in matmul
RuntimeWarning: overflow encountered in matmul
RuntimeWarning: invalid value encountered in matmul
RuntimeWarning: divide by zero encountered in matmul
RuntimeWarning: overflow encountered in matmul
RuntimeWarning: invalid value encountered in matmul
RuntimeWarning: divide by zero encountered in matmul
RuntimeWarning: overflow encountered in matmul
RuntimeWarning: invalid value encountered in matmul
RuntimeWarning: divide by zero encountered in matmul
RuntimeWarning: overflow encountered in matmul
RuntimeWarning: invalid value encountered in matmul
RuntimeWarning: divide by zero encountered in matmul
RuntimeWarning: overflow encountered in matmul
RuntimeWarning: invalid value encountered in matmul
RuntimeWarning: divide by zero encountered in matmul
RuntimeWarning: overflow encountered in matmul
RuntimeWarning: invalid value encountered in matmul
RuntimeWarning: divide by zero encountered in matmul
RuntimeWarning: overflow encountered in matmul
RuntimeWarning: invalid value encountered in matmul
RuntimeWarning: divide by zero encountered in matmul
RuntimeWarning: overflow encountered in matmul
RuntimeWarning: invalid value encountered in matmul
RuntimeWarning: divide by zero encountered in matmul
RuntimeWarning: overflow encountered in matmul
RuntimeWarning: invalid value encountered in matmul
RuntimeWarning: divide by zero encountered in matmul
RuntimeWarning: overflow encountered in matmul
RuntimeWarning: invalid value encountered in matmul
RuntimeWarning: divide by zero encountered in matmul
RuntimeWarning: overflow encountered in matmul
RuntimeWarning: invalid value encountered in matmul
RuntimeWarning: divide by zero encountered in matmul
RuntimeWarning: overflow encountered in matmul
RuntimeWarning: invalid value encountered in matmul
RuntimeWarning: divide by zero encountered in matmul
RuntimeWarning: overflow encountered in matmul
RuntimeWarning: invalid value encountered in matmul
RuntimeWarning: divide by zero encountered in matmul
RuntimeWarning: overflow encountered in matmul
RuntimeWarning: invalid value encountered in matmul
RuntimeWarning: divide by zero encountered in matmul
RuntimeWarning: overflow encountered in matmul
RuntimeWarning: invalid value encountered in matmul
RuntimeWarning: divide by zero encountered in matmul
RuntimeWarning: overflow encountered in matmul
RuntimeWarning: invalid value encountered in matmul
RuntimeWarning: divide by zero encountered in matmul
RuntimeWarning: overflow encountered in matmul
RuntimeWarning: invalid value encountered in matmul
RuntimeWarning: divide by zero encountered in matmul
RuntimeWarning: overflow encountered in matmul
RuntimeWarning: invalid value encountered in matmul
RuntimeWarning: divide by zero encountered in matmul
RuntimeWarning: overflow encountered in matmul
RuntimeWarning: invalid value encountered in matmul
RuntimeWarning: divide by zero encountered in matmul
RuntimeWarning: overflow encountered in matmul
RuntimeWarning: invalid value encountered in matmul
RuntimeWarning: divide by zero encountered in matmul
RuntimeWarning: overflow encountered in matmul
RuntimeWarning: invalid value encountered in matmul
RuntimeWarning: divide by zero encountered in matmul
RuntimeWarning: overflow encountered in matmul
RuntimeWarning: invalid value encountered in matmul
RuntimeWarning: divide by zero encountered in matmul
RuntimeWarning: overflow encountered in matmul
RuntimeWarning: invalid value encountered in matmul
RuntimeWarning: divide by zero encountered in matmul
RuntimeWarning: overflow encountered in matmul
RuntimeWarning: invalid value encountered in matmul
RuntimeWarning: divide by zero encountered in matmul
RuntimeWarning: overflow encountered in matmul
RuntimeWarning: invalid value encountered in matmul
RuntimeWarning: divide by zero encountered in matmul
RuntimeWarning: overflow encountered in matmul
RuntimeWarning: invalid value encountered in matmul
RuntimeWarning: divide by zero encountered in matmul
RuntimeWarning: overflow encountered in matmul
RuntimeWarning: invalid value encountered in matmul
RuntimeWarning: divide by zero encountered in matmul
RuntimeWarning: overflow encountered in matmul
RuntimeWarning: invalid value encountered in matmul
RuntimeWarning: divide by zero encountered in matmul
RuntimeWarning: overflow encountered in matmul
RuntimeWarning: invalid value encountered in matmul
RuntimeWarning: divide by zero encountered in matmul
RuntimeWarning: overflow encountered in matmul
RuntimeWarning: invalid value encountered in matmul
RuntimeWarning: divide by zero encountered in matmul
RuntimeWarning: overflow encountered in matmul
RuntimeWarning: invalid value encountered in matmul
RuntimeWarning: divide by zero encountered in matmul
RuntimeWarning: overflow encountered in matmul
RuntimeWarning: invalid value encountered in matmul
RuntimeWarning: divide by zero encountered in matmul
RuntimeWarning: overflow encountered in matmul
RuntimeWarning: invalid value encountered in matmul
RuntimeWarning: divide by zero encountered in matmul
RuntimeWarning: overflow encountered in matmul
RuntimeWarning: invalid value encountered in matmul
RuntimeWarning: divide by zero encountered in matmul
RuntimeWarning: overflow encountered in matmul
RuntimeWarning: invalid value encountered in matmul
RuntimeWarning: divide by zero encountered in matmul
RuntimeWarning: overflow encountered in matmul
RuntimeWarning: invalid value encountered in matmul
RuntimeWarning: divide by zero encountered in matmul
RuntimeWarning: overflow encountered in matmul
RuntimeWarning: invalid value encountered in matmul
RuntimeWarning: divide by zero encountered in matmul
RuntimeWarning: overflow encountered in matmul
RuntimeWarning: invalid value encountered in matmul
RuntimeWarning: divide by zero encountered in matmul
RuntimeWarning: overflow encountered in matmul
RuntimeWarning: invalid value encountered in matmul
RuntimeWarning: divide by zero encountered in matmul
RuntimeWarning: overflow encountered in matmul
RuntimeWarning: invalid value encountered in matmul
RuntimeWarning: divide by zero encountered in matmul
RuntimeWarning: overflow encountered in matmul
RuntimeWarning: invalid value encountered in matmul
RuntimeWarning: divide by zero encountered in matmul
RuntimeWarning: overflow encountered in matmul
RuntimeWarning: invalid value encountered in matmul
RuntimeWarning: divide by zero encountered in matmul
RuntimeWarning: overflow encountered in matmul
RuntimeWarning: invalid value encountered in matmul
RuntimeWarning: divide by zero encountered in matmul
RuntimeWarning: overflow encountered in matmul
RuntimeWarning: invalid value encountered in matmul
