Building objective: force
Precomputing transforms
[32mTimer: Precomputing transforms = 42.2 ms[0m
Building objective: QS Boozer
Precomputing transforms
[32mTimer: Precomputing transforms = 29.2 ms[0m
Building objective: ideal ballooning lambda
Building objective: Mercier Stability
Precomputing transforms
[32mTimer: Precomputing transforms = 39.9 ms[0m
Building objective: FNO_pressure_axis
Building objective: FNO_pressure_edge
Building objective: FNO_pressure_positive
Building objective: FNO_pressure_monotonic
Building objective: FNO_grad_pressure_edge
Building objective: FNO_iota
[32mTimer: Objective build = 1.34 sec[0m
Building objective: force
Precomputing transforms
[32mTimer: Precomputing transforms = 40.2 ms[0m
[32mTimer: Objective build = 45.1 ms[0m
[32mTimer: Objective build = 1.14 ms[0m
[32mTimer: Eq Update LinearConstraintProjection build = 24.6 ms[0m
[32mTimer: Proximal projection build = 1.64 sec[0m
Building objective: fixed Psi
Building objective: lcfs R
Building objective: lcfs Z
[32mTimer: Objective build = 26.2 ms[0m
[32mTimer: LinearConstraintProjection build = 585 ms[0m
Number of parameters: 8
Number of objectives: 2050
[32mTimer: Initializing the optimization = 2.29 sec[0m

Starting optimization
Using method: proximal-lsq-exact
   Iteration     Total nfev        Cost      Cost reduction    Step norm     Optimality   
       0              1          4.556e+19                                    9.546e+09   
       1              2          3.933e+10      4.556e+19      5.844e+02      2.805e+05   
       2              3          1.538e+06      3.933e+10      1.394e+03      1.754e+03   
       3              4          1.473e+00      1.538e+06      3.074e+03      1.713e+00   
       4              5          4.374e-03      1.469e+00      5.623e+03      5.145e-02   
       5             25          3.051e-03      1.323e-03      7.808e-09      8.156e-14   
`gtol` condition satisfied. (gtol=1.00e-06)
         Current function value: 3.051e-03
         Total delta_x: 1.068e+04
         Iterations: 5
         Function evaluations: 25
         Jacobian evaluations: 6
[32mTimer: Solution time = 3.44 min[0m
[32mTimer: Avg time per step = 34.4 sec[0m
==============================================================================================================
                                                                 Start  -->   End
Total (sum of squares):                                      4.556e+19  -->   3.051e-03, 
Maximum absolute Force error:                                2.740e+02  -->   9.785e+02 (N)
Minimum absolute Force error:                                2.279e-02  -->   1.423e-02 (N)
Average absolute Force error:                                2.487e+01  -->   5.055e+01 (N)
Maximum absolute Force error:                                3.402e-06  -->   1.215e-05 (normalized)
Minimum absolute Force error:                                2.829e-10  -->   1.767e-10 (normalized)
Average absolute Force error:                                3.087e-07  -->   6.274e-07 (normalized)
Maximum absolute Quasi-symmetry (1,4) Boozer error:          1.603e-01  -->   1.568e-01 (T)
Minimum absolute Quasi-symmetry (1,4) Boozer error:          3.604e-13  -->   6.535e-13 (T)
Average absolute Quasi-symmetry (1,4) Boozer error:          1.262e-03  -->   1.395e-03 (T)
Maximum absolute Quasi-symmetry (1,4) Boozer error:          7.107e-02  -->   6.951e-02 (normalized)
Minimum absolute Quasi-symmetry (1,4) Boozer error:          1.598e-13  -->   2.897e-13 (normalized)
Average absolute Quasi-symmetry (1,4) Boozer error:          5.596e-04  -->   6.187e-04 (normalized)
Maximum absolute Ideal ballooning lambda:                    0.000e+00  -->   0.000e+00 ~
Minimum absolute Ideal ballooning lambda:                    0.000e+00  -->   0.000e+00 ~
Average absolute Ideal ballooning lambda:                    0.000e+00  -->   0.000e+00 ~
Maximum absolute Ideal ballooning lambda:                    0.000e+00  -->   0.000e+00 (normalized)
Minimum absolute Ideal ballooning lambda:                    0.000e+00  -->   0.000e+00 (normalized)
Average absolute Ideal ballooning lambda:                    0.000e+00  -->   0.000e+00 (normalized)
Maximum Mercier Stability:                                   2.711e+00  -->   2.268e+00 (Wb^-2)
Minimum Mercier Stability:                                   4.623e-03  -->  -2.552e-02 (Wb^-2)
Average Mercier Stability:                                   2.998e-01  -->   2.870e-01 (Wb^-2)
Maximum Mercier Stability:                                   2.711e+00  -->   2.268e+00 (normalized)
Minimum Mercier Stability:                                   4.623e-03  -->  -2.552e-02 (normalized)
Average Mercier Stability:                                   2.998e-01  -->   2.870e-01 (normalized)
FNO_pressure_axis objective value:                           1.000e+04  -->   2.047e+04 (Unknown)
FNO_pressure_axis objective value:                           0.000e+00  -->   0.000e+00 (normalized error)
FNO_pressure_edge objective value:                           0.000e+00  -->   0.000e+00 (Unknown)
FNO_pressure_edge objective value:                           0.000e+00  -->   0.000e+00 (normalized error)
Maximum FNO_pressure_positive objective value:               1.000e+04  -->   2.047e+04 (Unknown)
Minimum FNO_pressure_positive objective value:               0.000e+00  -->   0.000e+00 (Unknown)
Average FNO_pressure_positive objective value:               5.332e+03  -->   1.172e+04 (Unknown)
Maximum FNO_pressure_positive objective value:               1.000e+04  -->   2.047e+04 (normalized)
Minimum FNO_pressure_positive objective value:               0.000e+00  -->   0.000e+00 (normalized)
Average FNO_pressure_positive objective value:               5.332e+03  -->   1.172e+04 (normalized)
Maximum FNO_pressure_monotonic objective value:              0.000e+00  -->   0.000e+00 (Unknown)
Minimum FNO_pressure_monotonic objective value:             -1.540e+04  -->  -3.297e+04 (Unknown)
Average FNO_pressure_monotonic objective value:             -9.950e+03  -->  -2.037e+04 (Unknown)
Maximum FNO_pressure_monotonic objective value:              0.000e+00  -->   0.000e+00 (normalized)
Minimum FNO_pressure_monotonic objective value:             -1.540e+04  -->  -3.297e+04 (normalized)
Average FNO_pressure_monotonic objective value:             -9.950e+03  -->  -2.037e+04 (normalized)
FNO_grad_pressure_edge objective value:                      0.000e+00  -->   0.000e+00 (Unknown)
FNO_grad_pressure_edge objective value:                      0.000e+00  -->   0.000e+00 (normalized error)
Maximum FNO_iota objective value:                            6.500e-01  -->   5.000e-01 (Unknown)
Minimum FNO_iota objective value:                            5.000e-01  -->   5.000e-01 (Unknown)
Average FNO_iota objective value:                            5.501e-01  -->   5.000e-01 (Unknown)
Maximum FNO_iota objective value:                            6.500e-01  -->   5.000e-01 (normalized)
Minimum FNO_iota objective value:                            5.000e-01  -->   5.000e-01 (normalized)
Average FNO_iota objective value:                            5.501e-01  -->   5.000e-01 (normalized)
Maximum absolute Force error:                                2.740e+02  -->   9.785e+02 (N)
Minimum absolute Force error:                                2.279e-02  -->   1.423e-02 (N)
Average absolute Force error:                                2.487e+01  -->   5.055e+01 (N)
Maximum absolute Force error:                                3.402e-06  -->   1.215e-05 (normalized)
Minimum absolute Force error:                                2.829e-10  -->   1.767e-10 (normalized)
Average absolute Force error:                                3.087e-07  -->   6.274e-07 (normalized)
Fixed Psi error:                                             0.000e+00  -->   0.000e+00 (Wb)
R boundary error:                                            0.000e+00  -->   0.000e+00 (m)
Z boundary error:                                            0.000e+00  -->   0.000e+00 (m)
==============================================================================================================



# Python warnings captured during optimization
RuntimeWarning: divide by zero encountered in matmul
RuntimeWarning: overflow encountered in matmul
RuntimeWarning: invalid value encountered in matmul
RuntimeWarning: divide by zero encountered in matmul
RuntimeWarning: overflow encountered in matmul
RuntimeWarning: invalid value encountered in matmul
RuntimeWarning: divide by zero encountered in matmul
RuntimeWarning: overflow encountered in matmul
RuntimeWarning: invalid value encountered in matmul
RuntimeWarning: divide by zero encountered in matmul
RuntimeWarning: overflow encountered in matmul
RuntimeWarning: invalid value encountered in matmul
RuntimeWarning: divide by zero encountered in matmul
RuntimeWarning: overflow encountered in matmul
RuntimeWarning: invalid value encountered in matmul
RuntimeWarning: divide by zero encountered in matmul
RuntimeWarning: overflow encountered in matmul
RuntimeWarning: invalid value encountered in matmul
RuntimeWarning: divide by zero encountered in matmul
RuntimeWarning: overflow encountered in matmul
RuntimeWarning: invalid value encountered in matmul
RuntimeWarning: divide by zero encountered in matmul
RuntimeWarning: overflow encountered in matmul
RuntimeWarning: invalid value encountered in matmul
DeprecationWarning: linear_util.wrap_init is missing a DebugInfo object. This behavior is deprecated, use api_util.debug_info() to construct a proper DebugInfo object and propagate it to this function. See https://github.com/jax-ml/jax/issues/26480 for more details.
DeprecationWarning: linear_util.wrap_init is missing a DebugInfo object. This behavior is deprecated, use api_util.debug_info() to construct a proper DebugInfo object and propagate it to this function. See https://github.com/jax-ml/jax/issues/26480 for more details.
DeprecationWarning: linear_util.wrap_init is missing a DebugInfo object. This behavior is deprecated, use api_util.debug_info() to construct a proper DebugInfo object and propagate it to this function. See https://github.com/jax-ml/jax/issues/26480 for more details.
RuntimeWarning: divide by zero encountered in matmul
RuntimeWarning: overflow encountered in matmul
RuntimeWarning: invalid value encountered in matmul
RuntimeWarning: divide by zero encountered in matmul
RuntimeWarning: overflow encountered in matmul
RuntimeWarning: invalid value encountered in matmul
RuntimeWarning: divide by zero encountered in matmul
RuntimeWarning: overflow encountered in matmul
RuntimeWarning: invalid value encountered in matmul
RuntimeWarning: divide by zero encountered in matmul
RuntimeWarning: overflow encountered in matmul
RuntimeWarning: invalid value encountered in matmul
RuntimeWarning: divide by zero encountered in matmul
RuntimeWarning: overflow encountered in matmul
RuntimeWarning: invalid value encountered in matmul
RuntimeWarning: divide by zero encountered in matmul
RuntimeWarning: overflow encountered in matmul
RuntimeWarning: invalid value encountered in matmul
RuntimeWarning: divide by zero encountered in matmul
RuntimeWarning: overflow encountered in matmul
RuntimeWarning: invalid value encountered in matmul
RuntimeWarning: divide by zero encountered in matmul
RuntimeWarning: overflow encountered in matmul
RuntimeWarning: invalid value encountered in matmul
RuntimeWarning: divide by zero encountered in matmul
RuntimeWarning: overflow encountered in matmul
RuntimeWarning: invalid value encountered in matmul
RuntimeWarning: divide by zero encountered in matmul
RuntimeWarning: overflow encountered in matmul
RuntimeWarning: invalid value encountered in matmul
RuntimeWarning: divide by zero encountered in matmul
RuntimeWarning: overflow encountered in matmul
RuntimeWarning: invalid value encountered in matmul
RuntimeWarning: divide by zero encountered in matmul
RuntimeWarning: overflow encountered in matmul
RuntimeWarning: invalid value encountered in matmul
RuntimeWarning: divide by zero encountered in matmul
RuntimeWarning: overflow encountered in matmul
RuntimeWarning: invalid value encountered in matmul
RuntimeWarning: divide by zero encountered in matmul
RuntimeWarning: overflow encountered in matmul
RuntimeWarning: invalid value encountered in matmul
RuntimeWarning: divide by zero encountered in matmul
RuntimeWarning: overflow encountered in matmul
RuntimeWarning: invalid value encountered in matmul
RuntimeWarning: divide by zero encountered in matmul
RuntimeWarning: overflow encountered in matmul
RuntimeWarning: invalid value encountered in matmul
RuntimeWarning: divide by zero encountered in matmul
RuntimeWarning: overflow encountered in matmul
RuntimeWarning: invalid value encountered in matmul
RuntimeWarning: divide by zero encountered in matmul
RuntimeWarning: overflow encountered in matmul
RuntimeWarning: invalid value encountered in matmul
RuntimeWarning: divide by zero encountered in matmul
RuntimeWarning: overflow encountered in matmul
RuntimeWarning: invalid value encountered in matmul
RuntimeWarning: divide by zero encountered in matmul
RuntimeWarning: overflow encountered in matmul
RuntimeWarning: invalid value encountered in matmul
RuntimeWarning: divide by zero encountered in matmul
RuntimeWarning: overflow encountered in matmul
RuntimeWarning: invalid value encountered in matmul
RuntimeWarning: divide by zero encountered in matmul
RuntimeWarning: overflow encountered in matmul
RuntimeWarning: invalid value encountered in matmul
RuntimeWarning: divide by zero encountered in matmul
RuntimeWarning: overflow encountered in matmul
RuntimeWarning: invalid value encountered in matmul
RuntimeWarning: divide by zero encountered in matmul
RuntimeWarning: overflow encountered in matmul
RuntimeWarning: invalid value encountered in matmul
RuntimeWarning: divide by zero encountered in matmul
RuntimeWarning: overflow encountered in matmul
RuntimeWarning: invalid value encountered in matmul
RuntimeWarning: divide by zero encountered in matmul
RuntimeWarning: overflow encountered in matmul
RuntimeWarning: invalid value encountered in matmul
RuntimeWarning: divide by zero encountered in matmul
RuntimeWarning: overflow encountered in matmul
RuntimeWarning: invalid value encountered in matmul
RuntimeWarning: divide by zero encountered in matmul
RuntimeWarning: overflow encountered in matmul
RuntimeWarning: invalid value encountered in matmul
RuntimeWarning: divide by zero encountered in matmul
RuntimeWarning: overflow encountered in matmul
RuntimeWarning: invalid value encountered in matmul
RuntimeWarning: divide by zero encountered in matmul
RuntimeWarning: overflow encountered in matmul
RuntimeWarning: invalid value encountered in matmul
RuntimeWarning: divide by zero encountered in matmul
RuntimeWarning: overflow encountered in matmul
RuntimeWarning: invalid value encountered in matmul
RuntimeWarning: divide by zero encountered in matmul
RuntimeWarning: overflow encountered in matmul
RuntimeWarning: invalid value encountered in matmul
RuntimeWarning: divide by zero encountered in matmul
RuntimeWarning: overflow encountered in matmul
RuntimeWarning: invalid value encountered in matmul
RuntimeWarning: divide by zero encountered in matmul
RuntimeWarning: overflow encountered in matmul
RuntimeWarning: invalid value encountered in matmul
RuntimeWarning: divide by zero encountered in matmul
RuntimeWarning: overflow encountered in matmul
RuntimeWarning: invalid value encountered in matmul
RuntimeWarning: divide by zero encountered in matmul
RuntimeWarning: overflow encountered in matmul
RuntimeWarning: invalid value encountered in matmul
RuntimeWarning: divide by zero encountered in matmul
RuntimeWarning: overflow encountered in matmul
RuntimeWarning: invalid value encountered in matmul
RuntimeWarning: divide by zero encountered in matmul
RuntimeWarning: overflow encountered in matmul
RuntimeWarning: invalid value encountered in matmul
RuntimeWarning: divide by zero encountered in matmul
RuntimeWarning: overflow encountered in matmul
RuntimeWarning: invalid value encountered in matmul
RuntimeWarning: divide by zero encountered in matmul
RuntimeWarning: overflow encountered in matmul
RuntimeWarning: invalid value encountered in matmul
RuntimeWarning: divide by zero encountered in matmul
RuntimeWarning: overflow encountered in matmul
RuntimeWarning: invalid value encountered in matmul
RuntimeWarning: divide by zero encountered in matmul
RuntimeWarning: overflow encountered in matmul
RuntimeWarning: invalid value encountered in matmul
RuntimeWarning: divide by zero encountered in matmul
RuntimeWarning: overflow encountered in matmul
RuntimeWarning: invalid value encountered in matmul
RuntimeWarning: divide by zero encountered in matmul
RuntimeWarning: overflow encountered in matmul
RuntimeWarning: invalid value encountered in matmul
RuntimeWarning: divide by zero encountered in matmul
RuntimeWarning: overflow encountered in matmul
RuntimeWarning: invalid value encountered in matmul
RuntimeWarning: divide by zero encountered in matmul
RuntimeWarning: overflow encountered in matmul
RuntimeWarning: invalid value encountered in matmul
RuntimeWarning: divide by zero encountered in matmul
RuntimeWarning: overflow encountered in matmul
RuntimeWarning: invalid value encountered in matmul
RuntimeWarning: divide by zero encountered in matmul
RuntimeWarning: overflow encountered in matmul
RuntimeWarning: invalid value encountered in matmul
RuntimeWarning: divide by zero encountered in matmul
RuntimeWarning: overflow encountered in matmul
RuntimeWarning: invalid value encountered in matmul
RuntimeWarning: divide by zero encountered in matmul
RuntimeWarning: overflow encountered in matmul
RuntimeWarning: invalid value encountered in matmul
RuntimeWarning: divide by zero encountered in matmul
RuntimeWarning: overflow encountered in matmul
RuntimeWarning: invalid value encountered in matmul
RuntimeWarning: divide by zero encountered in matmul
RuntimeWarning: overflow encountered in matmul
RuntimeWarning: invalid value encountered in matmul
RuntimeWarning: divide by zero encountered in matmul
RuntimeWarning: overflow encountered in matmul
RuntimeWarning: invalid value encountered in matmul
RuntimeWarning: divide by zero encountered in matmul
RuntimeWarning: overflow encountered in matmul
RuntimeWarning: invalid value encountered in matmul
RuntimeWarning: divide by zero encountered in matmul
RuntimeWarning: overflow encountered in matmul
RuntimeWarning: invalid value encountered in matmul
RuntimeWarning: divide by zero encountered in matmul
RuntimeWarning: overflow encountered in matmul
RuntimeWarning: invalid value encountered in matmul
RuntimeWarning: divide by zero encountered in matmul
RuntimeWarning: overflow encountered in matmul
RuntimeWarning: invalid value encountered in matmul
RuntimeWarning: divide by zero encountered in matmul
RuntimeWarning: overflow encountered in matmul
RuntimeWarning: invalid value encountered in matmul
RuntimeWarning: divide by zero encountered in matmul
RuntimeWarning: overflow encountered in matmul
RuntimeWarning: invalid value encountered in matmul
RuntimeWarning: divide by zero encountered in matmul
RuntimeWarning: overflow encountered in matmul
RuntimeWarning: invalid value encountered in matmul
RuntimeWarning: divide by zero encountered in matmul
RuntimeWarning: overflow encountered in matmul
RuntimeWarning: invalid value encountered in matmul
RuntimeWarning: divide by zero encountered in matmul
RuntimeWarning: overflow encountered in matmul
RuntimeWarning: invalid value encountered in matmul
RuntimeWarning: divide by zero encountered in matmul
RuntimeWarning: overflow encountered in matmul
RuntimeWarning: invalid value encountered in matmul
RuntimeWarning: divide by zero encountered in matmul
RuntimeWarning: overflow encountered in matmul
RuntimeWarning: invalid value encountered in matmul
RuntimeWarning: divide by zero encountered in matmul
RuntimeWarning: overflow encountered in matmul
RuntimeWarning: invalid value encountered in matmul
RuntimeWarning: divide by zero encountered in matmul
RuntimeWarning: overflow encountered in matmul
RuntimeWarning: invalid value encountered in matmul
RuntimeWarning: divide by zero encountered in matmul
RuntimeWarning: overflow encountered in matmul
RuntimeWarning: invalid value encountered in matmul
RuntimeWarning: divide by zero encountered in matmul
RuntimeWarning: overflow encountered in matmul
RuntimeWarning: invalid value encountered in matmul
RuntimeWarning: divide by zero encountered in matmul
RuntimeWarning: overflow encountered in matmul
RuntimeWarning: invalid value encountered in matmul
RuntimeWarning: divide by zero encountered in matmul
RuntimeWarning: overflow encountered in matmul
RuntimeWarning: invalid value encountered in matmul
RuntimeWarning: divide by zero encountered in matmul
RuntimeWarning: overflow encountered in matmul
RuntimeWarning: invalid value encountered in matmul
RuntimeWarning: divide by zero encountered in matmul
RuntimeWarning: overflow encountered in matmul
RuntimeWarning: invalid value encountered in matmul
RuntimeWarning: divide by zero encountered in matmul
RuntimeWarning: overflow encountered in matmul
RuntimeWarning: invalid value encountered in matmul
RuntimeWarning: divide by zero encountered in matmul
RuntimeWarning: overflow encountered in matmul
RuntimeWarning: invalid value encountered in matmul
RuntimeWarning: divide by zero encountered in matmul
RuntimeWarning: overflow encountered in matmul
RuntimeWarning: invalid value encountered in matmul
RuntimeWarning: divide by zero encountered in matmul
RuntimeWarning: overflow encountered in matmul
RuntimeWarning: invalid value encountered in matmul
RuntimeWarning: divide by zero encountered in matmul
RuntimeWarning: overflow encountered in matmul
RuntimeWarning: invalid value encountered in matmul
RuntimeWarning: divide by zero encountered in matmul
RuntimeWarning: overflow encountered in matmul
RuntimeWarning: invalid value encountered in matmul
RuntimeWarning: divide by zero encountered in matmul
RuntimeWarning: overflow encountered in matmul
RuntimeWarning: invalid value encountered in matmul
RuntimeWarning: divide by zero encountered in matmul
RuntimeWarning: overflow encountered in matmul
RuntimeWarning: invalid value encountered in matmul
RuntimeWarning: divide by zero encountered in matmul
RuntimeWarning: overflow encountered in matmul
RuntimeWarning: invalid value encountered in matmul
RuntimeWarning: divide by zero encountered in matmul
RuntimeWarning: overflow encountered in matmul
RuntimeWarning: invalid value encountered in matmul
RuntimeWarning: divide by zero encountered in matmul
RuntimeWarning: overflow encountered in matmul
RuntimeWarning: invalid value encountered in matmul
RuntimeWarning: divide by zero encountered in matmul
RuntimeWarning: overflow encountered in matmul
RuntimeWarning: invalid value encountered in matmul
RuntimeWarning: divide by zero encountered in matmul
RuntimeWarning: overflow encountered in matmul
RuntimeWarning: invalid value encountered in matmul
RuntimeWarning: divide by zero encountered in matmul
RuntimeWarning: overflow encountered in matmul
RuntimeWarning: invalid value encountered in matmul
RuntimeWarning: divide by zero encountered in matmul
RuntimeWarning: overflow encountered in matmul
RuntimeWarning: invalid value encountered in matmul
RuntimeWarning: divide by zero encountered in matmul
RuntimeWarning: overflow encountered in matmul
RuntimeWarning: invalid value encountered in matmul
RuntimeWarning: divide by zero encountered in matmul
RuntimeWarning: overflow encountered in matmul
RuntimeWarning: invalid value encountered in matmul
RuntimeWarning: divide by zero encountered in matmul
RuntimeWarning: overflow encountered in matmul
RuntimeWarning: invalid value encountered in matmul
RuntimeWarning: divide by zero encountered in matmul
RuntimeWarning: overflow encountered in matmul
RuntimeWarning: invalid value encountered in matmul
RuntimeWarning: divide by zero encountered in matmul
RuntimeWarning: overflow encountered in matmul
RuntimeWarning: invalid value encountered in matmul
RuntimeWarning: divide by zero encountered in matmul
RuntimeWarning: overflow encountered in matmul
RuntimeWarning: invalid value encountered in matmul
RuntimeWarning: divide by zero encountered in matmul
RuntimeWarning: overflow encountered in matmul
RuntimeWarning: invalid value encountered in matmul
RuntimeWarning: divide by zero encountered in matmul
RuntimeWarning: overflow encountered in matmul
RuntimeWarning: invalid value encountered in matmul
RuntimeWarning: divide by zero encountered in matmul
RuntimeWarning: overflow encountered in matmul
RuntimeWarning: invalid value encountered in matmul
