================
Step 1
================
Spectral indexing: ansi
Spectral resolution (L,M,N)=(6,6,0)
Node resolution (L,M,N)=(12,12,0)
Boundary ratio = 0
Pressure ratio = 0
Perturbation Order = 2
Objective: force
Optimizer: lsq-exact
================
Building objective: force
Precomputing transforms
Timer: Precomputing transforms = 890 ms
Timer: Objective build = 1.26 sec
Building objective: lcfs R
Building objective: lcfs Z
Building objective: fixed Psi
Building objective: fixed pressure
Building objective: fixed iota
Building objective: fixed sheet current
Building objective: self_consistency R
Building objective: self_consistency Z
Building objective: lambda gauge
Building objective: axis R self consistency
Building objective: axis Z self consistency
Timer: Objective build = 555 ms
Timer: LinearConstraintProjection build = 3.37 sec
Number of parameters: 27
Number of objectives: 98
Timer: Initializing the optimization = 5.23 sec

Starting optimization
Using method: lsq-exact
   Iteration     Total nfev        Cost      Cost reduction    Step norm     Optimality   
       0              1          4.082e-03                                    8.479e-02   
       1              2          3.236e-05      4.050e-03      1.293e-01      5.330e-03   
       2              3          4.599e-06      2.776e-05      6.882e-02      2.364e-03   
       3              4          5.300e-08      4.546e-06      1.538e-02      1.444e-04   
       4              5          1.137e-10      5.289e-08      6.604e-03      5.687e-06   
`gtol` condition satisfied. (gtol=1.00e-04)
         Current function value: 1.137e-10
         Total delta_x: 1.818e-01
         Iterations: 4
         Function evaluations: 5
         Jacobian evaluations: 5
Timer: Solution time = 4.49 sec
Timer: Avg time per step = 899 ms
==============================================================================================================
                                                                 Start  -->   End
Total (sum of squares):                                      4.082e-03  -->   1.137e-10, 
Maximum absolute Force error:                                2.596e+05  -->   6.095e+01 (N)
Minimum absolute Force error:                                5.674e+02  -->   6.784e-02 (N)
Average absolute Force error:                                8.678e+04  -->   1.177e+01 (N)
Maximum absolute Force error:                                4.186e-03  -->   9.828e-07 (normalized)
Minimum absolute Force error:                                9.148e-06  -->   1.094e-09 (normalized)
Average absolute Force error:                                1.399e-03  -->   1.899e-07 (normalized)
R boundary error:                                            0.000e+00  -->   3.469e-18 (m)
Z boundary error:                                            0.000e+00  -->   5.554e-17 (m)
Fixed Psi error:                                             0.000e+00  -->   0.000e+00 (Wb)
Fixed pressure profile error:                                0.000e+00  -->   0.000e+00 (Pa)
Fixed iota profile error:                                    0.000e+00  -->   0.000e+00 (dimensionless)
Fixed sheet current error:                                   0.000e+00  -->   0.000e+00 (~)
==============================================================================================================

Timer: Iteration 1 total = 11.2 sec
================
Step 2
================
Spectral indexing: ansi
Spectral resolution (L,M,N)=(12,12,0)
Node resolution (L,M,N)=(24,24,0)
Boundary ratio = 0
Pressure ratio = 0
Perturbation Order = 2
Objective: force
Optimizer: lsq-exact
================
Building objective: force
Precomputing transforms
Timer: Precomputing transforms = 1.07 sec
Timer: Objective build = 1.16 sec
Building objective: lcfs R
Building objective: lcfs Z
Building objective: fixed Psi
Building objective: fixed pressure
Building objective: fixed iota
Building objective: fixed sheet current
Building objective: self_consistency R
Building objective: self_consistency Z
Building objective: lambda gauge
Building objective: axis R self consistency
Building objective: axis Z self consistency
Timer: Objective build = 512 ms
Timer: LinearConstraintProjection build = 3.21 sec
Number of parameters: 108
Number of objectives: 338
Timer: Initializing the optimization = 4.91 sec

Starting optimization
Using method: lsq-exact
   Iteration     Total nfev        Cost      Cost reduction    Step norm     Optimality   
       0              1          1.187e-10                                    6.063e-06   
`gtol` condition satisfied. (gtol=1.00e-04)
         Current function value: 1.187e-10
         Total delta_x: 0.000e+00
         Iterations: 0
         Function evaluations: 1
         Jacobian evaluations: 1
Timer: Solution time = 2.66 sec
Timer: Avg time per step = 2.66 sec
==============================================================================================================
                                                                 Start  -->   End
Total (sum of squares):                                      1.187e-10  -->   1.187e-10, 
Maximum absolute Force error:                                7.660e+01  -->   7.660e+01 (N)
Minimum absolute Force error:                                4.368e-02  -->   4.368e-02 (N)
Average absolute Force error:                                1.175e+01  -->   1.175e+01 (N)
Maximum absolute Force error:                                1.235e-06  -->   1.235e-06 (normalized)
Minimum absolute Force error:                                7.043e-10  -->   7.043e-10 (normalized)
Average absolute Force error:                                1.895e-07  -->   1.895e-07 (normalized)
R boundary error:                                            0.000e+00  -->   0.000e+00 (m)
Z boundary error:                                            0.000e+00  -->   0.000e+00 (m)
Fixed Psi error:                                             0.000e+00  -->   0.000e+00 (Wb)
Fixed pressure profile error:                                0.000e+00  -->   0.000e+00 (Pa)
Fixed iota profile error:                                    0.000e+00  -->   0.000e+00 (dimensionless)
Fixed sheet current error:                                   0.000e+00  -->   0.000e+00 (~)
==============================================================================================================

Timer: Iteration 2 total = 10.9 sec
================
Step 3
================
Spectral indexing: ansi
Spectral resolution (L,M,N)=(12,12,0)
Node resolution (L,M,N)=(24,24,0)
Boundary ratio = 0
Pressure ratio = 0.5
Perturbation Order = 2
Objective: force
Optimizer: lsq-exact
================
Perturbing equilibrium
Building objective: force
Precomputing transforms
Timer: Precomputing transforms = 42.3 ms
Timer: Objective build = 48.5 ms
Building objective: lcfs R
Building objective: lcfs Z
Building objective: fixed Psi
Building objective: fixed pressure
Building objective: fixed iota
Building objective: fixed sheet current
Building objective: self_consistency R
Building objective: self_consistency Z
Building objective: lambda gauge
Building objective: axis R self consistency
Building objective: axis Z self consistency
Timer: Objective build = 81.1 ms
Perturbing p_l
Factorizing linear constraints
Timer: linear constraint factorize = 20.8 ms
Computing df
Timer: df computation = 3.26 sec
Factoring df
Timer: df/dx factorization = 31.6 ms
Computing d^2f
Timer: d^2f computation = 2.26 sec
Timer: Objective build = 1.41 ms
||dx||/||x|| =  3.190e-02
Timer: Total perturbation = 9.14 sec
Building objective: self_consistency R
Building objective: self_consistency Z
Building objective: lambda gauge
Building objective: axis R self consistency
Building objective: axis Z self consistency
Timer: Objective build = 7.50 ms
Timer: LinearConstraintProjection build = 22.6 ms
Number of parameters: 108
Number of objectives: 338
Timer: Initializing the optimization = 32.5 ms

Starting optimization
Using method: lsq-exact
   Iteration     Total nfev        Cost      Cost reduction    Step norm     Optimality   
       0              1          4.185e-05                                    3.515e-03   
       1              2          7.131e-06      3.472e-05      4.962e-02      1.503e-03   
       2              3          1.198e-06      5.932e-06      2.429e-02      5.916e-04   
       3              4          1.212e-07      1.077e-06      1.907e-02      1.811e-04   
       4              5          3.593e-08      8.524e-08      6.294e-03      1.497e-04   
       5              6          9.578e-10      3.497e-08      2.463e-03      2.170e-05   
`gtol` condition satisfied. (gtol=1.00e-04)
         Current function value: 9.578e-10
         Total delta_x: 6.530e-02
         Iterations: 5
         Function evaluations: 6
         Jacobian evaluations: 6
Timer: Solution time = 1.07 sec
Timer: Avg time per step = 178 ms
==============================================================================================================
                                                                 Start  -->   End
Total (sum of squares):                                      4.185e-05  -->   9.578e-10, 
Maximum absolute Force error:                                1.918e+05  -->   2.871e+02 (N)
Minimum absolute Force error:                                1.003e+01  -->   2.622e-02 (N)
Average absolute Force error:                                6.955e+03  -->   2.919e+01 (N)
Maximum absolute Force error:                                3.093e-03  -->   4.629e-06 (normalized)
Minimum absolute Force error:                                1.618e-07  -->   4.228e-10 (normalized)
Average absolute Force error:                                1.121e-04  -->   4.706e-07 (normalized)
R boundary error:                                            0.000e+00  -->   0.000e+00 (m)
Z boundary error:                                            0.000e+00  -->   0.000e+00 (m)
Fixed Psi error:                                             0.000e+00  -->   0.000e+00 (Wb)
Fixed pressure profile error:                                0.000e+00  -->   0.000e+00 (Pa)
Fixed iota profile error:                                    0.000e+00  -->   0.000e+00 (dimensionless)
Fixed sheet current error:                                   0.000e+00  -->   0.000e+00 (~)
==============================================================================================================

Timer: Iteration 3 total = 10.5 sec
================
Step 4
================
Spectral indexing: ansi
Spectral resolution (L,M,N)=(12,12,0)
Node resolution (L,M,N)=(24,24,0)
Boundary ratio = 0
Pressure ratio = 1.0
Perturbation Order = 2
Objective: force
Optimizer: lsq-exact
================
Perturbing equilibrium
Building objective: force
Precomputing transforms
Timer: Precomputing transforms = 42.4 ms
Timer: Objective build = 48.7 ms
Building objective: lcfs R
Building objective: lcfs Z
Building objective: fixed Psi
Building objective: fixed pressure
Building objective: fixed iota
Building objective: fixed sheet current
Building objective: self_consistency R
Building objective: self_consistency Z
Building objective: lambda gauge
Building objective: axis R self consistency
Building objective: axis Z self consistency
Timer: Objective build = 85.3 ms
Perturbing p_l
Factorizing linear constraints
Timer: linear constraint factorize = 675 ms
Computing df
Timer: df computation = 1.21 ms
Factoring df
Timer: df/dx factorization = 17.0 us
Computing d^2f
Timer: d^2f computation = 238 us
Timer: Objective build = 1.44 ms
||dx||/||x|| =  2.109e-02
Timer: Total perturbation = 1.36 sec
Building objective: self_consistency R
Building objective: self_consistency Z
Building objective: lambda gauge
Building objective: axis R self consistency
Building objective: axis Z self consistency
Timer: Objective build = 7.25 ms
Timer: LinearConstraintProjection build = 21.5 ms
Number of parameters: 108
Number of objectives: 338
Timer: Initializing the optimization = 31.1 ms

Starting optimization
Using method: lsq-exact
   Iteration     Total nfev        Cost      Cost reduction    Step norm     Optimality   
       0              1          2.364e-05                                    3.904e-03   
       1              3          3.050e-07      2.334e-05      1.566e-02      3.678e-04   
       2              5          4.491e-09      3.005e-07      2.778e-03      2.083e-05   
`gtol` condition satisfied. (gtol=1.00e-04)
         Current function value: 4.491e-09
         Total delta_x: 1.559e-02
         Iterations: 2
         Function evaluations: 5
         Jacobian evaluations: 3
Timer: Solution time = 57.4 ms
Timer: Avg time per step = 19.1 ms
==============================================================================================================
                                                                 Start  -->   End
Total (sum of squares):                                      2.364e-05  -->   4.491e-09, 
Maximum absolute Force error:                                1.098e+05  -->   4.513e+02 (N)
Minimum absolute Force error:                                1.976e+00  -->   1.216e-01 (N)
Average absolute Force error:                                5.127e+03  -->   7.081e+01 (N)
Maximum absolute Force error:                                1.770e-03  -->   7.276e-06 (normalized)
Minimum absolute Force error:                                3.186e-08  -->   1.960e-09 (normalized)
Average absolute Force error:                                8.266e-05  -->   1.142e-06 (normalized)
R boundary error:                                            0.000e+00  -->   0.000e+00 (m)
Z boundary error:                                            0.000e+00  -->   0.000e+00 (m)
Fixed Psi error:                                             0.000e+00  -->   0.000e+00 (Wb)
Fixed pressure profile error:                                0.000e+00  -->   0.000e+00 (Pa)
Fixed iota profile error:                                    0.000e+00  -->   0.000e+00 (dimensionless)
Fixed sheet current error:                                   0.000e+00  -->   0.000e+00 (~)
==============================================================================================================

Timer: Iteration 4 total = 1.71 sec
================
Step 5
================
Spectral indexing: ansi
Spectral resolution (L,M,N)=(12,12,10)
Node resolution (L,M,N)=(24,24,20)
Boundary ratio = 0.25
Pressure ratio = 1
Perturbation Order = 2
Objective: force
Optimizer: lsq-exact
================
Perturbing equilibrium
Building objective: force
Precomputing transforms
Timer: Precomputing transforms = 1.22 sec
Timer: Objective build = 1.29 sec
Building objective: lcfs R
Building objective: lcfs Z
Building objective: fixed Psi
Building objective: fixed pressure
Building objective: fixed iota
Building objective: fixed sheet current
Building objective: self_consistency R
Building objective: self_consistency Z
Building objective: lambda gauge
Building objective: axis R self consistency
Building objective: axis Z self consistency
Timer: Objective build = 861 ms
Perturbing Rb_lmn, Zb_lmn
Factorizing linear constraints
Timer: linear constraint factorize = 4.73 sec
Computing df
Timer: df computation = 8.38 sec
Factoring df
Timer: df/dx factorization = 55.9 ms
Computing d^2f
Timer: d^2f computation = 4.96 sec
Timer: Objective build = 1.46 ms
||dx||/||x|| =  4.327e-03
Timer: Total perturbation = 46.2 sec
Building objective: self_consistency R
Building objective: self_consistency Z
Building objective: lambda gauge
Building objective: axis R self consistency
Building objective: axis Z self consistency
Timer: Objective build = 31.4 ms
Timer: LinearConstraintProjection build = 1.65 sec
Number of parameters: 2338
Number of objectives: 13858
Timer: Initializing the optimization = 2.39 sec

Starting optimization
Using method: lsq-exact
   Iteration     Total nfev        Cost      Cost reduction    Step norm     Optimality   
       0              1          9.447e-06                                    1.484e-03   
       1              2          4.923e-07      8.954e-06      1.611e-02      5.434e-04   
       2              4          2.155e-08      4.707e-07      5.628e-03      1.191e-04   
       3              6          1.350e-09      2.020e-08      3.553e-03      2.463e-05   
`gtol` condition satisfied. (gtol=1.00e-04)
         Current function value: 1.350e-09
         Total delta_x: 1.341e-02
         Iterations: 3
         Function evaluations: 6
         Jacobian evaluations: 4
Timer: Solution time = 2.03 min
Timer: Avg time per step = 30.4 sec
==============================================================================================================
                                                                 Start  -->   End
Total (sum of squares):                                      9.447e-06  -->   1.350e-09, 
Maximum absolute Force error:                                1.271e+05  -->   3.205e+03 (N)
Minimum absolute Force error:                                1.382e-02  -->   1.713e-03 (N)
Average absolute Force error:                                2.873e+03  -->   2.673e+01 (N)
Maximum absolute Force error:                                2.050e-03  -->   5.168e-05 (normalized)
Minimum absolute Force error:                                2.228e-10  -->   2.761e-11 (normalized)
Average absolute Force error:                                4.633e-05  -->   4.310e-07 (normalized)
R boundary error:                                            0.000e+00  -->   0.000e+00 (m)
Z boundary error:                                            0.000e+00  -->   0.000e+00 (m)
Fixed Psi error:                                             0.000e+00  -->   0.000e+00 (Wb)
Fixed pressure profile error:                                0.000e+00  -->   0.000e+00 (Pa)
Fixed iota profile error:                                    0.000e+00  -->   0.000e+00 (dimensionless)
Fixed sheet current error:                                   0.000e+00  -->   0.000e+00 (~)
==============================================================================================================

Timer: Iteration 5 total = 2.91 min
================
Step 6
================
Spectral indexing: ansi
Spectral resolution (L,M,N)=(12,12,10)
Node resolution (L,M,N)=(24,24,20)
Boundary ratio = 0.5
Pressure ratio = 1
Perturbation Order = 2
Objective: force
Optimizer: lsq-exact
================
Perturbing equilibrium
Building objective: force
Precomputing transforms
Timer: Precomputing transforms = 72.8 ms
Timer: Objective build = 86.1 ms
Building objective: lcfs R
Building objective: lcfs Z
Building objective: fixed Psi
Building objective: fixed pressure
Building objective: fixed iota
Building objective: fixed sheet current
Building objective: self_consistency R
Building objective: self_consistency Z
Building objective: lambda gauge
Building objective: axis R self consistency
Building objective: axis Z self consistency
Timer: Objective build = 110 ms
Perturbing Rb_lmn, Zb_lmn
Factorizing linear constraints
Timer: linear constraint factorize = 1.46 sec
Computing df
Timer: df computation = 30.8 ms
Factoring df
Timer: df/dx factorization = 55.9 us
Computing d^2f
Timer: d^2f computation = 510 ms
Timer: Objective build = 1.45 ms
||dx||/||x|| =  7.561e-03
Timer: Total perturbation = 33.5 sec
Building objective: self_consistency R
Building objective: self_consistency Z
Building objective: lambda gauge
Building objective: axis R self consistency
Building objective: axis Z self consistency
Timer: Objective build = 31.1 ms
Timer: LinearConstraintProjection build = 1.40 sec
Number of parameters: 2338
Number of objectives: 13858
Timer: Initializing the optimization = 2.12 sec

Starting optimization
Using method: lsq-exact
   Iteration     Total nfev        Cost      Cost reduction    Step norm     Optimality   
       0              1          4.689e-05                                    4.994e-03   
       1              2          1.072e-07      4.678e-05      1.321e-02      1.531e-04   
       2              4          3.392e-09      1.039e-07      7.676e-03      1.768e-05   
`gtol` condition satisfied. (gtol=1.00e-04)
         Current function value: 3.392e-09
         Total delta_x: 1.514e-02
         Iterations: 2
         Function evaluations: 4
         Jacobian evaluations: 3
Timer: Solution time = 1.08 min
Timer: Avg time per step = 21.7 sec
==============================================================================================================
                                                                 Start  -->   End
Total (sum of squares):                                      4.689e-05  -->   3.392e-09, 
Maximum absolute Force error:                                2.635e+05  -->   3.209e+03 (N)
Minimum absolute Force error:                                5.773e-02  -->   3.508e-03 (N)
Average absolute Force error:                                5.676e+03  -->   5.347e+01 (N)
Maximum absolute Force error:                                4.249e-03  -->   5.175e-05 (normalized)
Minimum absolute Force error:                                9.309e-10  -->   5.656e-11 (normalized)
Average absolute Force error:                                9.152e-05  -->   8.622e-07 (normalized)
R boundary error:                                            0.000e+00  -->   0.000e+00 (m)
Z boundary error:                                            0.000e+00  -->   0.000e+00 (m)
Fixed Psi error:                                             0.000e+00  -->   0.000e+00 (Wb)
Fixed pressure profile error:                                0.000e+00  -->   0.000e+00 (Pa)
Fixed iota profile error:                                    0.000e+00  -->   0.000e+00 (dimensionless)
Fixed sheet current error:                                   0.000e+00  -->   0.000e+00 (~)
==============================================================================================================

Timer: Iteration 6 total = 1.69 min
================
Step 7
================
Spectral indexing: ansi
Spectral resolution (L,M,N)=(12,12,10)
Node resolution (L,M,N)=(24,24,20)
Boundary ratio = 0.75
Pressure ratio = 1
Perturbation Order = 2
Objective: force
Optimizer: lsq-exact
================
Perturbing equilibrium
Building objective: force
Precomputing transforms
Timer: Precomputing transforms = 71.8 ms
Timer: Objective build = 85.2 ms
Building objective: lcfs R
Building objective: lcfs Z
Building objective: fixed Psi
Building objective: fixed pressure
Building objective: fixed iota
Building objective: fixed sheet current
Building objective: self_consistency R
Building objective: self_consistency Z
Building objective: lambda gauge
Building objective: axis R self consistency
Building objective: axis Z self consistency
Timer: Objective build = 110 ms
Perturbing Rb_lmn, Zb_lmn
Factorizing linear constraints
Timer: linear constraint factorize = 1.41 sec
Computing df
Timer: df computation = 31.8 ms
Factoring df
Timer: df/dx factorization = 55.4 us
Computing d^2f
Timer: d^2f computation = 501 ms
Timer: Objective build = 1.48 ms
||dx||/||x|| =  4.574e-03
Timer: Total perturbation = 33.0 sec
Building objective: self_consistency R
Building objective: self_consistency Z
Building objective: lambda gauge
Building objective: axis R self consistency
Building objective: axis Z self consistency
Timer: Objective build = 30.7 ms
Timer: LinearConstraintProjection build = 1.41 sec
Number of parameters: 2338
Number of objectives: 13858
Timer: Initializing the optimization = 2.12 sec

Starting optimization
Using method: lsq-exact
   Iteration     Total nfev        Cost      Cost reduction    Step norm     Optimality   
       0              1          7.782e-06                                    2.301e-03   
       1              2          1.839e-08      7.763e-06      1.006e-02      3.829e-05   
`gtol` condition satisfied. (gtol=1.00e-04)
         Current function value: 1.839e-08
         Total delta_x: 1.006e-02
         Iterations: 1
         Function evaluations: 2
         Jacobian evaluations: 2
Timer: Solution time = 19.7 sec
Timer: Avg time per step = 9.88 sec
==============================================================================================================
                                                                 Start  -->   End
Total (sum of squares):                                      7.782e-06  -->   1.839e-08, 
Maximum absolute Force error:                                1.012e+05  -->   3.874e+03 (N)
Minimum absolute Force error:                                9.629e-02  -->   4.458e-03 (N)
Average absolute Force error:                                2.361e+03  -->   1.326e+02 (N)
Maximum absolute Force error:                                1.632e-03  -->   6.246e-05 (normalized)
Minimum absolute Force error:                                1.553e-09  -->   7.188e-11 (normalized)
Average absolute Force error:                                3.808e-05  -->   2.139e-06 (normalized)
R boundary error:                                            0.000e+00  -->   0.000e+00 (m)
Z boundary error:                                            0.000e+00  -->   0.000e+00 (m)
Fixed Psi error:                                             0.000e+00  -->   0.000e+00 (Wb)
Fixed pressure profile error:                                0.000e+00  -->   0.000e+00 (Pa)
Fixed iota profile error:                                    0.000e+00  -->   0.000e+00 (dimensionless)
Fixed sheet current error:                                   0.000e+00  -->   0.000e+00 (~)
==============================================================================================================

Timer: Iteration 7 total = 55.4 sec
================
Step 8
================
Spectral indexing: ansi
Spectral resolution (L,M,N)=(12,12,10)
Node resolution (L,M,N)=(24,24,20)
Boundary ratio = 1.0
Pressure ratio = 1
Perturbation Order = 2
Objective: force
Optimizer: lsq-exact
================
Perturbing equilibrium
Building objective: force
Precomputing transforms
Timer: Precomputing transforms = 72.1 ms
Timer: Objective build = 85.7 ms
Building objective: lcfs R
Building objective: lcfs Z
Building objective: fixed Psi
Building objective: fixed pressure
Building objective: fixed iota
Building objective: fixed sheet current
Building objective: self_consistency R
Building objective: self_consistency Z
Building objective: lambda gauge
Building objective: axis R self consistency
Building objective: axis Z self consistency
Timer: Objective build = 109 ms
Perturbing Rb_lmn, Zb_lmn
Factorizing linear constraints
Timer: linear constraint factorize = 1.43 sec
Computing df
Timer: df computation = 29.7 ms
Factoring df
Timer: df/dx factorization = 54.2 us
Computing d^2f
Timer: d^2f computation = 499 ms
Timer: Objective build = 1.42 ms
||dx||/||x|| =  4.775e-03
Timer: Total perturbation = 33.8 sec
Building objective: self_consistency R
Building objective: self_consistency Z
Building objective: lambda gauge
Building objective: axis R self consistency
Building objective: axis Z self consistency
Timer: Objective build = 31.9 ms
Timer: LinearConstraintProjection build = 1.47 sec
Number of parameters: 2338
Number of objectives: 13858
Timer: Initializing the optimization = 2.21 sec

Starting optimization
Using method: lsq-exact
   Iteration     Total nfev        Cost      Cost reduction    Step norm     Optimality   
       0              1          8.606e-06                                    2.693e-03   
       1              2          3.909e-08      8.567e-06      1.302e-02      7.279e-05   
`gtol` condition satisfied. (gtol=1.00e-04)
         Current function value: 3.909e-08
         Total delta_x: 1.302e-02
         Iterations: 1
         Function evaluations: 2
         Jacobian evaluations: 2
Timer: Solution time = 20.7 sec
Timer: Avg time per step = 10.3 sec
==============================================================================================================
                                                                 Start  -->   End
Total (sum of squares):                                      8.606e-06  -->   3.909e-08, 
Maximum absolute Force error:                                1.198e+05  -->   5.922e+03 (N)
Minimum absolute Force error:                                7.426e-02  -->   4.207e-03 (N)
Average absolute Force error:                                2.538e+03  -->   1.861e+02 (N)
Maximum absolute Force error:                                1.932e-03  -->   9.549e-05 (normalized)
Minimum absolute Force error:                                1.197e-09  -->   6.784e-11 (normalized)
Average absolute Force error:                                4.092e-05  -->   3.000e-06 (normalized)
R boundary error:                                            0.000e+00  -->   0.000e+00 (m)
Z boundary error:                                            0.000e+00  -->   0.000e+00 (m)
Fixed Psi error:                                             0.000e+00  -->   0.000e+00 (Wb)
Fixed pressure profile error:                                0.000e+00  -->   0.000e+00 (Pa)
Fixed iota profile error:                                    0.000e+00  -->   0.000e+00 (dimensionless)
Fixed sheet current error:                                   0.000e+00  -->   0.000e+00 (~)
==============================================================================================================

Timer: Iteration 8 total = 57.2 sec
====================
Done
Timer: Total time = 7.14 min
====================


# Python warnings captured during continuation
DeprecationWarning: linear_util.wrap_init is missing a DebugInfo object. This behavior is deprecated, use api_util.debug_info() to construct a proper DebugInfo object and propagate it to this function. See https://github.com/jax-ml/jax/issues/26480 for more details.
DeprecationWarning: linear_util.wrap_init is missing a DebugInfo object. This behavior is deprecated, use api_util.debug_info() to construct a proper DebugInfo object and propagate it to this function. See https://github.com/jax-ml/jax/issues/26480 for more details.
DeprecationWarning: linear_util.wrap_init is missing a DebugInfo object. This behavior is deprecated, use api_util.debug_info() to construct a proper DebugInfo object and propagate it to this function. See https://github.com/jax-ml/jax/issues/26480 for more details.
DeprecationWarning: linear_util.wrap_init is missing a DebugInfo object. This behavior is deprecated, use api_util.debug_info() to construct a proper DebugInfo object and propagate it to this function. See https://github.com/jax-ml/jax/issues/26480 for more details.
DeprecationWarning: linear_util.wrap_init is missing a DebugInfo object. This behavior is deprecated, use api_util.debug_info() to construct a proper DebugInfo object and propagate it to this function. See https://github.com/jax-ml/jax/issues/26480 for more details.
DeprecationWarning: linear_util.wrap_init is missing a DebugInfo object. This behavior is deprecated, use api_util.debug_info() to construct a proper DebugInfo object and propagate it to this function. See https://github.com/jax-ml/jax/issues/26480 for more details.
DeprecationWarning: linear_util.wrap_init is missing a DebugInfo object. This behavior is deprecated, use api_util.debug_info() to construct a proper DebugInfo object and propagate it to this function. See https://github.com/jax-ml/jax/issues/26480 for more details.
DeprecationWarning: linear_util.wrap_init is missing a DebugInfo object. This behavior is deprecated, use api_util.debug_info() to construct a proper DebugInfo object and propagate it to this function. See https://github.com/jax-ml/jax/issues/26480 for more details.
DeprecationWarning: linear_util.wrap_init is missing a DebugInfo object. This behavior is deprecated, use api_util.debug_info() to construct a proper DebugInfo object and propagate it to this function. See https://github.com/jax-ml/jax/issues/26480 for more details.
DeprecationWarning: linear_util.wrap_init is missing a DebugInfo object. This behavior is deprecated, use api_util.debug_info() to construct a proper DebugInfo object and propagate it to this function. See https://github.com/jax-ml/jax/issues/26480 for more details.
DeprecationWarning: linear_util.wrap_init is missing a DebugInfo object. This behavior is deprecated, use api_util.debug_info() to construct a proper DebugInfo object and propagate it to this function. See https://github.com/jax-ml/jax/issues/26480 for more details.
DeprecationWarning: linear_util.wrap_init is missing a DebugInfo object. This behavior is deprecated, use api_util.debug_info() to construct a proper DebugInfo object and propagate it to this function. See https://github.com/jax-ml/jax/issues/26480 for more details.
DeprecationWarning: linear_util.wrap_init is missing a DebugInfo object. This behavior is deprecated, use api_util.debug_info() to construct a proper DebugInfo object and propagate it to this function. See https://github.com/jax-ml/jax/issues/26480 for more details.
DeprecationWarning: linear_util.wrap_init is missing a DebugInfo object. This behavior is deprecated, use api_util.debug_info() to construct a proper DebugInfo object and propagate it to this function. See https://github.com/jax-ml/jax/issues/26480 for more details.
DeprecationWarning: linear_util.wrap_init is missing a DebugInfo object. This behavior is deprecated, use api_util.debug_info() to construct a proper DebugInfo object and propagate it to this function. See https://github.com/jax-ml/jax/issues/26480 for more details.
DeprecationWarning: linear_util.wrap_init is missing a DebugInfo object. This behavior is deprecated, use api_util.debug_info() to construct a proper DebugInfo object and propagate it to this function. See https://github.com/jax-ml/jax/issues/26480 for more details.
DeprecationWarning: linear_util.wrap_init is missing a DebugInfo object. This behavior is deprecated, use api_util.debug_info() to construct a proper DebugInfo object and propagate it to this function. See https://github.com/jax-ml/jax/issues/26480 for more details.
DeprecationWarning: linear_util.wrap_init is missing a DebugInfo object. This behavior is deprecated, use api_util.debug_info() to construct a proper DebugInfo object and propagate it to this function. See https://github.com/jax-ml/jax/issues/26480 for more details.
DeprecationWarning: linear_util.wrap_init is missing a DebugInfo object. This behavior is deprecated, use api_util.debug_info() to construct a proper DebugInfo object and propagate it to this function. See https://github.com/jax-ml/jax/issues/26480 for more details.
DeprecationWarning: linear_util.wrap_init is missing a DebugInfo object. This behavior is deprecated, use api_util.debug_info() to construct a proper DebugInfo object and propagate it to this function. See https://github.com/jax-ml/jax/issues/26480 for more details.
DeprecationWarning: linear_util.wrap_init is missing a DebugInfo object. This behavior is deprecated, use api_util.debug_info() to construct a proper DebugInfo object and propagate it to this function. See https://github.com/jax-ml/jax/issues/26480 for more details.
DeprecationWarning: linear_util.wrap_init is missing a DebugInfo object. This behavior is deprecated, use api_util.debug_info() to construct a proper DebugInfo object and propagate it to this function. See https://github.com/jax-ml/jax/issues/26480 for more details.
DeprecationWarning: linear_util.wrap_init is missing a DebugInfo object. This behavior is deprecated, use api_util.debug_info() to construct a proper DebugInfo object and propagate it to this function. See https://github.com/jax-ml/jax/issues/26480 for more details.
DeprecationWarning: linear_util.wrap_init is missing a DebugInfo object. This behavior is deprecated, use api_util.debug_info() to construct a proper DebugInfo object and propagate it to this function. See https://github.com/jax-ml/jax/issues/26480 for more details.
DeprecationWarning: linear_util.wrap_init is missing a DebugInfo object. This behavior is deprecated, use api_util.debug_info() to construct a proper DebugInfo object and propagate it to this function. See https://github.com/jax-ml/jax/issues/26480 for more details.
DeprecationWarning: linear_util.wrap_init is missing a DebugInfo object. This behavior is deprecated, use api_util.debug_info() to construct a proper DebugInfo object and propagate it to this function. See https://github.com/jax-ml/jax/issues/26480 for more details.
DeprecationWarning: linear_util.wrap_init is missing a DebugInfo object. This behavior is deprecated, use api_util.debug_info() to construct a proper DebugInfo object and propagate it to this function. See https://github.com/jax-ml/jax/issues/26480 for more details.
DeprecationWarning: linear_util.wrap_init is missing a DebugInfo object. This behavior is deprecated, use api_util.debug_info() to construct a proper DebugInfo object and propagate it to this function. See https://github.com/jax-ml/jax/issues/26480 for more details.
DeprecationWarning: linear_util.wrap_init is missing a DebugInfo object. This behavior is deprecated, use api_util.debug_info() to construct a proper DebugInfo object and propagate it to this function. See https://github.com/jax-ml/jax/issues/26480 for more details.
DeprecationWarning: linear_util.wrap_init is missing a DebugInfo object. This behavior is deprecated, use api_util.debug_info() to construct a proper DebugInfo object and propagate it to this function. See https://github.com/jax-ml/jax/issues/26480 for more details.
DeprecationWarning: linear_util.wrap_init is missing a DebugInfo object. This behavior is deprecated, use api_util.debug_info() to construct a proper DebugInfo object and propagate it to this function. See https://github.com/jax-ml/jax/issues/26480 for more details.
DeprecationWarning: linear_util.wrap_init is missing a DebugInfo object. This behavior is deprecated, use api_util.debug_info() to construct a proper DebugInfo object and propagate it to this function. See https://github.com/jax-ml/jax/issues/26480 for more details.
DeprecationWarning: linear_util.wrap_init is missing a DebugInfo object. This behavior is deprecated, use api_util.debug_info() to construct a proper DebugInfo object and propagate it to this function. See https://github.com/jax-ml/jax/issues/26480 for more details.
DeprecationWarning: linear_util.wrap_init is missing a DebugInfo object. This behavior is deprecated, use api_util.debug_info() to construct a proper DebugInfo object and propagate it to this function. See https://github.com/jax-ml/jax/issues/26480 for more details.
DeprecationWarning: linear_util.wrap_init is missing a DebugInfo object. This behavior is deprecated, use api_util.debug_info() to construct a proper DebugInfo object and propagate it to this function. See https://github.com/jax-ml/jax/issues/26480 for more details.
DeprecationWarning: linear_util.wrap_init is missing a DebugInfo object. This behavior is deprecated, use api_util.debug_info() to construct a proper DebugInfo object and propagate it to this function. See https://github.com/jax-ml/jax/issues/26480 for more details.
DeprecationWarning: linear_util.wrap_init is missing a DebugInfo object. This behavior is deprecated, use api_util.debug_info() to construct a proper DebugInfo object and propagate it to this function. See https://github.com/jax-ml/jax/issues/26480 for more details.
DeprecationWarning: linear_util.wrap_init is missing a DebugInfo object. This behavior is deprecated, use api_util.debug_info() to construct a proper DebugInfo object and propagate it to this function. See https://github.com/jax-ml/jax/issues/26480 for more details.
