================
Step 1
================
Spectral indexing: ansi
Spectral resolution (L,M,N)=(6,6,0)
Node resolution (L,M,N)=(12,12,0)
Boundary ratio = 0
Pressure ratio = 0
Perturbation Order = 2
Objective: force
Optimizer: lsq-exact
================
Building objective: force
Precomputing transforms
Timer: Precomputing transforms = 987 ms
Timer: Objective build = 1.38 sec
Building objective: lcfs R
Building objective: lcfs Z
Building objective: fixed Psi
Building objective: fixed pressure
Building objective: fixed iota
Building objective: fixed sheet current
Building objective: self_consistency R
Building objective: self_consistency Z
Building objective: lambda gauge
Building objective: axis R self consistency
Building objective: axis Z self consistency
Timer: Objective build = 568 ms
Timer: LinearConstraintProjection build = 3.44 sec
Number of parameters: 27
Number of objectives: 98
Timer: Initializing the optimization = 5.43 sec

Starting optimization
Using method: lsq-exact
   Iteration     Total nfev        Cost      Cost reduction    Step norm     Optimality   
       0              1          2.365e-03                                    6.531e-02   
       1              2          5.924e-06      2.360e-03      9.611e-02      2.528e-03   
       2              3          1.182e-06      4.743e-06      4.574e-02      1.283e-03   
       3              4          3.475e-09      1.178e-06      5.160e-03      3.504e-05   
       4              5          6.760e-11      3.408e-09      4.401e-03      5.896e-06   
       5              6          3.184e-11      3.577e-11      1.842e-03      3.539e-06   
       6              8          5.291e-12      2.655e-11      3.242e-04      2.719e-07   
       7             10          5.138e-12      1.526e-13      1.671e-04      8.386e-08   
       8             12          5.118e-12      2.007e-14      7.974e-05      7.847e-09   
`gtol` condition satisfied. (gtol=1.00e-08)
         Current function value: 5.118e-12
         Total delta_x: 1.393e-01
         Iterations: 8
         Function evaluations: 12
         Jacobian evaluations: 9
Timer: Solution time = 4.71 sec
Timer: Avg time per step = 523 ms
==============================================================================================================
                                                                 Start  -->   End
Total (sum of squares):                                      2.365e-03  -->   5.118e-12, 
Maximum absolute Force error:                                2.074e+05  -->   2.960e+01 (N)
Minimum absolute Force error:                                3.769e+02  -->   4.038e-02 (N)
Average absolute Force error:                                6.484e+04  -->   2.846e+00 (N)
Maximum absolute Force error:                                3.362e-03  -->   4.800e-07 (normalized)
Minimum absolute Force error:                                6.111e-06  -->   6.548e-10 (normalized)
Average absolute Force error:                                1.051e-03  -->   4.614e-08 (normalized)
R boundary error:                                            0.000e+00  -->   0.000e+00 (m)
Z boundary error:                                            0.000e+00  -->   0.000e+00 (m)
Fixed Psi error:                                             0.000e+00  -->   0.000e+00 (Wb)
Fixed pressure profile error:                                0.000e+00  -->   0.000e+00 (Pa)
Fixed iota profile error:                                    0.000e+00  -->   0.000e+00 (dimensionless)
Fixed sheet current error:                                   0.000e+00  -->   0.000e+00 (~)
==============================================================================================================

Timer: Iteration 1 total = 11.6 sec
================
Step 2
================
Spectral indexing: ansi
Spectral resolution (L,M,N)=(12,12,0)
Node resolution (L,M,N)=(24,24,0)
Boundary ratio = 0
Pressure ratio = 0
Perturbation Order = 2
Objective: force
Optimizer: lsq-exact
================
Building objective: force
Precomputing transforms
Timer: Precomputing transforms = 1.14 sec
Timer: Objective build = 1.23 sec
Building objective: lcfs R
Building objective: lcfs Z
Building objective: fixed Psi
Building objective: fixed pressure
Building objective: fixed iota
Building objective: fixed sheet current
Building objective: self_consistency R
Building objective: self_consistency Z
Building objective: lambda gauge
Building objective: axis R self consistency
Building objective: axis Z self consistency
Timer: Objective build = 556 ms
Timer: LinearConstraintProjection build = 3.42 sec
Number of parameters: 108
Number of objectives: 338
Timer: Initializing the optimization = 5.24 sec

Starting optimization
Using method: lsq-exact
   Iteration     Total nfev        Cost      Cost reduction    Step norm     Optimality   
       0              1          5.149e-12                                    1.212e-06   
       1              5          2.275e-12      2.873e-12      2.872e-04      7.204e-08   
       2              6          1.054e-12      1.221e-12      3.462e-04      1.503e-07   
       3              8          4.752e-13      5.789e-13      1.264e-04      4.786e-08   
       4              9          4.645e-13      1.073e-14      2.288e-04      1.915e-07   
       5             10          8.491e-14      3.796e-13      1.702e-04      1.223e-08   
       6             11          5.390e-14      3.100e-14      2.273e-04      3.134e-08   
       7             12          3.152e-14      2.238e-14      1.852e-04      5.823e-08   
       8             13          2.205e-14      9.468e-15      1.759e-04      6.307e-08   
       9             15          5.739e-15      1.631e-14      4.628e-05      3.888e-09   
`gtol` condition satisfied. (gtol=1.00e-08)
         Current function value: 5.739e-15
         Total delta_x: 9.210e-04
         Iterations: 9
         Function evaluations: 15
         Jacobian evaluations: 10
Timer: Solution time = 4.26 sec
Timer: Avg time per step = 426 ms
==============================================================================================================
                                                                 Start  -->   End
Total (sum of squares):                                      5.149e-12  -->   5.739e-15, 
Maximum absolute Force error:                                3.858e+01  -->   1.439e+00 (N)
Minimum absolute Force error:                                4.516e-03  -->   3.181e-04 (N)
Average absolute Force error:                                2.737e+00  -->   9.191e-02 (N)
Maximum absolute Force error:                                6.255e-07  -->   2.334e-08 (normalized)
Minimum absolute Force error:                                7.322e-11  -->   5.157e-12 (normalized)
Average absolute Force error:                                4.438e-08  -->   1.490e-09 (normalized)
R boundary error:                                            0.000e+00  -->   0.000e+00 (m)
Z boundary error:                                            0.000e+00  -->   0.000e+00 (m)
Fixed Psi error:                                             0.000e+00  -->   0.000e+00 (Wb)
Fixed pressure profile error:                                0.000e+00  -->   0.000e+00 (Pa)
Fixed iota profile error:                                    0.000e+00  -->   0.000e+00 (dimensionless)
Fixed sheet current error:                                   0.000e+00  -->   0.000e+00 (~)
==============================================================================================================

Timer: Iteration 2 total = 12.8 sec
================
Step 3
================
Spectral indexing: ansi
Spectral resolution (L,M,N)=(12,12,0)
Node resolution (L,M,N)=(24,24,0)
Boundary ratio = 0
Pressure ratio = 0.5
Perturbation Order = 2
Objective: force
Optimizer: lsq-exact
================
Perturbing equilibrium
Building objective: force
Precomputing transforms
Timer: Precomputing transforms = 42.6 ms
Timer: Objective build = 49.1 ms
Building objective: lcfs R
Building objective: lcfs Z
Building objective: fixed Psi
Building objective: fixed pressure
Building objective: fixed iota
Building objective: fixed sheet current
Building objective: self_consistency R
Building objective: self_consistency Z
Building objective: lambda gauge
Building objective: axis R self consistency
Building objective: axis Z self consistency
Timer: Objective build = 70.7 ms
Perturbing p_l
Factorizing linear constraints
Timer: linear constraint factorize = 20.6 ms
Computing df
Timer: df computation = 3.06 sec
Factoring df
Timer: df/dx factorization = 33.0 ms
Computing d^2f
Timer: d^2f computation = 2.26 sec
Timer: Objective build = 1.40 ms
||dx||/||x|| =  5.370e-02
Timer: Total perturbation = 8.82 sec
Building objective: self_consistency R
Building objective: self_consistency Z
Building objective: lambda gauge
Building objective: axis R self consistency
Building objective: axis Z self consistency
Timer: Objective build = 7.21 ms
Timer: LinearConstraintProjection build = 22.4 ms
Number of parameters: 108
Number of objectives: 338
Timer: Initializing the optimization = 31.8 ms

Starting optimization
Using method: lsq-exact
   Iteration     Total nfev        Cost      Cost reduction    Step norm     Optimality   
       0              1          5.261e-01                                    4.402e-01   
       1              2          3.362e-02      4.924e-01      1.992e-01      1.338e-01   
       2              3          1.158e-03      3.246e-02      6.147e-02      8.126e-03   
       3              5          1.453e-04      1.013e-03      3.879e-02      5.831e-03   
       4              7          3.101e-05      1.143e-04      4.792e-02      2.826e-03   
       5              9          1.172e-06      2.983e-05      2.813e-02      2.675e-04   
       6             11          1.734e-07      9.981e-07      1.599e-02      5.134e-05   
       7             13          1.421e-07      3.133e-08      7.512e-03      1.334e-05   
       8             15          1.374e-07      4.698e-09      3.676e-03      3.151e-06   
       9             16          1.324e-07      4.934e-09      7.221e-03      1.362e-05   
      10             18          1.282e-07      4.215e-09      3.587e-03      3.618e-06   
      11             19          1.241e-07      4.121e-09      7.061e-03      1.522e-05   
      12             20          1.191e-07      5.001e-09      6.940e-03      1.569e-05   
      13             22          1.155e-07      3.623e-09      3.433e-03      3.936e-06   
      14             23          1.123e-07      3.195e-09      6.703e-03      1.537e-05   
      15             24          1.082e-07      4.124e-09      6.530e-03      1.497e-05   
      16             26          1.051e-07      3.089e-09      3.214e-03      3.649e-06   
      17             27          1.025e-07      2.592e-09      6.243e-03      1.382e-05   
      18             28          9.900e-08      3.471e-09      6.058e-03      1.317e-05   
      19             30          9.629e-08      2.719e-09      2.979e-03      3.194e-06   
      20             31          9.416e-08      2.126e-09      5.779e-03      1.264e-05   
      21             32          9.116e-08      2.998e-09      5.612e-03      1.253e-05   
      22             33          8.830e-08      2.857e-09      5.452e-03      1.232e-05   
      23             34          8.558e-08      2.726e-09      5.303e-03      1.211e-05   
      24             35          8.297e-08      2.610e-09      5.165e-03      1.190e-05   
      25             36          8.046e-08      2.507e-09      5.038e-03      1.170e-05   
      26             37          7.805e-08      2.414e-09      4.921e-03      1.152e-05   
      27             38          7.572e-08      2.327e-09      4.814e-03      1.137e-05   
      28             39          7.348e-08      2.242e-09      4.717e-03      1.126e-05   
      29             40          7.132e-08      2.156e-09      4.626e-03      1.116e-05   
      30             41          6.926e-08      2.066e-09      4.539e-03      1.107e-05   
      31             42          6.729e-08      1.972e-09      4.449e-03      1.093e-05   
      32             43          6.541e-08      1.872e-09      4.351e-03      1.072e-05   
      33             44          6.365e-08      1.767e-09      4.238e-03      1.038e-05   
      34             45          6.198e-08      1.663e-09      4.112e-03      9.918e-06   
      35             46          6.042e-08      1.563e-09      3.973e-03      9.344e-06   
      36             47          5.895e-08      1.473e-09      3.825e-03      9.378e-06   
      37             48          5.756e-08      1.393e-09      3.671e-03      9.546e-06   
      38             49          5.623e-08      1.324e-09      3.515e-03      9.589e-06   
      39             50          5.497e-08      1.263e-09      3.362e-03      9.539e-06   
      40             51          5.376e-08      1.209e-09      3.217e-03      9.429e-06   
      41             52          5.260e-08      1.160e-09      3.085e-03      9.285e-06   
      42             53          5.148e-08      1.115e-09      2.969e-03      9.135e-06   
      43             54          5.041e-08      1.074e-09      2.874e-03      8.997e-06   
      44             55          4.937e-08      1.037e-09      2.801e-03      8.886e-06   
      45             56          4.837e-08      1.005e-09      2.749e-03      8.812e-06   
      46             57          4.739e-08      9.775e-10      2.718e-03      8.778e-06   
      47             58          4.644e-08      9.551e-10      2.704e-03      8.781e-06   
      48             59          4.550e-08      9.377e-10      2.705e-03      8.817e-06   
      49             60          4.456e-08      9.353e-10      2.716e-03      8.792e-06   
      50             61          4.365e-08      9.145e-10      2.735e-03      8.895e-06   
      51             62          4.274e-08      9.112e-10      2.756e-03      9.123e-06   
      52             63          4.183e-08      9.099e-10      2.775e-03      9.351e-06   
      53             64          4.092e-08      9.091e-10      2.789e-03      9.633e-06   
      54             65          4.001e-08      9.064e-10      2.796e-03      9.898e-06   
      55             66          3.913e-08      8.863e-10      2.797e-03      1.021e-05   
      56             67          3.824e-08      8.869e-10      2.793e-03      1.037e-05   
      57             68          3.736e-08      8.762e-10      2.788e-03      1.053e-05   
      58             69          3.650e-08      8.643e-10      2.783e-03      1.059e-05   
      59             70          3.565e-08      8.501e-10      2.779e-03      1.054e-05   
      60             71          3.482e-08      8.332e-10      2.776e-03      1.041e-05   
      61             72          3.400e-08      8.144e-10      2.775e-03      1.067e-05   
      62             73          3.321e-08      7.947e-10      2.775e-03      1.091e-05   
      63             74          3.243e-08      7.752e-10      2.777e-03      1.115e-05   
      64             75          3.167e-08      7.565e-10      2.781e-03      1.136e-05   
      65             76          3.094e-08      7.388e-10      2.786e-03      1.156e-05   
      66             77          3.021e-08      7.221e-10      2.792e-03      1.175e-05   
      67             78          2.951e-08      7.063e-10      2.797e-03      1.193e-05   
      68             79          2.882e-08      6.912e-10      2.802e-03      1.210e-05   
      69             80          2.814e-08      6.766e-10      2.805e-03      1.227e-05   
      70             81          2.748e-08      6.625e-10      2.807e-03      1.243e-05   
      71             82          2.683e-08      6.486e-10      2.807e-03      1.260e-05   
      72             83          2.619e-08      6.348e-10      2.804e-03      1.277e-05   
      73             84          2.557e-08      6.213e-10      2.799e-03      1.294e-05   
      74             85          2.496e-08      6.080e-10      2.792e-03      1.310e-05   
      75             86          2.437e-08      5.950e-10      2.784e-03      1.326e-05   
      76             87          2.379e-08      5.823e-10      2.774e-03      1.341e-05   
      77             88          2.322e-08      5.700e-10      2.764e-03      1.355e-05   
      78             89          2.266e-08      5.581e-10      2.754e-03      1.366e-05   
      79             90          2.211e-08      5.467e-10      2.744e-03      1.375e-05   
      80             91          2.158e-08      5.357e-10      2.734e-03      1.382e-05   
      81             92          2.105e-08      5.253e-10      2.725e-03      1.385e-05   
      82             93          2.054e-08      5.154e-10      2.717e-03      1.384e-05   
      83             94          2.003e-08      5.060e-10      2.710e-03      1.379e-05   
      84             95          1.953e-08      4.974e-10      2.704e-03      1.369e-05   
      85             96          1.904e-08      4.894e-10      2.700e-03      1.354e-05   
      86             97          1.856e-08      4.820e-10      2.699e-03      1.331e-05   
      87             98          1.809e-08      4.754e-10      2.701e-03      1.301e-05   
      88             99          1.762e-08      4.691e-10      2.709e-03      1.264e-05   
      89             100         1.715e-08      4.630e-10      2.723e-03      1.221e-05   
      90             101         1.670e-08      4.566e-10      2.745e-03      1.175e-05   
      91             102         1.625e-08      4.497e-10      2.776e-03      1.132e-05   
      92             103         1.580e-08      4.428e-10      2.811e-03      1.097e-05   
      93             104         1.537e-08      4.358e-10      2.845e-03      1.075e-05   
      94             105         1.494e-08      4.285e-10      2.873e-03      1.068e-05   
      95             106         1.452e-08      4.203e-10      2.892e-03      1.075e-05   
      96             107         1.411e-08      4.108e-10      2.902e-03      1.093e-05   
      97             108         1.371e-08      4.003e-10      2.907e-03      1.118e-05   
      98             109         1.332e-08      3.892e-10      2.908e-03      1.148e-05   
      99             110         1.294e-08      3.780e-10      2.906e-03      1.180e-05   
      100            111         1.257e-08      3.670e-10      2.903e-03      1.212e-05   
Warning: Maximum number of iterations has been exceeded.
         Current function value: 1.257e-08
         Total delta_x: 2.732e-01
         Iterations: 100
         Function evaluations: 111
         Jacobian evaluations: 101
Timer: Solution time = 2.01 sec
Timer: Avg time per step = 19.9 ms
==============================================================================================================
                                                                 Start  -->   End
Total (sum of squares):                                      5.261e-01  -->   1.257e-08, 
Maximum absolute Force error:                                2.013e+07  -->   2.014e+03 (N)
Minimum absolute Force error:                                1.549e+01  -->   1.008e-01 (N)
Average absolute Force error:                                8.331e+05  -->   1.264e+02 (N)
Maximum absolute Force error:                                3.265e-01  -->   3.266e-05 (normalized)
Minimum absolute Force error:                                2.512e-07  -->   1.634e-09 (normalized)
Average absolute Force error:                                1.351e-02  -->   2.049e-06 (normalized)
R boundary error:                                            0.000e+00  -->   0.000e+00 (m)
Z boundary error:                                            0.000e+00  -->   0.000e+00 (m)
Fixed Psi error:                                             0.000e+00  -->   0.000e+00 (Wb)
Fixed pressure profile error:                                0.000e+00  -->   1.137e-13 (Pa)
Fixed iota profile error:                                    0.000e+00  -->   0.000e+00 (dimensionless)
Fixed sheet current error:                                   0.000e+00  -->   0.000e+00 (~)
==============================================================================================================

Timer: Iteration 3 total = 11.2 sec
================
Step 4
================
Spectral indexing: ansi
Spectral resolution (L,M,N)=(12,12,0)
Node resolution (L,M,N)=(24,24,0)
Boundary ratio = 0
Pressure ratio = 1.0
Perturbation Order = 2
Objective: force
Optimizer: lsq-exact
================
Perturbing equilibrium
Building objective: force
Precomputing transforms
Timer: Precomputing transforms = 40.5 ms
Timer: Objective build = 46.7 ms
Building objective: lcfs R
Building objective: lcfs Z
Building objective: fixed Psi
Building objective: fixed pressure
Building objective: fixed iota
Building objective: fixed sheet current
Building objective: self_consistency R
Building objective: self_consistency Z
Building objective: lambda gauge
Building objective: axis R self consistency
Building objective: axis Z self consistency
Timer: Objective build = 70.6 ms
Perturbing p_l
Factorizing linear constraints
Timer: linear constraint factorize = 682 ms
Computing df
Timer: df computation = 1.28 ms
Factoring df
Timer: df/dx factorization = 20.1 us
Computing d^2f
Timer: d^2f computation = 253 us
Timer: Objective build = 1.40 ms
||dx||/||x|| =  4.546e-02
Timer: Total perturbation = 1.40 sec
Building objective: self_consistency R
Building objective: self_consistency Z
Building objective: lambda gauge
Building objective: axis R self consistency
Building objective: axis Z self consistency
Timer: Objective build = 7.36 ms
Timer: LinearConstraintProjection build = 21.1 ms
Number of parameters: 108
Number of objectives: 338
Timer: Initializing the optimization = 30.6 ms

Starting optimization
Using method: lsq-exact
   Iteration     Total nfev        Cost      Cost reduction    Step norm     Optimality   
       0              1          4.169e-03                                    6.332e-02   
       1              2          3.217e-05      4.137e-03      5.803e-02      3.896e-03   
       2              4          3.306e-06      2.887e-05      2.747e-02      1.223e-03   
       3              6          2.252e-07      3.081e-06      1.175e-02      1.593e-04   
       4              8          2.263e-08      2.026e-07      7.484e-03      4.362e-05   
       5             10          9.718e-09      1.291e-08      4.317e-03      1.959e-05   
       6             12          7.621e-09      2.097e-09      2.144e-03      4.697e-06   
       7             14          7.377e-09      2.439e-10      1.094e-03      1.169e-06   
       8             15          7.187e-09      1.897e-10      2.276e-03      4.297e-06   
       9             16          6.927e-09      2.606e-10      2.317e-03      4.047e-06   
      10             18          6.728e-09      1.989e-10      1.161e-03      9.597e-07   
      11             19          6.579e-09      1.486e-10      2.360e-03      4.011e-06   
      12             20          6.370e-09      2.087e-10      2.372e-03      3.969e-06   
      13             21          6.176e-09      1.942e-10      2.393e-03      3.944e-06   
      14             22          5.993e-09      1.835e-10      2.420e-03      3.859e-06   
      15             23          5.818e-09      1.744e-10      2.454e-03      3.736e-06   
      16             24          5.652e-09      1.661e-10      2.493e-03      3.903e-06   
      17             25          5.494e-09      1.584e-10      2.534e-03      4.012e-06   
      18             26          5.343e-09      1.512e-10      2.577e-03      4.080e-06   
      19             27          5.198e-09      1.444e-10      2.618e-03      4.121e-06   
      20             28          5.060e-09      1.381e-10      2.658e-03      4.144e-06   
      21             29          4.928e-09      1.323e-10      2.696e-03      4.159e-06   
      22             30          4.801e-09      1.270e-10      2.731e-03      4.175e-06   
      23             31          4.679e-09      1.221e-10      2.765e-03      4.200e-06   
      24             32          4.561e-09      1.176e-10      2.799e-03      4.240e-06   
      25             33          4.447e-09      1.136e-10      2.833e-03      4.302e-06   
      26             34          4.337e-09      1.101e-10      2.870e-03      4.392e-06   
      27             35          4.230e-09      1.075e-10      2.909e-03      4.505e-06   
      28             36          4.123e-09      1.068e-10      2.949e-03      4.605e-06   
      29             37          4.017e-09      1.061e-10      2.983e-03      4.694e-06   
      30             38          3.903e-09      1.141e-10      3.010e-03      4.528e-06   
      31             39          3.777e-09      1.257e-10      3.048e-03      3.989e-06   
      32             40          3.649e-09      1.276e-10      3.085e-03      3.109e-06   
      33             41          3.533e-09      1.165e-10      3.071e-03      2.370e-06   
      34             42          3.432e-09      1.012e-10      3.008e-03      2.012e-06   
      35             43          3.342e-09      8.949e-11      2.931e-03      1.710e-06   
      36             44          3.260e-09      8.221e-11      2.860e-03      1.512e-06   
      37             45          3.183e-09      7.737e-11      2.802e-03      1.468e-06   
      38             46          3.109e-09      7.362e-11      2.754e-03      1.499e-06   
      39             47          3.039e-09      7.038e-11      2.712e-03      1.531e-06   
      40             48          2.971e-09      6.742e-11      2.674e-03      1.564e-06   
      41             49          2.907e-09      6.465e-11      2.636e-03      1.597e-06   
      42             50          2.845e-09      6.204e-11      2.599e-03      1.627e-06   
      43             51          2.785e-09      5.959e-11      2.561e-03      1.656e-06   
      44             52          2.728e-09      5.727e-11      2.523e-03      1.681e-06   
      45             53          2.673e-09      5.507e-11      2.484e-03      1.704e-06   
      46             54          2.620e-09      5.298e-11      2.445e-03      1.725e-06   
      47             55          2.569e-09      5.100e-11      2.405e-03      1.744e-06   
      48             56          2.520e-09      4.910e-11      2.365e-03      1.764e-06   
      49             57          2.472e-09      4.729e-11      2.325e-03      1.785e-06   
      50             58          2.427e-09      4.555e-11      2.285e-03      1.807e-06   
      51             59          2.383e-09      4.388e-11      2.245e-03      1.831e-06   
      52             60          2.341e-09      4.226e-11      2.205e-03      1.857e-06   
      53             61          2.300e-09      4.071e-11      2.165e-03      1.886e-06   
      54             62          2.261e-09      3.921e-11      2.126e-03      1.917e-06   
      55             63          2.223e-09      3.776e-11      2.086e-03      1.951e-06   
      56             64          2.187e-09      3.636e-11      2.048e-03      1.987e-06   
      57             65          2.152e-09      3.501e-11      2.009e-03      2.024e-06   
      58             66          2.118e-09      3.372e-11      1.972e-03      2.061e-06   
      59             67          2.085e-09      3.249e-11      1.936e-03      2.106e-06   
      60             68          2.054e-09      3.131e-11      1.901e-03      2.193e-06   
      61             69          2.024e-09      3.019e-11      1.869e-03      2.278e-06   
      62             70          1.995e-09      2.913e-11      1.838e-03      2.357e-06   
      63             71          1.967e-09      2.813e-11      1.810e-03      2.431e-06   
      64             72          1.939e-09      2.719e-11      1.784e-03      2.497e-06   
      65             73          1.913e-09      2.632e-11      1.760e-03      2.556e-06   
      66             74          1.888e-09      2.550e-11      1.740e-03      2.606e-06   
      67             75          1.863e-09      2.475e-11      1.721e-03      2.648e-06   
      68             76          1.839e-09      2.405e-11      1.705e-03      2.749e-06   
      69             77          1.815e-09      2.342e-11      1.692e-03      2.913e-06   
      70             78          1.792e-09      2.285e-11      1.680e-03      3.074e-06   
      71             79          1.770e-09      2.233e-11      1.671e-03      3.231e-06   
      72             80          1.748e-09      2.186e-11      1.663e-03      3.383e-06   
      73             81          1.727e-09      2.146e-11      1.656e-03      3.529e-06   
      74             82          1.706e-09      2.110e-11      1.651e-03      3.670e-06   
      75             83          1.685e-09      2.080e-11      1.646e-03      3.804e-06   
      76             84          1.664e-09      2.056e-11      1.642e-03      3.931e-06   
      77             85          1.644e-09      2.037e-11      1.639e-03      4.054e-06   
      78             86          1.624e-09      2.023e-11      1.636e-03      4.173e-06   
      79             87          1.603e-09      2.107e-11      1.634e-03      4.251e-06   
      80             88          1.583e-09      1.963e-11      1.631e-03      4.390e-06   
      81             89          1.564e-09      1.867e-11      1.629e-03      4.565e-06   
      82             90          1.550e-09      1.477e-11      1.628e-03      4.840e-06   
      83             91          1.487e-09      6.303e-11      4.125e-04      7.040e-07   
      84             93          1.483e-09      3.820e-12      2.019e-04      2.859e-07   
Optimization terminated successfully.
`ftol` condition satisfied. (ftol=1.00e-02)
         Current function value: 1.483e-09
         Total delta_x: 1.906e-01
         Iterations: 84
         Function evaluations: 93
         Jacobian evaluations: 85
Timer: Solution time = 1.29 sec
Timer: Avg time per step = 15.2 ms
==============================================================================================================
                                                                 Start  -->   End
Total (sum of squares):                                      4.169e-03  -->   1.483e-09, 
Maximum absolute Force error:                                2.998e+06  -->   1.030e+03 (N)
Minimum absolute Force error:                                1.594e+00  -->   2.467e-01 (N)
Average absolute Force error:                                5.531e+04  -->   4.505e+01 (N)
Maximum absolute Force error:                                4.860e-02  -->   1.671e-05 (normalized)
Minimum absolute Force error:                                2.585e-08  -->   4.000e-09 (normalized)
Average absolute Force error:                                8.968e-04  -->   7.305e-07 (normalized)
R boundary error:                                            0.000e+00  -->   0.000e+00 (m)
Z boundary error:                                            0.000e+00  -->   0.000e+00 (m)
Fixed Psi error:                                             0.000e+00  -->   0.000e+00 (Wb)
Fixed pressure profile error:                                0.000e+00  -->   0.000e+00 (Pa)
Fixed iota profile error:                                    0.000e+00  -->   0.000e+00 (dimensionless)
Fixed sheet current error:                                   0.000e+00  -->   0.000e+00 (~)
==============================================================================================================

Timer: Iteration 4 total = 3.39 sec
================
Step 5
================
Spectral indexing: ansi
Spectral resolution (L,M,N)=(12,12,8)
Node resolution (L,M,N)=(24,24,16)
Boundary ratio = 0.25
Pressure ratio = 1
Perturbation Order = 2
Objective: force
Optimizer: lsq-exact
================
Perturbing equilibrium
Building objective: force
Precomputing transforms
Timer: Precomputing transforms = 1.24 sec
Timer: Objective build = 1.31 sec
Building objective: lcfs R
Building objective: lcfs Z
Building objective: fixed Psi
Building objective: fixed pressure
Building objective: fixed iota
Building objective: fixed sheet current
Building objective: self_consistency R
Building objective: self_consistency Z
Building objective: lambda gauge
Building objective: axis R self consistency
Building objective: axis Z self consistency
Timer: Objective build = 829 ms
Perturbing Rb_lmn, Zb_lmn
Factorizing linear constraints
Timer: linear constraint factorize = 4.01 sec
Computing df
Timer: df computation = 6.64 sec
Factoring df
Timer: df/dx factorization = 46.5 ms
Computing d^2f
Timer: d^2f computation = 5.11 sec
Timer: Objective build = 1.44 ms
||dx||/||x|| =  2.372e-02
Timer: Total perturbation = 32.9 sec
Building objective: self_consistency R
Building objective: self_consistency Z
Building objective: lambda gauge
Building objective: axis R self consistency
Building objective: axis Z self consistency
Timer: Objective build = 24.5 ms
Timer: LinearConstraintProjection build = 1.00 sec
Number of parameters: 1892
Number of objectives: 11154
Timer: Initializing the optimization = 1.38 sec

Starting optimization
Using method: lsq-exact
   Iteration     Total nfev        Cost      Cost reduction    Step norm     Optimality   
       0              1          4.151e-03                                    3.348e-02   
       1              2          8.050e-06      4.143e-03      3.967e-02      2.074e-03   
       2              4          7.928e-07      7.257e-06      2.525e-02      4.104e-04   
       3              6          4.801e-08      7.448e-07      8.743e-03      7.121e-05   
       4              8          7.159e-09      4.085e-08      4.753e-03      3.537e-05   
       5             10          3.296e-09      3.863e-09      2.199e-03      1.331e-05   
       6             12          2.689e-09      6.070e-10      1.285e-03      6.488e-06   
       7             13          2.393e-09      2.960e-10      2.409e-03      5.294e-06   
       8             14          2.089e-09      3.039e-10      2.406e-03      3.736e-06   
       9             16          1.883e-09      2.060e-10      1.215e-03      7.310e-07   
      10             17          1.709e-09      1.742e-10      2.360e-03      2.505e-06   
      11             19          1.562e-09      1.466e-10      1.168e-03      6.311e-07   
      12             20          1.427e-09      1.354e-10      2.257e-03      2.584e-06   
      13             21          1.267e-09      1.593e-10      2.189e-03      2.697e-06   
      14             22          1.128e-09      1.392e-10      2.119e-03      2.873e-06   
      15             23          1.008e-09      1.205e-10      2.044e-03      3.256e-06   
      16             24          9.049e-10      1.029e-10      1.962e-03      3.603e-06   
      17             25          8.178e-10      8.703e-11      1.873e-03      3.856e-06   
      18             26          7.442e-10      7.366e-11      1.792e-03      3.946e-06   
      19             27          6.810e-10      6.318e-11      1.737e-03      3.807e-06   
      20             28          6.254e-10      5.563e-11      1.725e-03      3.381e-06   
      21             29          5.748e-10      5.054e-11      1.759e-03      3.097e-06   
      22             30          5.292e-10      4.567e-11      1.825e-03      2.591e-06   
      23             31          4.896e-10      3.952e-11      1.901e-03      1.967e-06   
      24             32          4.560e-10      3.365e-11      1.975e-03      1.934e-06   
      25             33          4.286e-10      2.742e-11      2.051e-03      2.769e-06   
      26             34          4.100e-10      1.856e-11      2.134e-03      4.104e-06   
      27             35          3.472e-10      6.282e-11      5.726e-04      4.678e-07   
      28             36          3.433e-10      3.911e-12      1.134e-03      1.934e-06   
      29             37          3.363e-10      6.983e-12      1.163e-03      2.448e-06   
      30             38          3.350e-10      1.283e-12      1.188e-03      3.401e-06   
      31             39          3.137e-10      2.127e-11      3.122e-04      4.802e-07   
      32             40          3.123e-10      1.397e-12      6.123e-04      1.627e-06   
      33             41          3.061e-10      6.280e-12      1.571e-04      1.542e-07   
      34             42          3.035e-10      2.578e-12      3.094e-04      4.976e-07   
Optimization terminated successfully.
`ftol` condition satisfied. (ftol=1.00e-02)
         Current function value: 3.035e-10
         Total delta_x: 3.542e-02
         Iterations: 34
         Function evaluations: 42
         Jacobian evaluations: 35
Timer: Solution time = 9.43 min
Timer: Avg time per step = 16.1 sec
==============================================================================================================
                                                                 Start  -->   End
Total (sum of squares):                                      4.151e-03  -->   3.035e-10, 
Maximum absolute Force error:                                2.053e+06  -->   6.330e+02 (N)
Minimum absolute Force error:                                5.145e-01  -->   3.464e-03 (N)
Average absolute Force error:                                6.106e+04  -->   2.098e+01 (N)
Maximum absolute Force error:                                3.329e-02  -->   1.026e-05 (normalized)
Minimum absolute Force error:                                8.343e-09  -->   5.617e-11 (normalized)
Average absolute Force error:                                9.901e-04  -->   3.402e-07 (normalized)
R boundary error:                                            0.000e+00  -->   0.000e+00 (m)
Z boundary error:                                            0.000e+00  -->   0.000e+00 (m)
Fixed Psi error:                                             0.000e+00  -->   0.000e+00 (Wb)
Fixed pressure profile error:                                0.000e+00  -->   0.000e+00 (Pa)
Fixed iota profile error:                                    0.000e+00  -->   0.000e+00 (dimensionless)
Fixed sheet current error:                                   0.000e+00  -->   0.000e+00 (~)
==============================================================================================================

Timer: Iteration 5 total = 10.1 min
================
Step 6
================
Spectral indexing: ansi
Spectral resolution (L,M,N)=(12,12,8)
Node resolution (L,M,N)=(24,24,16)
Boundary ratio = 0.5
Pressure ratio = 1
Perturbation Order = 2
Objective: force
Optimizer: lsq-exact
================
Perturbing equilibrium
Building objective: force
Precomputing transforms
Timer: Precomputing transforms = 85.9 ms
Timer: Objective build = 100 ms
Building objective: lcfs R
Building objective: lcfs Z
Building objective: fixed Psi
Building objective: fixed pressure
Building objective: fixed iota
Building objective: fixed sheet current
Building objective: self_consistency R
Building objective: self_consistency Z
Building objective: lambda gauge
Building objective: axis R self consistency
Building objective: axis Z self consistency
Timer: Objective build = 120 ms
Perturbing Rb_lmn, Zb_lmn
Factorizing linear constraints
Timer: linear constraint factorize = 1.52 sec
Computing df
Timer: df computation = 19.9 ms
Factoring df
Timer: df/dx factorization = 59.0 us
Computing d^2f
Timer: d^2f computation = 344 ms
Timer: Objective build = 1.62 ms
||dx||/||x|| =  7.985e-03
Timer: Total perturbation = 22.7 sec
Building objective: self_consistency R
Building objective: self_consistency Z
Building objective: lambda gauge
Building objective: axis R self consistency
Building objective: axis Z self consistency
Timer: Objective build = 27.5 ms
Timer: LinearConstraintProjection build = 939 ms
Number of parameters: 1892
Number of objectives: 11154
Timer: Initializing the optimization = 1.39 sec

Starting optimization
Using method: lsq-exact
   Iteration     Total nfev        Cost      Cost reduction    Step norm     Optimality   
       0              1          6.895e-04                                    2.344e-02   
       1              2          1.531e-06      6.880e-04      2.005e-02      7.400e-04   
       2              4          2.004e-07      1.331e-06      1.101e-02      2.635e-04   
       3              6          2.116e-08      1.792e-07      4.831e-03      9.739e-05   
       4              8          1.981e-09      1.917e-08      3.077e-03      2.897e-05   
       5             10          2.587e-10      1.722e-09      1.343e-03      5.483e-06   
       6             12          1.854e-10      7.329e-11      5.924e-04      1.373e-06   
       7             14          1.797e-10      5.733e-12      2.811e-04      3.121e-07   
       8             16          1.788e-10      9.060e-13      1.380e-04      7.595e-08   
Optimization terminated successfully.
`ftol` condition satisfied. (ftol=1.00e-02)
         Current function value: 1.788e-10
         Total delta_x: 1.328e-02
         Iterations: 8
         Function evaluations: 16
         Jacobian evaluations: 9
Timer: Solution time = 3.84 min
Timer: Avg time per step = 25.6 sec
==============================================================================================================
                                                                 Start  -->   End
Total (sum of squares):                                      6.895e-04  -->   1.788e-10, 
Maximum absolute Force error:                                1.935e+06  -->   6.481e+02 (N)
Minimum absolute Force error:                                1.969e-01  -->   3.235e-03 (N)
Average absolute Force error:                                1.899e+04  -->   1.504e+01 (N)
Maximum absolute Force error:                                3.138e-02  -->   1.051e-05 (normalized)
Minimum absolute Force error:                                3.192e-09  -->   5.245e-11 (normalized)
Average absolute Force error:                                3.079e-04  -->   2.438e-07 (normalized)
R boundary error:                                            0.000e+00  -->   0.000e+00 (m)
Z boundary error:                                            0.000e+00  -->   0.000e+00 (m)
Fixed Psi error:                                             0.000e+00  -->   0.000e+00 (Wb)
Fixed pressure profile error:                                0.000e+00  -->   0.000e+00 (Pa)
Fixed iota profile error:                                    0.000e+00  -->   0.000e+00 (dimensionless)
Fixed sheet current error:                                   0.000e+00  -->   0.000e+00 (~)
==============================================================================================================

Timer: Iteration 6 total = 4.25 min
================
Step 7
================
Spectral indexing: ansi
Spectral resolution (L,M,N)=(12,12,8)
Node resolution (L,M,N)=(24,24,16)
Boundary ratio = 0.75
Pressure ratio = 1
Perturbation Order = 2
Objective: force
Optimizer: lsq-exact
================
Perturbing equilibrium
Building objective: force
Precomputing transforms
Timer: Precomputing transforms = 80.5 ms
Timer: Objective build = 95.2 ms
Building objective: lcfs R
Building objective: lcfs Z
Building objective: fixed Psi
Building objective: fixed pressure
Building objective: fixed iota
Building objective: fixed sheet current
Building objective: self_consistency R
Building objective: self_consistency Z
Building objective: lambda gauge
Building objective: axis R self consistency
Building objective: axis Z self consistency
Timer: Objective build = 119 ms
Perturbing Rb_lmn, Zb_lmn
Factorizing linear constraints
Timer: linear constraint factorize = 1.06 sec
Computing df
Timer: df computation = 26.2 ms
Factoring df
Timer: df/dx factorization = 65.4 us
Computing d^2f
Timer: d^2f computation = 353 ms
Timer: Objective build = 1.68 ms
||dx||/||x|| =  5.033e-03
Timer: Total perturbation = 24.4 sec
Building objective: self_consistency R
Building objective: self_consistency Z
Building objective: lambda gauge
Building objective: axis R self consistency
Building objective: axis Z self consistency
Timer: Objective build = 29.6 ms
Timer: LinearConstraintProjection build = 1.06 sec
Number of parameters: 1892
Number of objectives: 11154
Timer: Initializing the optimization = 1.53 sec

Starting optimization
Using method: lsq-exact
   Iteration     Total nfev        Cost      Cost reduction    Step norm     Optimality   
       0              1          4.284e-05                                    4.554e-03   
       1              2          8.852e-07      4.196e-05      1.413e-02      4.543e-04   
       2              4          1.416e-07      7.435e-07      8.068e-03      2.402e-04   
       3              6          6.226e-09      1.354e-07      4.383e-03      5.021e-05   
       4              8          2.991e-10      5.927e-09      2.318e-03      5.760e-06   
       5             10          1.328e-10      1.663e-10      9.280e-04      1.735e-06   
       6             12          1.243e-10      8.531e-12      4.504e-04      3.524e-07   
       7             14          1.237e-10      6.350e-13      2.138e-04      1.134e-07   
Optimization terminated successfully.
`ftol` condition satisfied. (ftol=1.00e-02)
         Current function value: 1.237e-10
         Total delta_x: 1.549e-02
         Iterations: 7
         Function evaluations: 14
         Jacobian evaluations: 8
Timer: Solution time = 3.25 min
Timer: Avg time per step = 24.3 sec
==============================================================================================================
                                                                 Start  -->   End
Total (sum of squares):                                      4.284e-05  -->   1.237e-10, 
Maximum absolute Force error:                                4.494e+05  -->   4.782e+02 (N)
Minimum absolute Force error:                                1.148e-01  -->   3.682e-04 (N)
Average absolute Force error:                                5.189e+03  -->   1.284e+01 (N)
Maximum absolute Force error:                                7.287e-03  -->   7.754e-06 (normalized)
Minimum absolute Force error:                                1.861e-09  -->   5.970e-12 (normalized)
Average absolute Force error:                                8.414e-05  -->   2.082e-07 (normalized)
R boundary error:                                            0.000e+00  -->   0.000e+00 (m)
Z boundary error:                                            0.000e+00  -->   0.000e+00 (m)
Fixed Psi error:                                             0.000e+00  -->   0.000e+00 (Wb)
Fixed pressure profile error:                                0.000e+00  -->   0.000e+00 (Pa)
Fixed iota profile error:                                    0.000e+00  -->   0.000e+00 (dimensionless)
Fixed sheet current error:                                   0.000e+00  -->   0.000e+00 (~)
==============================================================================================================

Timer: Iteration 7 total = 3.69 min
================
Step 8
================
Spectral indexing: ansi
Spectral resolution (L,M,N)=(12,12,8)
Node resolution (L,M,N)=(24,24,16)
Boundary ratio = 1.0
Pressure ratio = 1
Perturbation Order = 2
Objective: force
Optimizer: lsq-exact
================
Perturbing equilibrium
Building objective: force
Precomputing transforms
Timer: Precomputing transforms = 87.6 ms
Timer: Objective build = 102 ms
Building objective: lcfs R
Building objective: lcfs Z
Building objective: fixed Psi
Building objective: fixed pressure
Building objective: fixed iota
Building objective: fixed sheet current
Building objective: self_consistency R
Building objective: self_consistency Z
Building objective: lambda gauge
Building objective: axis R self consistency
Building objective: axis Z self consistency
Timer: Objective build = 125 ms
Perturbing Rb_lmn, Zb_lmn
Factorizing linear constraints
Timer: linear constraint factorize = 1.72 sec
Computing df
Timer: df computation = 24.0 ms
Factoring df
Timer: df/dx factorization = 60.0 us
Computing d^2f
Timer: d^2f computation = 363 ms
Timer: Objective build = 1.68 ms
||dx||/||x|| =  3.241e-03
Timer: Total perturbation = 25.3 sec
Building objective: self_consistency R
Building objective: self_consistency Z
Building objective: lambda gauge
Building objective: axis R self consistency
Building objective: axis Z self consistency
Timer: Objective build = 30.1 ms
Timer: LinearConstraintProjection build = 1.17 sec
Number of parameters: 1892
Number of objectives: 11154
Timer: Initializing the optimization = 1.67 sec

Starting optimization
Using method: lsq-exact
   Iteration     Total nfev        Cost      Cost reduction    Step norm     Optimality   
       0              1          7.324e-06                                    2.117e-03   
       1              2          1.371e-06      5.952e-06      1.109e-02      1.029e-03   
       2              4          1.923e-08      1.352e-06      5.136e-03      1.217e-04   
       3              6          1.302e-09      1.793e-08      1.453e-03      2.310e-05   
       4              8          1.671e-10      1.135e-09      8.051e-04      4.878e-06   
       5             10          1.268e-10      4.036e-11      3.681e-04      1.449e-06   
       6             12          1.217e-10      5.022e-12      2.096e-04      3.136e-07   
       7             14          1.215e-10      2.013e-13      9.588e-05      1.371e-07   
Optimization terminated successfully.
`ftol` condition satisfied. (ftol=1.00e-02)
         Current function value: 1.215e-10
         Total delta_x: 5.664e-03
         Iterations: 7
         Function evaluations: 14
         Jacobian evaluations: 8
Timer: Solution time = 3.09 min
Timer: Avg time per step = 23.2 sec
==============================================================================================================
                                                                 Start  -->   End
Total (sum of squares):                                      7.324e-06  -->   1.215e-10, 
Maximum absolute Force error:                                1.905e+05  -->   4.864e+02 (N)
Minimum absolute Force error:                                3.038e-02  -->   1.282e-03 (N)
Average absolute Force error:                                2.145e+03  -->   1.272e+01 (N)
Maximum absolute Force error:                                3.090e-03  -->   7.887e-06 (normalized)
Minimum absolute Force error:                                4.927e-10  -->   2.079e-11 (normalized)
Average absolute Force error:                                3.478e-05  -->   2.062e-07 (normalized)
R boundary error:                                            0.000e+00  -->   0.000e+00 (m)
Z boundary error:                                            0.000e+00  -->   0.000e+00 (m)
Fixed Psi error:                                             0.000e+00  -->   0.000e+00 (Wb)
Fixed pressure profile error:                                0.000e+00  -->   0.000e+00 (Pa)
Fixed iota profile error:                                    0.000e+00  -->   0.000e+00 (dimensionless)
Fixed sheet current error:                                   0.000e+00  -->   0.000e+00 (~)
==============================================================================================================

Timer: Iteration 8 total = 3.55 min
====================
Done
Timer: Total time = 22.3 min
====================


# Python warnings captured during continuation
DeprecationWarning: linear_util.wrap_init is missing a DebugInfo object. This behavior is deprecated, use api_util.debug_info() to construct a proper DebugInfo object and propagate it to this function. See https://github.com/jax-ml/jax/issues/26480 for more details.
DeprecationWarning: linear_util.wrap_init is missing a DebugInfo object. This behavior is deprecated, use api_util.debug_info() to construct a proper DebugInfo object and propagate it to this function. See https://github.com/jax-ml/jax/issues/26480 for more details.
DeprecationWarning: linear_util.wrap_init is missing a DebugInfo object. This behavior is deprecated, use api_util.debug_info() to construct a proper DebugInfo object and propagate it to this function. See https://github.com/jax-ml/jax/issues/26480 for more details.
DeprecationWarning: linear_util.wrap_init is missing a DebugInfo object. This behavior is deprecated, use api_util.debug_info() to construct a proper DebugInfo object and propagate it to this function. See https://github.com/jax-ml/jax/issues/26480 for more details.
DeprecationWarning: linear_util.wrap_init is missing a DebugInfo object. This behavior is deprecated, use api_util.debug_info() to construct a proper DebugInfo object and propagate it to this function. See https://github.com/jax-ml/jax/issues/26480 for more details.
DeprecationWarning: linear_util.wrap_init is missing a DebugInfo object. This behavior is deprecated, use api_util.debug_info() to construct a proper DebugInfo object and propagate it to this function. See https://github.com/jax-ml/jax/issues/26480 for more details.
DeprecationWarning: linear_util.wrap_init is missing a DebugInfo object. This behavior is deprecated, use api_util.debug_info() to construct a proper DebugInfo object and propagate it to this function. See https://github.com/jax-ml/jax/issues/26480 for more details.
DeprecationWarning: linear_util.wrap_init is missing a DebugInfo object. This behavior is deprecated, use api_util.debug_info() to construct a proper DebugInfo object and propagate it to this function. See https://github.com/jax-ml/jax/issues/26480 for more details.
DeprecationWarning: linear_util.wrap_init is missing a DebugInfo object. This behavior is deprecated, use api_util.debug_info() to construct a proper DebugInfo object and propagate it to this function. See https://github.com/jax-ml/jax/issues/26480 for more details.
DeprecationWarning: linear_util.wrap_init is missing a DebugInfo object. This behavior is deprecated, use api_util.debug_info() to construct a proper DebugInfo object and propagate it to this function. See https://github.com/jax-ml/jax/issues/26480 for more details.
DeprecationWarning: linear_util.wrap_init is missing a DebugInfo object. This behavior is deprecated, use api_util.debug_info() to construct a proper DebugInfo object and propagate it to this function. See https://github.com/jax-ml/jax/issues/26480 for more details.
DeprecationWarning: linear_util.wrap_init is missing a DebugInfo object. This behavior is deprecated, use api_util.debug_info() to construct a proper DebugInfo object and propagate it to this function. See https://github.com/jax-ml/jax/issues/26480 for more details.
DeprecationWarning: linear_util.wrap_init is missing a DebugInfo object. This behavior is deprecated, use api_util.debug_info() to construct a proper DebugInfo object and propagate it to this function. See https://github.com/jax-ml/jax/issues/26480 for more details.
DeprecationWarning: linear_util.wrap_init is missing a DebugInfo object. This behavior is deprecated, use api_util.debug_info() to construct a proper DebugInfo object and propagate it to this function. See https://github.com/jax-ml/jax/issues/26480 for more details.
DeprecationWarning: linear_util.wrap_init is missing a DebugInfo object. This behavior is deprecated, use api_util.debug_info() to construct a proper DebugInfo object and propagate it to this function. See https://github.com/jax-ml/jax/issues/26480 for more details.
DeprecationWarning: linear_util.wrap_init is missing a DebugInfo object. This behavior is deprecated, use api_util.debug_info() to construct a proper DebugInfo object and propagate it to this function. See https://github.com/jax-ml/jax/issues/26480 for more details.
DeprecationWarning: linear_util.wrap_init is missing a DebugInfo object. This behavior is deprecated, use api_util.debug_info() to construct a proper DebugInfo object and propagate it to this function. See https://github.com/jax-ml/jax/issues/26480 for more details.
DeprecationWarning: linear_util.wrap_init is missing a DebugInfo object. This behavior is deprecated, use api_util.debug_info() to construct a proper DebugInfo object and propagate it to this function. See https://github.com/jax-ml/jax/issues/26480 for more details.
DeprecationWarning: linear_util.wrap_init is missing a DebugInfo object. This behavior is deprecated, use api_util.debug_info() to construct a proper DebugInfo object and propagate it to this function. See https://github.com/jax-ml/jax/issues/26480 for more details.
DeprecationWarning: linear_util.wrap_init is missing a DebugInfo object. This behavior is deprecated, use api_util.debug_info() to construct a proper DebugInfo object and propagate it to this function. See https://github.com/jax-ml/jax/issues/26480 for more details.
DeprecationWarning: linear_util.wrap_init is missing a DebugInfo object. This behavior is deprecated, use api_util.debug_info() to construct a proper DebugInfo object and propagate it to this function. See https://github.com/jax-ml/jax/issues/26480 for more details.
DeprecationWarning: linear_util.wrap_init is missing a DebugInfo object. This behavior is deprecated, use api_util.debug_info() to construct a proper DebugInfo object and propagate it to this function. See https://github.com/jax-ml/jax/issues/26480 for more details.
DeprecationWarning: linear_util.wrap_init is missing a DebugInfo object. This behavior is deprecated, use api_util.debug_info() to construct a proper DebugInfo object and propagate it to this function. See https://github.com/jax-ml/jax/issues/26480 for more details.
DeprecationWarning: linear_util.wrap_init is missing a DebugInfo object. This behavior is deprecated, use api_util.debug_info() to construct a proper DebugInfo object and propagate it to this function. See https://github.com/jax-ml/jax/issues/26480 for more details.
DeprecationWarning: linear_util.wrap_init is missing a DebugInfo object. This behavior is deprecated, use api_util.debug_info() to construct a proper DebugInfo object and propagate it to this function. See https://github.com/jax-ml/jax/issues/26480 for more details.
DeprecationWarning: linear_util.wrap_init is missing a DebugInfo object. This behavior is deprecated, use api_util.debug_info() to construct a proper DebugInfo object and propagate it to this function. See https://github.com/jax-ml/jax/issues/26480 for more details.
DeprecationWarning: linear_util.wrap_init is missing a DebugInfo object. This behavior is deprecated, use api_util.debug_info() to construct a proper DebugInfo object and propagate it to this function. See https://github.com/jax-ml/jax/issues/26480 for more details.
DeprecationWarning: linear_util.wrap_init is missing a DebugInfo object. This behavior is deprecated, use api_util.debug_info() to construct a proper DebugInfo object and propagate it to this function. See https://github.com/jax-ml/jax/issues/26480 for more details.
DeprecationWarning: linear_util.wrap_init is missing a DebugInfo object. This behavior is deprecated, use api_util.debug_info() to construct a proper DebugInfo object and propagate it to this function. See https://github.com/jax-ml/jax/issues/26480 for more details.
DeprecationWarning: linear_util.wrap_init is missing a DebugInfo object. This behavior is deprecated, use api_util.debug_info() to construct a proper DebugInfo object and propagate it to this function. See https://github.com/jax-ml/jax/issues/26480 for more details.
DeprecationWarning: linear_util.wrap_init is missing a DebugInfo object. This behavior is deprecated, use api_util.debug_info() to construct a proper DebugInfo object and propagate it to this function. See https://github.com/jax-ml/jax/issues/26480 for more details.
DeprecationWarning: linear_util.wrap_init is missing a DebugInfo object. This behavior is deprecated, use api_util.debug_info() to construct a proper DebugInfo object and propagate it to this function. See https://github.com/jax-ml/jax/issues/26480 for more details.
DeprecationWarning: linear_util.wrap_init is missing a DebugInfo object. This behavior is deprecated, use api_util.debug_info() to construct a proper DebugInfo object and propagate it to this function. See https://github.com/jax-ml/jax/issues/26480 for more details.
DeprecationWarning: linear_util.wrap_init is missing a DebugInfo object. This behavior is deprecated, use api_util.debug_info() to construct a proper DebugInfo object and propagate it to this function. See https://github.com/jax-ml/jax/issues/26480 for more details.
DeprecationWarning: linear_util.wrap_init is missing a DebugInfo object. This behavior is deprecated, use api_util.debug_info() to construct a proper DebugInfo object and propagate it to this function. See https://github.com/jax-ml/jax/issues/26480 for more details.
DeprecationWarning: linear_util.wrap_init is missing a DebugInfo object. This behavior is deprecated, use api_util.debug_info() to construct a proper DebugInfo object and propagate it to this function. See https://github.com/jax-ml/jax/issues/26480 for more details.
DeprecationWarning: linear_util.wrap_init is missing a DebugInfo object. This behavior is deprecated, use api_util.debug_info() to construct a proper DebugInfo object and propagate it to this function. See https://github.com/jax-ml/jax/issues/26480 for more details.
DeprecationWarning: linear_util.wrap_init is missing a DebugInfo object. This behavior is deprecated, use api_util.debug_info() to construct a proper DebugInfo object and propagate it to this function. See https://github.com/jax-ml/jax/issues/26480 for more details.
