================
Step 1
================
Spectral indexing: ansi
Spectral resolution (L,M,N)=(6,6,0)
Node resolution (L,M,N)=(12,12,0)
Boundary ratio = 0
Pressure ratio = 0
Perturbation Order = 2
Objective: force
Optimizer: lsq-exact
================
Building objective: force
Precomputing transforms
Timer: Precomputing transforms = 913 ms
Timer: Objective build = 1.29 sec
Building objective: lcfs R
Building objective: lcfs Z
Building objective: fixed Psi
Building objective: fixed pressure
Building objective: fixed iota
Building objective: fixed sheet current
Building objective: self_consistency R
Building objective: self_consistency Z
Building objective: lambda gauge
Building objective: axis R self consistency
Building objective: axis Z self consistency
Timer: Objective build = 550 ms
Timer: LinearConstraintProjection build = 3.28 sec
Number of parameters: 27
Number of objectives: 98
Timer: Initializing the optimization = 5.16 sec

Starting optimization
Using method: lsq-exact
   Iteration     Total nfev        Cost      Cost reduction    Step norm     Optimality   
       0              1          3.405e-03                                    7.822e-02   
       1              2          2.286e-05      3.382e-03      1.350e-01      4.607e-03   
       2              3          2.993e-07      2.256e-05      2.206e-02      3.583e-04   
       3              4          6.446e-09      2.929e-07      7.995e-03      5.301e-05   
       4              5          1.338e-09      5.107e-09      1.846e-03      2.520e-05   
       5              6          8.982e-11      1.249e-09      2.166e-03      6.315e-06   
       6              7          9.046e-12      8.078e-11      8.409e-04      4.020e-07   
       7              8          8.322e-12      7.246e-13      2.808e-04      4.526e-08   
       8              9          8.309e-12      1.262e-14      6.851e-05      1.907e-09   
`gtol` condition satisfied. (gtol=1.00e-08)
         Current function value: 8.309e-12
         Total delta_x: 1.442e-01
         Iterations: 8
         Function evaluations: 9
         Jacobian evaluations: 9
Timer: Solution time = 4.35 sec
Timer: Avg time per step = 483 ms
==============================================================================================================
                                                                 Start  -->   End
Total (sum of squares):                                      3.405e-03  -->   8.309e-12, 
Maximum absolute Force error:                                2.627e+05  -->   3.186e+01 (N)
Minimum absolute Force error:                                4.348e+02  -->   6.874e-02 (N)
Average absolute Force error:                                7.719e+04  -->   3.633e+00 (N)
Maximum absolute Force error:                                4.235e-03  -->   5.137e-07 (normalized)
Minimum absolute Force error:                                7.010e-06  -->   1.108e-09 (normalized)
Average absolute Force error:                                1.245e-03  -->   5.857e-08 (normalized)
R boundary error:                                            0.000e+00  -->   5.562e-17 (m)
Z boundary error:                                            0.000e+00  -->   1.735e-18 (m)
Fixed Psi error:                                             0.000e+00  -->   0.000e+00 (Wb)
Fixed pressure profile error:                                0.000e+00  -->   0.000e+00 (Pa)
Fixed iota profile error:                                    0.000e+00  -->   0.000e+00 (dimensionless)
Fixed sheet current error:                                   0.000e+00  -->   0.000e+00 (~)
==============================================================================================================

Timer: Iteration 1 total = 10.9 sec
================
Step 2
================
Spectral indexing: ansi
Spectral resolution (L,M,N)=(12,12,0)
Node resolution (L,M,N)=(24,24,0)
Boundary ratio = 0
Pressure ratio = 0
Perturbation Order = 2
Objective: force
Optimizer: lsq-exact
================
Building objective: force
Precomputing transforms
Timer: Precomputing transforms = 1.12 sec
Timer: Objective build = 1.20 sec
Building objective: lcfs R
Building objective: lcfs Z
Building objective: fixed Psi
Building objective: fixed pressure
Building objective: fixed iota
Building objective: fixed sheet current
Building objective: self_consistency R
Building objective: self_consistency Z
Building objective: lambda gauge
Building objective: axis R self consistency
Building objective: axis Z self consistency
Timer: Objective build = 509 ms
Timer: LinearConstraintProjection build = 3.16 sec
Number of parameters: 108
Number of objectives: 338
Timer: Initializing the optimization = 4.91 sec

Starting optimization
Using method: lsq-exact
   Iteration     Total nfev        Cost      Cost reduction    Step norm     Optimality   
       0              1          8.302e-12                                    1.373e-06   
       1              5          5.299e-12      3.003e-12      1.098e-03      1.181e-06   
       2              6          1.641e-12      3.658e-12      6.746e-04      3.026e-07   
       3              8          3.803e-13      1.261e-12      2.582e-04      6.317e-08   
       4             10          2.043e-13      1.760e-13      1.493e-04      1.908e-08   
       5             11          1.769e-13      2.741e-14      3.075e-04      8.663e-08   
       6             12          6.787e-14      1.090e-13      7.564e-05      6.123e-09   
`gtol` condition satisfied. (gtol=1.00e-08)
         Current function value: 6.787e-14
         Total delta_x: 2.038e-03
         Iterations: 6
         Function evaluations: 12
         Jacobian evaluations: 7
Timer: Solution time = 4.04 sec
Timer: Avg time per step = 577 ms
==============================================================================================================
                                                                 Start  -->   End
Total (sum of squares):                                      8.302e-12  -->   6.787e-14, 
Maximum absolute Force error:                                4.699e+01  -->   1.789e+00 (N)
Minimum absolute Force error:                                4.478e-03  -->   2.601e-03 (N)
Average absolute Force error:                                3.549e+00  -->   2.854e-01 (N)
Maximum absolute Force error:                                7.577e-07  -->   2.885e-08 (normalized)
Minimum absolute Force error:                                7.221e-11  -->   4.193e-11 (normalized)
Average absolute Force error:                                5.723e-08  -->   4.603e-09 (normalized)
R boundary error:                                            0.000e+00  -->   0.000e+00 (m)
Z boundary error:                                            0.000e+00  -->   0.000e+00 (m)
Fixed Psi error:                                             0.000e+00  -->   0.000e+00 (Wb)
Fixed pressure profile error:                                0.000e+00  -->   0.000e+00 (Pa)
Fixed iota profile error:                                    0.000e+00  -->   0.000e+00 (dimensionless)
Fixed sheet current error:                                   0.000e+00  -->   0.000e+00 (~)
==============================================================================================================

Timer: Iteration 2 total = 12.2 sec
================
Step 3
================
Spectral indexing: ansi
Spectral resolution (L,M,N)=(12,12,0)
Node resolution (L,M,N)=(24,24,0)
Boundary ratio = 0
Pressure ratio = 0.5
Perturbation Order = 2
Objective: force
Optimizer: lsq-exact
================
Perturbing equilibrium
Building objective: force
Precomputing transforms
Timer: Precomputing transforms = 41.4 ms
Timer: Objective build = 47.5 ms
Building objective: lcfs R
Building objective: lcfs Z
Building objective: fixed Psi
Building objective: fixed pressure
Building objective: fixed iota
Building objective: fixed sheet current
Building objective: self_consistency R
Building objective: self_consistency Z
Building objective: lambda gauge
Building objective: axis R self consistency
Building objective: axis Z self consistency
Timer: Objective build = 69.1 ms
Perturbing p_l
Factorizing linear constraints
Timer: linear constraint factorize = 19.1 ms
Computing df
Timer: df computation = 2.98 sec
Factoring df
Timer: df/dx factorization = 31.9 ms
Computing d^2f
Timer: d^2f computation = 2.24 sec
Timer: Objective build = 1.40 ms
||dx||/||x|| =  5.394e-02
Timer: Total perturbation = 8.57 sec
Building objective: self_consistency R
Building objective: self_consistency Z
Building objective: lambda gauge
Building objective: axis R self consistency
Building objective: axis Z self consistency
Timer: Objective build = 7.13 ms
Timer: LinearConstraintProjection build = 21.3 ms
Number of parameters: 108
Number of objectives: 338
Timer: Initializing the optimization = 30.6 ms

Starting optimization
Using method: lsq-exact
   Iteration     Total nfev        Cost      Cost reduction    Step norm     Optimality   
       0              1          4.502e-02                                    1.082e-01   
       1              2          7.060e-04      4.431e-02      1.364e-01      1.145e-02   
       2              3          7.110e-05      6.349e-04      6.285e-02      4.402e-03   
       3              4          5.414e-05      1.696e-05      3.658e-02      4.903e-03   
       4              5          1.095e-06      5.304e-05      2.095e-02      9.438e-04   
       5              7          4.074e-08      1.055e-06      1.109e-02      1.478e-04   
       6              9          3.909e-09      3.683e-08      6.696e-03      2.378e-05   
       7             11          5.512e-10      3.358e-09      2.735e-03      2.938e-06   
       8             13          4.668e-10      8.437e-11      1.504e-03      7.787e-07   
       9             15          4.499e-10      1.691e-11      7.619e-04      1.747e-07   
      10             16          4.309e-10      1.906e-11      1.549e-03      6.770e-07   
      11             18          4.172e-10      1.362e-11      7.843e-04      1.685e-07   
      12             19          4.016e-10      1.565e-11      1.565e-03      6.661e-07   
      13             21          3.901e-10      1.153e-11      7.839e-04      1.646e-07   
      14             22          3.772e-10      1.290e-11      1.542e-03      8.410e-07   
      15             24          3.670e-10      1.020e-11      7.663e-04      2.286e-07   
      16             25          3.566e-10      1.039e-11      1.486e-03      1.130e-06   
      17             27          3.471e-10      9.533e-12      7.329e-04      3.037e-07   
      18             28          3.391e-10      7.976e-12      1.400e-03      1.441e-06   
      19             29          3.288e-10      1.029e-11      1.328e-03      1.651e-06   
      20             30          3.194e-10      9.403e-12      1.248e-03      1.859e-06   
      21             31          3.107e-10      8.704e-12      1.166e-03      2.055e-06   
      22             32          3.025e-10      8.163e-12      1.086e-03      2.234e-06   
      23             33          2.948e-10      7.750e-12      1.010e-03      2.391e-06   
      24             34          2.873e-10      7.434e-12      9.403e-04      2.526e-06   
      25             35          2.802e-10      7.186e-12      8.793e-04      2.641e-06   
      26             36          2.732e-10      6.982e-12      8.268e-04      2.738e-06   
      27             37          2.664e-10      6.806e-12      7.825e-04      2.819e-06   
      28             38          2.597e-10      6.646e-12      7.455e-04      2.888e-06   
      29             39          2.532e-10      6.496e-12      7.150e-04      2.946e-06   
      30             40          2.469e-10      6.354e-12      6.900e-04      2.996e-06   
      31             41          2.407e-10      6.215e-12      6.697e-04      3.040e-06   
      32             42          2.346e-10      6.081e-12      6.533e-04      3.079e-06   
      33             43          2.286e-10      5.948e-12      6.401e-04      3.114e-06   
      34             44          2.228e-10      5.819e-12      6.295e-04      3.146e-06   
      35             45          2.171e-10      5.691e-12      6.212e-04      3.175e-06   
      36             46          2.115e-10      5.565e-12      6.146e-04      3.202e-06   
      37             47          2.061e-10      5.442e-12      6.096e-04      3.228e-06   
      38             48          2.008e-10      5.321e-12      6.058e-04      3.252e-06   
      39             49          1.956e-10      5.203e-12      6.031e-04      3.275e-06   
      40             50          1.905e-10      5.089e-12      6.013e-04      3.296e-06   
      41             51          1.855e-10      4.980e-12      6.004e-04      3.315e-06   
      42             52          1.806e-10      4.876e-12      6.002e-04      3.333e-06   
      43             53          1.759e-10      4.778e-12      6.006e-04      3.349e-06   
      44             54          1.712e-10      4.687e-12      6.018e-04      3.361e-06   
      45             55          1.558e-10      1.534e-11      1.511e-04      2.164e-07   
      46             56          1.542e-10      1.590e-12      3.055e-04      8.366e-07   
      47             57          1.518e-10      2.406e-12      3.060e-04      8.342e-07   
      48             58          1.495e-10      2.378e-12      3.065e-04      8.355e-07   
      49             59          1.471e-10      2.361e-12      3.069e-04      8.361e-07   
      50             60          1.448e-10      2.344e-12      3.074e-04      8.364e-07   
      51             61          1.424e-10      2.328e-12      3.080e-04      8.364e-07   
      52             62          1.401e-10      2.313e-12      3.086e-04      8.360e-07   
      53             63          1.378e-10      2.300e-12      3.092e-04      8.352e-07   
      54             64          1.355e-10      2.287e-12      3.099e-04      8.340e-07   
      55             65          1.333e-10      2.275e-12      3.106e-04      8.323e-07   
      56             66          1.310e-10      2.265e-12      3.112e-04      8.302e-07   
      57             67          1.287e-10      2.255e-12      3.118e-04      8.277e-07   
      58             68          1.265e-10      2.247e-12      3.124e-04      8.247e-07   
      59             69          1.242e-10      2.239e-12      3.130e-04      8.213e-07   
      60             70          1.220e-10      2.233e-12      3.135e-04      8.173e-07   
      61             71          1.198e-10      2.227e-12      3.139e-04      8.130e-07   
      62             72          1.176e-10      2.222e-12      3.143e-04      8.081e-07   
      63             73          1.153e-10      2.218e-12      3.145e-04      8.029e-07   
      64             74          1.131e-10      2.214e-12      3.146e-04      7.973e-07   
      65             75          1.109e-10      2.211e-12      3.147e-04      7.914e-07   
      66             76          1.087e-10      2.207e-12      3.146e-04      7.851e-07   
      67             77          1.065e-10      2.204e-12      3.144e-04      7.787e-07   
      68             78          1.043e-10      2.200e-12      3.140e-04      7.720e-07   
      69             79          1.021e-10      2.195e-12      3.135e-04      7.653e-07   
      70             80          9.993e-11      2.190e-12      3.129e-04      7.585e-07   
      71             81          9.774e-11      2.184e-12      3.121e-04      7.518e-07   
      72             82          9.556e-11      2.177e-12      3.112e-04      7.451e-07   
      73             83          9.340e-11      2.169e-12      3.101e-04      7.385e-07   
      74             84          9.124e-11      2.159e-12      3.090e-04      7.322e-07   
      75             85          8.909e-11      2.148e-12      3.077e-04      7.261e-07   
      76             86          8.695e-11      2.135e-12      3.063e-04      7.202e-07   
      77             87          8.483e-11      2.121e-12      3.049e-04      7.147e-07   
      78             88          8.273e-11      2.105e-12      3.033e-04      7.095e-07   
      79             89          8.064e-11      2.088e-12      3.017e-04      7.046e-07   
      80             90          7.857e-11      2.070e-12      3.001e-04      7.000e-07   
      81             91          7.652e-11      2.050e-12      2.985e-04      6.957e-07   
      82             92          7.449e-11      2.029e-12      2.969e-04      6.917e-07   
      83             93          7.250e-11      1.988e-12      2.954e-04      6.953e-07   
      84             94          7.052e-11      1.982e-12      2.939e-04      6.922e-07   
      85             95          6.856e-11      1.959e-12      2.925e-04      6.892e-07   
      86             96          6.663e-11      1.934e-12      2.912e-04      6.865e-07   
      87             97          6.472e-11      1.909e-12      2.900e-04      6.838e-07   
      88             98          6.284e-11      1.883e-12      2.890e-04      6.813e-07   
      89             99          6.098e-11      1.857e-12      2.881e-04      6.788e-07   
      90             100         5.915e-11      1.831e-12      2.873e-04      6.763e-07   
      91             101         5.734e-11      1.804e-12      2.866e-04      6.738e-07   
      92             102         5.557e-11      1.777e-12      2.860e-04      6.712e-07   
      93             103         5.382e-11      1.750e-12      2.856e-04      6.687e-07   
      94             104         5.209e-11      1.723e-12      2.853e-04      6.660e-07   
      95             105         5.040e-11      1.695e-12      2.851e-04      6.632e-07   
      96             106         4.873e-11      1.668e-12      2.849e-04      6.604e-07   
      97             107         4.709e-11      1.640e-12      2.849e-04      6.574e-07   
      98             108         4.548e-11      1.612e-12      2.849e-04      6.544e-07   
      99             109         4.390e-11      1.584e-12      2.850e-04      6.512e-07   
      100            110         4.234e-11      1.555e-12      2.851e-04      6.479e-07   
Warning: Maximum number of iterations has been exceeded.
         Current function value: 4.234e-11
         Total delta_x: 1.265e-01
         Iterations: 100
         Function evaluations: 110
         Jacobian evaluations: 101
Timer: Solution time = 1.85 sec
Timer: Avg time per step = 18.3 ms
==============================================================================================================
                                                                 Start  -->   End
Total (sum of squares):                                      4.502e-02  -->   4.234e-11, 
Maximum absolute Force error:                                1.143e+07  -->   1.825e+02 (N)
Minimum absolute Force error:                                3.609e+02  -->   3.705e-02 (N)
Average absolute Force error:                                1.600e+05  -->   7.541e+00 (N)
Maximum absolute Force error:                                1.843e-01  -->   2.943e-06 (normalized)
Minimum absolute Force error:                                5.819e-06  -->   5.975e-10 (normalized)
Average absolute Force error:                                2.580e-03  -->   1.216e-07 (normalized)
R boundary error:                                            0.000e+00  -->   0.000e+00 (m)
Z boundary error:                                            0.000e+00  -->   0.000e+00 (m)
Fixed Psi error:                                             0.000e+00  -->   0.000e+00 (Wb)
Fixed pressure profile error:                                0.000e+00  -->   0.000e+00 (Pa)
Fixed iota profile error:                                    0.000e+00  -->   0.000e+00 (dimensionless)
Fixed sheet current error:                                   0.000e+00  -->   0.000e+00 (~)
==============================================================================================================

Timer: Iteration 3 total = 10.7 sec
================
Step 4
================
Spectral indexing: ansi
Spectral resolution (L,M,N)=(12,12,0)
Node resolution (L,M,N)=(24,24,0)
Boundary ratio = 0
Pressure ratio = 1.0
Perturbation Order = 2
Objective: force
Optimizer: lsq-exact
================
Perturbing equilibrium
Building objective: force
Precomputing transforms
Timer: Precomputing transforms = 41.5 ms
Timer: Objective build = 47.9 ms
Building objective: lcfs R
Building objective: lcfs Z
Building objective: fixed Psi
Building objective: fixed pressure
Building objective: fixed iota
Building objective: fixed sheet current
Building objective: self_consistency R
Building objective: self_consistency Z
Building objective: lambda gauge
Building objective: axis R self consistency
Building objective: axis Z self consistency
Timer: Objective build = 70.2 ms
Perturbing p_l
Factorizing linear constraints
Timer: linear constraint factorize = 670 ms
Computing df
Timer: df computation = 1.18 ms
Factoring df
Timer: df/dx factorization = 18.9 us
Computing d^2f
Timer: d^2f computation = 236 us
Timer: Objective build = 1.53 ms
||dx||/||x|| =  5.154e-02
Timer: Total perturbation = 1.32 sec
Building objective: self_consistency R
Building objective: self_consistency Z
Building objective: lambda gauge
Building objective: axis R self consistency
Building objective: axis Z self consistency
Timer: Objective build = 6.86 ms
Timer: LinearConstraintProjection build = 21.0 ms
Number of parameters: 108
Number of objectives: 338
Timer: Initializing the optimization = 30.1 ms

Starting optimization
Using method: lsq-exact
   Iteration     Total nfev        Cost      Cost reduction    Step norm     Optimality   
       0              1          6.177e-03                                    6.169e-02   
       1              2          2.759e-05      6.149e-03      4.671e-02      4.659e-03   
       2              4          2.482e-06      2.511e-05      4.651e-02      1.060e-03   
       3              6          8.285e-08      2.399e-06      2.133e-02      1.169e-04   
       4              8          8.591e-09      7.426e-08      9.849e-03      4.465e-05   
       5             10          2.264e-09      6.327e-09      4.481e-03      9.194e-06   
       6             12          1.810e-09      4.538e-10      2.075e-03      2.197e-06   
       7             14          1.717e-09      9.336e-11      9.937e-04      5.297e-07   
       8             15          1.595e-09      1.214e-10      1.846e-03      1.950e-06   
       9             17          1.511e-09      8.415e-11      8.802e-04      4.653e-07   
      10             18          1.407e-09      1.040e-10      1.631e-03      1.777e-06   
      11             20          1.331e-09      7.583e-11      7.753e-04      4.702e-07   
      12             21          1.243e-09      8.873e-11      1.440e-03      1.788e-06   
      13             23          1.174e-09      6.870e-11      6.845e-04      4.699e-07   
      14             24          1.099e-09      7.524e-11      1.285e-03      1.882e-06   
      15             26          1.036e-09      6.253e-11      6.136e-04      4.705e-07   
      16             27          9.727e-10      6.358e-11      1.177e-03      1.935e-06   
      17             29          9.156e-10      5.710e-11      5.694e-04      4.688e-07   
      18             30          8.619e-10      5.371e-11      1.127e-03      1.953e-06   
      19             31          7.952e-10      6.667e-11      1.122e-03      1.929e-06   
      20             33          7.458e-10      4.944e-11      5.581e-04      4.682e-07   
      21             34          7.055e-10      4.033e-11      1.154e-03      1.976e-06   
      22             35          6.510e-10      5.447e-11      1.184e-03      1.979e-06   
      23             36          6.010e-10      4.997e-11      1.222e-03      2.040e-06   
      24             37          5.548e-10      4.620e-11      1.261e-03      2.118e-06   
      25             38          5.123e-10      4.254e-11      1.300e-03      2.226e-06   
      26             39          4.733e-10      3.904e-11      1.337e-03      2.366e-06   
      27             40          4.377e-10      3.559e-11      1.371e-03      2.542e-06   
      28             41          4.056e-10      3.211e-11      1.404e-03      2.813e-06   
      29             42          3.770e-10      2.852e-11      1.433e-03      3.212e-06   
      30             43          3.523e-10      2.474e-11      1.460e-03      3.677e-06   
      31             44          3.317e-10      2.064e-11      1.484e-03      4.216e-06   
      32             45          3.155e-10      1.611e-11      1.504e-03      4.840e-06   
      33             46          2.583e-10      5.727e-11      3.684e-04      2.953e-07   
      34             47          2.507e-10      7.602e-12      7.587e-04      1.346e-06   
      35             48          2.404e-10      1.025e-11      7.625e-04      1.438e-06   
      36             49          2.308e-10      9.604e-12      7.658e-04      1.546e-06   
      37             50          2.218e-10      9.025e-12      7.676e-04      1.661e-06   
      38             51          2.133e-10      8.445e-12      7.683e-04      1.782e-06   
      39             52          2.055e-10      7.873e-12      7.678e-04      1.912e-06   
      40             53          1.982e-10      7.307e-12      7.661e-04      2.050e-06   
      41             54          1.914e-10      6.749e-12      7.632e-04      2.195e-06   
      42             55          1.852e-10      6.202e-12      7.590e-04      2.347e-06   
      43             56          1.795e-10      5.668e-12      7.535e-04      2.505e-06   
      44             57          1.744e-10      5.151e-12      7.468e-04      2.670e-06   
      45             58          1.697e-10      4.655e-12      7.387e-04      2.838e-06   
      46             59          1.655e-10      4.189e-12      7.294e-04      3.008e-06   
      47             60          1.492e-10      1.635e-11      1.799e-04      1.857e-07   
      48             61          1.475e-10      1.739e-12      3.630e-04      7.889e-07   
      49             62          1.449e-10      2.581e-12      3.600e-04      8.084e-07   
      50             63          1.424e-10      2.497e-12      3.572e-04      8.299e-07   
      51             64          1.400e-10      2.422e-12      3.541e-04      8.508e-07   
      52             65          1.376e-10      2.349e-12      3.509e-04      8.714e-07   
      53             66          1.353e-10      2.279e-12      3.476e-04      8.915e-07   
      54             67          1.331e-10      2.212e-12      3.443e-04      9.111e-07   
      55             68          1.310e-10      2.148e-12      3.411e-04      9.300e-07   
      56             69          1.289e-10      2.087e-12      3.378e-04      9.482e-07   
      57             70          1.269e-10      2.028e-12      3.345e-04      9.656e-07   
      58             71          1.249e-10      1.972e-12      3.313e-04      9.821e-07   
      59             72          1.230e-10      1.919e-12      3.282e-04      9.976e-07   
      60             73          1.211e-10      1.868e-12      3.252e-04      1.012e-06   
      61             74          1.193e-10      1.819e-12      3.223e-04      1.026e-06   
      62             75          1.175e-10      1.773e-12      3.195e-04      1.038e-06   
      63             76          1.158e-10      1.729e-12      3.169e-04      1.050e-06   
      64             77          1.141e-10      1.687e-12      3.145e-04      1.060e-06   
      65             78          1.124e-10      1.646e-12      3.122e-04      1.069e-06   
      66             79          1.108e-10      1.608e-12      3.102e-04      1.077e-06   
      67             80          1.093e-10      1.571e-12      3.084e-04      1.084e-06   
      68             81          1.077e-10      1.536e-12      3.069e-04      1.090e-06   
      69             82          1.062e-10      1.502e-12      3.056e-04      1.096e-06   
      70             83          1.048e-10      1.470e-12      3.045e-04      1.100e-06   
      71             84          1.033e-10      1.439e-12      3.037e-04      1.103e-06   
      72             85          1.019e-10      1.409e-12      3.032e-04      1.106e-06   
      73             86          1.005e-10      1.380e-12      3.029e-04      1.107e-06   
      74             87          9.917e-11      1.353e-12      3.030e-04      1.108e-06   
      75             88          9.785e-11      1.326e-12      3.032e-04      1.109e-06   
      76             89          9.655e-11      1.301e-12      3.038e-04      1.108e-06   
      77             90          9.527e-11      1.277e-12      3.046e-04      1.107e-06   
      78             91          9.402e-11      1.253e-12      3.057e-04      1.106e-06   
      79             92          9.278e-11      1.231e-12      3.070e-04      1.103e-06   
      80             93          9.158e-11      1.209e-12      3.086e-04      1.101e-06   
      81             94          9.039e-11      1.188e-12      3.104e-04      1.097e-06   
      82             95          8.922e-11      1.169e-12      3.124e-04      1.093e-06   
      83             96          8.807e-11      1.150e-12      3.147e-04      1.089e-06   
      84             97          8.694e-11      1.132e-12      3.172e-04      1.084e-06   
      85             98          8.582e-11      1.115e-12      3.199e-04      1.079e-06   
      86             99          8.472e-11      1.099e-12      3.228e-04      1.073e-06   
      87             100         8.364e-11      1.084e-12      3.258e-04      1.067e-06   
      88             101         8.257e-11      1.070e-12      3.291e-04      1.061e-06   
      89             102         8.151e-11      1.057e-12      3.326e-04      1.054e-06   
      90             103         8.047e-11      1.045e-12      3.363e-04      1.046e-06   
      91             104         7.943e-11      1.034e-12      3.401e-04      1.038e-06   
      92             105         7.841e-11      1.023e-12      3.442e-04      1.030e-06   
      93             106         7.739e-11      1.014e-12      3.485e-04      1.022e-06   
      94             107         7.635e-11      1.042e-12      3.531e-04      1.003e-06   
      95             108         7.536e-11      9.946e-13      3.578e-04      9.944e-07   
      96             109         7.437e-11      9.894e-13      3.629e-04      9.857e-07   
      97             110         7.338e-11      9.843e-13      3.682e-04      9.766e-07   
      98             111         7.240e-11      9.807e-13      3.739e-04      9.673e-07   
      99             112         7.143e-11      9.784e-13      3.801e-04      9.576e-07   
      100            113         7.045e-11      9.776e-13      3.868e-04      9.489e-07   
Warning: Maximum number of iterations has been exceeded.
         Current function value: 7.045e-11
         Total delta_x: 7.589e-02
         Iterations: 100
         Function evaluations: 113
         Jacobian evaluations: 101
Timer: Solution time = 1.50 sec
Timer: Avg time per step = 14.8 ms
==============================================================================================================
                                                                 Start  -->   End
Total (sum of squares):                                      6.177e-03  -->   7.045e-11, 
Maximum absolute Force error:                                2.973e+06  -->   1.986e+02 (N)
Minimum absolute Force error:                                6.210e+01  -->   5.279e-02 (N)
Average absolute Force error:                                7.444e+04  -->   1.047e+01 (N)
Maximum absolute Force error:                                4.793e-02  -->   3.202e-06 (normalized)
Minimum absolute Force error:                                1.001e-06  -->   8.512e-10 (normalized)
Average absolute Force error:                                1.200e-03  -->   1.688e-07 (normalized)
R boundary error:                                            0.000e+00  -->   0.000e+00 (m)
Z boundary error:                                            0.000e+00  -->   0.000e+00 (m)
Fixed Psi error:                                             0.000e+00  -->   0.000e+00 (Wb)
Fixed pressure profile error:                                0.000e+00  -->   0.000e+00 (Pa)
Fixed iota profile error:                                    0.000e+00  -->   0.000e+00 (dimensionless)
Fixed sheet current error:                                   0.000e+00  -->   0.000e+00 (~)
==============================================================================================================

Timer: Iteration 4 total = 3.47 sec
================
Step 5
================
Spectral indexing: ansi
Spectral resolution (L,M,N)=(12,12,8)
Node resolution (L,M,N)=(24,24,16)
Boundary ratio = 0.25
Pressure ratio = 1
Perturbation Order = 2
Objective: force
Optimizer: lsq-exact
================
Perturbing equilibrium
Building objective: force
Precomputing transforms
Timer: Precomputing transforms = 1.22 sec
Timer: Objective build = 1.29 sec
Building objective: lcfs R
Building objective: lcfs Z
Building objective: fixed Psi
Building objective: fixed pressure
Building objective: fixed iota
Building objective: fixed sheet current
Building objective: self_consistency R
Building objective: self_consistency Z
Building objective: lambda gauge
Building objective: axis R self consistency
Building objective: axis Z self consistency
Timer: Objective build = 768 ms
Perturbing Rb_lmn, Zb_lmn
Factorizing linear constraints
Timer: linear constraint factorize = 3.93 sec
Computing df
Timer: df computation = 6.48 sec
Factoring df
Timer: df/dx factorization = 59.2 ms
Computing d^2f
Timer: d^2f computation = 4.77 sec
Timer: Objective build = 1.41 ms
||dx||/||x|| =  9.680e-03
Timer: Total perturbation = 31.9 sec
Building objective: self_consistency R
Building objective: self_consistency Z
Building objective: lambda gauge
Building objective: axis R self consistency
Building objective: axis Z self consistency
Timer: Objective build = 25.9 ms
Timer: LinearConstraintProjection build = 1.04 sec
Number of parameters: 1892
Number of objectives: 11154
Timer: Initializing the optimization = 1.40 sec

Starting optimization
Using method: lsq-exact
   Iteration     Total nfev        Cost      Cost reduction    Step norm     Optimality   
       0              1          1.052e-03                                    2.847e-02   
       1              2          3.277e-07      1.052e-03      1.465e-02      3.432e-04   
       2              4          6.147e-08      2.662e-07      1.284e-02      1.028e-04   
       3              6          6.976e-09      5.450e-08      3.974e-03      4.530e-05   
       4              8          3.484e-10      6.628e-09      2.488e-03      5.414e-06   
       5             10          4.455e-11      3.039e-10      1.201e-03      2.995e-06   
       6             12          1.965e-11      2.491e-11      5.558e-04      5.817e-07   
       7             14          1.833e-11      1.316e-12      2.723e-04      1.270e-07   
       8             16          1.816e-11      1.728e-13      1.360e-04      2.946e-08   
Optimization terminated successfully.
`ftol` condition satisfied. (ftol=1.00e-02)
         Current function value: 1.816e-11
         Total delta_x: 1.276e-02
         Iterations: 8
         Function evaluations: 16
         Jacobian evaluations: 9
Timer: Solution time = 3.25 min
Timer: Avg time per step = 21.6 sec
==============================================================================================================
                                                                 Start  -->   End
Total (sum of squares):                                      1.052e-03  -->   1.816e-11, 
Maximum absolute Force error:                                1.319e+06  -->   1.477e+02 (N)
Minimum absolute Force error:                                6.976e-02  -->   5.178e-04 (N)
Average absolute Force error:                                2.396e+04  -->   5.119e+00 (N)
Maximum absolute Force error:                                2.126e-02  -->   2.381e-06 (normalized)
Minimum absolute Force error:                                1.125e-09  -->   8.349e-12 (normalized)
Average absolute Force error:                                3.864e-04  -->   8.254e-08 (normalized)
R boundary error:                                            0.000e+00  -->   0.000e+00 (m)
Z boundary error:                                            0.000e+00  -->   0.000e+00 (m)
Fixed Psi error:                                             0.000e+00  -->   0.000e+00 (Wb)
Fixed pressure profile error:                                0.000e+00  -->   0.000e+00 (Pa)
Fixed iota profile error:                                    0.000e+00  -->   0.000e+00 (dimensionless)
Fixed sheet current error:                                   0.000e+00  -->   0.000e+00 (~)
==============================================================================================================

Timer: Iteration 5 total = 3.89 min
================
Step 6
================
Spectral indexing: ansi
Spectral resolution (L,M,N)=(12,12,8)
Node resolution (L,M,N)=(24,24,16)
Boundary ratio = 0.5
Pressure ratio = 1
Perturbation Order = 2
Objective: force
Optimizer: lsq-exact
================
Perturbing equilibrium
Building objective: force
Precomputing transforms
Timer: Precomputing transforms = 70.3 ms
Timer: Objective build = 81.8 ms
Building objective: lcfs R
Building objective: lcfs Z
Building objective: fixed Psi
Building objective: fixed pressure
Building objective: fixed iota
Building objective: fixed sheet current
Building objective: self_consistency R
Building objective: self_consistency Z
Building objective: lambda gauge
Building objective: axis R self consistency
Building objective: axis Z self consistency
Timer: Objective build = 100 ms
Perturbing Rb_lmn, Zb_lmn
Factorizing linear constraints
Timer: linear constraint factorize = 892 ms
Computing df
Timer: df computation = 16.9 ms
Factoring df
Timer: df/dx factorization = 45.2 us
Computing d^2f
Timer: d^2f computation = 293 ms
Timer: Objective build = 1.42 ms
||dx||/||x|| =  6.908e-03
Timer: Total perturbation = 19.6 sec
Building objective: self_consistency R
Building objective: self_consistency Z
Building objective: lambda gauge
Building objective: axis R self consistency
Building objective: axis Z self consistency
Timer: Objective build = 24.9 ms
Timer: LinearConstraintProjection build = 906 ms
Number of parameters: 1892
Number of objectives: 11154
Timer: Initializing the optimization = 1.30 sec

Starting optimization
Using method: lsq-exact
   Iteration     Total nfev        Cost      Cost reduction    Step norm     Optimality   
       0              1          3.360e-05                                    2.945e-03   
       1              2          5.158e-07      3.308e-05      1.117e-02      2.496e-04   
       2              4          2.914e-07      2.244e-07      8.264e-03      1.451e-04   
       3              5          1.781e-07      1.133e-07      8.914e-03      3.286e-04   
       4              6          6.185e-08      1.163e-07      9.383e-03      7.506e-05   
       5              8          2.084e-09      5.977e-08      2.507e-03      2.980e-05   
       6             10          2.267e-10      1.857e-09      1.170e-03      8.827e-06   
       7             12          3.244e-11      1.942e-10      6.574e-04      3.157e-06   
       8             14          1.394e-11      1.850e-11      2.950e-04      6.016e-07   
       9             16          1.278e-11      1.163e-12      1.611e-04      1.499e-07   
      10             18          1.271e-11      6.856e-14      7.586e-05      5.329e-08   
Optimization terminated successfully.
`ftol` condition satisfied. (ftol=1.00e-02)
         Current function value: 1.271e-11
         Total delta_x: 1.278e-02
         Iterations: 10
         Function evaluations: 18
         Jacobian evaluations: 11
Timer: Solution time = 3.98 min
Timer: Avg time per step = 21.7 sec
==============================================================================================================
                                                                 Start  -->   End
Total (sum of squares):                                      3.360e-05  -->   1.271e-11, 
Maximum absolute Force error:                                2.589e+05  -->   1.088e+02 (N)
Minimum absolute Force error:                                8.583e-03  -->   8.564e-05 (N)
Average absolute Force error:                                5.169e+03  -->   4.349e+00 (N)
Maximum absolute Force error:                                4.175e-03  -->   1.755e-06 (normalized)
Minimum absolute Force error:                                1.384e-10  -->   1.381e-12 (normalized)
Average absolute Force error:                                8.334e-05  -->   7.012e-08 (normalized)
R boundary error:                                            0.000e+00  -->   0.000e+00 (m)
Z boundary error:                                            0.000e+00  -->   0.000e+00 (m)
Fixed Psi error:                                             0.000e+00  -->   0.000e+00 (Wb)
Fixed pressure profile error:                                0.000e+00  -->   0.000e+00 (Pa)
Fixed iota profile error:                                    0.000e+00  -->   0.000e+00 (dimensionless)
Fixed sheet current error:                                   0.000e+00  -->   0.000e+00 (~)
==============================================================================================================

Timer: Iteration 6 total = 4.34 min
================
Step 7
================
Spectral indexing: ansi
Spectral resolution (L,M,N)=(12,12,8)
Node resolution (L,M,N)=(24,24,16)
Boundary ratio = 0.75
Pressure ratio = 1
Perturbation Order = 2
Objective: force
Optimizer: lsq-exact
================
Perturbing equilibrium
Building objective: force
Precomputing transforms
Timer: Precomputing transforms = 74.8 ms
Timer: Objective build = 87.7 ms
Building objective: lcfs R
Building objective: lcfs Z
Building objective: fixed Psi
Building objective: fixed pressure
Building objective: fixed iota
Building objective: fixed sheet current
Building objective: self_consistency R
Building objective: self_consistency Z
Building objective: lambda gauge
Building objective: axis R self consistency
Building objective: axis Z self consistency
Timer: Objective build = 109 ms
Perturbing Rb_lmn, Zb_lmn
Factorizing linear constraints
Timer: linear constraint factorize = 1.00 sec
Computing df
Timer: df computation = 21.0 ms
Factoring df
Timer: df/dx factorization = 57.8 us
Computing d^2f
Timer: d^2f computation = 315 ms
Timer: Objective build = 1.40 ms
||dx||/||x|| =  3.351e-03
Timer: Total perturbation = 19.9 sec
Building objective: self_consistency R
Building objective: self_consistency Z
Building objective: lambda gauge
Building objective: axis R self consistency
Building objective: axis Z self consistency
Timer: Objective build = 26.4 ms
Timer: LinearConstraintProjection build = 910 ms
Number of parameters: 1892
Number of objectives: 11154
Timer: Initializing the optimization = 1.33 sec

Starting optimization
Using method: lsq-exact
   Iteration     Total nfev        Cost      Cost reduction    Step norm     Optimality   
       0              1          5.324e-06                                    1.937e-03   
       1              2          4.087e-07      4.915e-06      1.029e-02      4.366e-04   
       2              4          1.514e-08      3.936e-07      6.226e-03      6.131e-05   
       3              6          8.211e-10      1.432e-08      2.351e-03      1.611e-05   
       4              8          2.342e-10      5.868e-10      1.103e-03      1.012e-05   
       5              9          9.437e-11      1.399e-10      1.047e-03      6.590e-06   
       6             11          1.488e-11      7.949e-11      2.981e-04      1.002e-06   
       7             13          1.283e-11      2.051e-12      1.592e-04      1.958e-07   
       8             15          1.274e-11      8.887e-14      7.948e-05      5.237e-08   
Optimization terminated successfully.
`ftol` condition satisfied. (ftol=1.00e-02)
         Current function value: 1.274e-11
         Total delta_x: 1.490e-02
         Iterations: 8
         Function evaluations: 15
         Jacobian evaluations: 9
Timer: Solution time = 2.83 min
Timer: Avg time per step = 18.8 sec
==============================================================================================================
                                                                 Start  -->   End
Total (sum of squares):                                      5.324e-06  -->   1.274e-11, 
Maximum absolute Force error:                                2.047e+05  -->   1.279e+02 (N)
Minimum absolute Force error:                                1.508e-03  -->   1.113e-03 (N)
Average absolute Force error:                                1.707e+03  -->   4.323e+00 (N)
Maximum absolute Force error:                                3.301e-03  -->   2.062e-06 (normalized)
Minimum absolute Force error:                                2.432e-11  -->   1.795e-11 (normalized)
Average absolute Force error:                                2.752e-05  -->   6.971e-08 (normalized)
R boundary error:                                            0.000e+00  -->   0.000e+00 (m)
Z boundary error:                                            0.000e+00  -->   0.000e+00 (m)
Fixed Psi error:                                             0.000e+00  -->   0.000e+00 (Wb)
Fixed pressure profile error:                                0.000e+00  -->   0.000e+00 (Pa)
Fixed iota profile error:                                    0.000e+00  -->   0.000e+00 (dimensionless)
Fixed sheet current error:                                   0.000e+00  -->   0.000e+00 (~)
==============================================================================================================

Timer: Iteration 7 total = 3.19 min
================
Step 8
================
Spectral indexing: ansi
Spectral resolution (L,M,N)=(12,12,8)
Node resolution (L,M,N)=(24,24,16)
Boundary ratio = 1.0
Pressure ratio = 1
Perturbation Order = 2
Objective: force
Optimizer: lsq-exact
================
Perturbing equilibrium
Building objective: force
Precomputing transforms
Timer: Precomputing transforms = 71.0 ms
Timer: Objective build = 83.7 ms
Building objective: lcfs R
Building objective: lcfs Z
Building objective: fixed Psi
Building objective: fixed pressure
Building objective: fixed iota
Building objective: fixed sheet current
Building objective: self_consistency R
Building objective: self_consistency Z
Building objective: lambda gauge
Building objective: axis R self consistency
Building objective: axis Z self consistency
Timer: Objective build = 101 ms
Perturbing Rb_lmn, Zb_lmn
Factorizing linear constraints
Timer: linear constraint factorize = 908 ms
Computing df
Timer: df computation = 18.0 ms
Factoring df
Timer: df/dx factorization = 54.6 us
Computing d^2f
Timer: d^2f computation = 300 ms
Timer: Objective build = 1.39 ms
||dx||/||x|| =  3.375e-03
Timer: Total perturbation = 19.6 sec
Building objective: self_consistency R
Building objective: self_consistency Z
Building objective: lambda gauge
Building objective: axis R self consistency
Building objective: axis Z self consistency
Timer: Objective build = 25.8 ms
Timer: LinearConstraintProjection build = 879 ms
Number of parameters: 1892
Number of objectives: 11154
Timer: Initializing the optimization = 1.28 sec

Starting optimization
Using method: lsq-exact
   Iteration     Total nfev        Cost      Cost reduction    Step norm     Optimality   
       0              1          5.421e-06                                    2.324e-03   
       1              2          2.676e-06      2.745e-06      1.737e-02      1.317e-03   
       2              3          7.227e-07      1.953e-06      1.373e-02      7.661e-04   
       3              5          3.243e-08      6.902e-07      3.527e-03      1.184e-04   
       4              7          2.556e-09      2.988e-08      1.974e-03      2.187e-05   
       5              9          4.020e-10      2.154e-09      9.050e-04      1.061e-05   
       6             11          8.824e-11      3.137e-10      6.126e-04      4.526e-06   
       7             12          4.013e-11      4.811e-11      9.637e-04      2.713e-06   
       8             14          1.462e-11      2.551e-11      3.170e-04      7.156e-07   
       9             15          1.332e-11      1.301e-12      4.982e-04      4.441e-07   
      10             17          1.208e-11      1.233e-12      1.397e-04      5.720e-08   
      11             18          1.206e-11      2.056e-14      2.539e-04      1.255e-07   
      12             19          1.197e-11      9.233e-14      6.422e-05      7.604e-09   
`gtol` condition satisfied. (gtol=1.00e-08)
         Current function value: 1.197e-11
         Total delta_x: 1.782e-02
         Iterations: 12
         Function evaluations: 19
         Jacobian evaluations: 13
Timer: Solution time = 3.51 min
Timer: Avg time per step = 16.2 sec
==============================================================================================================
                                                                 Start  -->   End
Total (sum of squares):                                      5.421e-06  -->   1.197e-11, 
Maximum absolute Force error:                                1.896e+05  -->   1.370e+02 (N)
Minimum absolute Force error:                                4.196e-02  -->   5.009e-06 (N)
Average absolute Force error:                                1.771e+03  -->   4.164e+00 (N)
Maximum absolute Force error:                                3.057e-03  -->   2.209e-06 (normalized)
Minimum absolute Force error:                                6.765e-10  -->   8.077e-14 (normalized)
Average absolute Force error:                                2.856e-05  -->   6.714e-08 (normalized)
R boundary error:                                            0.000e+00  -->   0.000e+00 (m)
Z boundary error:                                            0.000e+00  -->   0.000e+00 (m)
Fixed Psi error:                                             0.000e+00  -->   0.000e+00 (Wb)
Fixed pressure profile error:                                0.000e+00  -->   0.000e+00 (Pa)
Fixed iota profile error:                                    0.000e+00  -->   0.000e+00 (dimensionless)
Fixed sheet current error:                                   0.000e+00  -->   0.000e+00 (~)
==============================================================================================================

Timer: Iteration 8 total = 3.87 min
====================
Done
Timer: Total time = 16.0 min
====================


# Python warnings captured during continuation
DeprecationWarning: linear_util.wrap_init is missing a DebugInfo object. This behavior is deprecated, use api_util.debug_info() to construct a proper DebugInfo object and propagate it to this function. See https://github.com/jax-ml/jax/issues/26480 for more details.
DeprecationWarning: linear_util.wrap_init is missing a DebugInfo object. This behavior is deprecated, use api_util.debug_info() to construct a proper DebugInfo object and propagate it to this function. See https://github.com/jax-ml/jax/issues/26480 for more details.
DeprecationWarning: linear_util.wrap_init is missing a DebugInfo object. This behavior is deprecated, use api_util.debug_info() to construct a proper DebugInfo object and propagate it to this function. See https://github.com/jax-ml/jax/issues/26480 for more details.
DeprecationWarning: linear_util.wrap_init is missing a DebugInfo object. This behavior is deprecated, use api_util.debug_info() to construct a proper DebugInfo object and propagate it to this function. See https://github.com/jax-ml/jax/issues/26480 for more details.
DeprecationWarning: linear_util.wrap_init is missing a DebugInfo object. This behavior is deprecated, use api_util.debug_info() to construct a proper DebugInfo object and propagate it to this function. See https://github.com/jax-ml/jax/issues/26480 for more details.
DeprecationWarning: linear_util.wrap_init is missing a DebugInfo object. This behavior is deprecated, use api_util.debug_info() to construct a proper DebugInfo object and propagate it to this function. See https://github.com/jax-ml/jax/issues/26480 for more details.
DeprecationWarning: linear_util.wrap_init is missing a DebugInfo object. This behavior is deprecated, use api_util.debug_info() to construct a proper DebugInfo object and propagate it to this function. See https://github.com/jax-ml/jax/issues/26480 for more details.
DeprecationWarning: linear_util.wrap_init is missing a DebugInfo object. This behavior is deprecated, use api_util.debug_info() to construct a proper DebugInfo object and propagate it to this function. See https://github.com/jax-ml/jax/issues/26480 for more details.
DeprecationWarning: linear_util.wrap_init is missing a DebugInfo object. This behavior is deprecated, use api_util.debug_info() to construct a proper DebugInfo object and propagate it to this function. See https://github.com/jax-ml/jax/issues/26480 for more details.
DeprecationWarning: linear_util.wrap_init is missing a DebugInfo object. This behavior is deprecated, use api_util.debug_info() to construct a proper DebugInfo object and propagate it to this function. See https://github.com/jax-ml/jax/issues/26480 for more details.
DeprecationWarning: linear_util.wrap_init is missing a DebugInfo object. This behavior is deprecated, use api_util.debug_info() to construct a proper DebugInfo object and propagate it to this function. See https://github.com/jax-ml/jax/issues/26480 for more details.
DeprecationWarning: linear_util.wrap_init is missing a DebugInfo object. This behavior is deprecated, use api_util.debug_info() to construct a proper DebugInfo object and propagate it to this function. See https://github.com/jax-ml/jax/issues/26480 for more details.
DeprecationWarning: linear_util.wrap_init is missing a DebugInfo object. This behavior is deprecated, use api_util.debug_info() to construct a proper DebugInfo object and propagate it to this function. See https://github.com/jax-ml/jax/issues/26480 for more details.
DeprecationWarning: linear_util.wrap_init is missing a DebugInfo object. This behavior is deprecated, use api_util.debug_info() to construct a proper DebugInfo object and propagate it to this function. See https://github.com/jax-ml/jax/issues/26480 for more details.
DeprecationWarning: linear_util.wrap_init is missing a DebugInfo object. This behavior is deprecated, use api_util.debug_info() to construct a proper DebugInfo object and propagate it to this function. See https://github.com/jax-ml/jax/issues/26480 for more details.
DeprecationWarning: linear_util.wrap_init is missing a DebugInfo object. This behavior is deprecated, use api_util.debug_info() to construct a proper DebugInfo object and propagate it to this function. See https://github.com/jax-ml/jax/issues/26480 for more details.
DeprecationWarning: linear_util.wrap_init is missing a DebugInfo object. This behavior is deprecated, use api_util.debug_info() to construct a proper DebugInfo object and propagate it to this function. See https://github.com/jax-ml/jax/issues/26480 for more details.
DeprecationWarning: linear_util.wrap_init is missing a DebugInfo object. This behavior is deprecated, use api_util.debug_info() to construct a proper DebugInfo object and propagate it to this function. See https://github.com/jax-ml/jax/issues/26480 for more details.
DeprecationWarning: linear_util.wrap_init is missing a DebugInfo object. This behavior is deprecated, use api_util.debug_info() to construct a proper DebugInfo object and propagate it to this function. See https://github.com/jax-ml/jax/issues/26480 for more details.
DeprecationWarning: linear_util.wrap_init is missing a DebugInfo object. This behavior is deprecated, use api_util.debug_info() to construct a proper DebugInfo object and propagate it to this function. See https://github.com/jax-ml/jax/issues/26480 for more details.
DeprecationWarning: linear_util.wrap_init is missing a DebugInfo object. This behavior is deprecated, use api_util.debug_info() to construct a proper DebugInfo object and propagate it to this function. See https://github.com/jax-ml/jax/issues/26480 for more details.
DeprecationWarning: linear_util.wrap_init is missing a DebugInfo object. This behavior is deprecated, use api_util.debug_info() to construct a proper DebugInfo object and propagate it to this function. See https://github.com/jax-ml/jax/issues/26480 for more details.
DeprecationWarning: linear_util.wrap_init is missing a DebugInfo object. This behavior is deprecated, use api_util.debug_info() to construct a proper DebugInfo object and propagate it to this function. See https://github.com/jax-ml/jax/issues/26480 for more details.
DeprecationWarning: linear_util.wrap_init is missing a DebugInfo object. This behavior is deprecated, use api_util.debug_info() to construct a proper DebugInfo object and propagate it to this function. See https://github.com/jax-ml/jax/issues/26480 for more details.
DeprecationWarning: linear_util.wrap_init is missing a DebugInfo object. This behavior is deprecated, use api_util.debug_info() to construct a proper DebugInfo object and propagate it to this function. See https://github.com/jax-ml/jax/issues/26480 for more details.
DeprecationWarning: linear_util.wrap_init is missing a DebugInfo object. This behavior is deprecated, use api_util.debug_info() to construct a proper DebugInfo object and propagate it to this function. See https://github.com/jax-ml/jax/issues/26480 for more details.
DeprecationWarning: linear_util.wrap_init is missing a DebugInfo object. This behavior is deprecated, use api_util.debug_info() to construct a proper DebugInfo object and propagate it to this function. See https://github.com/jax-ml/jax/issues/26480 for more details.
DeprecationWarning: linear_util.wrap_init is missing a DebugInfo object. This behavior is deprecated, use api_util.debug_info() to construct a proper DebugInfo object and propagate it to this function. See https://github.com/jax-ml/jax/issues/26480 for more details.
DeprecationWarning: linear_util.wrap_init is missing a DebugInfo object. This behavior is deprecated, use api_util.debug_info() to construct a proper DebugInfo object and propagate it to this function. See https://github.com/jax-ml/jax/issues/26480 for more details.
DeprecationWarning: linear_util.wrap_init is missing a DebugInfo object. This behavior is deprecated, use api_util.debug_info() to construct a proper DebugInfo object and propagate it to this function. See https://github.com/jax-ml/jax/issues/26480 for more details.
DeprecationWarning: linear_util.wrap_init is missing a DebugInfo object. This behavior is deprecated, use api_util.debug_info() to construct a proper DebugInfo object and propagate it to this function. See https://github.com/jax-ml/jax/issues/26480 for more details.
DeprecationWarning: linear_util.wrap_init is missing a DebugInfo object. This behavior is deprecated, use api_util.debug_info() to construct a proper DebugInfo object and propagate it to this function. See https://github.com/jax-ml/jax/issues/26480 for more details.
DeprecationWarning: linear_util.wrap_init is missing a DebugInfo object. This behavior is deprecated, use api_util.debug_info() to construct a proper DebugInfo object and propagate it to this function. See https://github.com/jax-ml/jax/issues/26480 for more details.
DeprecationWarning: linear_util.wrap_init is missing a DebugInfo object. This behavior is deprecated, use api_util.debug_info() to construct a proper DebugInfo object and propagate it to this function. See https://github.com/jax-ml/jax/issues/26480 for more details.
DeprecationWarning: linear_util.wrap_init is missing a DebugInfo object. This behavior is deprecated, use api_util.debug_info() to construct a proper DebugInfo object and propagate it to this function. See https://github.com/jax-ml/jax/issues/26480 for more details.
DeprecationWarning: linear_util.wrap_init is missing a DebugInfo object. This behavior is deprecated, use api_util.debug_info() to construct a proper DebugInfo object and propagate it to this function. See https://github.com/jax-ml/jax/issues/26480 for more details.
DeprecationWarning: linear_util.wrap_init is missing a DebugInfo object. This behavior is deprecated, use api_util.debug_info() to construct a proper DebugInfo object and propagate it to this function. See https://github.com/jax-ml/jax/issues/26480 for more details.
DeprecationWarning: linear_util.wrap_init is missing a DebugInfo object. This behavior is deprecated, use api_util.debug_info() to construct a proper DebugInfo object and propagate it to this function. See https://github.com/jax-ml/jax/issues/26480 for more details.
