================
Step 1
================
Spectral indexing: ansi
Spectral resolution (L,M,N)=(6,6,0)
Node resolution (L,M,N)=(12,12,0)
Boundary ratio = 0
Pressure ratio = 0
Perturbation Order = 2
Objective: force
Optimizer: lsq-exact
================
Building objective: force
Precomputing transforms
[32mTimer: Precomputing transforms = 623 ms[0m
[32mTimer: Objective build = 859 ms[0m
Building objective: lcfs R
Building objective: lcfs Z
Building objective: fixed Psi
Building objective: fixed pressure
Building objective: fixed iota
Building objective: fixed sheet current
Building objective: self_consistency R
Building objective: self_consistency Z
Building objective: lambda gauge
Building objective: axis R self consistency
Building objective: axis Z self consistency
[32mTimer: Objective build = 269 ms[0m
[32mTimer: LinearConstraintProjection build = 1.89 sec[0m
Number of parameters: 27
Number of objectives: 98
[32mTimer: Initializing the optimization = 3.05 sec[0m

Starting optimization
Using method: lsq-exact
   Iteration     Total nfev        Cost      Cost reduction    Step norm     Optimality   
       0              1          1.464e-02                                    1.698e-01   
       1              2          5.560e-05      1.458e-02      1.158e-01      7.508e-03   
       2              3          4.966e-07      5.510e-05      4.949e-02      5.961e-04   
       3              4          2.604e-08      4.705e-07      2.988e-02      1.469e-04   
       4              5          7.461e-11      2.597e-08      2.580e-03      6.615e-06   
       5              6          1.702e-12      7.291e-11      1.244e-03      7.455e-07   
       6              7          3.503e-13      1.352e-12      1.369e-04      7.525e-08   
       7              8          3.396e-13      1.076e-14      6.326e-05      8.981e-09   
`gtol` condition satisfied. (gtol=1.00e-08)
         Current function value: 3.396e-13
         Total delta_x: 1.888e-01
         Iterations: 7
         Function evaluations: 8
         Jacobian evaluations: 8
[32mTimer: Solution time = 2.92 sec[0m
[32mTimer: Avg time per step = 365 ms[0m
==============================================================================================================
                                                                 Start  -->   End
Total (sum of squares):                                      1.464e-02  -->   3.396e-13, 
Maximum absolute Force error:                                7.143e+05  -->   1.159e+01 (N)
Minimum absolute Force error:                                1.125e+02  -->   3.120e-03 (N)
Average absolute Force error:                                2.079e+05  -->   9.012e-01 (N)
Maximum absolute Force error:                                8.867e-03  -->   1.438e-07 (normalized)
Minimum absolute Force error:                                1.396e-06  -->   3.873e-11 (normalized)
Average absolute Force error:                                2.580e-03  -->   1.119e-08 (normalized)
R boundary error:                                            0.000e+00  -->   0.000e+00 (m)
Z boundary error:                                            0.000e+00  -->   0.000e+00 (m)
Fixed Psi error:                                             0.000e+00  -->   0.000e+00 (Wb)
Fixed pressure profile error:                                0.000e+00  -->   0.000e+00 (Pa)
Fixed iota profile error:                                    0.000e+00  -->   0.000e+00 (dimensionless)
Fixed sheet current error:                                   0.000e+00  -->   0.000e+00 (~)
==============================================================================================================

[32mTimer: Iteration 1 total = 6.77 sec[0m
================
Step 2
================
Spectral indexing: ansi
Spectral resolution (L,M,N)=(6,6,0)
Node resolution (L,M,N)=(12,12,0)
Boundary ratio = 0
Pressure ratio = 0.5
Perturbation Order = 2
Objective: force
Optimizer: lsq-exact
================
Perturbing equilibrium
Building objective: force
Precomputing transforms
[32mTimer: Precomputing transforms = 20.9 ms[0m
[32mTimer: Objective build = 24.5 ms[0m
Building objective: lcfs R
Building objective: lcfs Z
Building objective: fixed Psi
Building objective: fixed pressure
Building objective: fixed iota
Building objective: fixed sheet current
Building objective: self_consistency R
Building objective: self_consistency Z
Building objective: lambda gauge
Building objective: axis R self consistency
Building objective: axis Z self consistency
[32mTimer: Objective build = 39.1 ms[0m
Perturbing p_l
Factorizing linear constraints
[32mTimer: linear constraint factorize = 937 ms[0m
Computing df
[32mTimer: df computation = 1.37 sec[0m
Factoring df
[32mTimer: df/dx factorization = 18.9 ms[0m
Computing d^2f
[32mTimer: d^2f computation = 991 ms[0m
[32mTimer: Objective build = 737 us[0m
||dx||/||x|| =  1.434e-02
[32mTimer: Total perturbation = 5.09 sec[0m
Building objective: self_consistency R
Building objective: self_consistency Z
Building objective: lambda gauge
Building objective: axis R self consistency
Building objective: axis Z self consistency
[32mTimer: Objective build = 3.58 ms[0m
[32mTimer: LinearConstraintProjection build = 12.2 ms[0m
Number of parameters: 27
Number of objectives: 98
[32mTimer: Initializing the optimization = 17.3 ms[0m

Starting optimization
Using method: lsq-exact
   Iteration     Total nfev        Cost      Cost reduction    Step norm     Optimality   
       0              1          6.731e-07                                    7.351e-04   
       1              2          1.103e-08      6.620e-07      7.064e-03      7.658e-05   
       2              3          1.581e-09      9.446e-09      3.064e-03      3.352e-05   
       3              4          9.848e-11      1.482e-09      1.212e-03      6.075e-06   
       4              5          9.407e-11      4.404e-12      1.184e-03      6.381e-06   
       5              6          3.523e-11      5.884e-11      3.632e-04      5.927e-07   
       6              8          3.400e-11      1.233e-12      1.776e-04      1.521e-07   
       7              9          3.279e-11      1.215e-12      3.331e-04      5.871e-07   
       8             11          3.155e-11      1.232e-12      1.608e-04      1.448e-07   
       9             12          3.039e-11      1.163e-12      3.166e-04      5.756e-07   
      10             13          2.884e-11      1.550e-12      3.117e-04      5.678e-07   
      11             15          2.766e-11      1.183e-12      1.556e-04      1.401e-07   
      12             16          2.662e-11      1.039e-12      3.151e-04      5.600e-07   
      13             17          2.522e-11      1.399e-12      3.197e-04      5.504e-07   
      14             19          2.414e-11      1.083e-12      1.621e-04      1.344e-07   
      15             20          2.336e-11      7.819e-13      3.313e-04      5.385e-07   
      16             21          2.237e-11      9.868e-13      3.355e-04      5.218e-07   
      17             22          2.175e-11      6.184e-13      3.314e-04      5.026e-07   
      18             23          2.153e-11      2.200e-13      2.004e-04      3.930e-07   
      19             24          2.126e-11      2.733e-13      2.471e-04      1.300e-07   
      20             25          2.123e-11      2.463e-14      1.840e-04      7.015e-08   
Optimization terminated successfully.
`ftol` condition satisfied. (ftol=1.00e-02)
         Current function value: 2.123e-11
         Total delta_x: 1.317e-02
         Iterations: 20
         Function evaluations: 25
         Jacobian evaluations: 21
[32mTimer: Solution time = 868 ms[0m
[32mTimer: Avg time per step = 41.3 ms[0m
==============================================================================================================
                                                                 Start  -->   End
Total (sum of squares):                                      6.731e-07  -->   2.123e-11, 
Maximum absolute Force error:                                2.084e+04  -->   9.089e+01 (N)
Minimum absolute Force error:                                1.238e+01  -->   2.392e-01 (N)
Average absolute Force error:                                1.205e+03  -->   7.369e+00 (N)
Maximum absolute Force error:                                2.588e-04  -->   1.128e-06 (normalized)
Minimum absolute Force error:                                1.537e-07  -->   2.970e-09 (normalized)
Average absolute Force error:                                1.496e-05  -->   9.147e-08 (normalized)
R boundary error:                                            0.000e+00  -->   0.000e+00 (m)
Z boundary error:                                            0.000e+00  -->   0.000e+00 (m)
Fixed Psi error:                                             0.000e+00  -->   0.000e+00 (Wb)
Fixed pressure profile error:                                0.000e+00  -->   0.000e+00 (Pa)
Fixed iota profile error:                                    0.000e+00  -->   0.000e+00 (dimensionless)
Fixed sheet current error:                                   0.000e+00  -->   0.000e+00 (~)
==============================================================================================================

[32mTimer: Iteration 2 total = 6.68 sec[0m
================
Step 3
================
Spectral indexing: ansi
Spectral resolution (L,M,N)=(6,6,0)
Node resolution (L,M,N)=(12,12,0)
Boundary ratio = 0
Pressure ratio = 1.0
Perturbation Order = 2
Objective: force
Optimizer: lsq-exact
================
Perturbing equilibrium
Building objective: force
Precomputing transforms
[32mTimer: Precomputing transforms = 21.9 ms[0m
[32mTimer: Objective build = 25.3 ms[0m
Building objective: lcfs R
Building objective: lcfs Z
Building objective: fixed Psi
Building objective: fixed pressure
Building objective: fixed iota
Building objective: fixed sheet current
Building objective: self_consistency R
Building objective: self_consistency Z
Building objective: lambda gauge
Building objective: axis R self consistency
Building objective: axis Z self consistency
[32mTimer: Objective build = 39.0 ms[0m
Perturbing p_l
Factorizing linear constraints
[32mTimer: linear constraint factorize = 309 ms[0m
Computing df
[32mTimer: df computation = 831 us[0m
Factoring df
[32mTimer: df/dx factorization = 15.1 us[0m
Computing d^2f
[32mTimer: d^2f computation = 174 us[0m
[32mTimer: Objective build = 738 us[0m
||dx||/||x|| =  1.258e-02
[32mTimer: Total perturbation = 607 ms[0m
Building objective: self_consistency R
Building objective: self_consistency Z
Building objective: lambda gauge
Building objective: axis R self consistency
Building objective: axis Z self consistency
[32mTimer: Objective build = 3.60 ms[0m
[32mTimer: LinearConstraintProjection build = 11.9 ms[0m
Number of parameters: 27
Number of objectives: 98
[32mTimer: Initializing the optimization = 16.8 ms[0m

Starting optimization
Using method: lsq-exact
   Iteration     Total nfev        Cost      Cost reduction    Step norm     Optimality   
       0              1          8.976e-08                                    3.485e-04   
       1              2          4.761e-08      4.215e-08      5.248e-03      1.762e-04   
       2              3          6.553e-09      4.106e-08      3.695e-03      6.812e-05   
       3              4          2.775e-09      3.778e-09      5.857e-03      3.466e-05   
       4              6          2.347e-10      2.540e-09      1.336e-03      4.629e-06   
       5              8          1.944e-10      4.025e-11      4.211e-04      8.070e-07   
       6             10          1.889e-10      5.483e-12      2.273e-04      2.120e-07   
       7             11          1.844e-10      4.530e-12      4.711e-04      8.017e-07   
       8             12          1.814e-10      3.037e-12      4.399e-04      7.477e-07   
       9             13          1.809e-10      5.039e-13      4.157e-04      7.694e-07   
Optimization terminated successfully.
`ftol` condition satisfied. (ftol=1.00e-02)
         Current function value: 1.809e-10
         Total delta_x: 4.677e-03
         Iterations: 9
         Function evaluations: 13
         Jacobian evaluations: 10
[32mTimer: Solution time = 59.2 ms[0m
[32mTimer: Avg time per step = 5.92 ms[0m
==============================================================================================================
                                                                 Start  -->   End
Total (sum of squares):                                      8.976e-08  -->   1.809e-10, 
Maximum absolute Force error:                                4.486e+03  -->   1.904e+02 (N)
Minimum absolute Force error:                                2.236e+00  -->   8.414e-01 (N)
Average absolute Force error:                                4.626e+02  -->   2.204e+01 (N)
Maximum absolute Force error:                                5.569e-05  -->   2.364e-06 (normalized)
Minimum absolute Force error:                                2.776e-08  -->   1.045e-08 (normalized)
Average absolute Force error:                                5.742e-06  -->   2.736e-07 (normalized)
R boundary error:                                            0.000e+00  -->   0.000e+00 (m)
Z boundary error:                                            0.000e+00  -->   0.000e+00 (m)
Fixed Psi error:                                             0.000e+00  -->   0.000e+00 (Wb)
Fixed pressure profile error:                                0.000e+00  -->   0.000e+00 (Pa)
Fixed iota profile error:                                    0.000e+00  -->   0.000e+00 (dimensionless)
Fixed sheet current error:                                   0.000e+00  -->   0.000e+00 (~)
==============================================================================================================

[32mTimer: Iteration 3 total = 816 ms[0m
================
Step 4
================
Spectral indexing: ansi
Spectral resolution (L,M,N)=(6,6,3)
Node resolution (L,M,N)=(12,12,6)
Boundary ratio = 0.25
Pressure ratio = 1
Perturbation Order = 2
Objective: force
Optimizer: lsq-exact
================
Perturbing equilibrium
Building objective: force
Precomputing transforms
[32mTimer: Precomputing transforms = 550 ms[0m
[32mTimer: Objective build = 588 ms[0m
Building objective: lcfs R
Building objective: lcfs Z
Building objective: fixed Psi
Building objective: fixed pressure
Building objective: fixed iota
Building objective: fixed sheet current
Building objective: self_consistency R
Building objective: self_consistency Z
Building objective: lambda gauge
Building objective: axis R self consistency
Building objective: axis Z self consistency
[32mTimer: Objective build = 399 ms[0m
Perturbing Rb_lmn, Zb_lmn
Factorizing linear constraints
[32mTimer: linear constraint factorize = 2.00 sec[0m
Computing df
[32mTimer: df computation = 2.24 sec[0m
Factoring df
[32mTimer: df/dx factorization = 22.1 ms[0m
Computing d^2f
[32mTimer: d^2f computation = 1.58 sec[0m
[32mTimer: Objective build = 743 us[0m
||dx||/||x|| =  2.065e-03
[32mTimer: Total perturbation = 7.57 sec[0m
Building objective: self_consistency R
Building objective: self_consistency Z
Building objective: lambda gauge
Building objective: axis R self consistency
Building objective: axis Z self consistency
[32mTimer: Objective build = 4.65 ms[0m
[32mTimer: LinearConstraintProjection build = 90.6 ms[0m
Number of parameters: 201
Number of objectives: 1274
[32mTimer: Initializing the optimization = 96.9 ms[0m

Starting optimization
Using method: lsq-exact
   Iteration     Total nfev        Cost      Cost reduction    Step norm     Optimality   
       0              1          1.504e-08                                    5.757e-05   
       1              2          6.600e-10      1.438e-08      2.896e-03      1.290e-05   
       2              4          2.444e-10      4.157e-10      1.560e-03      6.584e-06   
       3              5          2.091e-10      3.529e-11      1.125e-03      3.845e-06   
       4              7          1.828e-10      2.626e-11      5.624e-04      8.627e-07   
       5              8          1.824e-10      4.589e-13      5.262e-04      4.306e-07   
Optimization terminated successfully.
`ftol` condition satisfied. (ftol=1.00e-02)
         Current function value: 1.824e-10
         Total delta_x: 1.561e-03
         Iterations: 5
         Function evaluations: 8
         Jacobian evaluations: 6
[32mTimer: Solution time = 2.17 sec[0m
[32mTimer: Avg time per step = 362 ms[0m
==============================================================================================================
                                                                 Start  -->   End
Total (sum of squares):                                      1.504e-08  -->   1.824e-10, 
Maximum absolute Force error:                                1.746e+03  -->   2.152e+02 (N)
Minimum absolute Force error:                                7.264e-02  -->   3.997e-02 (N)
Average absolute Force error:                                1.483e+02  -->   2.198e+01 (N)
Maximum absolute Force error:                                2.168e-05  -->   2.671e-06 (normalized)
Minimum absolute Force error:                                9.017e-10  -->   4.962e-10 (normalized)
Average absolute Force error:                                1.841e-06  -->   2.728e-07 (normalized)
R boundary error:                                            0.000e+00  -->   0.000e+00 (m)
Z boundary error:                                            0.000e+00  -->   0.000e+00 (m)
Fixed Psi error:                                             0.000e+00  -->   0.000e+00 (Wb)
Fixed pressure profile error:                                0.000e+00  -->   0.000e+00 (Pa)
Fixed iota profile error:                                    0.000e+00  -->   0.000e+00 (dimensionless)
Fixed sheet current error:                                   0.000e+00  -->   0.000e+00 (~)
==============================================================================================================

[32mTimer: Iteration 4 total = 11.8 sec[0m
================
Step 5
================
Spectral indexing: ansi
Spectral resolution (L,M,N)=(6,6,3)
Node resolution (L,M,N)=(12,12,6)
Boundary ratio = 0.5
Pressure ratio = 1
Perturbation Order = 2
Objective: force
Optimizer: lsq-exact
================
Perturbing equilibrium
Building objective: force
Precomputing transforms
[32mTimer: Precomputing transforms = 33.8 ms[0m
[32mTimer: Objective build = 37.6 ms[0m
Building objective: lcfs R
Building objective: lcfs Z
Building objective: fixed Psi
Building objective: fixed pressure
Building objective: fixed iota
Building objective: fixed sheet current
Building objective: self_consistency R
Building objective: self_consistency Z
Building objective: lambda gauge
Building objective: axis R self consistency
Building objective: axis Z self consistency
[32mTimer: Objective build = 42.6 ms[0m
Perturbing Rb_lmn, Zb_lmn
Factorizing linear constraints
[32mTimer: linear constraint factorize = 16.1 ms[0m
Computing df
[32mTimer: df computation = 914 us[0m
Factoring df
[32mTimer: df/dx factorization = 17.0 us[0m
Computing d^2f
[32mTimer: d^2f computation = 216 us[0m
[32mTimer: Objective build = 732 us[0m
||dx||/||x|| =  2.049e-03
[32mTimer: Total perturbation = 320 ms[0m
Building objective: self_consistency R
Building objective: self_consistency Z
Building objective: lambda gauge
Building objective: axis R self consistency
Building objective: axis Z self consistency
[32mTimer: Objective build = 4.75 ms[0m
[32mTimer: LinearConstraintProjection build = 18.3 ms[0m
Number of parameters: 201
Number of objectives: 1274
[32mTimer: Initializing the optimization = 24.9 ms[0m

Starting optimization
Using method: lsq-exact
   Iteration     Total nfev        Cost      Cost reduction    Step norm     Optimality   
       0              1          1.513e-08                                    5.972e-05   
       1              2          5.823e-10      1.455e-08      2.808e-03      1.454e-05   
       2              4          2.055e-10      3.768e-10      1.125e-03      3.268e-06   
       3              6          1.893e-10      1.612e-11      3.825e-04      4.860e-07   
       4              8          1.890e-10      3.702e-13      2.247e-04      1.023e-07   
Optimization terminated successfully.
`ftol` condition satisfied. (ftol=1.00e-02)
         Current function value: 1.890e-10
         Total delta_x: 2.400e-03
         Iterations: 4
         Function evaluations: 8
         Jacobian evaluations: 5
[32mTimer: Solution time = 213 ms[0m
[32mTimer: Avg time per step = 42.7 ms[0m
==============================================================================================================
                                                                 Start  -->   End
Total (sum of squares):                                      1.513e-08  -->   1.890e-10, 
Maximum absolute Force error:                                1.754e+03  -->   2.359e+02 (N)
Minimum absolute Force error:                                1.494e-02  -->   1.303e-01 (N)
Average absolute Force error:                                1.474e+02  -->   2.223e+01 (N)
Maximum absolute Force error:                                2.177e-05  -->   2.928e-06 (normalized)
Minimum absolute Force error:                                1.855e-10  -->   1.617e-09 (normalized)
Average absolute Force error:                                1.830e-06  -->   2.759e-07 (normalized)
R boundary error:                                            0.000e+00  -->   0.000e+00 (m)
Z boundary error:                                            0.000e+00  -->   0.000e+00 (m)
Fixed Psi error:                                             0.000e+00  -->   0.000e+00 (Wb)
Fixed pressure profile error:                                0.000e+00  -->   0.000e+00 (Pa)
Fixed iota profile error:                                    0.000e+00  -->   0.000e+00 (dimensionless)
Fixed sheet current error:                                   0.000e+00  -->   0.000e+00 (~)
==============================================================================================================

[32mTimer: Iteration 5 total = 711 ms[0m
================
Step 6
================
Spectral indexing: ansi
Spectral resolution (L,M,N)=(6,6,3)
Node resolution (L,M,N)=(12,12,6)
Boundary ratio = 0.75
Pressure ratio = 1
Perturbation Order = 2
Objective: force
Optimizer: lsq-exact
================
Perturbing equilibrium
Building objective: force
Precomputing transforms
[32mTimer: Precomputing transforms = 32.6 ms[0m
[32mTimer: Objective build = 36.2 ms[0m
Building objective: lcfs R
Building objective: lcfs Z
Building objective: fixed Psi
Building objective: fixed pressure
Building objective: fixed iota
Building objective: fixed sheet current
Building objective: self_consistency R
Building objective: self_consistency Z
Building objective: lambda gauge
Building objective: axis R self consistency
Building objective: axis Z self consistency
[32mTimer: Objective build = 41.3 ms[0m
Perturbing Rb_lmn, Zb_lmn
Factorizing linear constraints
[32mTimer: linear constraint factorize = 16.2 ms[0m
Computing df
[32mTimer: df computation = 879 us[0m
Factoring df
[32mTimer: df/dx factorization = 15.5 us[0m
Computing d^2f
[32mTimer: d^2f computation = 209 us[0m
[32mTimer: Objective build = 731 us[0m
||dx||/||x|| =  2.048e-03
[32mTimer: Total perturbation = 129 ms[0m
Building objective: self_consistency R
Building objective: self_consistency Z
Building objective: lambda gauge
Building objective: axis R self consistency
Building objective: axis Z self consistency
[32mTimer: Objective build = 4.57 ms[0m
[32mTimer: LinearConstraintProjection build = 17.2 ms[0m
Number of parameters: 201
Number of objectives: 1274
[32mTimer: Initializing the optimization = 23.3 ms[0m

Starting optimization
Using method: lsq-exact
   Iteration     Total nfev        Cost      Cost reduction    Step norm     Optimality   
       0              1          1.621e-08                                    6.278e-05   
       1              2          8.270e-10      1.539e-08      3.499e-03      1.318e-05   
       2              3          7.097e-10      1.173e-10      2.722e-03      1.703e-05   
       3              4          2.064e-10      5.033e-10      8.276e-04      1.669e-06   
       4              6          2.016e-10      4.724e-12      3.818e-04      1.230e-07   
       5              8          2.015e-10      1.713e-13      1.777e-04      2.554e-08   
Optimization terminated successfully.
`ftol` condition satisfied. (ftol=1.00e-02)
         Current function value: 2.015e-10
         Total delta_x: 1.742e-03
         Iterations: 5
         Function evaluations: 8
         Jacobian evaluations: 6
[32mTimer: Solution time = 241 ms[0m
[32mTimer: Avg time per step = 40.2 ms[0m
==============================================================================================================
                                                                 Start  -->   End
Total (sum of squares):                                      1.621e-08  -->   2.015e-10, 
Maximum absolute Force error:                                2.404e+03  -->   2.519e+02 (N)
Minimum absolute Force error:                                7.585e-02  -->   3.711e-02 (N)
Average absolute Force error:                                1.535e+02  -->   2.293e+01 (N)
Maximum absolute Force error:                                2.984e-05  -->   3.127e-06 (normalized)
Minimum absolute Force error:                                9.415e-10  -->   4.607e-10 (normalized)
Average absolute Force error:                                1.905e-06  -->   2.847e-07 (normalized)
R boundary error:                                            0.000e+00  -->   0.000e+00 (m)
Z boundary error:                                            0.000e+00  -->   0.000e+00 (m)
Fixed Psi error:                                             0.000e+00  -->   0.000e+00 (Wb)
Fixed pressure profile error:                                0.000e+00  -->   0.000e+00 (Pa)
Fixed iota profile error:                                    0.000e+00  -->   0.000e+00 (dimensionless)
Fixed sheet current error:                                   0.000e+00  -->   0.000e+00 (~)
==============================================================================================================

[32mTimer: Iteration 6 total = 542 ms[0m
================
Step 7
================
Spectral indexing: ansi
Spectral resolution (L,M,N)=(6,6,3)
Node resolution (L,M,N)=(12,12,6)
Boundary ratio = 1.0
Pressure ratio = 1
Perturbation Order = 2
Objective: force
Optimizer: lsq-exact
================
Perturbing equilibrium
Building objective: force
Precomputing transforms
[32mTimer: Precomputing transforms = 34.0 ms[0m
[32mTimer: Objective build = 37.6 ms[0m
Building objective: lcfs R
Building objective: lcfs Z
Building objective: fixed Psi
Building objective: fixed pressure
Building objective: fixed iota
Building objective: fixed sheet current
Building objective: self_consistency R
Building objective: self_consistency Z
Building objective: lambda gauge
Building objective: axis R self consistency
Building objective: axis Z self consistency
[32mTimer: Objective build = 44.5 ms[0m
Perturbing Rb_lmn, Zb_lmn
Factorizing linear constraints
[32mTimer: linear constraint factorize = 16.2 ms[0m
Computing df
[32mTimer: df computation = 922 us[0m
Factoring df
[32mTimer: df/dx factorization = 17.8 us[0m
Computing d^2f
[32mTimer: d^2f computation = 220 us[0m
[32mTimer: Objective build = 717 us[0m
||dx||/||x|| =  2.048e-03
[32mTimer: Total perturbation = 125 ms[0m
Building objective: self_consistency R
Building objective: self_consistency Z
Building objective: lambda gauge
Building objective: axis R self consistency
Building objective: axis Z self consistency
[32mTimer: Objective build = 4.56 ms[0m
[32mTimer: LinearConstraintProjection build = 17.5 ms[0m
Number of parameters: 201
Number of objectives: 1274
[32mTimer: Initializing the optimization = 23.6 ms[0m

Starting optimization
Using method: lsq-exact
   Iteration     Total nfev        Cost      Cost reduction    Step norm     Optimality   
       0              1          1.757e-08                                    6.555e-05   
       1              2          6.119e-10      1.695e-08      3.258e-03      1.193e-05   
       2              3          4.335e-10      1.784e-10      2.484e-03      9.024e-06   
       3              4          2.555e-10      1.779e-10      1.125e-03      4.524e-06   
       4              6          2.234e-10      3.209e-11      5.489e-04      8.813e-07   
       5              8          2.218e-10      1.663e-12      1.498e-04      6.710e-08   
Optimization terminated successfully.
`ftol` condition satisfied. (ftol=1.00e-02)
         Current function value: 2.218e-10
         Total delta_x: 1.478e-03
         Iterations: 5
         Function evaluations: 8
         Jacobian evaluations: 6
[32mTimer: Solution time = 191 ms[0m
[32mTimer: Avg time per step = 31.9 ms[0m
==============================================================================================================
                                                                 Start  -->   End
Total (sum of squares):                                      1.757e-08  -->   2.218e-10, 
Maximum absolute Force error:                                2.962e+03  -->   2.624e+02 (N)
Minimum absolute Force error:                                1.973e-01  -->   3.036e-02 (N)
Average absolute Force error:                                1.597e+02  -->   2.403e+01 (N)
Maximum absolute Force error:                                3.677e-05  -->   3.257e-06 (normalized)
Minimum absolute Force error:                                2.449e-09  -->   3.769e-10 (normalized)
Average absolute Force error:                                1.982e-06  -->   2.983e-07 (normalized)
R boundary error:                                            0.000e+00  -->   0.000e+00 (m)
Z boundary error:                                            0.000e+00  -->   0.000e+00 (m)
Fixed Psi error:                                             0.000e+00  -->   0.000e+00 (Wb)
Fixed pressure profile error:                                0.000e+00  -->   0.000e+00 (Pa)
Fixed iota profile error:                                    0.000e+00  -->   0.000e+00 (dimensionless)
Fixed sheet current error:                                   0.000e+00  -->   0.000e+00 (~)
==============================================================================================================

[32mTimer: Iteration 7 total = 494 ms[0m
====================
Done
[32mTimer: Total time = 30.9 sec[0m
====================


# Python warnings captured during continuation
DeprecationWarning: linear_util.wrap_init is missing a DebugInfo object. This behavior is deprecated, use api_util.debug_info() to construct a proper DebugInfo object and propagate it to this function. See https://github.com/jax-ml/jax/issues/26480 for more details.
DeprecationWarning: linear_util.wrap_init is missing a DebugInfo object. This behavior is deprecated, use api_util.debug_info() to construct a proper DebugInfo object and propagate it to this function. See https://github.com/jax-ml/jax/issues/26480 for more details.
DeprecationWarning: linear_util.wrap_init is missing a DebugInfo object. This behavior is deprecated, use api_util.debug_info() to construct a proper DebugInfo object and propagate it to this function. See https://github.com/jax-ml/jax/issues/26480 for more details.
DeprecationWarning: linear_util.wrap_init is missing a DebugInfo object. This behavior is deprecated, use api_util.debug_info() to construct a proper DebugInfo object and propagate it to this function. See https://github.com/jax-ml/jax/issues/26480 for more details.
DeprecationWarning: linear_util.wrap_init is missing a DebugInfo object. This behavior is deprecated, use api_util.debug_info() to construct a proper DebugInfo object and propagate it to this function. See https://github.com/jax-ml/jax/issues/26480 for more details.
DeprecationWarning: linear_util.wrap_init is missing a DebugInfo object. This behavior is deprecated, use api_util.debug_info() to construct a proper DebugInfo object and propagate it to this function. See https://github.com/jax-ml/jax/issues/26480 for more details.
DeprecationWarning: linear_util.wrap_init is missing a DebugInfo object. This behavior is deprecated, use api_util.debug_info() to construct a proper DebugInfo object and propagate it to this function. See https://github.com/jax-ml/jax/issues/26480 for more details.
DeprecationWarning: linear_util.wrap_init is missing a DebugInfo object. This behavior is deprecated, use api_util.debug_info() to construct a proper DebugInfo object and propagate it to this function. See https://github.com/jax-ml/jax/issues/26480 for more details.
DeprecationWarning: linear_util.wrap_init is missing a DebugInfo object. This behavior is deprecated, use api_util.debug_info() to construct a proper DebugInfo object and propagate it to this function. See https://github.com/jax-ml/jax/issues/26480 for more details.
DeprecationWarning: linear_util.wrap_init is missing a DebugInfo object. This behavior is deprecated, use api_util.debug_info() to construct a proper DebugInfo object and propagate it to this function. See https://github.com/jax-ml/jax/issues/26480 for more details.
DeprecationWarning: linear_util.wrap_init is missing a DebugInfo object. This behavior is deprecated, use api_util.debug_info() to construct a proper DebugInfo object and propagate it to this function. See https://github.com/jax-ml/jax/issues/26480 for more details.
DeprecationWarning: linear_util.wrap_init is missing a DebugInfo object. This behavior is deprecated, use api_util.debug_info() to construct a proper DebugInfo object and propagate it to this function. See https://github.com/jax-ml/jax/issues/26480 for more details.
DeprecationWarning: linear_util.wrap_init is missing a DebugInfo object. This behavior is deprecated, use api_util.debug_info() to construct a proper DebugInfo object and propagate it to this function. See https://github.com/jax-ml/jax/issues/26480 for more details.
DeprecationWarning: linear_util.wrap_init is missing a DebugInfo object. This behavior is deprecated, use api_util.debug_info() to construct a proper DebugInfo object and propagate it to this function. See https://github.com/jax-ml/jax/issues/26480 for more details.
DeprecationWarning: linear_util.wrap_init is missing a DebugInfo object. This behavior is deprecated, use api_util.debug_info() to construct a proper DebugInfo object and propagate it to this function. See https://github.com/jax-ml/jax/issues/26480 for more details.
DeprecationWarning: linear_util.wrap_init is missing a DebugInfo object. This behavior is deprecated, use api_util.debug_info() to construct a proper DebugInfo object and propagate it to this function. See https://github.com/jax-ml/jax/issues/26480 for more details.
DeprecationWarning: linear_util.wrap_init is missing a DebugInfo object. This behavior is deprecated, use api_util.debug_info() to construct a proper DebugInfo object and propagate it to this function. See https://github.com/jax-ml/jax/issues/26480 for more details.
DeprecationWarning: linear_util.wrap_init is missing a DebugInfo object. This behavior is deprecated, use api_util.debug_info() to construct a proper DebugInfo object and propagate it to this function. See https://github.com/jax-ml/jax/issues/26480 for more details.
DeprecationWarning: linear_util.wrap_init is missing a DebugInfo object. This behavior is deprecated, use api_util.debug_info() to construct a proper DebugInfo object and propagate it to this function. See https://github.com/jax-ml/jax/issues/26480 for more details.
DeprecationWarning: linear_util.wrap_init is missing a DebugInfo object. This behavior is deprecated, use api_util.debug_info() to construct a proper DebugInfo object and propagate it to this function. See https://github.com/jax-ml/jax/issues/26480 for more details.
DeprecationWarning: linear_util.wrap_init is missing a DebugInfo object. This behavior is deprecated, use api_util.debug_info() to construct a proper DebugInfo object and propagate it to this function. See https://github.com/jax-ml/jax/issues/26480 for more details.
DeprecationWarning: linear_util.wrap_init is missing a DebugInfo object. This behavior is deprecated, use api_util.debug_info() to construct a proper DebugInfo object and propagate it to this function. See https://github.com/jax-ml/jax/issues/26480 for more details.
DeprecationWarning: linear_util.wrap_init is missing a DebugInfo object. This behavior is deprecated, use api_util.debug_info() to construct a proper DebugInfo object and propagate it to this function. See https://github.com/jax-ml/jax/issues/26480 for more details.
DeprecationWarning: linear_util.wrap_init is missing a DebugInfo object. This behavior is deprecated, use api_util.debug_info() to construct a proper DebugInfo object and propagate it to this function. See https://github.com/jax-ml/jax/issues/26480 for more details.
DeprecationWarning: linear_util.wrap_init is missing a DebugInfo object. This behavior is deprecated, use api_util.debug_info() to construct a proper DebugInfo object and propagate it to this function. See https://github.com/jax-ml/jax/issues/26480 for more details.
DeprecationWarning: linear_util.wrap_init is missing a DebugInfo object. This behavior is deprecated, use api_util.debug_info() to construct a proper DebugInfo object and propagate it to this function. See https://github.com/jax-ml/jax/issues/26480 for more details.
DeprecationWarning: linear_util.wrap_init is missing a DebugInfo object. This behavior is deprecated, use api_util.debug_info() to construct a proper DebugInfo object and propagate it to this function. See https://github.com/jax-ml/jax/issues/26480 for more details.
DeprecationWarning: linear_util.wrap_init is missing a DebugInfo object. This behavior is deprecated, use api_util.debug_info() to construct a proper DebugInfo object and propagate it to this function. See https://github.com/jax-ml/jax/issues/26480 for more details.
DeprecationWarning: linear_util.wrap_init is missing a DebugInfo object. This behavior is deprecated, use api_util.debug_info() to construct a proper DebugInfo object and propagate it to this function. See https://github.com/jax-ml/jax/issues/26480 for more details.
DeprecationWarning: linear_util.wrap_init is missing a DebugInfo object. This behavior is deprecated, use api_util.debug_info() to construct a proper DebugInfo object and propagate it to this function. See https://github.com/jax-ml/jax/issues/26480 for more details.
DeprecationWarning: linear_util.wrap_init is missing a DebugInfo object. This behavior is deprecated, use api_util.debug_info() to construct a proper DebugInfo object and propagate it to this function. See https://github.com/jax-ml/jax/issues/26480 for more details.
DeprecationWarning: linear_util.wrap_init is missing a DebugInfo object. This behavior is deprecated, use api_util.debug_info() to construct a proper DebugInfo object and propagate it to this function. See https://github.com/jax-ml/jax/issues/26480 for more details.
DeprecationWarning: linear_util.wrap_init is missing a DebugInfo object. This behavior is deprecated, use api_util.debug_info() to construct a proper DebugInfo object and propagate it to this function. See https://github.com/jax-ml/jax/issues/26480 for more details.
DeprecationWarning: linear_util.wrap_init is missing a DebugInfo object. This behavior is deprecated, use api_util.debug_info() to construct a proper DebugInfo object and propagate it to this function. See https://github.com/jax-ml/jax/issues/26480 for more details.
DeprecationWarning: linear_util.wrap_init is missing a DebugInfo object. This behavior is deprecated, use api_util.debug_info() to construct a proper DebugInfo object and propagate it to this function. See https://github.com/jax-ml/jax/issues/26480 for more details.
RuntimeWarning: divide by zero encountered in matmul
RuntimeWarning: overflow encountered in matmul
RuntimeWarning: invalid value encountered in matmul
RuntimeWarning: divide by zero encountered in matmul
RuntimeWarning: overflow encountered in matmul
RuntimeWarning: invalid value encountered in matmul
DeprecationWarning: linear_util.wrap_init is missing a DebugInfo object. This behavior is deprecated, use api_util.debug_info() to construct a proper DebugInfo object and propagate it to this function. See https://github.com/jax-ml/jax/issues/26480 for more details.
DeprecationWarning: linear_util.wrap_init is missing a DebugInfo object. This behavior is deprecated, use api_util.debug_info() to construct a proper DebugInfo object and propagate it to this function. See https://github.com/jax-ml/jax/issues/26480 for more details.
DeprecationWarning: linear_util.wrap_init is missing a DebugInfo object. This behavior is deprecated, use api_util.debug_info() to construct a proper DebugInfo object and propagate it to this function. See https://github.com/jax-ml/jax/issues/26480 for more details.
RuntimeWarning: divide by zero encountered in matmul
RuntimeWarning: overflow encountered in matmul
RuntimeWarning: invalid value encountered in matmul
RuntimeWarning: divide by zero encountered in matmul
RuntimeWarning: overflow encountered in matmul
RuntimeWarning: invalid value encountered in matmul
RuntimeWarning: divide by zero encountered in matmul
RuntimeWarning: overflow encountered in matmul
RuntimeWarning: invalid value encountered in matmul
RuntimeWarning: divide by zero encountered in matmul
RuntimeWarning: overflow encountered in matmul
RuntimeWarning: invalid value encountered in matmul
RuntimeWarning: divide by zero encountered in matmul
RuntimeWarning: overflow encountered in matmul
RuntimeWarning: invalid value encountered in matmul
RuntimeWarning: divide by zero encountered in matmul
RuntimeWarning: overflow encountered in matmul
RuntimeWarning: invalid value encountered in matmul
RuntimeWarning: divide by zero encountered in matmul
RuntimeWarning: overflow encountered in matmul
RuntimeWarning: invalid value encountered in matmul
RuntimeWarning: divide by zero encountered in matmul
RuntimeWarning: overflow encountered in matmul
RuntimeWarning: invalid value encountered in matmul
RuntimeWarning: divide by zero encountered in matmul
RuntimeWarning: overflow encountered in matmul
RuntimeWarning: invalid value encountered in matmul
RuntimeWarning: divide by zero encountered in matmul
RuntimeWarning: overflow encountered in matmul
RuntimeWarning: invalid value encountered in matmul
RuntimeWarning: divide by zero encountered in matmul
RuntimeWarning: overflow encountered in matmul
RuntimeWarning: invalid value encountered in matmul
RuntimeWarning: divide by zero encountered in matmul
RuntimeWarning: overflow encountered in matmul
RuntimeWarning: invalid value encountered in matmul
RuntimeWarning: divide by zero encountered in matmul
RuntimeWarning: overflow encountered in matmul
RuntimeWarning: invalid value encountered in matmul
RuntimeWarning: divide by zero encountered in matmul
RuntimeWarning: overflow encountered in matmul
RuntimeWarning: invalid value encountered in matmul
RuntimeWarning: divide by zero encountered in matmul
RuntimeWarning: overflow encountered in matmul
RuntimeWarning: invalid value encountered in matmul
RuntimeWarning: divide by zero encountered in matmul
RuntimeWarning: overflow encountered in matmul
RuntimeWarning: invalid value encountered in matmul
RuntimeWarning: divide by zero encountered in matmul
RuntimeWarning: overflow encountered in matmul
RuntimeWarning: invalid value encountered in matmul
RuntimeWarning: divide by zero encountered in matmul
RuntimeWarning: overflow encountered in matmul
RuntimeWarning: invalid value encountered in matmul
RuntimeWarning: divide by zero encountered in matmul
RuntimeWarning: overflow encountered in matmul
RuntimeWarning: invalid value encountered in matmul
RuntimeWarning: divide by zero encountered in matmul
RuntimeWarning: overflow encountered in matmul
RuntimeWarning: invalid value encountered in matmul
RuntimeWarning: divide by zero encountered in matmul
RuntimeWarning: overflow encountered in matmul
RuntimeWarning: invalid value encountered in matmul
RuntimeWarning: divide by zero encountered in matmul
RuntimeWarning: overflow encountered in matmul
RuntimeWarning: invalid value encountered in matmul
