Building objective: force
Precomputing transforms
[32mTimer: Precomputing transforms = 33.6 ms[0m
Building objective: QS Boozer
Precomputing transforms
[32mTimer: Precomputing transforms = 552 ms[0m
Building objective: ideal ballooning lambda
Building objective: Mercier Stability
Precomputing transforms
[32mTimer: Precomputing transforms = 594 ms[0m
Building objective: FLO_pressure_axis
Building objective: FLO_pressure_shape
Building objective: FLO_iota_axis
Building objective: FLO_iota_edge
[32mTimer: Objective build = 2.46 sec[0m
Building objective: force
Precomputing transforms
[32mTimer: Precomputing transforms = 32.4 ms[0m
[32mTimer: Objective build = 36.3 ms[0m
[32mTimer: Objective build = 932 us[0m
[32mTimer: Eq Update LinearConstraintProjection build = 839 ms[0m
[32mTimer: Proximal projection build = 7.00 sec[0m
Building objective: fixed Psi
Building objective: lcfs R
Building objective: lcfs Z
Building objective: FLO_pressure_octic
Building objective: FLO_pressure_DOF
Building objective: FLO_pressure_edge
Building objective: FLO_grad_pressure_edge
Building objective: FLO_iota_quadratic
[32mTimer: Objective build = 919 ms[0m
[32mTimer: LinearConstraintProjection build = 1.14 sec[0m
Number of parameters: 3
Number of objectives: 1448
[32mTimer: Initializing the optimization = 9.09 sec[0m

Starting optimization
Using method: proximal-lsq-exact
   Iteration     Total nfev        Cost      Cost reduction    Step norm     Optimality   
       0              1          3.023e-03                                    2.866e-02   
       1              4          3.011e-03      1.152e-05      1.030e-02      2.868e-02   
       2              5          2.988e-03      2.301e-05      1.973e-02      2.843e-02   
       3             11          2.988e-03      4.541e-07      3.626e-05      2.842e-02   
       4             29          2.988e-03      0.000e+00      0.000e+00      2.842e-02   
Warning: A bad approximation caused failure to predict improvement.
         Current function value: 2.988e-03
         Total delta_x: 3.006e-02
         Iterations: 4
         Function evaluations: 29
         Jacobian evaluations: 4
[32mTimer: Solution time = 3.55 min[0m
[32mTimer: Avg time per step = 42.5 sec[0m
==============================================================================================================
                                                                 Start  -->   End
Total (sum of squares):                                      3.022e-03  -->   2.988e-03, 
Maximum absolute Force error:                                2.624e+02  -->   2.806e+02 (N)
Minimum absolute Force error:                                3.036e-02  -->   1.177e-02 (N)
Average absolute Force error:                                2.403e+01  -->   2.487e+01 (N)
Maximum absolute Force error:                                3.257e-06  -->   3.484e-06 (normalized)
Minimum absolute Force error:                                3.769e-10  -->   1.461e-10 (normalized)
Average absolute Force error:                                2.983e-07  -->   3.088e-07 (normalized)
Maximum absolute Quasi-symmetry (1,4) Boozer error:          1.603e-01  -->   1.603e-01 (T)
Minimum absolute Quasi-symmetry (1,4) Boozer error:          5.816e-13  -->   1.407e-12 (T)
Average absolute Quasi-symmetry (1,4) Boozer error:          1.262e-03  -->   1.261e-03 (T)
Maximum absolute Quasi-symmetry (1,4) Boozer error:          7.106e-02  -->   7.107e-02 (normalized)
Minimum absolute Quasi-symmetry (1,4) Boozer error:          2.579e-13  -->   6.236e-13 (normalized)
Average absolute Quasi-symmetry (1,4) Boozer error:          5.596e-04  -->   5.589e-04 (normalized)
Maximum absolute Ideal ballooning lambda:                    0.000e+00  -->   0.000e+00 ~
Minimum absolute Ideal ballooning lambda:                    0.000e+00  -->   0.000e+00 ~
Average absolute Ideal ballooning lambda:                    0.000e+00  -->   0.000e+00 ~
Maximum absolute Ideal ballooning lambda:                    0.000e+00  -->   0.000e+00 (normalized)
Minimum absolute Ideal ballooning lambda:                    0.000e+00  -->   0.000e+00 (normalized)
Average absolute Ideal ballooning lambda:                    0.000e+00  -->   0.000e+00 (normalized)
Maximum Mercier Stability:                                   2.535e+00  -->   2.735e+00 (Wb^-2)
Minimum Mercier Stability:                                   4.057e-03  -->   5.305e-03 (Wb^-2)
Average Mercier Stability:                                   2.803e-01  -->   3.028e-01 (Wb^-2)
Maximum Mercier Stability:                                   2.535e+00  -->   2.735e+00 (normalized)
Minimum Mercier Stability:                                   4.057e-03  -->   5.305e-03 (normalized)
Average Mercier Stability:                                   2.803e-01  -->   3.028e-01 (normalized)
Custom linear objective value:                               0.000e+00  -->   0.000e+00 (Unknown)
Custom linear objective value:                               0.000e+00  -->   0.000e+00 (Unknown)
Custom linear objective value:                               0.000e+00  -->   0.000e+00 (Unknown)
Custom linear objective value:                               0.000e+00  -->   0.000e+00 (Unknown)
Maximum absolute Force error:                                2.624e+02  -->   2.806e+02 (N)
Minimum absolute Force error:                                3.036e-02  -->   1.177e-02 (N)
Average absolute Force error:                                2.403e+01  -->   2.487e+01 (N)
Maximum absolute Force error:                                3.257e-06  -->   3.484e-06 (normalized)
Minimum absolute Force error:                                3.769e-10  -->   1.461e-10 (normalized)
Average absolute Force error:                                2.983e-07  -->   3.088e-07 (normalized)
Fixed Psi error:                                             0.000e+00  -->   0.000e+00 (Wb)
R boundary error:                                            0.000e+00  -->   0.000e+00 (m)
Z boundary error:                                            0.000e+00  -->   0.000e+00 (m)
Custom linear objective value:                               0.000e+00  -->   0.000e+00 (Unknown)
Custom linear objective value:                               0.000e+00  -->   0.000e+00 (Unknown)
Custom linear objective value:                               0.000e+00  -->   0.000e+00 (Unknown)
Custom linear objective value:                               0.000e+00  -->   0.000e+00 (Unknown)
Custom linear objective value:                               0.000e+00  -->   0.000e+00 (Unknown)
==============================================================================================================



# Python warnings captured during optimization
DeprecationWarning: linear_util.wrap_init is missing a DebugInfo object. This behavior is deprecated, use api_util.debug_info() to construct a proper DebugInfo object and propagate it to this function. See https://github.com/jax-ml/jax/issues/26480 for more details.
DeprecationWarning: linear_util.wrap_init is missing a DebugInfo object. This behavior is deprecated, use api_util.debug_info() to construct a proper DebugInfo object and propagate it to this function. See https://github.com/jax-ml/jax/issues/26480 for more details.
DeprecationWarning: linear_util.wrap_init is missing a DebugInfo object. This behavior is deprecated, use api_util.debug_info() to construct a proper DebugInfo object and propagate it to this function. See https://github.com/jax-ml/jax/issues/26480 for more details.
DeprecationWarning: linear_util.wrap_init is missing a DebugInfo object. This behavior is deprecated, use api_util.debug_info() to construct a proper DebugInfo object and propagate it to this function. See https://github.com/jax-ml/jax/issues/26480 for more details.
DeprecationWarning: linear_util.wrap_init is missing a DebugInfo object. This behavior is deprecated, use api_util.debug_info() to construct a proper DebugInfo object and propagate it to this function. See https://github.com/jax-ml/jax/issues/26480 for more details.
DeprecationWarning: linear_util.wrap_init is missing a DebugInfo object. This behavior is deprecated, use api_util.debug_info() to construct a proper DebugInfo object and propagate it to this function. See https://github.com/jax-ml/jax/issues/26480 for more details.
DeprecationWarning: linear_util.wrap_init is missing a DebugInfo object. This behavior is deprecated, use api_util.debug_info() to construct a proper DebugInfo object and propagate it to this function. See https://github.com/jax-ml/jax/issues/26480 for more details.
DeprecationWarning: linear_util.wrap_init is missing a DebugInfo object. This behavior is deprecated, use api_util.debug_info() to construct a proper DebugInfo object and propagate it to this function. See https://github.com/jax-ml/jax/issues/26480 for more details.
DeprecationWarning: linear_util.wrap_init is missing a DebugInfo object. This behavior is deprecated, use api_util.debug_info() to construct a proper DebugInfo object and propagate it to this function. See https://github.com/jax-ml/jax/issues/26480 for more details.
DeprecationWarning: linear_util.wrap_init is missing a DebugInfo object. This behavior is deprecated, use api_util.debug_info() to construct a proper DebugInfo object and propagate it to this function. See https://github.com/jax-ml/jax/issues/26480 for more details.
DeprecationWarning: linear_util.wrap_init is missing a DebugInfo object. This behavior is deprecated, use api_util.debug_info() to construct a proper DebugInfo object and propagate it to this function. See https://github.com/jax-ml/jax/issues/26480 for more details.
RuntimeWarning: divide by zero encountered in matmul
RuntimeWarning: overflow encountered in matmul
RuntimeWarning: invalid value encountered in matmul
RuntimeWarning: divide by zero encountered in matmul
RuntimeWarning: overflow encountered in matmul
RuntimeWarning: invalid value encountered in matmul
DeprecationWarning: linear_util.wrap_init is missing a DebugInfo object. This behavior is deprecated, use api_util.debug_info() to construct a proper DebugInfo object and propagate it to this function. See https://github.com/jax-ml/jax/issues/26480 for more details.
RuntimeWarning: divide by zero encountered in matmul
RuntimeWarning: overflow encountered in matmul
RuntimeWarning: invalid value encountered in matmul
RuntimeWarning: divide by zero encountered in matmul
RuntimeWarning: overflow encountered in matmul
RuntimeWarning: invalid value encountered in matmul
DeprecationWarning: linear_util.wrap_init is missing a DebugInfo object. This behavior is deprecated, use api_util.debug_info() to construct a proper DebugInfo object and propagate it to this function. See https://github.com/jax-ml/jax/issues/26480 for more details.
RuntimeWarning: divide by zero encountered in matmul
RuntimeWarning: overflow encountered in matmul
RuntimeWarning: invalid value encountered in matmul
RuntimeWarning: divide by zero encountered in matmul
RuntimeWarning: overflow encountered in matmul
RuntimeWarning: invalid value encountered in matmul
DeprecationWarning: linear_util.wrap_init is missing a DebugInfo object. This behavior is deprecated, use api_util.debug_info() to construct a proper DebugInfo object and propagate it to this function. See https://github.com/jax-ml/jax/issues/26480 for more details.
DeprecationWarning: linear_util.wrap_init is missing a DebugInfo object. This behavior is deprecated, use api_util.debug_info() to construct a proper DebugInfo object and propagate it to this function. See https://github.com/jax-ml/jax/issues/26480 for more details.
DeprecationWarning: linear_util.wrap_init is missing a DebugInfo object. This behavior is deprecated, use api_util.debug_info() to construct a proper DebugInfo object and propagate it to this function. See https://github.com/jax-ml/jax/issues/26480 for more details.
DeprecationWarning: linear_util.wrap_init is missing a DebugInfo object. This behavior is deprecated, use api_util.debug_info() to construct a proper DebugInfo object and propagate it to this function. See https://github.com/jax-ml/jax/issues/26480 for more details.
DeprecationWarning: linear_util.wrap_init is missing a DebugInfo object. This behavior is deprecated, use api_util.debug_info() to construct a proper DebugInfo object and propagate it to this function. See https://github.com/jax-ml/jax/issues/26480 for more details.
DeprecationWarning: linear_util.wrap_init is missing a DebugInfo object. This behavior is deprecated, use api_util.debug_info() to construct a proper DebugInfo object and propagate it to this function. See https://github.com/jax-ml/jax/issues/26480 for more details.
DeprecationWarning: linear_util.wrap_init is missing a DebugInfo object. This behavior is deprecated, use api_util.debug_info() to construct a proper DebugInfo object and propagate it to this function. See https://github.com/jax-ml/jax/issues/26480 for more details.
DeprecationWarning: linear_util.wrap_init is missing a DebugInfo object. This behavior is deprecated, use api_util.debug_info() to construct a proper DebugInfo object and propagate it to this function. See https://github.com/jax-ml/jax/issues/26480 for more details.
RuntimeWarning: divide by zero encountered in matmul
RuntimeWarning: overflow encountered in matmul
RuntimeWarning: invalid value encountered in matmul
RuntimeWarning: divide by zero encountered in matmul
RuntimeWarning: overflow encountered in matmul
RuntimeWarning: invalid value encountered in matmul
DeprecationWarning: linear_util.wrap_init is missing a DebugInfo object. This behavior is deprecated, use api_util.debug_info() to construct a proper DebugInfo object and propagate it to this function. See https://github.com/jax-ml/jax/issues/26480 for more details.
DeprecationWarning: linear_util.wrap_init is missing a DebugInfo object. This behavior is deprecated, use api_util.debug_info() to construct a proper DebugInfo object and propagate it to this function. See https://github.com/jax-ml/jax/issues/26480 for more details.
DeprecationWarning: linear_util.wrap_init is missing a DebugInfo object. This behavior is deprecated, use api_util.debug_info() to construct a proper DebugInfo object and propagate it to this function. See https://github.com/jax-ml/jax/issues/26480 for more details.
DeprecationWarning: linear_util.wrap_init is missing a DebugInfo object. This behavior is deprecated, use api_util.debug_info() to construct a proper DebugInfo object and propagate it to this function. See https://github.com/jax-ml/jax/issues/26480 for more details.
DeprecationWarning: linear_util.wrap_init is missing a DebugInfo object. This behavior is deprecated, use api_util.debug_info() to construct a proper DebugInfo object and propagate it to this function. See https://github.com/jax-ml/jax/issues/26480 for more details.
DeprecationWarning: linear_util.wrap_init is missing a DebugInfo object. This behavior is deprecated, use api_util.debug_info() to construct a proper DebugInfo object and propagate it to this function. See https://github.com/jax-ml/jax/issues/26480 for more details.
RuntimeWarning: divide by zero encountered in matmul
RuntimeWarning: overflow encountered in matmul
RuntimeWarning: invalid value encountered in matmul
RuntimeWarning: divide by zero encountered in matmul
RuntimeWarning: overflow encountered in matmul
RuntimeWarning: invalid value encountered in matmul
RuntimeWarning: divide by zero encountered in matmul
RuntimeWarning: overflow encountered in matmul
RuntimeWarning: invalid value encountered in matmul
RuntimeWarning: divide by zero encountered in matmul
RuntimeWarning: overflow encountered in matmul
RuntimeWarning: invalid value encountered in matmul
RuntimeWarning: divide by zero encountered in matmul
RuntimeWarning: overflow encountered in matmul
RuntimeWarning: invalid value encountered in matmul
RuntimeWarning: divide by zero encountered in matmul
RuntimeWarning: overflow encountered in matmul
RuntimeWarning: invalid value encountered in matmul
RuntimeWarning: divide by zero encountered in matmul
RuntimeWarning: overflow encountered in matmul
RuntimeWarning: invalid value encountered in matmul
RuntimeWarning: divide by zero encountered in matmul
RuntimeWarning: overflow encountered in matmul
RuntimeWarning: invalid value encountered in matmul
RuntimeWarning: divide by zero encountered in matmul
RuntimeWarning: overflow encountered in matmul
RuntimeWarning: invalid value encountered in matmul
RuntimeWarning: divide by zero encountered in matmul
RuntimeWarning: overflow encountered in matmul
RuntimeWarning: invalid value encountered in matmul
RuntimeWarning: divide by zero encountered in matmul
RuntimeWarning: overflow encountered in matmul
RuntimeWarning: invalid value encountered in matmul
RuntimeWarning: divide by zero encountered in matmul
RuntimeWarning: overflow encountered in matmul
RuntimeWarning: invalid value encountered in matmul
RuntimeWarning: divide by zero encountered in matmul
RuntimeWarning: overflow encountered in matmul
RuntimeWarning: invalid value encountered in matmul
RuntimeWarning: divide by zero encountered in matmul
RuntimeWarning: overflow encountered in matmul
RuntimeWarning: invalid value encountered in matmul
RuntimeWarning: divide by zero encountered in matmul
RuntimeWarning: overflow encountered in matmul
RuntimeWarning: invalid value encountered in matmul
RuntimeWarning: divide by zero encountered in matmul
RuntimeWarning: overflow encountered in matmul
RuntimeWarning: invalid value encountered in matmul
RuntimeWarning: divide by zero encountered in matmul
RuntimeWarning: overflow encountered in matmul
RuntimeWarning: invalid value encountered in matmul
RuntimeWarning: divide by zero encountered in matmul
RuntimeWarning: overflow encountered in matmul
RuntimeWarning: invalid value encountered in matmul
RuntimeWarning: divide by zero encountered in matmul
RuntimeWarning: overflow encountered in matmul
RuntimeWarning: invalid value encountered in matmul
RuntimeWarning: divide by zero encountered in matmul
RuntimeWarning: overflow encountered in matmul
RuntimeWarning: invalid value encountered in matmul
RuntimeWarning: divide by zero encountered in matmul
RuntimeWarning: overflow encountered in matmul
RuntimeWarning: invalid value encountered in matmul
RuntimeWarning: divide by zero encountered in matmul
RuntimeWarning: overflow encountered in matmul
RuntimeWarning: invalid value encountered in matmul
RuntimeWarning: divide by zero encountered in matmul
RuntimeWarning: overflow encountered in matmul
RuntimeWarning: invalid value encountered in matmul
RuntimeWarning: divide by zero encountered in matmul
RuntimeWarning: overflow encountered in matmul
RuntimeWarning: invalid value encountered in matmul
RuntimeWarning: divide by zero encountered in matmul
RuntimeWarning: overflow encountered in matmul
RuntimeWarning: invalid value encountered in matmul
RuntimeWarning: divide by zero encountered in matmul
RuntimeWarning: overflow encountered in matmul
RuntimeWarning: invalid value encountered in matmul
RuntimeWarning: divide by zero encountered in matmul
RuntimeWarning: overflow encountered in matmul
RuntimeWarning: invalid value encountered in matmul
RuntimeWarning: divide by zero encountered in matmul
RuntimeWarning: overflow encountered in matmul
RuntimeWarning: invalid value encountered in matmul
RuntimeWarning: divide by zero encountered in matmul
RuntimeWarning: overflow encountered in matmul
RuntimeWarning: invalid value encountered in matmul
RuntimeWarning: divide by zero encountered in matmul
RuntimeWarning: overflow encountered in matmul
RuntimeWarning: invalid value encountered in matmul
RuntimeWarning: divide by zero encountered in matmul
RuntimeWarning: overflow encountered in matmul
RuntimeWarning: invalid value encountered in matmul
RuntimeWarning: divide by zero encountered in matmul
RuntimeWarning: overflow encountered in matmul
RuntimeWarning: invalid value encountered in matmul
RuntimeWarning: divide by zero encountered in matmul
RuntimeWarning: overflow encountered in matmul
RuntimeWarning: invalid value encountered in matmul
RuntimeWarning: divide by zero encountered in matmul
RuntimeWarning: overflow encountered in matmul
RuntimeWarning: invalid value encountered in matmul
RuntimeWarning: divide by zero encountered in matmul
RuntimeWarning: overflow encountered in matmul
RuntimeWarning: invalid value encountered in matmul
RuntimeWarning: divide by zero encountered in matmul
RuntimeWarning: overflow encountered in matmul
RuntimeWarning: invalid value encountered in matmul
RuntimeWarning: divide by zero encountered in matmul
RuntimeWarning: overflow encountered in matmul
RuntimeWarning: invalid value encountered in matmul
RuntimeWarning: divide by zero encountered in matmul
RuntimeWarning: overflow encountered in matmul
RuntimeWarning: invalid value encountered in matmul
RuntimeWarning: divide by zero encountered in matmul
RuntimeWarning: overflow encountered in matmul
RuntimeWarning: invalid value encountered in matmul
RuntimeWarning: divide by zero encountered in matmul
RuntimeWarning: overflow encountered in matmul
RuntimeWarning: invalid value encountered in matmul
RuntimeWarning: divide by zero encountered in matmul
RuntimeWarning: overflow encountered in matmul
RuntimeWarning: invalid value encountered in matmul
RuntimeWarning: divide by zero encountered in matmul
RuntimeWarning: overflow encountered in matmul
RuntimeWarning: invalid value encountered in matmul
RuntimeWarning: divide by zero encountered in matmul
RuntimeWarning: overflow encountered in matmul
RuntimeWarning: invalid value encountered in matmul
RuntimeWarning: divide by zero encountered in matmul
RuntimeWarning: overflow encountered in matmul
RuntimeWarning: invalid value encountered in matmul
RuntimeWarning: divide by zero encountered in matmul
RuntimeWarning: overflow encountered in matmul
RuntimeWarning: invalid value encountered in matmul
RuntimeWarning: divide by zero encountered in matmul
RuntimeWarning: overflow encountered in matmul
RuntimeWarning: invalid value encountered in matmul
RuntimeWarning: divide by zero encountered in matmul
RuntimeWarning: overflow encountered in matmul
RuntimeWarning: invalid value encountered in matmul
RuntimeWarning: divide by zero encountered in matmul
RuntimeWarning: overflow encountered in matmul
RuntimeWarning: invalid value encountered in matmul
RuntimeWarning: divide by zero encountered in matmul
RuntimeWarning: overflow encountered in matmul
RuntimeWarning: invalid value encountered in matmul
RuntimeWarning: divide by zero encountered in matmul
RuntimeWarning: overflow encountered in matmul
RuntimeWarning: invalid value encountered in matmul
RuntimeWarning: divide by zero encountered in matmul
RuntimeWarning: overflow encountered in matmul
RuntimeWarning: invalid value encountered in matmul
RuntimeWarning: divide by zero encountered in matmul
RuntimeWarning: overflow encountered in matmul
RuntimeWarning: invalid value encountered in matmul
RuntimeWarning: divide by zero encountered in matmul
RuntimeWarning: overflow encountered in matmul
RuntimeWarning: invalid value encountered in matmul
RuntimeWarning: divide by zero encountered in matmul
RuntimeWarning: overflow encountered in matmul
RuntimeWarning: invalid value encountered in matmul
RuntimeWarning: divide by zero encountered in matmul
RuntimeWarning: overflow encountered in matmul
RuntimeWarning: invalid value encountered in matmul
RuntimeWarning: divide by zero encountered in matmul
RuntimeWarning: overflow encountered in matmul
RuntimeWarning: invalid value encountered in matmul
RuntimeWarning: divide by zero encountered in matmul
RuntimeWarning: overflow encountered in matmul
RuntimeWarning: invalid value encountered in matmul
RuntimeWarning: divide by zero encountered in matmul
RuntimeWarning: overflow encountered in matmul
RuntimeWarning: invalid value encountered in matmul
RuntimeWarning: divide by zero encountered in matmul
RuntimeWarning: overflow encountered in matmul
RuntimeWarning: invalid value encountered in matmul
RuntimeWarning: divide by zero encountered in matmul
RuntimeWarning: overflow encountered in matmul
RuntimeWarning: invalid value encountered in matmul
RuntimeWarning: divide by zero encountered in matmul
RuntimeWarning: overflow encountered in matmul
RuntimeWarning: invalid value encountered in matmul
RuntimeWarning: divide by zero encountered in matmul
RuntimeWarning: overflow encountered in matmul
RuntimeWarning: invalid value encountered in matmul
RuntimeWarning: divide by zero encountered in matmul
RuntimeWarning: overflow encountered in matmul
RuntimeWarning: invalid value encountered in matmul
RuntimeWarning: divide by zero encountered in matmul
RuntimeWarning: overflow encountered in matmul
RuntimeWarning: invalid value encountered in matmul
RuntimeWarning: divide by zero encountered in matmul
RuntimeWarning: overflow encountered in matmul
RuntimeWarning: invalid value encountered in matmul
RuntimeWarning: divide by zero encountered in matmul
RuntimeWarning: overflow encountered in matmul
RuntimeWarning: invalid value encountered in matmul
RuntimeWarning: divide by zero encountered in matmul
RuntimeWarning: overflow encountered in matmul
RuntimeWarning: invalid value encountered in matmul
RuntimeWarning: divide by zero encountered in matmul
RuntimeWarning: overflow encountered in matmul
RuntimeWarning: invalid value encountered in matmul
RuntimeWarning: divide by zero encountered in matmul
RuntimeWarning: overflow encountered in matmul
RuntimeWarning: invalid value encountered in matmul
RuntimeWarning: divide by zero encountered in matmul
RuntimeWarning: overflow encountered in matmul
RuntimeWarning: invalid value encountered in matmul
RuntimeWarning: divide by zero encountered in matmul
RuntimeWarning: overflow encountered in matmul
RuntimeWarning: invalid value encountered in matmul
RuntimeWarning: divide by zero encountered in matmul
RuntimeWarning: overflow encountered in matmul
RuntimeWarning: invalid value encountered in matmul
RuntimeWarning: divide by zero encountered in matmul
RuntimeWarning: overflow encountered in matmul
RuntimeWarning: invalid value encountered in matmul
RuntimeWarning: divide by zero encountered in matmul
RuntimeWarning: overflow encountered in matmul
RuntimeWarning: invalid value encountered in matmul
RuntimeWarning: divide by zero encountered in matmul
RuntimeWarning: overflow encountered in matmul
RuntimeWarning: invalid value encountered in matmul
RuntimeWarning: divide by zero encountered in matmul
RuntimeWarning: overflow encountered in matmul
RuntimeWarning: invalid value encountered in matmul
RuntimeWarning: divide by zero encountered in matmul
RuntimeWarning: overflow encountered in matmul
RuntimeWarning: invalid value encountered in matmul
RuntimeWarning: divide by zero encountered in matmul
RuntimeWarning: overflow encountered in matmul
RuntimeWarning: invalid value encountered in matmul
RuntimeWarning: divide by zero encountered in matmul
RuntimeWarning: overflow encountered in matmul
RuntimeWarning: invalid value encountered in matmul
RuntimeWarning: divide by zero encountered in matmul
RuntimeWarning: overflow encountered in matmul
RuntimeWarning: invalid value encountered in matmul
RuntimeWarning: divide by zero encountered in matmul
RuntimeWarning: overflow encountered in matmul
RuntimeWarning: invalid value encountered in matmul
RuntimeWarning: divide by zero encountered in matmul
RuntimeWarning: overflow encountered in matmul
RuntimeWarning: invalid value encountered in matmul
RuntimeWarning: divide by zero encountered in matmul
RuntimeWarning: overflow encountered in matmul
RuntimeWarning: invalid value encountered in matmul
RuntimeWarning: divide by zero encountered in matmul
RuntimeWarning: overflow encountered in matmul
RuntimeWarning: invalid value encountered in matmul
RuntimeWarning: divide by zero encountered in matmul
RuntimeWarning: overflow encountered in matmul
RuntimeWarning: invalid value encountered in matmul
RuntimeWarning: divide by zero encountered in matmul
RuntimeWarning: overflow encountered in matmul
RuntimeWarning: invalid value encountered in matmul
RuntimeWarning: divide by zero encountered in matmul
RuntimeWarning: overflow encountered in matmul
RuntimeWarning: invalid value encountered in matmul
RuntimeWarning: divide by zero encountered in matmul
RuntimeWarning: overflow encountered in matmul
RuntimeWarning: invalid value encountered in matmul
RuntimeWarning: divide by zero encountered in matmul
RuntimeWarning: overflow encountered in matmul
RuntimeWarning: invalid value encountered in matmul
RuntimeWarning: divide by zero encountered in matmul
RuntimeWarning: overflow encountered in matmul
RuntimeWarning: invalid value encountered in matmul
RuntimeWarning: divide by zero encountered in matmul
RuntimeWarning: overflow encountered in matmul
RuntimeWarning: invalid value encountered in matmul
RuntimeWarning: divide by zero encountered in matmul
RuntimeWarning: overflow encountered in matmul
RuntimeWarning: invalid value encountered in matmul
RuntimeWarning: divide by zero encountered in matmul
RuntimeWarning: overflow encountered in matmul
RuntimeWarning: invalid value encountered in matmul
RuntimeWarning: divide by zero encountered in matmul
RuntimeWarning: overflow encountered in matmul
RuntimeWarning: invalid value encountered in matmul
RuntimeWarning: divide by zero encountered in matmul
RuntimeWarning: overflow encountered in matmul
RuntimeWarning: invalid value encountered in matmul
RuntimeWarning: divide by zero encountered in matmul
RuntimeWarning: overflow encountered in matmul
RuntimeWarning: invalid value encountered in matmul
RuntimeWarning: divide by zero encountered in matmul
RuntimeWarning: overflow encountered in matmul
RuntimeWarning: invalid value encountered in matmul
RuntimeWarning: divide by zero encountered in matmul
RuntimeWarning: overflow encountered in matmul
RuntimeWarning: invalid value encountered in matmul
RuntimeWarning: divide by zero encountered in matmul
RuntimeWarning: overflow encountered in matmul
RuntimeWarning: invalid value encountered in matmul
RuntimeWarning: divide by zero encountered in matmul
RuntimeWarning: overflow encountered in matmul
RuntimeWarning: invalid value encountered in matmul
RuntimeWarning: divide by zero encountered in matmul
RuntimeWarning: overflow encountered in matmul
RuntimeWarning: invalid value encountered in matmul
RuntimeWarning: divide by zero encountered in matmul
RuntimeWarning: overflow encountered in matmul
RuntimeWarning: invalid value encountered in matmul
RuntimeWarning: divide by zero encountered in matmul
RuntimeWarning: overflow encountered in matmul
RuntimeWarning: invalid value encountered in matmul
RuntimeWarning: divide by zero encountered in matmul
RuntimeWarning: overflow encountered in matmul
RuntimeWarning: invalid value encountered in matmul
RuntimeWarning: divide by zero encountered in matmul
RuntimeWarning: overflow encountered in matmul
RuntimeWarning: invalid value encountered in matmul
RuntimeWarning: divide by zero encountered in matmul
RuntimeWarning: overflow encountered in matmul
RuntimeWarning: invalid value encountered in matmul
RuntimeWarning: divide by zero encountered in matmul
RuntimeWarning: overflow encountered in matmul
RuntimeWarning: invalid value encountered in matmul
RuntimeWarning: divide by zero encountered in matmul
RuntimeWarning: overflow encountered in matmul
RuntimeWarning: invalid value encountered in matmul
RuntimeWarning: divide by zero encountered in matmul
RuntimeWarning: overflow encountered in matmul
RuntimeWarning: invalid value encountered in matmul
RuntimeWarning: divide by zero encountered in matmul
RuntimeWarning: overflow encountered in matmul
RuntimeWarning: invalid value encountered in matmul
RuntimeWarning: divide by zero encountered in matmul
RuntimeWarning: overflow encountered in matmul
RuntimeWarning: invalid value encountered in matmul
RuntimeWarning: divide by zero encountered in matmul
RuntimeWarning: overflow encountered in matmul
RuntimeWarning: invalid value encountered in matmul
