================
Step 1
================
Spectral indexing: ansi
Spectral resolution (L,M,N)=(6,6,0)
Node resolution (L,M,N)=(12,12,0)
Boundary ratio = 0
Pressure ratio = 0
Perturbation Order = 2
Objective: force
Optimizer: lsq-exact
================
Building objective: force
Precomputing transforms
Timer: Precomputing transforms = 916 ms
Timer: Objective build = 1.28 sec
Building objective: lcfs R
Building objective: lcfs Z
Building objective: fixed Psi
Building objective: fixed pressure
Building objective: fixed iota
Building objective: fixed sheet current
Building objective: self_consistency R
Building objective: self_consistency Z
Building objective: lambda gauge
Building objective: axis R self consistency
Building objective: axis Z self consistency
Timer: Objective build = 570 ms
Timer: LinearConstraintProjection build = 3.34 sec
Number of parameters: 27
Number of objectives: 98
Timer: Initializing the optimization = 5.22 sec

Starting optimization
Using method: lsq-exact
   Iteration     Total nfev        Cost      Cost reduction    Step norm     Optimality   
       0              1          1.043e-02                                    1.436e-01   
       1              2          3.104e-05      1.040e-02      8.947e-02      5.632e-03   
       2              3          1.590e-09      3.103e-05      1.369e-02      2.294e-05   
       3              6          7.720e-10      8.175e-10      1.101e-02      2.376e-05   
       4              7          3.915e-10      3.805e-10      1.127e-02      1.725e-05   
       5              8          3.158e-10      7.569e-11      1.076e-02      1.540e-05   
       6              9          1.223e-10      1.935e-10      6.499e-03      4.035e-06   
       7             11          6.768e-11      5.462e-11      2.580e-03      1.028e-06   
       8             13          6.347e-11      4.204e-12      1.426e-03      1.031e-06   
       9             14          5.990e-11      3.570e-12      2.088e-03      1.600e-06   
      10             15          5.339e-11      6.515e-12      1.985e-03      1.304e-06   
      11             16          4.854e-11      4.843e-12      3.643e-03      2.255e-06   
      12             17          3.716e-11      1.139e-11      3.570e-03      6.551e-07   
      13             19          3.299e-11      4.162e-12      1.851e-03      3.497e-07   
      14             20          2.912e-11      3.871e-12      3.705e-03      1.418e-06   
      15             21          2.132e-11      7.807e-12      3.860e-03      3.122e-07   
      16             23          1.872e-11      2.592e-12      2.075e-03      4.362e-07   
      17             24          1.812e-11      5.996e-13      4.185e-03      1.889e-06   
      18             25          1.296e-11      5.163e-12      1.040e-03      7.016e-08   
      19             26          1.114e-11      1.823e-12      2.072e-03      2.918e-07   
      20             27          9.722e-12      1.414e-12      4.121e-03      1.129e-06   
      21             29          6.899e-12      2.823e-12      1.021e-03      2.490e-07   
      22             30          5.930e-12      9.694e-13      2.045e-03      5.865e-07   
      23             31          5.019e-12      9.107e-13      2.045e-03      8.245e-07   
      24             32          4.633e-12      3.867e-13      2.134e-03      1.173e-06   
      25             33          3.270e-12      1.363e-12      5.953e-04      1.023e-07   
      26             34          3.027e-12      2.431e-13      1.175e-03      3.678e-07   
      27             35          2.734e-12      2.933e-13      1.217e-03      4.097e-07   
      28             36          2.468e-12      2.654e-13      1.262e-03      4.463e-07   
      29             37          2.228e-12      2.402e-13      1.291e-03      4.798e-07   
      30             38          2.002e-12      2.256e-13      1.297e-03      5.029e-07   
      31             39          1.783e-12      2.191e-13      1.272e-03      5.115e-07   
      32             40          1.572e-12      2.109e-13      1.221e-03      5.029e-07   
      33             41          1.394e-12      1.788e-13      1.161e-03      4.799e-07   
      34             42          1.283e-12      1.106e-13      1.111e-03      4.530e-07   
      35             43          1.084e-12      1.985e-13      4.881e-04      8.799e-08   
      36             44          1.078e-12      6.824e-15      3.371e-05      6.639e-10   
`gtol` condition satisfied. (gtol=1.00e-08)
         Current function value: 1.078e-12
         Total delta_x: 1.574e-01
         Iterations: 36
         Function evaluations: 44
         Jacobian evaluations: 37
Timer: Solution time = 4.69 sec
Timer: Avg time per step = 126 ms
==============================================================================================================
                                                                 Start  -->   End
Total (sum of squares):                                      1.043e-02  -->   1.078e-12, 
Maximum absolute Force error:                                7.605e+05  -->   2.764e+01 (N)
Minimum absolute Force error:                                2.798e+01  -->   1.248e-02 (N)
Average absolute Force error:                                2.261e+05  -->   2.080e+00 (N)
Maximum absolute Force error:                                7.309e-03  -->   2.657e-07 (normalized)
Minimum absolute Force error:                                2.689e-07  -->   1.199e-10 (normalized)
Average absolute Force error:                                2.172e-03  -->   1.999e-08 (normalized)
R boundary error:                                            0.000e+00  -->   0.000e+00 (m)
Z boundary error:                                            0.000e+00  -->   0.000e+00 (m)
Fixed Psi error:                                             0.000e+00  -->   0.000e+00 (Wb)
Fixed pressure profile error:                                0.000e+00  -->   0.000e+00 (Pa)
Fixed iota profile error:                                    0.000e+00  -->   0.000e+00 (dimensionless)
Fixed sheet current error:                                   0.000e+00  -->   0.000e+00 (~)
==============================================================================================================

Timer: Iteration 1 total = 11.3 sec
================
Step 2
================
Spectral indexing: ansi
Spectral resolution (L,M,N)=(12,12,0)
Node resolution (L,M,N)=(24,24,0)
Boundary ratio = 0
Pressure ratio = 0
Perturbation Order = 2
Objective: force
Optimizer: lsq-exact
================
Building objective: force
Precomputing transforms
Timer: Precomputing transforms = 1.10 sec
Timer: Objective build = 1.19 sec
Building objective: lcfs R
Building objective: lcfs Z
Building objective: fixed Psi
Building objective: fixed pressure
Building objective: fixed iota
Building objective: fixed sheet current
Building objective: self_consistency R
Building objective: self_consistency Z
Building objective: lambda gauge
Building objective: axis R self consistency
Building objective: axis Z self consistency
Timer: Objective build = 523 ms
Timer: LinearConstraintProjection build = 3.13 sec
Number of parameters: 108
Number of objectives: 338
Timer: Initializing the optimization = 4.87 sec

Starting optimization
Using method: lsq-exact
   Iteration     Total nfev        Cost      Cost reduction    Step norm     Optimality   
       0              1          1.076e-12                                    1.986e-07   
       1              6          5.701e-13      5.056e-13      3.657e-04      6.169e-08   
       2              7          4.324e-13      1.376e-13      8.234e-04      3.308e-07   
       3              8          2.007e-13      2.317e-13      6.797e-04      1.347e-07   
       4              9          7.645e-14      1.243e-13      3.895e-04      1.183e-07   
       5             11          3.593e-14      4.051e-14      1.869e-04      2.773e-08   
       6             13          2.891e-14      7.022e-15      1.110e-04      6.765e-09   
`gtol` condition satisfied. (gtol=1.00e-08)
         Current function value: 2.891e-14
         Total delta_x: 2.196e-03
         Iterations: 6
         Function evaluations: 13
         Jacobian evaluations: 7
Timer: Solution time = 3.98 sec
Timer: Avg time per step = 569 ms
==============================================================================================================
                                                                 Start  -->   End
Total (sum of squares):                                      1.076e-12  -->   2.891e-14, 
Maximum absolute Force error:                                3.782e+01  -->   1.912e+00 (N)
Minimum absolute Force error:                                1.380e-03  -->   7.260e-04 (N)
Average absolute Force error:                                2.031e+00  -->   2.978e-01 (N)
Maximum absolute Force error:                                3.634e-07  -->   1.838e-08 (normalized)
Minimum absolute Force error:                                1.326e-11  -->   6.977e-12 (normalized)
Average absolute Force error:                                1.952e-08  -->   2.862e-09 (normalized)
R boundary error:                                            0.000e+00  -->   0.000e+00 (m)
Z boundary error:                                            0.000e+00  -->   0.000e+00 (m)
Fixed Psi error:                                             0.000e+00  -->   0.000e+00 (Wb)
Fixed pressure profile error:                                0.000e+00  -->   0.000e+00 (Pa)
Fixed iota profile error:                                    0.000e+00  -->   0.000e+00 (dimensionless)
Fixed sheet current error:                                   0.000e+00  -->   0.000e+00 (~)
==============================================================================================================

Timer: Iteration 2 total = 12.1 sec
================
Step 3
================
Spectral indexing: ansi
Spectral resolution (L,M,N)=(12,12,0)
Node resolution (L,M,N)=(24,24,0)
Boundary ratio = 0
Pressure ratio = 0.5
Perturbation Order = 2
Objective: force
Optimizer: lsq-exact
================
Perturbing equilibrium
Building objective: force
Precomputing transforms
Timer: Precomputing transforms = 40.8 ms
Timer: Objective build = 46.9 ms
Building objective: lcfs R
Building objective: lcfs Z
Building objective: fixed Psi
Building objective: fixed pressure
Building objective: fixed iota
Building objective: fixed sheet current
Building objective: self_consistency R
Building objective: self_consistency Z
Building objective: lambda gauge
Building objective: axis R self consistency
Building objective: axis Z self consistency
Timer: Objective build = 68.8 ms
Perturbing p_l
Factorizing linear constraints
Timer: linear constraint factorize = 19.0 ms
Computing df
Timer: df computation = 3.00 sec
Factoring df
Timer: df/dx factorization = 32.4 ms
Computing d^2f
Timer: d^2f computation = 2.31 sec
Timer: Objective build = 1.40 ms
||dx||/||x|| =  5.519e-02
Timer: Total perturbation = 8.69 sec
Building objective: self_consistency R
Building objective: self_consistency Z
Building objective: lambda gauge
Building objective: axis R self consistency
Building objective: axis Z self consistency
Timer: Objective build = 7.63 ms
Timer: LinearConstraintProjection build = 22.4 ms
Number of parameters: 108
Number of objectives: 338
Timer: Initializing the optimization = 32.2 ms

Starting optimization
Using method: lsq-exact
   Iteration     Total nfev        Cost      Cost reduction    Step norm     Optimality   
       0              1          1.180e-01                                    1.368e-01   
       1              2          3.958e-03      1.140e-01      1.101e-01      2.366e-02   
       2              3          1.587e-04      3.799e-03      1.368e-01      5.221e-03   
       3              5          4.277e-06      1.544e-04      3.797e-02      7.710e-04   
       4              7          2.935e-07      3.983e-06      1.758e-02      1.434e-04   
       5              9          5.363e-08      2.399e-07      1.125e-02      8.102e-05   
       6             11          1.731e-08      3.632e-08      5.061e-03      3.119e-05   
       7             13          1.229e-08      5.023e-09      2.374e-03      9.367e-06   
       8             15          1.146e-08      8.266e-10      1.147e-03      2.308e-06   
       9             16          1.068e-08      7.777e-10      2.206e-03      8.833e-06   
      10             18          9.983e-09      7.021e-10      1.090e-03      2.166e-06   
      11             19          9.375e-09      6.075e-10      2.145e-03      8.244e-06   
      12             20          8.638e-09      7.367e-10      2.149e-03      7.674e-06   
      13             22          8.107e-09      5.315e-10      1.091e-03      1.851e-06   
      14             23          7.708e-09      3.991e-10      2.200e-03      6.515e-06   
      15             24          7.183e-09      5.253e-10      2.259e-03      5.917e-06   
      16             26          6.795e-09      3.875e-10      1.149e-03      1.417e-06   
      17             27          6.512e-09      2.835e-10      2.302e-03      5.691e-06   
      18             28          6.119e-09      3.927e-10      2.306e-03      5.539e-06   
      19             30          5.822e-09      2.969e-10      1.139e-03      1.398e-06   
      20             31          5.597e-09      2.252e-10      2.241e-03      5.551e-06   
      21             32          5.277e-09      3.201e-10      2.180e-03      5.561e-06   
      22             34          5.035e-09      2.414e-10      1.062e-03      1.456e-06   
      23             35          4.840e-09      1.954e-10      2.083e-03      5.709e-06   
      24             36          4.571e-09      2.689e-10      2.039e-03      5.748e-06   
      25             38          4.374e-09      1.968e-10      1.016e-03      1.483e-06   
      26             39          4.202e-09      1.726e-10      2.029e-03      5.459e-06   
      27             40          3.978e-09      2.240e-10      2.043e-03      4.779e-06   
      28             42          3.834e-09      1.434e-10      1.025e-03      1.031e-06   
      29             43          3.677e-09      1.575e-10      2.066e-03      3.066e-06   
      30             44          3.645e-09      3.167e-11      4.279e-03      1.036e-05   
      31             45          3.239e-09      4.057e-10      1.076e-03      6.516e-07   
      32             46          3.106e-09      1.333e-10      2.227e-03      2.502e-06   
      33             47          3.079e-09      2.670e-11      4.730e-03      9.370e-06   
      34             48          2.742e-09      3.375e-10      1.196e-03      5.872e-07   
      35             49          2.628e-09      1.134e-10      2.464e-03      2.249e-06   
      36             50          2.617e-09      1.151e-11      5.145e-03      8.383e-06   
      37             51          2.314e-09      3.030e-10      1.295e-03      5.199e-07   
      38             52          2.217e-09      9.722e-11      2.633e-03      1.980e-06   
      39             53          2.215e-09      1.578e-12      5.394e-03      7.196e-06   
      40             54          1.945e-09      2.698e-10      1.351e-03      4.443e-07   
      41             55          1.863e-09      8.281e-11      2.717e-03      1.644e-06   
      42             57          1.804e-09      5.849e-11      1.361e-03      4.011e-07   
      43             58          1.727e-09      7.694e-11      2.731e-03      1.472e-06   
      44             60          1.672e-09      5.474e-11      1.365e-03      3.643e-07   
      45             61          1.601e-09      7.106e-11      2.725e-03      1.352e-06   
      46             63          1.550e-09      5.110e-11      1.362e-03      3.402e-07   
      47             64          1.486e-09      6.450e-11      2.710e-03      1.310e-06   
      48             66          1.437e-09      4.879e-11      1.358e-03      3.657e-07   
      49             67          1.380e-09      5.664e-11      2.698e-03      1.597e-06   
      50             69          1.331e-09      4.915e-11      1.350e-03      4.437e-07   
      51             70          1.282e-09      4.863e-11      2.681e-03      1.762e-06   
      52             71          1.220e-09      6.269e-11      2.674e-03      1.671e-06   
      53             72          1.159e-09      6.109e-11      2.685e-03      1.766e-06   
      54             73          1.100e-09      5.879e-11      2.712e-03      1.896e-06   
      55             74          1.044e-09      5.636e-11      2.734e-03      2.000e-06   
      56             75          9.896e-10      5.399e-11      2.731e-03      2.047e-06   
      57             76          9.385e-10      5.106e-11      2.698e-03      2.017e-06   
      58             77          8.910e-10      4.749e-11      2.642e-03      1.923e-06   
      59             78          8.470e-10      4.401e-11      2.569e-03      1.856e-06   
      60             79          8.062e-10      4.079e-11      2.477e-03      2.050e-06   
      61             80          7.685e-10      3.777e-11      2.362e-03      2.172e-06   
      62             81          7.335e-10      3.495e-11      2.226e-03      2.219e-06   
      63             82          7.012e-10      3.229e-11      2.074e-03      2.193e-06   
      64             83          6.715e-10      2.972e-11      1.916e-03      2.108e-06   
      65             84          6.442e-10      2.732e-11      1.764e-03      1.986e-06   
      66             85          6.190e-10      2.521e-11      1.627e-03      1.847e-06   
      67             86          5.955e-10      2.344e-11      1.513e-03      1.703e-06   
      68             87          5.735e-10      2.199e-11      1.428e-03      1.573e-06   
      69             88          5.527e-10      2.082e-11      1.374e-03      1.604e-06   
      70             89          5.328e-10      1.986e-11      1.349e-03      1.637e-06   
      71             90          5.138e-10      1.904e-11      1.349e-03      1.668e-06   
      72             91          4.955e-10      1.830e-11      1.368e-03      1.697e-06   
      73             92          4.779e-10      1.759e-11      1.401e-03      1.724e-06   
      74             93          4.611e-10      1.687e-11      1.444e-03      1.750e-06   
      75             94          4.449e-10      1.611e-11      1.492e-03      1.777e-06   
      76             95          4.297e-10      1.526e-11      1.544e-03      1.805e-06   
      77             96          4.154e-10      1.428e-11      1.597e-03      1.837e-06   
      78             97          4.023e-10      1.315e-11      1.650e-03      1.872e-06   
      79             98          3.904e-10      1.187e-11      1.700e-03      1.906e-06   
      80             99          3.799e-10      1.051e-11      1.744e-03      1.935e-06   
      81             100         3.402e-10      3.969e-11      4.593e-04      1.227e-07   
      82             101         3.354e-10      4.745e-12      9.070e-04      5.036e-07   
      83             102         3.280e-10      7.395e-12      9.119e-04      5.012e-07   
      84             103         3.206e-10      7.402e-12      9.130e-04      5.062e-07   
      85             104         3.132e-10      7.431e-12      9.112e-04      5.213e-07   
      86             105         3.057e-10      7.472e-12      9.066e-04      5.322e-07   
      87             106         2.982e-10      7.515e-12      8.997e-04      5.380e-07   
      88             107         2.907e-10      7.550e-12      8.906e-04      5.384e-07   
      89             108         2.831e-10      7.566e-12      8.799e-04      5.327e-07   
      90             109         2.756e-10      7.464e-12      8.679e-04      5.264e-07   
      91             110         2.682e-10      7.450e-12      8.559e-04      5.106e-07   
      92             111         2.608e-10      7.339e-12      8.439e-04      4.883e-07   
      93             112         2.537e-10      7.178e-12      8.325e-04      4.621e-07   
      94             113         2.467e-10      6.972e-12      8.219e-04      4.372e-07   
      95             114         2.400e-10      6.730e-12      8.125e-04      4.248e-07   
      96             115         2.335e-10      6.467e-12      8.046e-04      4.145e-07   
      97             116         2.273e-10      6.199e-12      7.991e-04      4.026e-07   
      98             118         2.225e-10      4.775e-12      4.000e-04      9.801e-08   
      99             119         2.185e-10      4.047e-12      7.954e-04      3.821e-07   
      100            120         2.129e-10      5.576e-12      7.976e-04      3.678e-07   
Warning: Maximum number of iterations has been exceeded.
         Current function value: 2.129e-10
         Total delta_x: 1.526e-01
         Iterations: 100
         Function evaluations: 120
         Jacobian evaluations: 101
Timer: Solution time = 1.95 sec
Timer: Avg time per step = 19.3 ms
==============================================================================================================
                                                                 Start  -->   End
Total (sum of squares):                                      1.180e-01  -->   2.129e-10, 
Maximum absolute Force error:                                2.771e+07  -->   2.657e+02 (N)
Minimum absolute Force error:                                9.185e+01  -->   4.430e-01 (N)
Average absolute Force error:                                4.546e+05  -->   2.764e+01 (N)
Maximum absolute Force error:                                2.663e-01  -->   2.553e-06 (normalized)
Minimum absolute Force error:                                8.828e-07  -->   4.257e-09 (normalized)
Average absolute Force error:                                4.368e-03  -->   2.656e-07 (normalized)
R boundary error:                                            0.000e+00  -->   0.000e+00 (m)
Z boundary error:                                            0.000e+00  -->   0.000e+00 (m)
Fixed Psi error:                                             0.000e+00  -->   0.000e+00 (Wb)
Fixed pressure profile error:                                0.000e+00  -->   0.000e+00 (Pa)
Fixed iota profile error:                                    0.000e+00  -->   0.000e+00 (dimensionless)
Fixed sheet current error:                                   0.000e+00  -->   0.000e+00 (~)
==============================================================================================================

Timer: Iteration 3 total = 10.9 sec
================
Step 4
================
Spectral indexing: ansi
Spectral resolution (L,M,N)=(12,12,0)
Node resolution (L,M,N)=(24,24,0)
Boundary ratio = 0
Pressure ratio = 1.0
Perturbation Order = 2
Objective: force
Optimizer: lsq-exact
================
Perturbing equilibrium
Building objective: force
Precomputing transforms
Timer: Precomputing transforms = 44.0 ms
Timer: Objective build = 50.4 ms
Building objective: lcfs R
Building objective: lcfs Z
Building objective: fixed Psi
Building objective: fixed pressure
Building objective: fixed iota
Building objective: fixed sheet current
Building objective: self_consistency R
Building objective: self_consistency Z
Building objective: lambda gauge
Building objective: axis R self consistency
Building objective: axis Z self consistency
Timer: Objective build = 70.0 ms
Perturbing p_l
Factorizing linear constraints
Timer: linear constraint factorize = 679 ms
Computing df
Timer: df computation = 1.34 ms
Factoring df
Timer: df/dx factorization = 19.4 us
Computing d^2f
Timer: d^2f computation = 248 us
Timer: Objective build = 1.52 ms
||dx||/||x|| =  4.347e-02
Timer: Total perturbation = 1.35 sec
Building objective: self_consistency R
Building objective: self_consistency Z
Building objective: lambda gauge
Building objective: axis R self consistency
Building objective: axis Z self consistency
Timer: Objective build = 6.94 ms
Timer: LinearConstraintProjection build = 20.5 ms
Number of parameters: 108
Number of objectives: 338
Timer: Initializing the optimization = 29.6 ms

Starting optimization
Using method: lsq-exact
   Iteration     Total nfev        Cost      Cost reduction    Step norm     Optimality   
       0              1          2.722e-03                                    3.293e-02   
       1              2          8.503e-07      2.721e-03      3.224e-02      5.970e-04   
       2              5          1.039e-07      7.464e-07      1.021e-02      2.388e-04   
       3              7          1.619e-08      8.768e-08      5.405e-03      3.807e-05   
       4              9          1.230e-08      3.890e-09      2.778e-03      7.646e-06   
       5             10          1.215e-08      1.512e-10      5.716e-03      2.436e-05   
       6             11          1.022e-08      1.926e-09      1.375e-03      1.506e-06   
       7             12          9.653e-09      5.675e-10      2.752e-03      5.072e-06   
       8             13          9.373e-09      2.799e-10      5.230e-03      1.459e-05   
       9             14          8.223e-09      1.150e-09      1.283e-03      1.071e-06   
      10             15          7.797e-09      4.259e-10      2.492e-03      3.279e-06   
      11             16          7.634e-09      1.630e-10      4.746e-03      1.157e-05   
      12             17          6.705e-09      9.293e-10      1.193e-03      8.959e-07   
      13             18          6.370e-09      3.351e-10      2.322e-03      2.974e-06   
      14             19          6.277e-09      9.320e-11      4.522e-03      1.003e-05   
      15             20          5.478e-09      7.985e-10      1.136e-03      6.788e-07   
      16             21          5.203e-09      2.750e-10      2.244e-03      3.021e-06   
      17             22          5.183e-09      2.038e-11      4.431e-03      1.328e-05   
      18             23          4.450e-09      7.329e-10      1.102e-03      1.049e-06   
      19             24          4.224e-09      2.262e-10      2.192e-03      3.899e-06   
      20             26          4.059e-09      1.649e-10      1.091e-03      1.035e-06   
      21             27          3.854e-09      2.049e-10      2.168e-03      3.942e-06   
      22             29          3.698e-09      1.555e-10      1.079e-03      1.009e-06   
      23             30          3.512e-09      1.859e-10      2.149e-03      3.756e-06   
      24             32          3.370e-09      1.426e-10      1.073e-03      9.110e-07   
      25             33          3.197e-09      1.726e-10      2.148e-03      3.190e-06   
      26             34          3.148e-09      4.895e-11      4.361e-03      8.566e-06   
      27             35          2.722e-09      4.265e-10      1.089e-03      5.473e-07   
      28             36          2.578e-09      1.437e-10      2.196e-03      2.413e-06   
      29             38          2.484e-09      9.441e-11      1.099e-03      6.498e-07   
      30             39          2.355e-09      1.291e-10      2.219e-03      2.675e-06   
      31             41          2.264e-09      9.087e-11      1.110e-03      6.963e-07   
      32             42          2.147e-09      1.162e-10      2.236e-03      2.805e-06   
      33             44          2.060e-09      8.768e-11      1.118e-03      7.148e-07   
      34             45          1.955e-09      1.051e-10      2.239e-03      2.851e-06   
      35             47          1.870e-09      8.428e-11      1.117e-03      7.165e-07   
      36             48          1.775e-09      9.544e-11      2.225e-03      2.846e-06   
      37             50          1.694e-09      8.047e-11      1.108e-03      7.085e-07   
      38             51          1.607e-09      8.704e-11      2.194e-03      2.810e-06   
      39             53          1.531e-09      7.622e-11      1.091e-03      6.948e-07   
      40             54          1.452e-09      7.962e-11      2.149e-03      2.754e-06   
      41             56          1.380e-09      7.158e-11      1.067e-03      6.775e-07   
      42             57          1.307e-09      7.300e-11      2.092e-03      2.697e-06   
      43             59          1.240e-09      6.664e-11      1.039e-03      6.595e-07   
      44             60          1.173e-09      6.700e-11      2.026e-03      2.646e-06   
      45             62          1.112e-09      6.149e-11      1.007e-03      6.439e-07   
      46             63          1.050e-09      6.146e-11      1.954e-03      2.589e-06   
      47             65          9.941e-10      5.629e-11      9.713e-04      6.269e-07   
      48             66          9.380e-10      5.616e-11      1.874e-03      2.528e-06   
      49             68          8.868e-10      5.122e-11      9.329e-04      6.085e-07   
      50             69          8.359e-10      5.088e-11      1.786e-03      2.462e-06   
      51             71          7.894e-10      4.651e-11      8.889e-04      5.892e-07   
      52             72          7.440e-10      4.537e-11      1.683e-03      2.397e-06   
      53             74          7.017e-10      4.234e-11      8.350e-04      5.713e-07   
      54             75          6.621e-10      3.956e-11      1.556e-03      2.342e-06   
      55             76          6.128e-10      4.926e-11      1.458e-03      2.296e-06   
      56             78          5.760e-10      3.682e-11      7.111e-04      5.512e-07   
      57             79          5.465e-10      2.951e-11      1.280e-03      2.290e-06   
      58             80          5.070e-10      3.953e-11      1.154e-03      2.247e-06   
      59             81          4.710e-10      3.595e-11      1.024e-03      2.218e-06   
      60             82          4.384e-10      3.261e-11      9.114e-04      2.175e-06   
      61             83          4.090e-10      2.947e-11      8.408e-04      2.110e-06   
      62             84          3.824e-10      2.657e-11      8.354e-04      2.023e-06   
      63             85          3.584e-10      2.397e-11      8.967e-04      1.917e-06   
      64             86          3.367e-10      2.171e-11      1.003e-03      1.797e-06   
      65             87          3.169e-10      1.980e-11      1.127e-03      1.672e-06   
      66             88          2.987e-10      1.823e-11      1.248e-03      1.548e-06   
      67             89          2.817e-10      1.697e-11      1.355e-03      1.451e-06   
      68             90          2.657e-10      1.596e-11      1.444e-03      1.607e-06   
      69             91          2.506e-10      1.517e-11      1.514e-03      1.755e-06   
      70             92          2.360e-10      1.457e-11      1.566e-03      1.890e-06   
      71             93          2.218e-10      1.417e-11      1.603e-03      2.007e-06   
      72             94          2.078e-10      1.401e-11      1.628e-03      2.101e-06   
      73             95          1.938e-10      1.406e-11      1.643e-03      2.168e-06   
      74             96          1.796e-10      1.420e-11      1.653e-03      2.205e-06   
      75             97          1.654e-10      1.418e-11      1.658e-03      2.210e-06   
      76             98          1.516e-10      1.376e-11      1.662e-03      2.186e-06   
      77             99          1.388e-10      1.288e-11      1.671e-03      2.136e-06   
      78             100         1.270e-10      1.174e-11      1.688e-03      2.064e-06   
      79             101         1.164e-10      1.060e-11      1.718e-03      1.969e-06   
      80             102         8.150e-11      3.491e-11      4.339e-04      1.174e-07   
      81             103         7.915e-11      2.357e-12      8.736e-04      4.636e-07   
      82             104         7.510e-11      4.045e-12      8.866e-04      4.463e-07   
      83             105         7.126e-11      3.839e-12      9.015e-04      4.272e-07   
      84             106         6.762e-11      3.640e-12      9.181e-04      4.056e-07   
      85             107         6.417e-11      3.447e-12      9.363e-04      3.814e-07   
      86             108         6.091e-11      3.261e-12      9.558e-04      3.544e-07   
      87             109         5.783e-11      3.080e-12      9.762e-04      3.247e-07   
      88             110         5.493e-11      2.906e-12      9.973e-04      2.924e-07   
      89             111         5.219e-11      2.737e-12      1.019e-03      2.759e-07   
      90             112         4.962e-11      2.574e-12      1.041e-03      2.628e-07   
      91             113         4.720e-11      2.416e-12      1.062e-03      2.477e-07   
      92             114         4.494e-11      2.263e-12      1.084e-03      2.366e-07   
      93             115         4.282e-11      2.117e-12      1.105e-03      2.389e-07   
      94             116         4.084e-11      1.975e-12      1.125e-03      2.460e-07   
      95             117         3.900e-11      1.840e-12      1.143e-03      2.571e-07   
      96             118         3.730e-11      1.709e-12      1.161e-03      2.624e-07   
      97             119         3.571e-11      1.584e-12      1.177e-03      2.610e-07   
      98             120         3.425e-11      1.463e-12      1.190e-03      2.527e-07   
      99             121         3.290e-11      1.347e-12      1.201e-03      2.372e-07   
      100            122         3.167e-11      1.234e-12      1.209e-03      2.164e-07   
Warning: Maximum number of iterations has been exceeded.
         Current function value: 3.167e-11
         Total delta_x: 9.532e-02
         Iterations: 100
         Function evaluations: 122
         Jacobian evaluations: 101
Timer: Solution time = 1.53 sec
Timer: Avg time per step = 15.1 ms
==============================================================================================================
                                                                 Start  -->   End
Total (sum of squares):                                      2.722e-03  -->   3.167e-11, 
Maximum absolute Force error:                                1.527e+06  -->   1.579e+02 (N)
Minimum absolute Force error:                                2.920e+02  -->   1.795e-02 (N)
Average absolute Force error:                                9.959e+04  -->   1.141e+01 (N)
Maximum absolute Force error:                                1.467e-02  -->   1.518e-06 (normalized)
Minimum absolute Force error:                                2.806e-06  -->   1.726e-10 (normalized)
Average absolute Force error:                                9.571e-04  -->   1.096e-07 (normalized)
R boundary error:                                            0.000e+00  -->   0.000e+00 (m)
Z boundary error:                                            0.000e+00  -->   0.000e+00 (m)
Fixed Psi error:                                             0.000e+00  -->   0.000e+00 (Wb)
Fixed pressure profile error:                                0.000e+00  -->   0.000e+00 (Pa)
Fixed iota profile error:                                    0.000e+00  -->   0.000e+00 (dimensionless)
Fixed sheet current error:                                   0.000e+00  -->   0.000e+00 (~)
==============================================================================================================

Timer: Iteration 4 total = 3.53 sec
================
Step 5
================
Spectral indexing: ansi
Spectral resolution (L,M,N)=(12,12,8)
Node resolution (L,M,N)=(24,24,16)
Boundary ratio = 0.25
Pressure ratio = 1
Perturbation Order = 2
Objective: force
Optimizer: lsq-exact
================
Perturbing equilibrium
Building objective: force
Precomputing transforms
Timer: Precomputing transforms = 1.27 sec
Timer: Objective build = 1.33 sec
Building objective: lcfs R
Building objective: lcfs Z
Building objective: fixed Psi
Building objective: fixed pressure
Building objective: fixed iota
Building objective: fixed sheet current
Building objective: self_consistency R
Building objective: self_consistency Z
Building objective: lambda gauge
Building objective: axis R self consistency
Building objective: axis Z self consistency
Timer: Objective build = 816 ms
Perturbing Rb_lmn, Zb_lmn
Factorizing linear constraints
Timer: linear constraint factorize = 3.92 sec
Computing df
Timer: df computation = 7.04 sec
Factoring df
Timer: df/dx factorization = 44.3 ms
Computing d^2f
Timer: d^2f computation = 4.52 sec
Timer: Objective build = 1.40 ms
||dx||/||x|| =  3.214e-03
Timer: Total perturbation = 31.5 sec
Building objective: self_consistency R
Building objective: self_consistency Z
Building objective: lambda gauge
Building objective: axis R self consistency
Building objective: axis Z self consistency
Timer: Objective build = 25.7 ms
Timer: LinearConstraintProjection build = 1.02 sec
Number of parameters: 1892
Number of objectives: 11154
Timer: Initializing the optimization = 1.40 sec

Starting optimization
Using method: lsq-exact
   Iteration     Total nfev        Cost      Cost reduction    Step norm     Optimality   
       0              1          5.347e-05                                    6.638e-03   
       1              2          2.061e-08      5.345e-05      9.055e-03      7.322e-05   
       2              4          1.437e-08      6.232e-09      8.032e-03      7.182e-05   
       3              6          6.874e-11      1.431e-08      1.495e-03      6.534e-06   
       4              8          1.753e-11      5.121e-11      7.342e-04      1.075e-06   
       5             10          1.598e-11      1.547e-12      3.401e-04      2.539e-07   
       6             12          1.588e-11      1.045e-13      1.682e-04      6.253e-08   
Optimization terminated successfully.
`ftol` condition satisfied. (ftol=1.00e-02)
         Current function value: 1.588e-11
         Total delta_x: 7.168e-03
         Iterations: 6
         Function evaluations: 12
         Jacobian evaluations: 7
Timer: Solution time = 2.10 min
Timer: Avg time per step = 18.0 sec
==============================================================================================================
                                                                 Start  -->   End
Total (sum of squares):                                      5.347e-05  -->   1.588e-11, 
Maximum absolute Force error:                                6.094e+05  -->   1.836e+02 (N)
Minimum absolute Force error:                                1.915e-01  -->   6.809e-04 (N)
Average absolute Force error:                                8.916e+03  -->   7.957e+00 (N)
Maximum absolute Force error:                                5.857e-03  -->   1.764e-06 (normalized)
Minimum absolute Force error:                                1.841e-09  -->   6.544e-12 (normalized)
Average absolute Force error:                                8.568e-05  -->   7.647e-08 (normalized)
R boundary error:                                            0.000e+00  -->   0.000e+00 (m)
Z boundary error:                                            0.000e+00  -->   0.000e+00 (m)
Fixed Psi error:                                             0.000e+00  -->   0.000e+00 (Wb)
Fixed pressure profile error:                                0.000e+00  -->   0.000e+00 (Pa)
Fixed iota profile error:                                    0.000e+00  -->   0.000e+00 (dimensionless)
Fixed sheet current error:                                   0.000e+00  -->   0.000e+00 (~)
==============================================================================================================

Timer: Iteration 5 total = 2.73 min
================
Step 6
================
Spectral indexing: ansi
Spectral resolution (L,M,N)=(12,12,8)
Node resolution (L,M,N)=(24,24,16)
Boundary ratio = 0.5
Pressure ratio = 1
Perturbation Order = 2
Objective: force
Optimizer: lsq-exact
================
Perturbing equilibrium
Building objective: force
Precomputing transforms
Timer: Precomputing transforms = 75.8 ms
Timer: Objective build = 88.1 ms
Building objective: lcfs R
Building objective: lcfs Z
Building objective: fixed Psi
Building objective: fixed pressure
Building objective: fixed iota
Building objective: fixed sheet current
Building objective: self_consistency R
Building objective: self_consistency Z
Building objective: lambda gauge
Building objective: axis R self consistency
Building objective: axis Z self consistency
Timer: Objective build = 102 ms
Perturbing Rb_lmn, Zb_lmn
Factorizing linear constraints
Timer: linear constraint factorize = 946 ms
Computing df
Timer: df computation = 16.4 ms
Factoring df
Timer: df/dx factorization = 47.5 us
Computing d^2f
Timer: d^2f computation = 310 ms
Timer: Objective build = 1.43 ms
||dx||/||x|| =  2.251e-03
Timer: Total perturbation = 19.8 sec
Building objective: self_consistency R
Building objective: self_consistency Z
Building objective: lambda gauge
Building objective: axis R self consistency
Building objective: axis Z self consistency
Timer: Objective build = 24.8 ms
Timer: LinearConstraintProjection build = 901 ms
Number of parameters: 1892
Number of objectives: 11154
Timer: Initializing the optimization = 1.30 sec

Starting optimization
Using method: lsq-exact
   Iteration     Total nfev        Cost      Cost reduction    Step norm     Optimality   
       0              1          3.484e-06                                    1.467e-03   
       1              2          1.771e-07      3.307e-06      1.027e-02      3.512e-04   
       2              4          3.638e-09      1.734e-07      3.462e-03      2.613e-05   
       3              6          3.696e-10      3.268e-09      1.681e-03      1.401e-05   
       4              8          1.933e-11      3.502e-10      8.939e-04      9.160e-07   
       5             10          1.633e-11      3.003e-12      3.389e-04      1.647e-07   
       6             12          1.588e-11      4.432e-13      2.282e-04      6.260e-08   
       7             14          1.584e-11      3.909e-14      9.368e-05      1.367e-08   
Optimization terminated successfully.
`ftol` condition satisfied. (ftol=1.00e-02)
         Current function value: 1.584e-11
         Total delta_x: 8.237e-03
         Iterations: 7
         Function evaluations: 14
         Jacobian evaluations: 8
Timer: Solution time = 3.05 min
Timer: Avg time per step = 22.8 sec
==============================================================================================================
                                                                 Start  -->   End
Total (sum of squares):                                      3.484e-06  -->   1.584e-11, 
Maximum absolute Force error:                                1.897e+05  -->   2.269e+02 (N)
Minimum absolute Force error:                                7.838e-03  -->   1.776e-04 (N)
Average absolute Force error:                                2.715e+03  -->   7.978e+00 (N)
Maximum absolute Force error:                                1.823e-03  -->   2.181e-06 (normalized)
Minimum absolute Force error:                                7.533e-11  -->   1.706e-12 (normalized)
Average absolute Force error:                                2.609e-05  -->   7.667e-08 (normalized)
R boundary error:                                            0.000e+00  -->   0.000e+00 (m)
Z boundary error:                                            0.000e+00  -->   0.000e+00 (m)
Fixed Psi error:                                             0.000e+00  -->   0.000e+00 (Wb)
Fixed pressure profile error:                                0.000e+00  -->   0.000e+00 (Pa)
Fixed iota profile error:                                    0.000e+00  -->   0.000e+00 (dimensionless)
Fixed sheet current error:                                   0.000e+00  -->   0.000e+00 (~)
==============================================================================================================

Timer: Iteration 6 total = 3.41 min
================
Step 7
================
Spectral indexing: ansi
Spectral resolution (L,M,N)=(12,12,8)
Node resolution (L,M,N)=(24,24,16)
Boundary ratio = 0.75
Pressure ratio = 1
Perturbation Order = 2
Objective: force
Optimizer: lsq-exact
================
Perturbing equilibrium
Building objective: force
Precomputing transforms
Timer: Precomputing transforms = 72.2 ms
Timer: Objective build = 84.6 ms
Building objective: lcfs R
Building objective: lcfs Z
Building objective: fixed Psi
Building objective: fixed pressure
Building objective: fixed iota
Building objective: fixed sheet current
Building objective: self_consistency R
Building objective: self_consistency Z
Building objective: lambda gauge
Building objective: axis R self consistency
Building objective: axis Z self consistency
Timer: Objective build = 100 ms
Perturbing Rb_lmn, Zb_lmn
Factorizing linear constraints
Timer: linear constraint factorize = 906 ms
Computing df
Timer: df computation = 17.2 ms
Factoring df
Timer: df/dx factorization = 52.5 us
Computing d^2f
Timer: d^2f computation = 302 ms
Timer: Objective build = 1.40 ms
||dx||/||x|| =  2.420e-03
Timer: Total perturbation = 19.4 sec
Building objective: self_consistency R
Building objective: self_consistency Z
Building objective: lambda gauge
Building objective: axis R self consistency
Building objective: axis Z self consistency
Timer: Objective build = 29.7 ms
Timer: LinearConstraintProjection build = 900 ms
Number of parameters: 1892
Number of objectives: 11154
Timer: Initializing the optimization = 1.29 sec

Starting optimization
Using method: lsq-exact
   Iteration     Total nfev        Cost      Cost reduction    Step norm     Optimality   
       0              1          4.975e-06                                    1.799e-03   
       1              2          8.043e-07      4.171e-06      1.264e-02      9.846e-04   
       2              4          1.637e-08      7.880e-07      3.722e-03      9.670e-05   
       3              6          7.410e-10      1.563e-08      1.700e-03      1.061e-05   
       4              8          1.574e-10      5.836e-10      1.072e-03      4.228e-06   
       5             10          2.367e-11      1.337e-10      6.814e-04      7.784e-07   
       6             12          1.677e-11      6.899e-12      2.753e-04      1.121e-07   
       7             14          1.633e-11      4.398e-13      1.503e-04      1.995e-07   
       8             16          1.628e-11      5.334e-14      6.781e-05      9.956e-09   
`gtol` condition satisfied. (gtol=1.00e-08)
         Current function value: 1.628e-11
         Total delta_x: 1.132e-02
         Iterations: 8
         Function evaluations: 16
         Jacobian evaluations: 9
Timer: Solution time = 3.77 min
Timer: Avg time per step = 25.1 sec
==============================================================================================================
                                                                 Start  -->   End
Total (sum of squares):                                      4.975e-06  -->   1.628e-11, 
Maximum absolute Force error:                                2.066e+05  -->   2.342e+02 (N)
Minimum absolute Force error:                                9.637e-04  -->   1.057e-04 (N)
Average absolute Force error:                                3.000e+03  -->   8.062e+00 (N)
Maximum absolute Force error:                                1.985e-03  -->   2.251e-06 (normalized)
Minimum absolute Force error:                                9.262e-12  -->   1.016e-12 (normalized)
Average absolute Force error:                                2.883e-05  -->   7.748e-08 (normalized)
R boundary error:                                            0.000e+00  -->   0.000e+00 (m)
Z boundary error:                                            0.000e+00  -->   0.000e+00 (m)
Fixed Psi error:                                             0.000e+00  -->   0.000e+00 (Wb)
Fixed pressure profile error:                                0.000e+00  -->   0.000e+00 (Pa)
Fixed iota profile error:                                    0.000e+00  -->   0.000e+00 (dimensionless)
Fixed sheet current error:                                   0.000e+00  -->   0.000e+00 (~)
==============================================================================================================

Timer: Iteration 7 total = 4.12 min
================
Step 8
================
Spectral indexing: ansi
Spectral resolution (L,M,N)=(12,12,8)
Node resolution (L,M,N)=(24,24,16)
Boundary ratio = 1.0
Pressure ratio = 1
Perturbation Order = 2
Objective: force
Optimizer: lsq-exact
================
Perturbing equilibrium
Building objective: force
Precomputing transforms
Timer: Precomputing transforms = 70.1 ms
Timer: Objective build = 82.1 ms
Building objective: lcfs R
Building objective: lcfs Z
Building objective: fixed Psi
Building objective: fixed pressure
Building objective: fixed iota
Building objective: fixed sheet current
Building objective: self_consistency R
Building objective: self_consistency Z
Building objective: lambda gauge
Building objective: axis R self consistency
Building objective: axis Z self consistency
Timer: Objective build = 100 ms
Perturbing Rb_lmn, Zb_lmn
Factorizing linear constraints
Timer: linear constraint factorize = 896 ms
Computing df
Timer: df computation = 19.3 ms
Factoring df
Timer: df/dx factorization = 54.2 us
Computing d^2f
Timer: d^2f computation = 295 ms
Timer: Objective build = 1.38 ms
||dx||/||x|| =  2.836e-03
Timer: Total perturbation = 19.4 sec
Building objective: self_consistency R
Building objective: self_consistency Z
Building objective: lambda gauge
Building objective: axis R self consistency
Building objective: axis Z self consistency
Timer: Objective build = 25.0 ms
Timer: LinearConstraintProjection build = 893 ms
Number of parameters: 1892
Number of objectives: 11154
Timer: Initializing the optimization = 1.29 sec

Starting optimization
Using method: lsq-exact
   Iteration     Total nfev        Cost      Cost reduction    Step norm     Optimality   
       0              1          6.514e-06                                    1.901e-03   
       1              2          1.678e-07      6.346e-06      6.121e-03      3.528e-04   
       2              4          7.353e-08      9.423e-08      6.384e-03      1.415e-04   
       3              5          4.620e-08      2.733e-08      5.300e-03      1.517e-04   
       4              7          8.247e-10      4.537e-08      1.573e-03      1.696e-05   
       5              9          4.664e-11      7.781e-10      9.536e-04      1.346e-06   
       6             11          2.012e-11      2.653e-11      5.618e-04      9.981e-07   
       7             13          1.721e-11      2.907e-12      2.156e-04      7.402e-08   
       8             15          1.702e-11      1.890e-13      1.001e-04      2.020e-08   
       9             17          1.700e-11      1.552e-14      4.563e-05      5.218e-09   
`gtol` condition satisfied. (gtol=1.00e-08)
         Current function value: 1.700e-11
         Total delta_x: 7.157e-03
         Iterations: 9
         Function evaluations: 17
         Jacobian evaluations: 10
Timer: Solution time = 3.63 min
Timer: Avg time per step = 21.8 sec
==============================================================================================================
                                                                 Start  -->   End
Total (sum of squares):                                      6.514e-06  -->   1.700e-11, 
Maximum absolute Force error:                                2.236e+05  -->   2.431e+02 (N)
Minimum absolute Force error:                                4.206e-02  -->   2.836e-04 (N)
Average absolute Force error:                                3.630e+03  -->   8.266e+00 (N)
Maximum absolute Force error:                                2.149e-03  -->   2.336e-06 (normalized)
Minimum absolute Force error:                                4.042e-10  -->   2.725e-12 (normalized)
Average absolute Force error:                                3.488e-05  -->   7.944e-08 (normalized)
R boundary error:                                            0.000e+00  -->   0.000e+00 (m)
Z boundary error:                                            0.000e+00  -->   0.000e+00 (m)
Fixed Psi error:                                             0.000e+00  -->   0.000e+00 (Wb)
Fixed pressure profile error:                                0.000e+00  -->   0.000e+00 (Pa)
Fixed iota profile error:                                    0.000e+00  -->   0.000e+00 (dimensionless)
Fixed sheet current error:                                   0.000e+00  -->   0.000e+00 (~)
==============================================================================================================

Timer: Iteration 8 total = 3.98 min
====================
Done
Timer: Total time = 14.9 min
====================


# Python warnings captured during continuation
DeprecationWarning: linear_util.wrap_init is missing a DebugInfo object. This behavior is deprecated, use api_util.debug_info() to construct a proper DebugInfo object and propagate it to this function. See https://github.com/jax-ml/jax/issues/26480 for more details.
DeprecationWarning: linear_util.wrap_init is missing a DebugInfo object. This behavior is deprecated, use api_util.debug_info() to construct a proper DebugInfo object and propagate it to this function. See https://github.com/jax-ml/jax/issues/26480 for more details.
DeprecationWarning: linear_util.wrap_init is missing a DebugInfo object. This behavior is deprecated, use api_util.debug_info() to construct a proper DebugInfo object and propagate it to this function. See https://github.com/jax-ml/jax/issues/26480 for more details.
DeprecationWarning: linear_util.wrap_init is missing a DebugInfo object. This behavior is deprecated, use api_util.debug_info() to construct a proper DebugInfo object and propagate it to this function. See https://github.com/jax-ml/jax/issues/26480 for more details.
DeprecationWarning: linear_util.wrap_init is missing a DebugInfo object. This behavior is deprecated, use api_util.debug_info() to construct a proper DebugInfo object and propagate it to this function. See https://github.com/jax-ml/jax/issues/26480 for more details.
DeprecationWarning: linear_util.wrap_init is missing a DebugInfo object. This behavior is deprecated, use api_util.debug_info() to construct a proper DebugInfo object and propagate it to this function. See https://github.com/jax-ml/jax/issues/26480 for more details.
DeprecationWarning: linear_util.wrap_init is missing a DebugInfo object. This behavior is deprecated, use api_util.debug_info() to construct a proper DebugInfo object and propagate it to this function. See https://github.com/jax-ml/jax/issues/26480 for more details.
DeprecationWarning: linear_util.wrap_init is missing a DebugInfo object. This behavior is deprecated, use api_util.debug_info() to construct a proper DebugInfo object and propagate it to this function. See https://github.com/jax-ml/jax/issues/26480 for more details.
DeprecationWarning: linear_util.wrap_init is missing a DebugInfo object. This behavior is deprecated, use api_util.debug_info() to construct a proper DebugInfo object and propagate it to this function. See https://github.com/jax-ml/jax/issues/26480 for more details.
DeprecationWarning: linear_util.wrap_init is missing a DebugInfo object. This behavior is deprecated, use api_util.debug_info() to construct a proper DebugInfo object and propagate it to this function. See https://github.com/jax-ml/jax/issues/26480 for more details.
DeprecationWarning: linear_util.wrap_init is missing a DebugInfo object. This behavior is deprecated, use api_util.debug_info() to construct a proper DebugInfo object and propagate it to this function. See https://github.com/jax-ml/jax/issues/26480 for more details.
DeprecationWarning: linear_util.wrap_init is missing a DebugInfo object. This behavior is deprecated, use api_util.debug_info() to construct a proper DebugInfo object and propagate it to this function. See https://github.com/jax-ml/jax/issues/26480 for more details.
DeprecationWarning: linear_util.wrap_init is missing a DebugInfo object. This behavior is deprecated, use api_util.debug_info() to construct a proper DebugInfo object and propagate it to this function. See https://github.com/jax-ml/jax/issues/26480 for more details.
DeprecationWarning: linear_util.wrap_init is missing a DebugInfo object. This behavior is deprecated, use api_util.debug_info() to construct a proper DebugInfo object and propagate it to this function. See https://github.com/jax-ml/jax/issues/26480 for more details.
DeprecationWarning: linear_util.wrap_init is missing a DebugInfo object. This behavior is deprecated, use api_util.debug_info() to construct a proper DebugInfo object and propagate it to this function. See https://github.com/jax-ml/jax/issues/26480 for more details.
DeprecationWarning: linear_util.wrap_init is missing a DebugInfo object. This behavior is deprecated, use api_util.debug_info() to construct a proper DebugInfo object and propagate it to this function. See https://github.com/jax-ml/jax/issues/26480 for more details.
DeprecationWarning: linear_util.wrap_init is missing a DebugInfo object. This behavior is deprecated, use api_util.debug_info() to construct a proper DebugInfo object and propagate it to this function. See https://github.com/jax-ml/jax/issues/26480 for more details.
DeprecationWarning: linear_util.wrap_init is missing a DebugInfo object. This behavior is deprecated, use api_util.debug_info() to construct a proper DebugInfo object and propagate it to this function. See https://github.com/jax-ml/jax/issues/26480 for more details.
DeprecationWarning: linear_util.wrap_init is missing a DebugInfo object. This behavior is deprecated, use api_util.debug_info() to construct a proper DebugInfo object and propagate it to this function. See https://github.com/jax-ml/jax/issues/26480 for more details.
DeprecationWarning: linear_util.wrap_init is missing a DebugInfo object. This behavior is deprecated, use api_util.debug_info() to construct a proper DebugInfo object and propagate it to this function. See https://github.com/jax-ml/jax/issues/26480 for more details.
DeprecationWarning: linear_util.wrap_init is missing a DebugInfo object. This behavior is deprecated, use api_util.debug_info() to construct a proper DebugInfo object and propagate it to this function. See https://github.com/jax-ml/jax/issues/26480 for more details.
DeprecationWarning: linear_util.wrap_init is missing a DebugInfo object. This behavior is deprecated, use api_util.debug_info() to construct a proper DebugInfo object and propagate it to this function. See https://github.com/jax-ml/jax/issues/26480 for more details.
DeprecationWarning: linear_util.wrap_init is missing a DebugInfo object. This behavior is deprecated, use api_util.debug_info() to construct a proper DebugInfo object and propagate it to this function. See https://github.com/jax-ml/jax/issues/26480 for more details.
DeprecationWarning: linear_util.wrap_init is missing a DebugInfo object. This behavior is deprecated, use api_util.debug_info() to construct a proper DebugInfo object and propagate it to this function. See https://github.com/jax-ml/jax/issues/26480 for more details.
DeprecationWarning: linear_util.wrap_init is missing a DebugInfo object. This behavior is deprecated, use api_util.debug_info() to construct a proper DebugInfo object and propagate it to this function. See https://github.com/jax-ml/jax/issues/26480 for more details.
DeprecationWarning: linear_util.wrap_init is missing a DebugInfo object. This behavior is deprecated, use api_util.debug_info() to construct a proper DebugInfo object and propagate it to this function. See https://github.com/jax-ml/jax/issues/26480 for more details.
DeprecationWarning: linear_util.wrap_init is missing a DebugInfo object. This behavior is deprecated, use api_util.debug_info() to construct a proper DebugInfo object and propagate it to this function. See https://github.com/jax-ml/jax/issues/26480 for more details.
DeprecationWarning: linear_util.wrap_init is missing a DebugInfo object. This behavior is deprecated, use api_util.debug_info() to construct a proper DebugInfo object and propagate it to this function. See https://github.com/jax-ml/jax/issues/26480 for more details.
DeprecationWarning: linear_util.wrap_init is missing a DebugInfo object. This behavior is deprecated, use api_util.debug_info() to construct a proper DebugInfo object and propagate it to this function. See https://github.com/jax-ml/jax/issues/26480 for more details.
DeprecationWarning: linear_util.wrap_init is missing a DebugInfo object. This behavior is deprecated, use api_util.debug_info() to construct a proper DebugInfo object and propagate it to this function. See https://github.com/jax-ml/jax/issues/26480 for more details.
DeprecationWarning: linear_util.wrap_init is missing a DebugInfo object. This behavior is deprecated, use api_util.debug_info() to construct a proper DebugInfo object and propagate it to this function. See https://github.com/jax-ml/jax/issues/26480 for more details.
DeprecationWarning: linear_util.wrap_init is missing a DebugInfo object. This behavior is deprecated, use api_util.debug_info() to construct a proper DebugInfo object and propagate it to this function. See https://github.com/jax-ml/jax/issues/26480 for more details.
DeprecationWarning: linear_util.wrap_init is missing a DebugInfo object. This behavior is deprecated, use api_util.debug_info() to construct a proper DebugInfo object and propagate it to this function. See https://github.com/jax-ml/jax/issues/26480 for more details.
DeprecationWarning: linear_util.wrap_init is missing a DebugInfo object. This behavior is deprecated, use api_util.debug_info() to construct a proper DebugInfo object and propagate it to this function. See https://github.com/jax-ml/jax/issues/26480 for more details.
DeprecationWarning: linear_util.wrap_init is missing a DebugInfo object. This behavior is deprecated, use api_util.debug_info() to construct a proper DebugInfo object and propagate it to this function. See https://github.com/jax-ml/jax/issues/26480 for more details.
DeprecationWarning: linear_util.wrap_init is missing a DebugInfo object. This behavior is deprecated, use api_util.debug_info() to construct a proper DebugInfo object and propagate it to this function. See https://github.com/jax-ml/jax/issues/26480 for more details.
DeprecationWarning: linear_util.wrap_init is missing a DebugInfo object. This behavior is deprecated, use api_util.debug_info() to construct a proper DebugInfo object and propagate it to this function. See https://github.com/jax-ml/jax/issues/26480 for more details.
DeprecationWarning: linear_util.wrap_init is missing a DebugInfo object. This behavior is deprecated, use api_util.debug_info() to construct a proper DebugInfo object and propagate it to this function. See https://github.com/jax-ml/jax/issues/26480 for more details.
