================
Step 1
================
Spectral indexing: ansi
Spectral resolution (L,M,N)=(6,6,0)
Node resolution (L,M,N)=(12,12,0)
Boundary ratio = 0
Pressure ratio = 0
Perturbation Order = 2
Objective: force
Optimizer: lsq-exact
================
Building objective: force
Precomputing transforms
Timer: Precomputing transforms = 1.36 sec
Timer: Objective build = 1.99 sec
Building objective: lcfs R
Building objective: lcfs Z
Building objective: fixed Psi
Building objective: fixed pressure
Building objective: fixed iota
Building objective: fixed sheet current
Building objective: self_consistency R
Building objective: self_consistency Z
Building objective: lambda gauge
Building objective: axis R self consistency
Building objective: axis Z self consistency
Timer: Objective build = 861 ms
Timer: LinearConstraintProjection build = 5.36 sec
Number of parameters: 27
Number of objectives: 98
Timer: Initializing the optimization = 8.27 sec

Starting optimization
Using method: lsq-exact
   Iteration     Total nfev        Cost      Cost reduction    Step norm     Optimality   
       0              1          1.792e-02                                    1.875e-01   
       1              2          1.192e-04      1.780e-02      1.898e-01      8.455e-03   
       2              3          5.776e-07      1.186e-04      6.724e-02      6.686e-04   
       3              4          3.291e-07      2.485e-07      5.328e-02      5.599e-04   
       4              5          8.484e-10      3.283e-07      2.273e-03      1.700e-05   
`gtol` condition satisfied. (gtol=1.00e-04)
         Current function value: 8.484e-10
         Total delta_x: 8.056e-02
         Iterations: 4
         Function evaluations: 5
         Jacobian evaluations: 5
Timer: Solution time = 6.41 sec
Timer: Avg time per step = 1.28 sec
==============================================================================================================
                                                                 Start  -->   End
Total (sum of squares):                                      1.792e-02  -->   8.484e-10, 
Maximum absolute Force error:                                5.858e+05  -->   4.283e+02 (N)
Minimum absolute Force error:                                9.909e+00  -->   6.848e-02 (N)
Average absolute Force error:                                1.789e+05  -->   3.040e+01 (N)
Maximum absolute Force error:                                9.446e-03  -->   6.905e-06 (normalized)
Minimum absolute Force error:                                1.598e-07  -->   1.104e-09 (normalized)
Average absolute Force error:                                2.885e-03  -->   4.902e-07 (normalized)
R boundary error:                                            0.000e+00  -->   3.469e-18 (m)
Z boundary error:                                            0.000e+00  -->   5.554e-17 (m)
Fixed Psi error:                                             0.000e+00  -->   0.000e+00 (Wb)
Fixed pressure profile error:                                0.000e+00  -->   0.000e+00 (Pa)
Fixed iota profile error:                                    0.000e+00  -->   0.000e+00 (dimensionless)
Fixed sheet current error:                                   0.000e+00  -->   0.000e+00 (~)
==============================================================================================================

Timer: Iteration 1 total = 17.0 sec
================
Step 2
================
Spectral indexing: ansi
Spectral resolution (L,M,N)=(12,12,0)
Node resolution (L,M,N)=(24,24,0)
Boundary ratio = 0
Pressure ratio = 0
Perturbation Order = 2
Objective: force
Optimizer: lsq-exact
================
Building objective: force
Precomputing transforms
Timer: Precomputing transforms = 1.75 sec
Timer: Objective build = 1.90 sec
Building objective: lcfs R
Building objective: lcfs Z
Building objective: fixed Psi
Building objective: fixed pressure
Building objective: fixed iota
Building objective: fixed sheet current
Building objective: self_consistency R
Building objective: self_consistency Z
Building objective: lambda gauge
Building objective: axis R self consistency
Building objective: axis Z self consistency
Timer: Objective build = 890 ms
Timer: LinearConstraintProjection build = 4.79 sec
Number of parameters: 108
Number of objectives: 338
Timer: Initializing the optimization = 7.65 sec

Starting optimization
Using method: lsq-exact
   Iteration     Total nfev        Cost      Cost reduction    Step norm     Optimality   
       0              1          8.486e-10                                    2.616e-05   
`gtol` condition satisfied. (gtol=1.00e-04)
         Current function value: 8.486e-10
         Total delta_x: 0.000e+00
         Iterations: 0
         Function evaluations: 1
         Jacobian evaluations: 1
Timer: Solution time = 3.95 sec
Timer: Avg time per step = 3.95 sec
==============================================================================================================
                                                                 Start  -->   End
Total (sum of squares):                                      8.486e-10  -->   8.486e-10, 
Maximum absolute Force error:                                5.847e+02  -->   5.847e+02 (N)
Minimum absolute Force error:                                2.786e-01  -->   2.786e-01 (N)
Average absolute Force error:                                3.056e+01  -->   3.056e+01 (N)
Maximum absolute Force error:                                9.428e-06  -->   9.428e-06 (normalized)
Minimum absolute Force error:                                4.493e-09  -->   4.493e-09 (normalized)
Average absolute Force error:                                4.928e-07  -->   4.928e-07 (normalized)
R boundary error:                                            0.000e+00  -->   0.000e+00 (m)
Z boundary error:                                            0.000e+00  -->   0.000e+00 (m)
Fixed Psi error:                                             0.000e+00  -->   0.000e+00 (Wb)
Fixed pressure profile error:                                0.000e+00  -->   0.000e+00 (Pa)
Fixed iota profile error:                                    0.000e+00  -->   0.000e+00 (dimensionless)
Fixed sheet current error:                                   0.000e+00  -->   0.000e+00 (~)
==============================================================================================================

Timer: Iteration 2 total = 17.0 sec
================
Step 3
================
Spectral indexing: ansi
Spectral resolution (L,M,N)=(14,14,0)
Node resolution (L,M,N)=(28,28,0)
Boundary ratio = 0
Pressure ratio = 0
Perturbation Order = 2
Objective: force
Optimizer: lsq-exact
================
Building objective: force
Precomputing transforms
Timer: Precomputing transforms = 1.59 sec
Timer: Objective build = 1.71 sec
Building objective: lcfs R
Building objective: lcfs Z
Building objective: fixed Psi
Building objective: fixed pressure
Building objective: fixed iota
Building objective: fixed sheet current
Building objective: self_consistency R
Building objective: self_consistency Z
Building objective: lambda gauge
Building objective: axis R self consistency
Building objective: axis Z self consistency
Timer: Objective build = 686 ms
Timer: LinearConstraintProjection build = 4.54 sec
Number of parameters: 147
Number of objectives: 450
Timer: Initializing the optimization = 7.01 sec

Starting optimization
Using method: lsq-exact
   Iteration     Total nfev        Cost      Cost reduction    Step norm     Optimality   
       0              1          8.498e-10                                    2.078e-05   
`gtol` condition satisfied. (gtol=1.00e-04)
         Current function value: 8.498e-10
         Total delta_x: 0.000e+00
         Iterations: 0
         Function evaluations: 1
         Jacobian evaluations: 1
Timer: Solution time = 4.76 sec
Timer: Avg time per step = 4.76 sec
==============================================================================================================
                                                                 Start  -->   End
Total (sum of squares):                                      8.498e-10  -->   8.498e-10, 
Maximum absolute Force error:                                6.067e+02  -->   6.067e+02 (N)
Minimum absolute Force error:                                1.293e-01  -->   1.293e-01 (N)
Average absolute Force error:                                3.050e+01  -->   3.050e+01 (N)
Maximum absolute Force error:                                9.782e-06  -->   9.782e-06 (normalized)
Minimum absolute Force error:                                2.084e-09  -->   2.084e-09 (normalized)
Average absolute Force error:                                4.918e-07  -->   4.918e-07 (normalized)
R boundary error:                                            0.000e+00  -->   0.000e+00 (m)
Z boundary error:                                            0.000e+00  -->   0.000e+00 (m)
Fixed Psi error:                                             0.000e+00  -->   0.000e+00 (Wb)
Fixed pressure profile error:                                0.000e+00  -->   0.000e+00 (Pa)
Fixed iota profile error:                                    0.000e+00  -->   0.000e+00 (dimensionless)
Fixed sheet current error:                                   0.000e+00  -->   0.000e+00 (~)
==============================================================================================================

Timer: Iteration 3 total = 17.5 sec
================
Step 4
================
Spectral indexing: ansi
Spectral resolution (L,M,N)=(14,14,0)
Node resolution (L,M,N)=(28,28,0)
Boundary ratio = 0
Pressure ratio = 0.5
Perturbation Order = 2
Objective: force
Optimizer: lsq-exact
================
Perturbing equilibrium
Building objective: force
Precomputing transforms
Timer: Precomputing transforms = 63.2 ms
Timer: Objective build = 72.8 ms
Building objective: lcfs R
Building objective: lcfs Z
Building objective: fixed Psi
Building objective: fixed pressure
Building objective: fixed iota
Building objective: fixed sheet current
Building objective: self_consistency R
Building objective: self_consistency Z
Building objective: lambda gauge
Building objective: axis R self consistency
Building objective: axis Z self consistency
Timer: Objective build = 96.7 ms
Perturbing p_l
Factorizing linear constraints
Timer: linear constraint factorize = 30.3 ms
Computing df
Timer: df computation = 4.07 sec
Factoring df
Timer: df/dx factorization = 62.1 ms
Computing d^2f
Timer: d^2f computation = 3.05 sec
Timer: Objective build = 1.91 ms
||dx||/||x|| =  4.301e-02
Timer: Total perturbation = 12.4 sec
Building objective: self_consistency R
Building objective: self_consistency Z
Building objective: lambda gauge
Building objective: axis R self consistency
Building objective: axis Z self consistency
Timer: Objective build = 9.90 ms
Timer: LinearConstraintProjection build = 39.5 ms
Number of parameters: 147
Number of objectives: 450
Timer: Initializing the optimization = 53.2 ms

Starting optimization
Using method: lsq-exact
   Iteration     Total nfev        Cost      Cost reduction    Step norm     Optimality   
       0              1          1.817e-02                                    2.961e-02   
       1              2          3.180e-03      1.499e-02      1.356e-01      2.667e-02   
       2              3          2.744e-04      2.905e-03      7.842e-02      7.780e-03   
       3              4          2.557e-04      1.876e-05      8.382e-02      7.263e-03   
       4              5          3.202e-06      2.525e-04      2.839e-02      1.460e-03   
       5              7          5.183e-07      2.684e-06      2.840e-02      3.916e-04   
       6              8          2.482e-07      2.702e-07      3.230e-02      2.033e-04   
       7              9          1.724e-07      7.578e-08      2.569e-02      2.505e-04   
       8             10          6.374e-08      1.087e-07      5.952e-03      1.398e-04   
       9             11          5.082e-08      1.292e-08      7.227e-03      1.602e-04   
      10             12          6.807e-10      5.014e-08      1.702e-03      1.383e-05   
`gtol` condition satisfied. (gtol=1.00e-04)
         Current function value: 6.807e-10
         Total delta_x: 1.506e-01
         Iterations: 10
         Function evaluations: 12
         Jacobian evaluations: 11
Timer: Solution time = 2.56 sec
Timer: Avg time per step = 233 ms
==============================================================================================================
                                                                 Start  -->   End
Total (sum of squares):                                      1.817e-02  -->   6.807e-10, 
Maximum absolute Force error:                                6.570e+06  -->   1.645e+03 (N)
Minimum absolute Force error:                                4.015e+01  -->   1.912e-03 (N)
Average absolute Force error:                                1.127e+05  -->   1.865e+01 (N)
Maximum absolute Force error:                                1.059e-01  -->   2.652e-05 (normalized)
Minimum absolute Force error:                                6.475e-07  -->   3.083e-11 (normalized)
Average absolute Force error:                                1.818e-03  -->   3.007e-07 (normalized)
R boundary error:                                            0.000e+00  -->   0.000e+00 (m)
Z boundary error:                                            0.000e+00  -->   0.000e+00 (m)
Fixed Psi error:                                             0.000e+00  -->   0.000e+00 (Wb)
Fixed pressure profile error:                                0.000e+00  -->   0.000e+00 (Pa)
Fixed iota profile error:                                    0.000e+00  -->   0.000e+00 (dimensionless)
Fixed sheet current error:                                   0.000e+00  -->   0.000e+00 (~)
==============================================================================================================

Timer: Iteration 4 total = 15.5 sec
================
Step 5
================
Spectral indexing: ansi
Spectral resolution (L,M,N)=(14,14,0)
Node resolution (L,M,N)=(28,28,0)
Boundary ratio = 0
Pressure ratio = 1.0
Perturbation Order = 2
Objective: force
Optimizer: lsq-exact
================
Perturbing equilibrium
Building objective: force
Precomputing transforms
Timer: Precomputing transforms = 65.0 ms
Timer: Objective build = 76.0 ms
Building objective: lcfs R
Building objective: lcfs Z
Building objective: fixed Psi
Building objective: fixed pressure
Building objective: fixed iota
Building objective: fixed sheet current
Building objective: self_consistency R
Building objective: self_consistency Z
Building objective: lambda gauge
Building objective: axis R self consistency
Building objective: axis Z self consistency
Timer: Objective build = 95.7 ms
Perturbing p_l
Factorizing linear constraints
Timer: linear constraint factorize = 999 ms
Computing df
Timer: df computation = 28.0 ms
Factoring df
Timer: df/dx factorization = 68.9 us
Computing d^2f
Timer: d^2f computation = 528 us
Timer: Objective build = 1.81 ms
||dx||/||x|| =  1.909e-02
Timer: Total perturbation = 2.00 sec
Building objective: self_consistency R
Building objective: self_consistency Z
Building objective: lambda gauge
Building objective: axis R self consistency
Building objective: axis Z self consistency
Timer: Objective build = 9.11 ms
Timer: LinearConstraintProjection build = 30.2 ms
Number of parameters: 147
Number of objectives: 450
Timer: Initializing the optimization = 42.9 ms

Starting optimization
Using method: lsq-exact
   Iteration     Total nfev        Cost      Cost reduction    Step norm     Optimality   
       0              1          1.452e-05                                    1.934e-03   
       1              2          2.832e-07      1.424e-05      1.890e-02      2.775e-04   
       2              3          3.039e-08      2.529e-07      1.478e-02      9.859e-05   
`gtol` condition satisfied. (gtol=1.00e-04)
         Current function value: 3.039e-08
         Total delta_x: 2.762e-02
         Iterations: 2
         Function evaluations: 3
         Jacobian evaluations: 3
Timer: Solution time = 103 ms
Timer: Avg time per step = 34.6 ms
==============================================================================================================
                                                                 Start  -->   End
Total (sum of squares):                                      1.452e-05  -->   3.039e-08, 
Maximum absolute Force error:                                5.175e+04  -->   6.450e+03 (N)
Minimum absolute Force error:                                1.327e+01  -->   2.840e-01 (N)
Average absolute Force error:                                4.046e+03  -->   1.689e+02 (N)
Maximum absolute Force error:                                8.345e-04  -->   1.040e-04 (normalized)
Minimum absolute Force error:                                2.140e-07  -->   4.579e-09 (normalized)
Average absolute Force error:                                6.524e-05  -->   2.723e-06 (normalized)
R boundary error:                                            0.000e+00  -->   0.000e+00 (m)
Z boundary error:                                            0.000e+00  -->   0.000e+00 (m)
Fixed Psi error:                                             0.000e+00  -->   0.000e+00 (Wb)
Fixed pressure profile error:                                0.000e+00  -->   0.000e+00 (Pa)
Fixed iota profile error:                                    0.000e+00  -->   0.000e+00 (dimensionless)
Fixed sheet current error:                                   0.000e+00  -->   0.000e+00 (~)
==============================================================================================================

Timer: Iteration 5 total = 2.49 sec
================
Step 6
================
Spectral indexing: ansi
Spectral resolution (L,M,N)=(14,14,10)
Node resolution (L,M,N)=(28,28,20)
Boundary ratio = 0.25
Pressure ratio = 1
Perturbation Order = 2
Objective: force
Optimizer: lsq-exact
================
Perturbing equilibrium
Building objective: force
Precomputing transforms
Timer: Precomputing transforms = 1.94 sec
Timer: Objective build = 2.09 sec
Building objective: lcfs R
Building objective: lcfs Z
Building objective: fixed Psi
Building objective: fixed pressure
Building objective: fixed iota
Building objective: fixed sheet current
Building objective: self_consistency R
Building objective: self_consistency Z
Building objective: lambda gauge
Building objective: axis R self consistency
Building objective: axis Z self consistency
Timer: Objective build = 1.26 sec
Perturbing Rb_lmn, Zb_lmn
Factorizing linear constraints
Timer: linear constraint factorize = 11.3 sec
Computing df
Timer: df computation = 10.9 sec
Factoring df
Timer: df/dx factorization = 156 ms
Computing d^2f
Timer: d^2f computation = 15.6 sec
Timer: Objective build = 2.01 ms
||dx||/||x|| =  1.497e-03
Timer: Total perturbation = 2.42 min
Building objective: self_consistency R
Building objective: self_consistency Z
Building objective: lambda gauge
Building objective: axis R self consistency
Building objective: axis Z self consistency
Timer: Objective build = 49.0 ms
Timer: LinearConstraintProjection build = 7.46 sec
Number of parameters: 3167
Number of objectives: 18450
Timer: Initializing the optimization = 11.3 sec

Starting optimization
Using method: lsq-exact
   Iteration     Total nfev        Cost      Cost reduction    Step norm     Optimality   
       0              1          3.852e-08                                    1.247e-04   
       1              2          1.401e-08      2.451e-08      8.559e-03      5.941e-05   
`gtol` condition satisfied. (gtol=1.00e-04)
         Current function value: 1.401e-08
         Total delta_x: 8.559e-03
         Iterations: 1
         Function evaluations: 2
         Jacobian evaluations: 2
Timer: Solution time = 1.44 min
Timer: Avg time per step = 43.1 sec
==============================================================================================================
                                                                 Start  -->   End
Total (sum of squares):                                      3.852e-08  -->   1.401e-08, 
Maximum absolute Force error:                                4.999e+03  -->   5.495e+03 (N)
Minimum absolute Force error:                                1.139e-03  -->   4.225e-03 (N)
Average absolute Force error:                                2.004e+02  -->   1.053e+02 (N)
Maximum absolute Force error:                                8.060e-05  -->   8.859e-05 (normalized)
Minimum absolute Force error:                                1.836e-11  -->   6.813e-11 (normalized)
Average absolute Force error:                                3.231e-06  -->   1.698e-06 (normalized)
R boundary error:                                            0.000e+00  -->   0.000e+00 (m)
Z boundary error:                                            0.000e+00  -->   0.000e+00 (m)
Fixed Psi error:                                             0.000e+00  -->   0.000e+00 (Wb)
Fixed pressure profile error:                                0.000e+00  -->   0.000e+00 (Pa)
Fixed iota profile error:                                    0.000e+00  -->   0.000e+00 (dimensionless)
Fixed sheet current error:                                   0.000e+00  -->   0.000e+00 (~)
==============================================================================================================

Timer: Iteration 6 total = 4.17 min
================
Step 7
================
Spectral indexing: ansi
Spectral resolution (L,M,N)=(14,14,10)
Node resolution (L,M,N)=(28,28,20)
Boundary ratio = 0.5
Pressure ratio = 1
Perturbation Order = 2
Objective: force
Optimizer: lsq-exact
================
Perturbing equilibrium
Building objective: force
Precomputing transforms
Timer: Precomputing transforms = 131 ms
Timer: Objective build = 153 ms
Building objective: lcfs R
Building objective: lcfs Z
Building objective: fixed Psi
Building objective: fixed pressure
Building objective: fixed iota
Building objective: fixed sheet current
Building objective: self_consistency R
Building objective: self_consistency Z
Building objective: lambda gauge
Building objective: axis R self consistency
Building objective: axis Z self consistency
Timer: Objective build = 143 ms
Perturbing Rb_lmn, Zb_lmn
Factorizing linear constraints
Timer: linear constraint factorize = 6.78 sec
Computing df
Timer: df computation = 121 ms
Factoring df
Timer: df/dx factorization = 118 us
Computing d^2f
Timer: d^2f computation = 2.16 sec
Timer: Objective build = 2.27 ms
||dx||/||x|| =  2.498e-03
Timer: Total perturbation = 2.12 min
Building objective: self_consistency R
Building objective: self_consistency Z
Building objective: lambda gauge
Building objective: axis R self consistency
Building objective: axis Z self consistency
Timer: Objective build = 49.8 ms
Timer: LinearConstraintProjection build = 6.82 sec
Number of parameters: 3167
Number of objectives: 18450
Timer: Initializing the optimization = 9.45 sec

Starting optimization
Using method: lsq-exact
   Iteration     Total nfev        Cost      Cost reduction    Step norm     Optimality   
       0              1          4.730e-07                                    3.524e-04   
       1              2          1.102e-07      3.627e-07      1.252e-02      1.166e-04   
       2              4          4.578e-10      1.098e-07      2.468e-03      1.287e-05   
`gtol` condition satisfied. (gtol=1.00e-04)
         Current function value: 4.578e-10
         Total delta_x: 1.259e-02
         Iterations: 2
         Function evaluations: 4
         Jacobian evaluations: 3
Timer: Solution time = 3.87 min
Timer: Avg time per step = 1.29 min
==============================================================================================================
                                                                 Start  -->   End
Total (sum of squares):                                      4.730e-07  -->   4.578e-10, 
Maximum absolute Force error:                                3.576e+04  -->   1.413e+03 (N)
Minimum absolute Force error:                                2.513e-02  -->   2.871e-04 (N)
Average absolute Force error:                                6.423e+02  -->   1.758e+01 (N)
Maximum absolute Force error:                                5.766e-04  -->   2.278e-05 (normalized)
Minimum absolute Force error:                                4.052e-10  -->   4.629e-12 (normalized)
Average absolute Force error:                                1.036e-05  -->   2.834e-07 (normalized)
R boundary error:                                            0.000e+00  -->   0.000e+00 (m)
Z boundary error:                                            0.000e+00  -->   0.000e+00 (m)
Fixed Psi error:                                             0.000e+00  -->   0.000e+00 (Wb)
Fixed pressure profile error:                                0.000e+00  -->   0.000e+00 (Pa)
Fixed iota profile error:                                    0.000e+00  -->   0.000e+00 (dimensionless)
Fixed sheet current error:                                   0.000e+00  -->   0.000e+00 (~)
==============================================================================================================

Timer: Iteration 7 total = 6.17 min
================
Step 8
================
Spectral indexing: ansi
Spectral resolution (L,M,N)=(14,14,10)
Node resolution (L,M,N)=(28,28,20)
Boundary ratio = 0.75
Pressure ratio = 1
Perturbation Order = 2
Objective: force
Optimizer: lsq-exact
================
Perturbing equilibrium
Building objective: force
Precomputing transforms
Timer: Precomputing transforms = 136 ms
Timer: Objective build = 160 ms
Building objective: lcfs R
Building objective: lcfs Z
Building objective: fixed Psi
Building objective: fixed pressure
Building objective: fixed iota
Building objective: fixed sheet current
Building objective: self_consistency R
Building objective: self_consistency Z
Building objective: lambda gauge
Building objective: axis R self consistency
Building objective: axis Z self consistency
Timer: Objective build = 143 ms
Perturbing Rb_lmn, Zb_lmn
Factorizing linear constraints
Timer: linear constraint factorize = 6.11 sec
Computing df
Timer: df computation = 119 ms
Factoring df
Timer: df/dx factorization = 129 us
Computing d^2f
Timer: d^2f computation = 2.06 sec
Timer: Objective build = 2.16 ms
||dx||/||x|| =  6.434e-03
Timer: Total perturbation = 2.12 min
Building objective: self_consistency R
Building objective: self_consistency Z
Building objective: lambda gauge
Building objective: axis R self consistency
Building objective: axis Z self consistency
Timer: Objective build = 54.4 ms
Timer: LinearConstraintProjection build = 4.40 sec
Number of parameters: 3167
Number of objectives: 18450
Timer: Initializing the optimization = 7.12 sec

Starting optimization
Using method: lsq-exact
   Iteration     Total nfev        Cost      Cost reduction    Step norm     Optimality   
       0              1          2.856e-05                                    4.140e-03   
       1              2          1.568e-06      2.699e-05      2.837e-02      4.748e-04   
       2              3          1.119e-07      1.456e-06      8.845e-03      1.815e-04   
       3              5          2.267e-09      1.096e-07      3.365e-03      2.894e-05   
`gtol` condition satisfied. (gtol=1.00e-04)
         Current function value: 2.267e-09
         Total delta_x: 2.946e-02
         Iterations: 3
         Function evaluations: 5
         Jacobian evaluations: 4
Timer: Solution time = 4.53 min
Timer: Avg time per step = 1.13 min
==============================================================================================================
                                                                 Start  -->   End
Total (sum of squares):                                      2.856e-05  -->   2.267e-09, 
Maximum absolute Force error:                                2.100e+05  -->   4.207e+03 (N)
Minimum absolute Force error:                                6.514e-02  -->   8.101e-04 (N)
Average absolute Force error:                                4.339e+03  -->   3.710e+01 (N)
Maximum absolute Force error:                                3.386e-03  -->   6.783e-05 (normalized)
Minimum absolute Force error:                                1.050e-09  -->   1.306e-11 (normalized)
Average absolute Force error:                                6.996e-05  -->   5.982e-07 (normalized)
R boundary error:                                            0.000e+00  -->   0.000e+00 (m)
Z boundary error:                                            0.000e+00  -->   0.000e+00 (m)
Fixed Psi error:                                             0.000e+00  -->   0.000e+00 (Wb)
Fixed pressure profile error:                                0.000e+00  -->   0.000e+00 (Pa)
Fixed iota profile error:                                    0.000e+00  -->   0.000e+00 (dimensionless)
Fixed sheet current error:                                   0.000e+00  -->   0.000e+00 (~)
==============================================================================================================

Timer: Iteration 8 total = 6.79 min
================
Step 9
================
Spectral indexing: ansi
Spectral resolution (L,M,N)=(14,14,10)
Node resolution (L,M,N)=(28,28,20)
Boundary ratio = 1.0
Pressure ratio = 1
Perturbation Order = 2
Objective: force
Optimizer: lsq-exact
================
Perturbing equilibrium
Building objective: force
Precomputing transforms
Timer: Precomputing transforms = 126 ms
Timer: Objective build = 146 ms
Building objective: lcfs R
Building objective: lcfs Z
Building objective: fixed Psi
Building objective: fixed pressure
Building objective: fixed iota
Building objective: fixed sheet current
Building objective: self_consistency R
Building objective: self_consistency Z
Building objective: lambda gauge
Building objective: axis R self consistency
Building objective: axis Z self consistency
Timer: Objective build = 133 ms
Perturbing Rb_lmn, Zb_lmn
Factorizing linear constraints
Timer: linear constraint factorize = 6.54 sec
Computing df
Timer: df computation = 129 ms
Factoring df
Timer: df/dx factorization = 177 us
Computing d^2f
Timer: d^2f computation = 2.11 sec
Timer: Objective build = 2.14 ms
||dx||/||x|| =  4.914e-03
Timer: Total perturbation = 2.13 min
Building objective: self_consistency R
Building objective: self_consistency Z
Building objective: lambda gauge
Building objective: axis R self consistency
Building objective: axis Z self consistency
Timer: Objective build = 51.9 ms
Timer: LinearConstraintProjection build = 4.49 sec
Number of parameters: 3167
Number of objectives: 18450
Timer: Initializing the optimization = 7.84 sec

Starting optimization
Using method: lsq-exact
   Iteration     Total nfev        Cost      Cost reduction    Step norm     Optimality   
       0              1          6.638e-06                                    1.722e-03   
       1              2          7.577e-08      6.562e-06      1.439e-02      1.330e-04   
       2              4          2.831e-09      7.294e-08      5.237e-03      2.080e-05   
`gtol` condition satisfied. (gtol=1.00e-04)
         Current function value: 2.831e-09
         Total delta_x: 1.698e-02
         Iterations: 2
         Function evaluations: 4
         Jacobian evaluations: 3
Timer: Solution time = 3.85 min
Timer: Avg time per step = 1.28 min
==============================================================================================================
                                                                 Start  -->   End
Total (sum of squares):                                      6.638e-06  -->   2.831e-09, 
Maximum absolute Force error:                                1.040e+05  -->   2.870e+03 (N)
Minimum absolute Force error:                                4.052e-02  -->   8.030e-04 (N)
Average absolute Force error:                                2.215e+03  -->   4.798e+01 (N)
Maximum absolute Force error:                                1.678e-03  -->   4.627e-05 (normalized)
Minimum absolute Force error:                                6.534e-10  -->   1.295e-11 (normalized)
Average absolute Force error:                                3.571e-05  -->   7.737e-07 (normalized)
R boundary error:                                            0.000e+00  -->   0.000e+00 (m)
Z boundary error:                                            0.000e+00  -->   0.000e+00 (m)
Fixed Psi error:                                             0.000e+00  -->   0.000e+00 (Wb)
Fixed pressure profile error:                                0.000e+00  -->   0.000e+00 (Pa)
Fixed iota profile error:                                    0.000e+00  -->   0.000e+00 (dimensionless)
Fixed sheet current error:                                   0.000e+00  -->   0.000e+00 (~)
==============================================================================================================

Timer: Iteration 9 total = 6.13 min
====================
Done
Timer: Total time = 24.5 min
====================


# Python warnings captured during continuation
DeprecationWarning: linear_util.wrap_init is missing a DebugInfo object. This behavior is deprecated, use api_util.debug_info() to construct a proper DebugInfo object and propagate it to this function. See https://github.com/jax-ml/jax/issues/26480 for more details.
DeprecationWarning: linear_util.wrap_init is missing a DebugInfo object. This behavior is deprecated, use api_util.debug_info() to construct a proper DebugInfo object and propagate it to this function. See https://github.com/jax-ml/jax/issues/26480 for more details.
DeprecationWarning: linear_util.wrap_init is missing a DebugInfo object. This behavior is deprecated, use api_util.debug_info() to construct a proper DebugInfo object and propagate it to this function. See https://github.com/jax-ml/jax/issues/26480 for more details.
DeprecationWarning: linear_util.wrap_init is missing a DebugInfo object. This behavior is deprecated, use api_util.debug_info() to construct a proper DebugInfo object and propagate it to this function. See https://github.com/jax-ml/jax/issues/26480 for more details.
DeprecationWarning: linear_util.wrap_init is missing a DebugInfo object. This behavior is deprecated, use api_util.debug_info() to construct a proper DebugInfo object and propagate it to this function. See https://github.com/jax-ml/jax/issues/26480 for more details.
DeprecationWarning: linear_util.wrap_init is missing a DebugInfo object. This behavior is deprecated, use api_util.debug_info() to construct a proper DebugInfo object and propagate it to this function. See https://github.com/jax-ml/jax/issues/26480 for more details.
DeprecationWarning: linear_util.wrap_init is missing a DebugInfo object. This behavior is deprecated, use api_util.debug_info() to construct a proper DebugInfo object and propagate it to this function. See https://github.com/jax-ml/jax/issues/26480 for more details.
DeprecationWarning: linear_util.wrap_init is missing a DebugInfo object. This behavior is deprecated, use api_util.debug_info() to construct a proper DebugInfo object and propagate it to this function. See https://github.com/jax-ml/jax/issues/26480 for more details.
DeprecationWarning: linear_util.wrap_init is missing a DebugInfo object. This behavior is deprecated, use api_util.debug_info() to construct a proper DebugInfo object and propagate it to this function. See https://github.com/jax-ml/jax/issues/26480 for more details.
DeprecationWarning: linear_util.wrap_init is missing a DebugInfo object. This behavior is deprecated, use api_util.debug_info() to construct a proper DebugInfo object and propagate it to this function. See https://github.com/jax-ml/jax/issues/26480 for more details.
DeprecationWarning: linear_util.wrap_init is missing a DebugInfo object. This behavior is deprecated, use api_util.debug_info() to construct a proper DebugInfo object and propagate it to this function. See https://github.com/jax-ml/jax/issues/26480 for more details.
DeprecationWarning: linear_util.wrap_init is missing a DebugInfo object. This behavior is deprecated, use api_util.debug_info() to construct a proper DebugInfo object and propagate it to this function. See https://github.com/jax-ml/jax/issues/26480 for more details.
DeprecationWarning: linear_util.wrap_init is missing a DebugInfo object. This behavior is deprecated, use api_util.debug_info() to construct a proper DebugInfo object and propagate it to this function. See https://github.com/jax-ml/jax/issues/26480 for more details.
DeprecationWarning: linear_util.wrap_init is missing a DebugInfo object. This behavior is deprecated, use api_util.debug_info() to construct a proper DebugInfo object and propagate it to this function. See https://github.com/jax-ml/jax/issues/26480 for more details.
DeprecationWarning: linear_util.wrap_init is missing a DebugInfo object. This behavior is deprecated, use api_util.debug_info() to construct a proper DebugInfo object and propagate it to this function. See https://github.com/jax-ml/jax/issues/26480 for more details.
DeprecationWarning: linear_util.wrap_init is missing a DebugInfo object. This behavior is deprecated, use api_util.debug_info() to construct a proper DebugInfo object and propagate it to this function. See https://github.com/jax-ml/jax/issues/26480 for more details.
DeprecationWarning: linear_util.wrap_init is missing a DebugInfo object. This behavior is deprecated, use api_util.debug_info() to construct a proper DebugInfo object and propagate it to this function. See https://github.com/jax-ml/jax/issues/26480 for more details.
DeprecationWarning: linear_util.wrap_init is missing a DebugInfo object. This behavior is deprecated, use api_util.debug_info() to construct a proper DebugInfo object and propagate it to this function. See https://github.com/jax-ml/jax/issues/26480 for more details.
DeprecationWarning: linear_util.wrap_init is missing a DebugInfo object. This behavior is deprecated, use api_util.debug_info() to construct a proper DebugInfo object and propagate it to this function. See https://github.com/jax-ml/jax/issues/26480 for more details.
DeprecationWarning: linear_util.wrap_init is missing a DebugInfo object. This behavior is deprecated, use api_util.debug_info() to construct a proper DebugInfo object and propagate it to this function. See https://github.com/jax-ml/jax/issues/26480 for more details.
DeprecationWarning: linear_util.wrap_init is missing a DebugInfo object. This behavior is deprecated, use api_util.debug_info() to construct a proper DebugInfo object and propagate it to this function. See https://github.com/jax-ml/jax/issues/26480 for more details.
DeprecationWarning: linear_util.wrap_init is missing a DebugInfo object. This behavior is deprecated, use api_util.debug_info() to construct a proper DebugInfo object and propagate it to this function. See https://github.com/jax-ml/jax/issues/26480 for more details.
DeprecationWarning: linear_util.wrap_init is missing a DebugInfo object. This behavior is deprecated, use api_util.debug_info() to construct a proper DebugInfo object and propagate it to this function. See https://github.com/jax-ml/jax/issues/26480 for more details.
DeprecationWarning: linear_util.wrap_init is missing a DebugInfo object. This behavior is deprecated, use api_util.debug_info() to construct a proper DebugInfo object and propagate it to this function. See https://github.com/jax-ml/jax/issues/26480 for more details.
DeprecationWarning: linear_util.wrap_init is missing a DebugInfo object. This behavior is deprecated, use api_util.debug_info() to construct a proper DebugInfo object and propagate it to this function. See https://github.com/jax-ml/jax/issues/26480 for more details.
DeprecationWarning: linear_util.wrap_init is missing a DebugInfo object. This behavior is deprecated, use api_util.debug_info() to construct a proper DebugInfo object and propagate it to this function. See https://github.com/jax-ml/jax/issues/26480 for more details.
DeprecationWarning: linear_util.wrap_init is missing a DebugInfo object. This behavior is deprecated, use api_util.debug_info() to construct a proper DebugInfo object and propagate it to this function. See https://github.com/jax-ml/jax/issues/26480 for more details.
DeprecationWarning: linear_util.wrap_init is missing a DebugInfo object. This behavior is deprecated, use api_util.debug_info() to construct a proper DebugInfo object and propagate it to this function. See https://github.com/jax-ml/jax/issues/26480 for more details.
DeprecationWarning: linear_util.wrap_init is missing a DebugInfo object. This behavior is deprecated, use api_util.debug_info() to construct a proper DebugInfo object and propagate it to this function. See https://github.com/jax-ml/jax/issues/26480 for more details.
DeprecationWarning: linear_util.wrap_init is missing a DebugInfo object. This behavior is deprecated, use api_util.debug_info() to construct a proper DebugInfo object and propagate it to this function. See https://github.com/jax-ml/jax/issues/26480 for more details.
DeprecationWarning: linear_util.wrap_init is missing a DebugInfo object. This behavior is deprecated, use api_util.debug_info() to construct a proper DebugInfo object and propagate it to this function. See https://github.com/jax-ml/jax/issues/26480 for more details.
DeprecationWarning: linear_util.wrap_init is missing a DebugInfo object. This behavior is deprecated, use api_util.debug_info() to construct a proper DebugInfo object and propagate it to this function. See https://github.com/jax-ml/jax/issues/26480 for more details.
DeprecationWarning: linear_util.wrap_init is missing a DebugInfo object. This behavior is deprecated, use api_util.debug_info() to construct a proper DebugInfo object and propagate it to this function. See https://github.com/jax-ml/jax/issues/26480 for more details.
DeprecationWarning: linear_util.wrap_init is missing a DebugInfo object. This behavior is deprecated, use api_util.debug_info() to construct a proper DebugInfo object and propagate it to this function. See https://github.com/jax-ml/jax/issues/26480 for more details.
DeprecationWarning: linear_util.wrap_init is missing a DebugInfo object. This behavior is deprecated, use api_util.debug_info() to construct a proper DebugInfo object and propagate it to this function. See https://github.com/jax-ml/jax/issues/26480 for more details.
DeprecationWarning: linear_util.wrap_init is missing a DebugInfo object. This behavior is deprecated, use api_util.debug_info() to construct a proper DebugInfo object and propagate it to this function. See https://github.com/jax-ml/jax/issues/26480 for more details.
DeprecationWarning: linear_util.wrap_init is missing a DebugInfo object. This behavior is deprecated, use api_util.debug_info() to construct a proper DebugInfo object and propagate it to this function. See https://github.com/jax-ml/jax/issues/26480 for more details.
DeprecationWarning: linear_util.wrap_init is missing a DebugInfo object. This behavior is deprecated, use api_util.debug_info() to construct a proper DebugInfo object and propagate it to this function. See https://github.com/jax-ml/jax/issues/26480 for more details.
DeprecationWarning: linear_util.wrap_init is missing a DebugInfo object. This behavior is deprecated, use api_util.debug_info() to construct a proper DebugInfo object and propagate it to this function. See https://github.com/jax-ml/jax/issues/26480 for more details.
DeprecationWarning: linear_util.wrap_init is missing a DebugInfo object. This behavior is deprecated, use api_util.debug_info() to construct a proper DebugInfo object and propagate it to this function. See https://github.com/jax-ml/jax/issues/26480 for more details.
DeprecationWarning: linear_util.wrap_init is missing a DebugInfo object. This behavior is deprecated, use api_util.debug_info() to construct a proper DebugInfo object and propagate it to this function. See https://github.com/jax-ml/jax/issues/26480 for more details.
DeprecationWarning: linear_util.wrap_init is missing a DebugInfo object. This behavior is deprecated, use api_util.debug_info() to construct a proper DebugInfo object and propagate it to this function. See https://github.com/jax-ml/jax/issues/26480 for more details.
DeprecationWarning: linear_util.wrap_init is missing a DebugInfo object. This behavior is deprecated, use api_util.debug_info() to construct a proper DebugInfo object and propagate it to this function. See https://github.com/jax-ml/jax/issues/26480 for more details.
DeprecationWarning: linear_util.wrap_init is missing a DebugInfo object. This behavior is deprecated, use api_util.debug_info() to construct a proper DebugInfo object and propagate it to this function. See https://github.com/jax-ml/jax/issues/26480 for more details.
DeprecationWarning: linear_util.wrap_init is missing a DebugInfo object. This behavior is deprecated, use api_util.debug_info() to construct a proper DebugInfo object and propagate it to this function. See https://github.com/jax-ml/jax/issues/26480 for more details.
DeprecationWarning: linear_util.wrap_init is missing a DebugInfo object. This behavior is deprecated, use api_util.debug_info() to construct a proper DebugInfo object and propagate it to this function. See https://github.com/jax-ml/jax/issues/26480 for more details.
DeprecationWarning: linear_util.wrap_init is missing a DebugInfo object. This behavior is deprecated, use api_util.debug_info() to construct a proper DebugInfo object and propagate it to this function. See https://github.com/jax-ml/jax/issues/26480 for more details.
DeprecationWarning: linear_util.wrap_init is missing a DebugInfo object. This behavior is deprecated, use api_util.debug_info() to construct a proper DebugInfo object and propagate it to this function. See https://github.com/jax-ml/jax/issues/26480 for more details.
DeprecationWarning: linear_util.wrap_init is missing a DebugInfo object. This behavior is deprecated, use api_util.debug_info() to construct a proper DebugInfo object and propagate it to this function. See https://github.com/jax-ml/jax/issues/26480 for more details.
