================
Step 1
================
Spectral indexing: ansi
Spectral resolution (L,M,N)=(6,6,0)
Node resolution (L,M,N)=(12,12,0)
Boundary ratio = 0
Pressure ratio = 0
Perturbation Order = 2
Objective: force
Optimizer: lsq-exact
================
Building objective: force
Precomputing transforms
[32mTimer: Precomputing transforms = 23.5 ms[0m
[32mTimer: Objective build = 27.8 ms[0m
Building objective: lcfs R
Building objective: lcfs Z
Building objective: fixed Psi
Building objective: fixed pressure
Building objective: fixed iota
Building objective: fixed sheet current
Building objective: self_consistency R
Building objective: self_consistency Z
Building objective: lambda gauge
Building objective: axis R self consistency
Building objective: axis Z self consistency
[32mTimer: Objective build = 43.5 ms[0m
[32mTimer: LinearConstraintProjection build = 17.1 ms[0m
Number of parameters: 27
Number of objectives: 98
[32mTimer: Initializing the optimization = 90.0 ms[0m

Starting optimization
Using method: lsq-exact
   Iteration     Total nfev        Cost      Cost reduction    Step norm     Optimality   
       0              1          4.082e-03                                    8.479e-02   
       1              2          3.104e-05      4.051e-03      1.286e-01      5.221e-03   
       2              3          4.701e-06      2.634e-05      6.898e-02      2.405e-03   
       3              4          4.444e-08      4.656e-06      1.501e-02      1.316e-04   
       4              5          1.346e-10      4.431e-08      6.699e-03      6.678e-06   
       5              6          9.255e-12      1.254e-10      2.041e-03      1.466e-06   
       6              8          5.234e-12      4.022e-12      5.486e-04      7.724e-07   
       7             10          4.021e-12      1.213e-12      2.847e-04      1.751e-07   
       8             12          3.883e-12      1.374e-13      1.442e-04      4.182e-08   
       9             13          3.802e-12      8.162e-14      2.905e-04      1.715e-07   
      10             14          3.698e-12      1.037e-13      2.987e-04      1.579e-07   
      11             15          3.625e-12      7.328e-14      3.051e-04      1.472e-07   
      12             16          3.581e-12      4.392e-14      3.084e-04      1.393e-07   
      13             17          3.565e-12      1.568e-14      3.089e-04      1.341e-07   
Optimization terminated successfully.
`ftol` condition satisfied. (ftol=1.00e-02)
         Current function value: 3.565e-12
         Total delta_x: 1.807e-01
         Iterations: 13
         Function evaluations: 17
         Jacobian evaluations: 14
[32mTimer: Solution time = 93.9 ms[0m
[32mTimer: Avg time per step = 6.71 ms[0m
==============================================================================================================
                                                                 Start  -->   End
Total (sum of squares):                                      4.082e-03  -->   3.565e-12, 
Maximum absolute Force error:                                2.596e+05  -->   2.710e+01 (N)
Minimum absolute Force error:                                5.648e+02  -->   6.424e-03 (N)
Average absolute Force error:                                8.678e+04  -->   2.315e+00 (N)
Maximum absolute Force error:                                4.186e-03  -->   4.370e-07 (normalized)
Minimum absolute Force error:                                9.106e-06  -->   1.036e-10 (normalized)
Average absolute Force error:                                1.399e-03  -->   3.733e-08 (normalized)
R boundary error:                                            0.000e+00  -->   3.469e-18 (m)
Z boundary error:                                            0.000e+00  -->   5.554e-17 (m)
Fixed Psi error:                                             0.000e+00  -->   0.000e+00 (Wb)
Fixed pressure profile error:                                0.000e+00  -->   0.000e+00 (Pa)
Fixed iota profile error:                                    0.000e+00  -->   0.000e+00 (dimensionless)
Fixed sheet current error:                                   0.000e+00  -->   0.000e+00 (~)
==============================================================================================================

[32mTimer: Iteration 1 total = 235 ms[0m
================
Step 2
================
Spectral indexing: ansi
Spectral resolution (L,M,N)=(6,6,0)
Node resolution (L,M,N)=(12,12,0)
Boundary ratio = 0
Pressure ratio = 0.5
Perturbation Order = 2
Objective: force
Optimizer: lsq-exact
================
Perturbing equilibrium
Building objective: force
Precomputing transforms
[32mTimer: Precomputing transforms = 24.1 ms[0m
[32mTimer: Objective build = 27.7 ms[0m
Building objective: lcfs R
Building objective: lcfs Z
Building objective: fixed Psi
Building objective: fixed pressure
Building objective: fixed iota
Building objective: fixed sheet current
Building objective: self_consistency R
Building objective: self_consistency Z
Building objective: lambda gauge
Building objective: axis R self consistency
Building objective: axis Z self consistency
[32mTimer: Objective build = 43.7 ms[0m
Perturbing p_l
Factorizing linear constraints
[32mTimer: linear constraint factorize = 13.6 ms[0m
Computing df
[32mTimer: df computation = 1.41 ms[0m
Factoring df
[32mTimer: df/dx factorization = 69.7 us[0m
Computing d^2f
[32mTimer: d^2f computation = 412 us[0m
[32mTimer: Objective build = 854 us[0m
||dx||/||x|| =  2.116e-02
[32mTimer: Total perturbation = 92.4 ms[0m
Building objective: self_consistency R
Building objective: self_consistency Z
Building objective: lambda gauge
Building objective: axis R self consistency
Building objective: axis Z self consistency
[32mTimer: Objective build = 3.97 ms[0m
[32mTimer: LinearConstraintProjection build = 14.3 ms[0m
Number of parameters: 27
Number of objectives: 98
[32mTimer: Initializing the optimization = 19.9 ms[0m

Starting optimization
Using method: lsq-exact
   Iteration     Total nfev        Cost      Cost reduction    Step norm     Optimality   
       0              1          3.186e-07                                    4.390e-04   
       1              2          1.332e-08      3.053e-07      2.706e-02      8.372e-05   
       2              3          4.007e-10      1.291e-08      1.219e-03      3.466e-06   
       3              4          3.358e-10      6.482e-11      9.164e-03      9.351e-06   
       4              5          2.365e-10      9.933e-11      6.077e-03      7.743e-06   
       5              6          1.481e-10      8.840e-11      2.966e-04      1.264e-07   
       6              8          1.477e-10      4.637e-13      1.919e-04      1.475e-07   
Optimization terminated successfully.
`ftol` condition satisfied. (ftol=1.00e-02)
         Current function value: 1.477e-10
         Total delta_x: 1.357e-02
         Iterations: 6
         Function evaluations: 8
         Jacobian evaluations: 7
[32mTimer: Solution time = 49.3 ms[0m
[32mTimer: Avg time per step = 7.04 ms[0m
==============================================================================================================
                                                                 Start  -->   End
Total (sum of squares):                                      3.186e-07  -->   1.477e-10, 
Maximum absolute Force error:                                5.407e+03  -->   1.651e+02 (N)
Minimum absolute Force error:                                1.868e+01  -->   6.512e-01 (N)
Average absolute Force error:                                6.815e+02  -->   1.540e+01 (N)
Maximum absolute Force error:                                8.718e-05  -->   2.662e-06 (normalized)
Minimum absolute Force error:                                3.012e-07  -->   1.050e-08 (normalized)
Average absolute Force error:                                1.099e-05  -->   2.484e-07 (normalized)
R boundary error:                                            0.000e+00  -->   0.000e+00 (m)
Z boundary error:                                            0.000e+00  -->   0.000e+00 (m)
Fixed Psi error:                                             0.000e+00  -->   0.000e+00 (Wb)
Fixed pressure profile error:                                0.000e+00  -->   0.000e+00 (Pa)
Fixed iota profile error:                                    0.000e+00  -->   0.000e+00 (dimensionless)
Fixed sheet current error:                                   0.000e+00  -->   0.000e+00 (~)
==============================================================================================================

[32mTimer: Iteration 2 total = 286 ms[0m
================
Step 3
================
Spectral indexing: ansi
Spectral resolution (L,M,N)=(6,6,0)
Node resolution (L,M,N)=(12,12,0)
Boundary ratio = 0
Pressure ratio = 1.0
Perturbation Order = 2
Objective: force
Optimizer: lsq-exact
================
Perturbing equilibrium
Building objective: force
Precomputing transforms
[32mTimer: Precomputing transforms = 24.8 ms[0m
[32mTimer: Objective build = 28.7 ms[0m
Building objective: lcfs R
Building objective: lcfs Z
Building objective: fixed Psi
Building objective: fixed pressure
Building objective: fixed iota
Building objective: fixed sheet current
Building objective: self_consistency R
Building objective: self_consistency Z
Building objective: lambda gauge
Building objective: axis R self consistency
Building objective: axis Z self consistency
[32mTimer: Objective build = 46.6 ms[0m
Perturbing p_l
Factorizing linear constraints
[32mTimer: linear constraint factorize = 13.8 ms[0m
Computing df
[32mTimer: df computation = 939 us[0m
Factoring df
[32mTimer: df/dx factorization = 20.9 us[0m
Computing d^2f
[32mTimer: d^2f computation = 257 us[0m
[32mTimer: Objective build = 857 us[0m
||dx||/||x|| =  1.726e-02
[32mTimer: Total perturbation = 87.1 ms[0m
Building objective: self_consistency R
Building objective: self_consistency Z
Building objective: lambda gauge
Building objective: axis R self consistency
Building objective: axis Z self consistency
[32mTimer: Objective build = 3.81 ms[0m
[32mTimer: LinearConstraintProjection build = 13.8 ms[0m
Number of parameters: 27
Number of objectives: 98
[32mTimer: Initializing the optimization = 19.1 ms[0m

Starting optimization
Using method: lsq-exact
   Iteration     Total nfev        Cost      Cost reduction    Step norm     Optimality   
       0              1          1.369e-07                                    4.079e-04   
       1              3          1.632e-09      1.352e-07      4.259e-03      1.476e-05   
       2              5          1.189e-09      4.431e-10      1.520e-03      8.055e-07   
       3              7          1.182e-09      7.167e-12      8.545e-04      1.908e-07   
Optimization terminated successfully.
`ftol` condition satisfied. (ftol=1.00e-02)
         Current function value: 1.182e-09
         Total delta_x: 6.471e-03
         Iterations: 3
         Function evaluations: 7
         Jacobian evaluations: 4
[32mTimer: Solution time = 28.4 ms[0m
[32mTimer: Avg time per step = 7.11 ms[0m
==============================================================================================================
                                                                 Start  -->   End
Total (sum of squares):                                      1.369e-07  -->   1.182e-09, 
Maximum absolute Force error:                                4.294e+03  -->   3.720e+02 (N)
Minimum absolute Force error:                                1.841e+00  -->   1.011e-01 (N)
Average absolute Force error:                                4.296e+02  -->   4.322e+01 (N)
Maximum absolute Force error:                                6.924e-05  -->   5.999e-06 (normalized)
Minimum absolute Force error:                                2.968e-08  -->   1.629e-09 (normalized)
Average absolute Force error:                                6.926e-06  -->   6.968e-07 (normalized)
R boundary error:                                            0.000e+00  -->   0.000e+00 (m)
Z boundary error:                                            0.000e+00  -->   0.000e+00 (m)
Fixed Psi error:                                             0.000e+00  -->   0.000e+00 (Wb)
Fixed pressure profile error:                                0.000e+00  -->   0.000e+00 (Pa)
Fixed iota profile error:                                    0.000e+00  -->   0.000e+00 (dimensionless)
Fixed sheet current error:                                   0.000e+00  -->   0.000e+00 (~)
==============================================================================================================

[32mTimer: Iteration 3 total = 262 ms[0m
================
Step 4
================
Spectral indexing: ansi
Spectral resolution (L,M,N)=(6,6,3)
Node resolution (L,M,N)=(12,12,6)
Boundary ratio = 0.25
Pressure ratio = 1
Perturbation Order = 2
Objective: force
Optimizer: lsq-exact
================
Perturbing equilibrium
Building objective: force
Precomputing transforms
[32mTimer: Precomputing transforms = 40.7 ms[0m
[32mTimer: Objective build = 45.0 ms[0m
Building objective: lcfs R
Building objective: lcfs Z
Building objective: fixed Psi
Building objective: fixed pressure
Building objective: fixed iota
Building objective: fixed sheet current
Building objective: self_consistency R
Building objective: self_consistency Z
Building objective: lambda gauge
Building objective: axis R self consistency
Building objective: axis Z self consistency
[32mTimer: Objective build = 49.5 ms[0m
Perturbing Rb_lmn, Zb_lmn
Factorizing linear constraints
[32mTimer: linear constraint factorize = 19.3 ms[0m
Computing df
[32mTimer: df computation = 1.53 ms[0m
Factoring df
[32mTimer: df/dx factorization = 21.3 us[0m
Computing d^2f
[32mTimer: d^2f computation = 318 us[0m
[32mTimer: Objective build = 955 us[0m
||dx||/||x|| =  2.130e-03
[32mTimer: Total perturbation = 347 ms[0m
Building objective: self_consistency R
Building objective: self_consistency Z
Building objective: lambda gauge
Building objective: axis R self consistency
Building objective: axis Z self consistency
[32mTimer: Objective build = 5.51 ms[0m
[32mTimer: LinearConstraintProjection build = 22.2 ms[0m
Number of parameters: 201
Number of objectives: 1274
[32mTimer: Initializing the optimization = 29.7 ms[0m

Starting optimization
Using method: lsq-exact
   Iteration     Total nfev        Cost      Cost reduction    Step norm     Optimality   
       0              1          1.445e-08                                    7.108e-05   
       1              2          1.841e-09      1.261e-08      2.151e-03      1.545e-05   
       2              4          1.679e-09      1.618e-10      2.453e-03      1.977e-05   
       3              5          1.192e-09      4.872e-10      7.503e-04      1.550e-06   
       4              7          1.188e-09      3.910e-12      3.411e-04      1.552e-07   
Optimization terminated successfully.
`ftol` condition satisfied. (ftol=1.00e-02)
         Current function value: 1.188e-09
         Total delta_x: 1.612e-03
         Iterations: 4
         Function evaluations: 7
         Jacobian evaluations: 5
[32mTimer: Solution time = 307 ms[0m
[32mTimer: Avg time per step = 61.4 ms[0m
==============================================================================================================
                                                                 Start  -->   End
Total (sum of squares):                                      1.445e-08  -->   1.188e-09, 
Maximum absolute Force error:                                8.195e+02  -->   4.357e+02 (N)
Minimum absolute Force error:                                1.170e-01  -->   1.165e-03 (N)
Average absolute Force error:                                1.256e+02  -->   4.325e+01 (N)
Maximum absolute Force error:                                1.321e-05  -->   7.025e-06 (normalized)
Minimum absolute Force error:                                1.886e-09  -->   1.878e-11 (normalized)
Average absolute Force error:                                2.025e-06  -->   6.973e-07 (normalized)
R boundary error:                                            0.000e+00  -->   0.000e+00 (m)
Z boundary error:                                            0.000e+00  -->   0.000e+00 (m)
Fixed Psi error:                                             0.000e+00  -->   0.000e+00 (Wb)
Fixed pressure profile error:                                0.000e+00  -->   0.000e+00 (Pa)
Fixed iota profile error:                                    0.000e+00  -->   0.000e+00 (dimensionless)
Fixed sheet current error:                                   0.000e+00  -->   0.000e+00 (~)
==============================================================================================================

[32mTimer: Iteration 4 total = 877 ms[0m
================
Step 5
================
Spectral indexing: ansi
Spectral resolution (L,M,N)=(6,6,3)
Node resolution (L,M,N)=(12,12,6)
Boundary ratio = 0.5
Pressure ratio = 1
Perturbation Order = 2
Objective: force
Optimizer: lsq-exact
================
Perturbing equilibrium
Building objective: force
Precomputing transforms
[32mTimer: Precomputing transforms = 42.5 ms[0m
[32mTimer: Objective build = 47.1 ms[0m
Building objective: lcfs R
Building objective: lcfs Z
Building objective: fixed Psi
Building objective: fixed pressure
Building objective: fixed iota
Building objective: fixed sheet current
Building objective: self_consistency R
Building objective: self_consistency Z
Building objective: lambda gauge
Building objective: axis R self consistency
Building objective: axis Z self consistency
[32mTimer: Objective build = 53.7 ms[0m
Perturbing Rb_lmn, Zb_lmn
Factorizing linear constraints
[32mTimer: linear constraint factorize = 20.7 ms[0m
Computing df
[32mTimer: df computation = 1.10 ms[0m
Factoring df
[32mTimer: df/dx factorization = 20.6 us[0m
Computing d^2f
[32mTimer: d^2f computation = 254 us[0m
[32mTimer: Objective build = 955 us[0m
||dx||/||x|| =  2.209e-03
[32mTimer: Total perturbation = 166 ms[0m
Building objective: self_consistency R
Building objective: self_consistency Z
Building objective: lambda gauge
Building objective: axis R self consistency
Building objective: axis Z self consistency
[32mTimer: Objective build = 5.95 ms[0m
[32mTimer: LinearConstraintProjection build = 22.4 ms[0m
Number of parameters: 201
Number of objectives: 1274
[32mTimer: Initializing the optimization = 30.3 ms[0m

Starting optimization
Using method: lsq-exact
   Iteration     Total nfev        Cost      Cost reduction    Step norm     Optimality   
       0              1          1.480e-08                                    7.130e-05   
       1              2          1.784e-09      1.302e-08      3.730e-03      1.779e-05   
       2              3          1.329e-09      4.554e-10      1.858e-03      7.541e-06   
       3              5          1.241e-09      8.729e-11      9.697e-04      2.836e-06   
       4              6          1.237e-09      3.930e-12      8.034e-04      1.827e-06   
Optimization terminated successfully.
`ftol` condition satisfied. (ftol=1.00e-02)
         Current function value: 1.237e-09
         Total delta_x: 2.883e-03
         Iterations: 4
         Function evaluations: 6
         Jacobian evaluations: 5
[32mTimer: Solution time = 204 ms[0m
[32mTimer: Avg time per step = 40.8 ms[0m
==============================================================================================================
                                                                 Start  -->   End
Total (sum of squares):                                      1.480e-08  -->   1.237e-09, 
Maximum absolute Force error:                                8.776e+02  -->   4.771e+02 (N)
Minimum absolute Force error:                                2.800e-02  -->   1.484e-02 (N)
Average absolute Force error:                                1.254e+02  -->   4.401e+01 (N)
Maximum absolute Force error:                                1.415e-05  -->   7.693e-06 (normalized)
Minimum absolute Force error:                                4.514e-10  -->   2.393e-10 (normalized)
Average absolute Force error:                                2.022e-06  -->   7.096e-07 (normalized)
R boundary error:                                            0.000e+00  -->   0.000e+00 (m)
Z boundary error:                                            0.000e+00  -->   0.000e+00 (m)
Fixed Psi error:                                             0.000e+00  -->   0.000e+00 (Wb)
Fixed pressure profile error:                                0.000e+00  -->   0.000e+00 (Pa)
Fixed iota profile error:                                    0.000e+00  -->   0.000e+00 (dimensionless)
Fixed sheet current error:                                   0.000e+00  -->   0.000e+00 (~)
==============================================================================================================

[32mTimer: Iteration 5 total = 599 ms[0m
================
Step 6
================
Spectral indexing: ansi
Spectral resolution (L,M,N)=(6,6,3)
Node resolution (L,M,N)=(12,12,6)
Boundary ratio = 0.75
Pressure ratio = 1
Perturbation Order = 2
Objective: force
Optimizer: lsq-exact
================
Perturbing equilibrium
Building objective: force
Precomputing transforms
[32mTimer: Precomputing transforms = 41.9 ms[0m
[32mTimer: Objective build = 46.7 ms[0m
Building objective: lcfs R
Building objective: lcfs Z
Building objective: fixed Psi
Building objective: fixed pressure
Building objective: fixed iota
Building objective: fixed sheet current
Building objective: self_consistency R
Building objective: self_consistency Z
Building objective: lambda gauge
Building objective: axis R self consistency
Building objective: axis Z self consistency
[32mTimer: Objective build = 54.5 ms[0m
Perturbing Rb_lmn, Zb_lmn
Factorizing linear constraints
[32mTimer: linear constraint factorize = 20.3 ms[0m
Computing df
[32mTimer: df computation = 1.11 ms[0m
Factoring df
[32mTimer: df/dx factorization = 20.4 us[0m
Computing d^2f
[32mTimer: d^2f computation = 264 us[0m
[32mTimer: Objective build = 1.04 ms[0m
||dx||/||x|| =  2.075e-03
[32mTimer: Total perturbation = 174 ms[0m
Building objective: self_consistency R
Building objective: self_consistency Z
Building objective: lambda gauge
Building objective: axis R self consistency
Building objective: axis Z self consistency
[32mTimer: Objective build = 5.89 ms[0m
[32mTimer: LinearConstraintProjection build = 22.5 ms[0m
Number of parameters: 201
Number of objectives: 1274
[32mTimer: Initializing the optimization = 30.4 ms[0m

Starting optimization
Using method: lsq-exact
   Iteration     Total nfev        Cost      Cost reduction    Step norm     Optimality   
       0              1          1.431e-08                                    6.936e-05   
       1              2          2.251e-09      1.206e-08      2.288e-03      1.976e-05   
       2              4          1.530e-09      7.206e-10      2.138e-03      1.247e-05   
       3              5          1.445e-09      8.559e-11      1.668e-03      9.488e-06   
       4              7          1.312e-09      1.326e-10      5.415e-04      7.463e-07   
       5              9          1.308e-09      4.159e-12      2.613e-04      1.760e-07   
Optimization terminated successfully.
`ftol` condition satisfied. (ftol=1.00e-02)
         Current function value: 1.308e-09
         Total delta_x: 1.604e-03
         Iterations: 5
         Function evaluations: 9
         Jacobian evaluations: 6
[32mTimer: Solution time = 340 ms[0m
[32mTimer: Avg time per step = 56.7 ms[0m
==============================================================================================================
                                                                 Start  -->   End
Total (sum of squares):                                      1.431e-08  -->   1.308e-09, 
Maximum absolute Force error:                                8.783e+02  -->   5.078e+02 (N)
Minimum absolute Force error:                                5.749e-02  -->   1.332e-01 (N)
Average absolute Force error:                                1.249e+02  -->   4.499e+01 (N)
Maximum absolute Force error:                                1.416e-05  -->   8.188e-06 (normalized)
Minimum absolute Force error:                                9.269e-10  -->   2.148e-09 (normalized)
Average absolute Force error:                                2.014e-06  -->   7.255e-07 (normalized)
R boundary error:                                            0.000e+00  -->   0.000e+00 (m)
Z boundary error:                                            0.000e+00  -->   0.000e+00 (m)
Fixed Psi error:                                             0.000e+00  -->   0.000e+00 (Wb)
Fixed pressure profile error:                                0.000e+00  -->   0.000e+00 (Pa)
Fixed iota profile error:                                    0.000e+00  -->   0.000e+00 (dimensionless)
Fixed sheet current error:                                   0.000e+00  -->   0.000e+00 (~)
==============================================================================================================

[32mTimer: Iteration 6 total = 738 ms[0m
================
Step 7
================
Spectral indexing: ansi
Spectral resolution (L,M,N)=(6,6,3)
Node resolution (L,M,N)=(12,12,6)
Boundary ratio = 1.0
Pressure ratio = 1
Perturbation Order = 2
Objective: force
Optimizer: lsq-exact
================
Perturbing equilibrium
Building objective: force
Precomputing transforms
[32mTimer: Precomputing transforms = 47.1 ms[0m
[32mTimer: Objective build = 52.2 ms[0m
Building objective: lcfs R
Building objective: lcfs Z
Building objective: fixed Psi
Building objective: fixed pressure
Building objective: fixed iota
Building objective: fixed sheet current
Building objective: self_consistency R
Building objective: self_consistency Z
Building objective: lambda gauge
Building objective: axis R self consistency
Building objective: axis Z self consistency
[32mTimer: Objective build = 63.8 ms[0m
Perturbing Rb_lmn, Zb_lmn
Factorizing linear constraints
[32mTimer: linear constraint factorize = 28.2 ms[0m
Computing df
[32mTimer: df computation = 1.19 ms[0m
Factoring df
[32mTimer: df/dx factorization = 23.4 us[0m
Computing d^2f
[32mTimer: d^2f computation = 261 us[0m
[32mTimer: Objective build = 981 us[0m
||dx||/||x|| =  2.082e-03
[32mTimer: Total perturbation = 177 ms[0m
Building objective: self_consistency R
Building objective: self_consistency Z
Building objective: lambda gauge
Building objective: axis R self consistency
Building objective: axis Z self consistency
[32mTimer: Objective build = 6.05 ms[0m
[32mTimer: LinearConstraintProjection build = 25.8 ms[0m
Number of parameters: 201
Number of objectives: 1274
[32mTimer: Initializing the optimization = 33.7 ms[0m

Starting optimization
Using method: lsq-exact
   Iteration     Total nfev        Cost      Cost reduction    Step norm     Optimality   
       0              1          1.428e-08                                    6.863e-05   
       1              2          1.938e-09      1.234e-08      1.845e-03      1.359e-05   
       2              4          1.567e-09      3.705e-10      2.005e-03      1.013e-05   
       3              6          1.408e-09      1.591e-10      6.117e-04      7.265e-07   
       4              8          1.407e-09      1.080e-12      2.077e-04      4.698e-08   
Optimization terminated successfully.
`ftol` condition satisfied. (ftol=1.00e-02)
         Current function value: 1.407e-09
         Total delta_x: 1.395e-03
         Iterations: 4
         Function evaluations: 8
         Jacobian evaluations: 5
[32mTimer: Solution time = 275 ms[0m
[32mTimer: Avg time per step = 55.0 ms[0m
==============================================================================================================
                                                                 Start  -->   End
Total (sum of squares):                                      1.428e-08  -->   1.407e-09, 
Maximum absolute Force error:                                9.147e+02  -->   5.471e+02 (N)
Minimum absolute Force error:                                6.210e-02  -->   3.450e-02 (N)
Average absolute Force error:                                1.250e+02  -->   4.644e+01 (N)
Maximum absolute Force error:                                1.475e-05  -->   8.821e-06 (normalized)
Minimum absolute Force error:                                1.001e-09  -->   5.563e-10 (normalized)
Average absolute Force error:                                2.015e-06  -->   7.489e-07 (normalized)
R boundary error:                                            0.000e+00  -->   0.000e+00 (m)
Z boundary error:                                            0.000e+00  -->   0.000e+00 (m)
Fixed Psi error:                                             0.000e+00  -->   0.000e+00 (Wb)
Fixed pressure profile error:                                0.000e+00  -->   0.000e+00 (Pa)
Fixed iota profile error:                                    0.000e+00  -->   0.000e+00 (dimensionless)
Fixed sheet current error:                                   0.000e+00  -->   0.000e+00 (~)
==============================================================================================================

[32mTimer: Iteration 7 total = 693 ms[0m
====================
Done
[32mTimer: Total time = 3.80 sec[0m
====================


# Python warnings captured during continuation
RuntimeWarning: divide by zero encountered in matmul
RuntimeWarning: overflow encountered in matmul
RuntimeWarning: invalid value encountered in matmul
RuntimeWarning: divide by zero encountered in matmul
RuntimeWarning: overflow encountered in matmul
RuntimeWarning: invalid value encountered in matmul
RuntimeWarning: divide by zero encountered in matmul
RuntimeWarning: overflow encountered in matmul
RuntimeWarning: invalid value encountered in matmul
RuntimeWarning: divide by zero encountered in matmul
RuntimeWarning: overflow encountered in matmul
RuntimeWarning: invalid value encountered in matmul
RuntimeWarning: divide by zero encountered in matmul
RuntimeWarning: overflow encountered in matmul
RuntimeWarning: invalid value encountered in matmul
RuntimeWarning: divide by zero encountered in matmul
RuntimeWarning: overflow encountered in matmul
RuntimeWarning: invalid value encountered in matmul
RuntimeWarning: divide by zero encountered in matmul
RuntimeWarning: overflow encountered in matmul
RuntimeWarning: invalid value encountered in matmul
RuntimeWarning: divide by zero encountered in matmul
RuntimeWarning: overflow encountered in matmul
RuntimeWarning: invalid value encountered in matmul
RuntimeWarning: divide by zero encountered in matmul
RuntimeWarning: overflow encountered in matmul
RuntimeWarning: invalid value encountered in matmul
RuntimeWarning: divide by zero encountered in matmul
RuntimeWarning: overflow encountered in matmul
RuntimeWarning: invalid value encountered in matmul
RuntimeWarning: divide by zero encountered in matmul
RuntimeWarning: overflow encountered in matmul
RuntimeWarning: invalid value encountered in matmul
RuntimeWarning: divide by zero encountered in matmul
RuntimeWarning: overflow encountered in matmul
RuntimeWarning: invalid value encountered in matmul
RuntimeWarning: divide by zero encountered in matmul
RuntimeWarning: overflow encountered in matmul
RuntimeWarning: invalid value encountered in matmul
RuntimeWarning: divide by zero encountered in matmul
RuntimeWarning: overflow encountered in matmul
RuntimeWarning: invalid value encountered in matmul
RuntimeWarning: divide by zero encountered in matmul
RuntimeWarning: overflow encountered in matmul
RuntimeWarning: invalid value encountered in matmul
RuntimeWarning: divide by zero encountered in matmul
RuntimeWarning: overflow encountered in matmul
RuntimeWarning: invalid value encountered in matmul
RuntimeWarning: divide by zero encountered in matmul
RuntimeWarning: overflow encountered in matmul
RuntimeWarning: invalid value encountered in matmul
RuntimeWarning: divide by zero encountered in matmul
RuntimeWarning: overflow encountered in matmul
RuntimeWarning: invalid value encountered in matmul
RuntimeWarning: divide by zero encountered in matmul
RuntimeWarning: overflow encountered in matmul
RuntimeWarning: invalid value encountered in matmul
RuntimeWarning: divide by zero encountered in matmul
RuntimeWarning: overflow encountered in matmul
RuntimeWarning: invalid value encountered in matmul
RuntimeWarning: divide by zero encountered in matmul
RuntimeWarning: overflow encountered in matmul
RuntimeWarning: invalid value encountered in matmul
RuntimeWarning: divide by zero encountered in matmul
RuntimeWarning: overflow encountered in matmul
RuntimeWarning: invalid value encountered in matmul
RuntimeWarning: divide by zero encountered in matmul
RuntimeWarning: overflow encountered in matmul
RuntimeWarning: invalid value encountered in matmul
RuntimeWarning: divide by zero encountered in matmul
RuntimeWarning: overflow encountered in matmul
RuntimeWarning: invalid value encountered in matmul
