================
Step 1
================
Spectral indexing: ansi
Spectral resolution (L,M,N)=(6,6,0)
Node resolution (L,M,N)=(12,12,0)
Boundary ratio = 0
Pressure ratio = 0
Perturbation Order = 2
Objective: force
Optimizer: lsq-exact
================
Building objective: force
Precomputing transforms
Timer: Precomputing transforms = 1.34 sec
Timer: Objective build = 1.90 sec
Building objective: lcfs R
Building objective: lcfs Z
Building objective: fixed Psi
Building objective: fixed pressure
Building objective: fixed iota
Building objective: fixed sheet current
Building objective: self_consistency R
Building objective: self_consistency Z
Building objective: lambda gauge
Building objective: axis R self consistency
Building objective: axis Z self consistency
Timer: Objective build = 786 ms
Timer: LinearConstraintProjection build = 5.06 sec
Number of parameters: 27
Number of objectives: 98
Timer: Initializing the optimization = 7.80 sec

Starting optimization
Using method: lsq-exact
   Iteration     Total nfev        Cost      Cost reduction    Step norm     Optimality   
       0              1          1.792e-02                                    1.875e-01   
       1              2          1.192e-04      1.780e-02      1.898e-01      8.455e-03   
       2              3          5.776e-07      1.186e-04      6.724e-02      6.686e-04   
       3              4          3.291e-07      2.485e-07      5.328e-02      5.599e-04   
       4              5          8.484e-10      3.283e-07      2.273e-03      1.700e-05   
`gtol` condition satisfied. (gtol=1.00e-04)
         Current function value: 8.484e-10
         Total delta_x: 8.056e-02
         Iterations: 4
         Function evaluations: 5
         Jacobian evaluations: 5
Timer: Solution time = 6.15 sec
Timer: Avg time per step = 1.23 sec
==============================================================================================================
                                                                 Start  -->   End
Total (sum of squares):                                      1.792e-02  -->   8.484e-10, 
Maximum absolute Force error:                                5.858e+05  -->   4.283e+02 (N)
Minimum absolute Force error:                                9.909e+00  -->   6.848e-02 (N)
Average absolute Force error:                                1.789e+05  -->   3.040e+01 (N)
Maximum absolute Force error:                                9.446e-03  -->   6.905e-06 (normalized)
Minimum absolute Force error:                                1.598e-07  -->   1.104e-09 (normalized)
Average absolute Force error:                                2.885e-03  -->   4.902e-07 (normalized)
R boundary error:                                            0.000e+00  -->   3.469e-18 (m)
Z boundary error:                                            0.000e+00  -->   5.554e-17 (m)
Fixed Psi error:                                             0.000e+00  -->   0.000e+00 (Wb)
Fixed pressure profile error:                                0.000e+00  -->   0.000e+00 (Pa)
Fixed iota profile error:                                    0.000e+00  -->   0.000e+00 (dimensionless)
Fixed sheet current error:                                   0.000e+00  -->   0.000e+00 (~)
==============================================================================================================

Timer: Iteration 1 total = 16.1 sec
================
Step 2
================
Spectral indexing: ansi
Spectral resolution (L,M,N)=(12,12,0)
Node resolution (L,M,N)=(24,24,0)
Boundary ratio = 0
Pressure ratio = 0
Perturbation Order = 2
Objective: force
Optimizer: lsq-exact
================
Building objective: force
Precomputing transforms
Timer: Precomputing transforms = 1.60 sec
Timer: Objective build = 1.73 sec
Building objective: lcfs R
Building objective: lcfs Z
Building objective: fixed Psi
Building objective: fixed pressure
Building objective: fixed iota
Building objective: fixed sheet current
Building objective: self_consistency R
Building objective: self_consistency Z
Building objective: lambda gauge
Building objective: axis R self consistency
Building objective: axis Z self consistency
Timer: Objective build = 800 ms
Timer: LinearConstraintProjection build = 4.59 sec
Number of parameters: 108
Number of objectives: 338
Timer: Initializing the optimization = 7.17 sec

Starting optimization
Using method: lsq-exact
   Iteration     Total nfev        Cost      Cost reduction    Step norm     Optimality   
       0              1          8.486e-10                                    2.616e-05   
`gtol` condition satisfied. (gtol=1.00e-04)
         Current function value: 8.486e-10
         Total delta_x: 0.000e+00
         Iterations: 0
         Function evaluations: 1
         Jacobian evaluations: 1
Timer: Solution time = 3.77 sec
Timer: Avg time per step = 3.77 sec
==============================================================================================================
                                                                 Start  -->   End
Total (sum of squares):                                      8.486e-10  -->   8.486e-10, 
Maximum absolute Force error:                                5.847e+02  -->   5.847e+02 (N)
Minimum absolute Force error:                                2.786e-01  -->   2.786e-01 (N)
Average absolute Force error:                                3.056e+01  -->   3.056e+01 (N)
Maximum absolute Force error:                                9.428e-06  -->   9.428e-06 (normalized)
Minimum absolute Force error:                                4.493e-09  -->   4.493e-09 (normalized)
Average absolute Force error:                                4.928e-07  -->   4.928e-07 (normalized)
R boundary error:                                            0.000e+00  -->   0.000e+00 (m)
Z boundary error:                                            0.000e+00  -->   0.000e+00 (m)
Fixed Psi error:                                             0.000e+00  -->   0.000e+00 (Wb)
Fixed pressure profile error:                                0.000e+00  -->   0.000e+00 (Pa)
Fixed iota profile error:                                    0.000e+00  -->   0.000e+00 (dimensionless)
Fixed sheet current error:                                   0.000e+00  -->   0.000e+00 (~)
==============================================================================================================

Timer: Iteration 2 total = 16.0 sec
================
Step 3
================
Spectral indexing: ansi
Spectral resolution (L,M,N)=(14,14,0)
Node resolution (L,M,N)=(28,28,0)
Boundary ratio = 0
Pressure ratio = 0
Perturbation Order = 2
Objective: force
Optimizer: lsq-exact
================
Building objective: force
Precomputing transforms
Timer: Precomputing transforms = 1.57 sec
Timer: Objective build = 1.70 sec
Building objective: lcfs R
Building objective: lcfs Z
Building objective: fixed Psi
Building objective: fixed pressure
Building objective: fixed iota
Building objective: fixed sheet current
Building objective: self_consistency R
Building objective: self_consistency Z
Building objective: lambda gauge
Building objective: axis R self consistency
Building objective: axis Z self consistency
Timer: Objective build = 697 ms
Timer: LinearConstraintProjection build = 4.35 sec
Number of parameters: 147
Number of objectives: 450
Timer: Initializing the optimization = 6.80 sec

Starting optimization
Using method: lsq-exact
   Iteration     Total nfev        Cost      Cost reduction    Step norm     Optimality   
       0              1          8.498e-10                                    2.078e-05   
`gtol` condition satisfied. (gtol=1.00e-04)
         Current function value: 8.498e-10
         Total delta_x: 0.000e+00
         Iterations: 0
         Function evaluations: 1
         Jacobian evaluations: 1
Timer: Solution time = 4.27 sec
Timer: Avg time per step = 4.27 sec
==============================================================================================================
                                                                 Start  -->   End
Total (sum of squares):                                      8.498e-10  -->   8.498e-10, 
Maximum absolute Force error:                                6.067e+02  -->   6.067e+02 (N)
Minimum absolute Force error:                                1.293e-01  -->   1.293e-01 (N)
Average absolute Force error:                                3.050e+01  -->   3.050e+01 (N)
Maximum absolute Force error:                                9.782e-06  -->   9.782e-06 (normalized)
Minimum absolute Force error:                                2.084e-09  -->   2.084e-09 (normalized)
Average absolute Force error:                                4.918e-07  -->   4.918e-07 (normalized)
R boundary error:                                            0.000e+00  -->   0.000e+00 (m)
Z boundary error:                                            0.000e+00  -->   0.000e+00 (m)
Fixed Psi error:                                             0.000e+00  -->   0.000e+00 (Wb)
Fixed pressure profile error:                                0.000e+00  -->   0.000e+00 (Pa)
Fixed iota profile error:                                    0.000e+00  -->   0.000e+00 (dimensionless)
Fixed sheet current error:                                   0.000e+00  -->   0.000e+00 (~)
==============================================================================================================

Timer: Iteration 3 total = 16.4 sec
================
Step 4
================
Spectral indexing: ansi
Spectral resolution (L,M,N)=(14,14,0)
Node resolution (L,M,N)=(28,28,0)
Boundary ratio = 0
Pressure ratio = 0.5
Perturbation Order = 2
Objective: force
Optimizer: lsq-exact
================
Perturbing equilibrium
Building objective: force
Precomputing transforms
Timer: Precomputing transforms = 67.5 ms
Timer: Objective build = 76.0 ms
Building objective: lcfs R
Building objective: lcfs Z
Building objective: fixed Psi
Building objective: fixed pressure
Building objective: fixed iota
Building objective: fixed sheet current
Building objective: self_consistency R
Building objective: self_consistency Z
Building objective: lambda gauge
Building objective: axis R self consistency
Building objective: axis Z self consistency
Timer: Objective build = 95.0 ms
Perturbing p_l
Factorizing linear constraints
Timer: linear constraint factorize = 29.7 ms
Computing df
Timer: df computation = 3.81 sec
Factoring df
Timer: df/dx factorization = 53.1 ms
Computing d^2f
Timer: d^2f computation = 2.93 sec
Timer: Objective build = 2.01 ms
||dx||/||x|| =  4.301e-02
Timer: Total perturbation = 11.6 sec
Building objective: self_consistency R
Building objective: self_consistency Z
Building objective: lambda gauge
Building objective: axis R self consistency
Building objective: axis Z self consistency
Timer: Objective build = 10.9 ms
Timer: LinearConstraintProjection build = 32.4 ms
Number of parameters: 147
Number of objectives: 450
Timer: Initializing the optimization = 46.8 ms

Starting optimization
Using method: lsq-exact
   Iteration     Total nfev        Cost      Cost reduction    Step norm     Optimality   
       0              1          1.817e-02                                    2.961e-02   
       1              2          3.180e-03      1.499e-02      1.356e-01      2.667e-02   
       2              3          2.744e-04      2.905e-03      7.842e-02      7.780e-03   
       3              4          2.557e-04      1.876e-05      8.382e-02      7.263e-03   
       4              5          3.202e-06      2.525e-04      2.839e-02      1.460e-03   
       5              7          5.183e-07      2.684e-06      2.840e-02      3.916e-04   
       6              8          2.482e-07      2.702e-07      3.230e-02      2.033e-04   
       7              9          1.724e-07      7.578e-08      2.569e-02      2.505e-04   
       8             10          6.374e-08      1.087e-07      5.952e-03      1.398e-04   
       9             11          5.082e-08      1.292e-08      7.227e-03      1.602e-04   
      10             12          6.807e-10      5.014e-08      1.702e-03      1.383e-05   
`gtol` condition satisfied. (gtol=1.00e-04)
         Current function value: 6.807e-10
         Total delta_x: 1.506e-01
         Iterations: 10
         Function evaluations: 12
         Jacobian evaluations: 11
Timer: Solution time = 2.32 sec
Timer: Avg time per step = 211 ms
==============================================================================================================
                                                                 Start  -->   End
Total (sum of squares):                                      1.817e-02  -->   6.807e-10, 
Maximum absolute Force error:                                6.570e+06  -->   1.645e+03 (N)
Minimum absolute Force error:                                4.015e+01  -->   1.912e-03 (N)
Average absolute Force error:                                1.127e+05  -->   1.865e+01 (N)
Maximum absolute Force error:                                1.059e-01  -->   2.652e-05 (normalized)
Minimum absolute Force error:                                6.475e-07  -->   3.083e-11 (normalized)
Average absolute Force error:                                1.818e-03  -->   3.007e-07 (normalized)
R boundary error:                                            0.000e+00  -->   0.000e+00 (m)
Z boundary error:                                            0.000e+00  -->   0.000e+00 (m)
Fixed Psi error:                                             0.000e+00  -->   0.000e+00 (Wb)
Fixed pressure profile error:                                0.000e+00  -->   0.000e+00 (Pa)
Fixed iota profile error:                                    0.000e+00  -->   0.000e+00 (dimensionless)
Fixed sheet current error:                                   0.000e+00  -->   0.000e+00 (~)
==============================================================================================================

Timer: Iteration 4 total = 14.5 sec
================
Step 5
================
Spectral indexing: ansi
Spectral resolution (L,M,N)=(14,14,0)
Node resolution (L,M,N)=(28,28,0)
Boundary ratio = 0
Pressure ratio = 1.0
Perturbation Order = 2
Objective: force
Optimizer: lsq-exact
================
Perturbing equilibrium
Building objective: force
Precomputing transforms
Timer: Precomputing transforms = 60.9 ms
Timer: Objective build = 69.9 ms
Building objective: lcfs R
Building objective: lcfs Z
Building objective: fixed Psi
Building objective: fixed pressure
Building objective: fixed iota
Building objective: fixed sheet current
Building objective: self_consistency R
Building objective: self_consistency Z
Building objective: lambda gauge
Building objective: axis R self consistency
Building objective: axis Z self consistency
Timer: Objective build = 100 ms
Perturbing p_l
Factorizing linear constraints
Timer: linear constraint factorize = 944 ms
Computing df
Timer: df computation = 2.08 ms
Factoring df
Timer: df/dx factorization = 49.4 us
Computing d^2f
Timer: d^2f computation = 339 us
Timer: Objective build = 1.90 ms
||dx||/||x|| =  1.909e-02
Timer: Total perturbation = 1.90 sec
Building objective: self_consistency R
Building objective: self_consistency Z
Building objective: lambda gauge
Building objective: axis R self consistency
Building objective: axis Z self consistency
Timer: Objective build = 10.0 ms
Timer: LinearConstraintProjection build = 30.2 ms
Number of parameters: 147
Number of objectives: 450
Timer: Initializing the optimization = 43.5 ms

Starting optimization
Using method: lsq-exact
   Iteration     Total nfev        Cost      Cost reduction    Step norm     Optimality   
       0              1          1.452e-05                                    1.934e-03   
       1              2          2.832e-07      1.424e-05      1.890e-02      2.775e-04   
       2              3          3.039e-08      2.529e-07      1.478e-02      9.859e-05   
`gtol` condition satisfied. (gtol=1.00e-04)
         Current function value: 3.039e-08
         Total delta_x: 2.762e-02
         Iterations: 2
         Function evaluations: 3
         Jacobian evaluations: 3
Timer: Solution time = 89.1 ms
Timer: Avg time per step = 29.7 ms
==============================================================================================================
                                                                 Start  -->   End
Total (sum of squares):                                      1.452e-05  -->   3.039e-08, 
Maximum absolute Force error:                                5.175e+04  -->   6.450e+03 (N)
Minimum absolute Force error:                                1.327e+01  -->   2.840e-01 (N)
Average absolute Force error:                                4.046e+03  -->   1.689e+02 (N)
Maximum absolute Force error:                                8.345e-04  -->   1.040e-04 (normalized)
Minimum absolute Force error:                                2.140e-07  -->   4.579e-09 (normalized)
Average absolute Force error:                                6.524e-05  -->   2.723e-06 (normalized)
R boundary error:                                            0.000e+00  -->   0.000e+00 (m)
Z boundary error:                                            0.000e+00  -->   0.000e+00 (m)
Fixed Psi error:                                             0.000e+00  -->   0.000e+00 (Wb)
Fixed pressure profile error:                                0.000e+00  -->   0.000e+00 (Pa)
Fixed iota profile error:                                    0.000e+00  -->   0.000e+00 (dimensionless)
Fixed sheet current error:                                   0.000e+00  -->   0.000e+00 (~)
==============================================================================================================

Timer: Iteration 5 total = 2.39 sec
================
Step 6
================
Spectral indexing: ansi
Spectral resolution (L,M,N)=(14,14,10)
Node resolution (L,M,N)=(28,28,20)
Boundary ratio = 0.25
Pressure ratio = 1
Perturbation Order = 2
Objective: force
Optimizer: lsq-exact
================
Perturbing equilibrium
Building objective: force
Precomputing transforms
Timer: Precomputing transforms = 1.81 sec
Timer: Objective build = 1.92 sec
Building objective: lcfs R
Building objective: lcfs Z
Building objective: fixed Psi
Building objective: fixed pressure
Building objective: fixed iota
Building objective: fixed sheet current
Building objective: self_consistency R
Building objective: self_consistency Z
Building objective: lambda gauge
Building objective: axis R self consistency
Building objective: axis Z self consistency
Timer: Objective build = 1.16 sec
Perturbing Rb_lmn, Zb_lmn
Factorizing linear constraints
Timer: linear constraint factorize = 8.64 sec
Computing df
Timer: df computation = 9.82 sec
Factoring df
Timer: df/dx factorization = 72.5 ms
Computing d^2f
Timer: d^2f computation = 10.4 sec
Timer: Objective build = 2.11 ms
||dx||/||x|| =  2.934e-03
Timer: Total perturbation = 1.97 min
Building objective: self_consistency R
Building objective: self_consistency Z
Building objective: lambda gauge
Building objective: axis R self consistency
Building objective: axis Z self consistency
Timer: Objective build = 54.7 ms
Timer: LinearConstraintProjection build = 3.78 sec
Number of parameters: 3167
Number of objectives: 18450
Timer: Initializing the optimization = 6.10 sec

Starting optimization
Using method: lsq-exact
   Iteration     Total nfev        Cost      Cost reduction    Step norm     Optimality   
       0              1          5.250e-07                                    4.058e-04   
       1              2          1.339e-07      3.910e-07      1.389e-02      1.309e-04   
       2              3          1.788e-08      1.160e-07      7.289e-03      5.569e-05   
`gtol` condition satisfied. (gtol=1.00e-04)
         Current function value: 1.788e-08
         Total delta_x: 1.763e-02
         Iterations: 2
         Function evaluations: 3
         Jacobian evaluations: 3
Timer: Solution time = 1.67 min
Timer: Avg time per step = 33.4 sec
==============================================================================================================
                                                                 Start  -->   End
Total (sum of squares):                                      5.250e-07  -->   1.788e-08, 
Maximum absolute Force error:                                1.673e+04  -->   4.556e+03 (N)
Minimum absolute Force error:                                2.173e-02  -->   1.923e-03 (N)
Average absolute Force error:                                7.236e+02  -->   1.075e+02 (N)
Maximum absolute Force error:                                2.697e-04  -->   7.347e-05 (normalized)
Minimum absolute Force error:                                3.504e-10  -->   3.101e-11 (normalized)
Average absolute Force error:                                1.167e-05  -->   1.733e-06 (normalized)
R boundary error:                                            0.000e+00  -->   0.000e+00 (m)
Z boundary error:                                            0.000e+00  -->   0.000e+00 (m)
Fixed Psi error:                                             0.000e+00  -->   0.000e+00 (Wb)
Fixed pressure profile error:                                0.000e+00  -->   0.000e+00 (Pa)
Fixed iota profile error:                                    0.000e+00  -->   0.000e+00 (dimensionless)
Fixed sheet current error:                                   0.000e+00  -->   0.000e+00 (~)
==============================================================================================================

Timer: Iteration 6 total = 3.85 min
================
Step 7
================
Spectral indexing: ansi
Spectral resolution (L,M,N)=(14,14,10)
Node resolution (L,M,N)=(28,28,20)
Boundary ratio = 0.5
Pressure ratio = 1
Perturbation Order = 2
Objective: force
Optimizer: lsq-exact
================
Perturbing equilibrium
Building objective: force
Precomputing transforms
Timer: Precomputing transforms = 126 ms
Timer: Objective build = 148 ms
Building objective: lcfs R
Building objective: lcfs Z
Building objective: fixed Psi
Building objective: fixed pressure
Building objective: fixed iota
Building objective: fixed sheet current
Building objective: self_consistency R
Building objective: self_consistency Z
Building objective: lambda gauge
Building objective: axis R self consistency
Building objective: axis Z self consistency
Timer: Objective build = 148 ms
Perturbing Rb_lmn, Zb_lmn
Factorizing linear constraints
Timer: linear constraint factorize = 3.57 sec
Computing df
Timer: df computation = 96.3 ms
Factoring df
Timer: df/dx factorization = 72.8 us
Computing d^2f
Timer: d^2f computation = 1.86 sec
Timer: Objective build = 2.04 ms
||dx||/||x|| =  2.678e-03
Timer: Total perturbation = 1.68 min
Building objective: self_consistency R
Building objective: self_consistency Z
Building objective: lambda gauge
Building objective: axis R self consistency
Building objective: axis Z self consistency
Timer: Objective build = 52.2 ms
Timer: LinearConstraintProjection build = 3.59 sec
Number of parameters: 3167
Number of objectives: 18450
Timer: Initializing the optimization = 5.91 sec

Starting optimization
Using method: lsq-exact
   Iteration     Total nfev        Cost      Cost reduction    Step norm     Optimality   
       0              1          8.357e-07                                    4.022e-04   
       1              2          4.940e-08      7.863e-07      7.966e-03      7.712e-05   
`gtol` condition satisfied. (gtol=1.00e-04)
         Current function value: 4.940e-08
         Total delta_x: 7.966e-03
         Iterations: 1
         Function evaluations: 2
         Jacobian evaluations: 2
Timer: Solution time = 56.0 sec
Timer: Avg time per step = 28.0 sec
==============================================================================================================
                                                                 Start  -->   End
Total (sum of squares):                                      8.357e-07  -->   4.940e-08, 
Maximum absolute Force error:                                2.299e+04  -->   5.116e+03 (N)
Minimum absolute Force error:                                1.389e-02  -->   1.082e-03 (N)
Average absolute Force error:                                8.755e+02  -->   2.107e+02 (N)
Maximum absolute Force error:                                3.707e-04  -->   8.249e-05 (normalized)
Minimum absolute Force error:                                2.240e-10  -->   1.745e-11 (normalized)
Average absolute Force error:                                1.412e-05  -->   3.398e-06 (normalized)
R boundary error:                                            0.000e+00  -->   0.000e+00 (m)
Z boundary error:                                            0.000e+00  -->   0.000e+00 (m)
Fixed Psi error:                                             0.000e+00  -->   0.000e+00 (Wb)
Fixed pressure profile error:                                0.000e+00  -->   0.000e+00 (Pa)
Fixed iota profile error:                                    0.000e+00  -->   0.000e+00 (dimensionless)
Fixed sheet current error:                                   0.000e+00  -->   0.000e+00 (~)
==============================================================================================================

Timer: Iteration 7 total = 2.73 min
================
Step 8
================
Spectral indexing: ansi
Spectral resolution (L,M,N)=(14,14,10)
Node resolution (L,M,N)=(28,28,20)
Boundary ratio = 0.75
Pressure ratio = 1
Perturbation Order = 2
Objective: force
Optimizer: lsq-exact
================
Perturbing equilibrium
Building objective: force
Precomputing transforms
Timer: Precomputing transforms = 133 ms
Timer: Objective build = 157 ms
Building objective: lcfs R
Building objective: lcfs Z
Building objective: fixed Psi
Building objective: fixed pressure
Building objective: fixed iota
Building objective: fixed sheet current
Building objective: self_consistency R
Building objective: self_consistency Z
Building objective: lambda gauge
Building objective: axis R self consistency
Building objective: axis Z self consistency
Timer: Objective build = 147 ms
Perturbing Rb_lmn, Zb_lmn
Factorizing linear constraints
Timer: linear constraint factorize = 3.61 sec
Computing df
Timer: df computation = 105 ms
Factoring df
Timer: df/dx factorization = 71.7 us
Computing d^2f
Timer: d^2f computation = 1.81 sec
Timer: Objective build = 2.00 ms
||dx||/||x|| =  2.618e-03
Timer: Total perturbation = 1.68 min
Building objective: self_consistency R
Building objective: self_consistency Z
Building objective: lambda gauge
Building objective: axis R self consistency
Building objective: axis Z self consistency
Timer: Objective build = 51.8 ms
Timer: LinearConstraintProjection build = 3.61 sec
Number of parameters: 3167
Number of objectives: 18450
Timer: Initializing the optimization = 5.94 sec

Starting optimization
Using method: lsq-exact
   Iteration     Total nfev        Cost      Cost reduction    Step norm     Optimality   
       0              1          6.510e-07                                    4.102e-04   
       1              2          4.822e-08      6.028e-07      6.707e-03      8.715e-05   
`gtol` condition satisfied. (gtol=1.00e-04)
         Current function value: 4.822e-08
         Total delta_x: 6.707e-03
         Iterations: 1
         Function evaluations: 2
         Jacobian evaluations: 2
Timer: Solution time = 56.0 sec
Timer: Avg time per step = 28.0 sec
==============================================================================================================
                                                                 Start  -->   End
Total (sum of squares):                                      6.510e-07  -->   4.822e-08, 
Maximum absolute Force error:                                2.978e+04  -->   1.297e+04 (N)
Minimum absolute Force error:                                1.586e-02  -->   2.511e-03 (N)
Average absolute Force error:                                7.427e+02  -->   1.829e+02 (N)
Maximum absolute Force error:                                4.802e-04  -->   2.091e-04 (normalized)
Minimum absolute Force error:                                2.557e-10  -->   4.048e-11 (normalized)
Average absolute Force error:                                1.197e-05  -->   2.949e-06 (normalized)
R boundary error:                                            0.000e+00  -->   0.000e+00 (m)
Z boundary error:                                            0.000e+00  -->   0.000e+00 (m)
Fixed Psi error:                                             0.000e+00  -->   0.000e+00 (Wb)
Fixed pressure profile error:                                0.000e+00  -->   0.000e+00 (Pa)
Fixed iota profile error:                                    0.000e+00  -->   0.000e+00 (dimensionless)
Fixed sheet current error:                                   0.000e+00  -->   0.000e+00 (~)
==============================================================================================================

Timer: Iteration 8 total = 2.73 min
================
Step 9
================
Spectral indexing: ansi
Spectral resolution (L,M,N)=(14,14,10)
Node resolution (L,M,N)=(28,28,20)
Boundary ratio = 1.0
Pressure ratio = 1
Perturbation Order = 2
Objective: force
Optimizer: lsq-exact
================
Perturbing equilibrium
Building objective: force
Precomputing transforms
Timer: Precomputing transforms = 129 ms
Timer: Objective build = 152 ms
Building objective: lcfs R
Building objective: lcfs Z
Building objective: fixed Psi
Building objective: fixed pressure
Building objective: fixed iota
Building objective: fixed sheet current
Building objective: self_consistency R
Building objective: self_consistency Z
Building objective: lambda gauge
Building objective: axis R self consistency
Building objective: axis Z self consistency
Timer: Objective build = 144 ms
Perturbing Rb_lmn, Zb_lmn
Factorizing linear constraints
Timer: linear constraint factorize = 3.58 sec
Computing df
Timer: df computation = 95.0 ms
Factoring df
Timer: df/dx factorization = 69.0 us
Computing d^2f
Timer: d^2f computation = 1.84 sec
Timer: Objective build = 2.02 ms
||dx||/||x|| =  2.641e-03
Timer: Total perturbation = 1.68 min
Building objective: self_consistency R
Building objective: self_consistency Z
Building objective: lambda gauge
Building objective: axis R self consistency
Building objective: axis Z self consistency
Timer: Objective build = 53.2 ms
Timer: LinearConstraintProjection build = 3.56 sec
Number of parameters: 3167
Number of objectives: 18450
Timer: Initializing the optimization = 5.91 sec

Starting optimization
Using method: lsq-exact
   Iteration     Total nfev        Cost      Cost reduction    Step norm     Optimality   
       0              1          4.210e-07                                    2.589e-04   
       1              2          4.891e-08      3.721e-07      1.176e-02      9.931e-05   
`gtol` condition satisfied. (gtol=1.00e-04)
         Current function value: 4.891e-08
         Total delta_x: 1.176e-02
         Iterations: 1
         Function evaluations: 2
         Jacobian evaluations: 2
Timer: Solution time = 56.2 sec
Timer: Avg time per step = 28.1 sec
==============================================================================================================
                                                                 Start  -->   End
Total (sum of squares):                                      4.210e-07  -->   4.891e-08, 
Maximum absolute Force error:                                3.017e+04  -->   1.346e+04 (N)
Minimum absolute Force error:                                4.630e-03  -->   2.579e-03 (N)
Average absolute Force error:                                6.159e+02  -->   1.913e+02 (N)
Maximum absolute Force error:                                4.865e-04  -->   2.171e-04 (normalized)
Minimum absolute Force error:                                7.465e-11  -->   4.159e-11 (normalized)
Average absolute Force error:                                9.931e-06  -->   3.085e-06 (normalized)
R boundary error:                                            0.000e+00  -->   0.000e+00 (m)
Z boundary error:                                            0.000e+00  -->   0.000e+00 (m)
Fixed Psi error:                                             0.000e+00  -->   0.000e+00 (Wb)
Fixed pressure profile error:                                0.000e+00  -->   0.000e+00 (Pa)
Fixed iota profile error:                                    0.000e+00  -->   0.000e+00 (dimensionless)
Fixed sheet current error:                                   0.000e+00  -->   0.000e+00 (~)
==============================================================================================================

Timer: Iteration 9 total = 2.73 min
====================
Done
Timer: Total time = 13.2 min
====================


# Python warnings captured during continuation
DeprecationWarning: linear_util.wrap_init is missing a DebugInfo object. This behavior is deprecated, use api_util.debug_info() to construct a proper DebugInfo object and propagate it to this function. See https://github.com/jax-ml/jax/issues/26480 for more details.
DeprecationWarning: linear_util.wrap_init is missing a DebugInfo object. This behavior is deprecated, use api_util.debug_info() to construct a proper DebugInfo object and propagate it to this function. See https://github.com/jax-ml/jax/issues/26480 for more details.
DeprecationWarning: linear_util.wrap_init is missing a DebugInfo object. This behavior is deprecated, use api_util.debug_info() to construct a proper DebugInfo object and propagate it to this function. See https://github.com/jax-ml/jax/issues/26480 for more details.
DeprecationWarning: linear_util.wrap_init is missing a DebugInfo object. This behavior is deprecated, use api_util.debug_info() to construct a proper DebugInfo object and propagate it to this function. See https://github.com/jax-ml/jax/issues/26480 for more details.
DeprecationWarning: linear_util.wrap_init is missing a DebugInfo object. This behavior is deprecated, use api_util.debug_info() to construct a proper DebugInfo object and propagate it to this function. See https://github.com/jax-ml/jax/issues/26480 for more details.
DeprecationWarning: linear_util.wrap_init is missing a DebugInfo object. This behavior is deprecated, use api_util.debug_info() to construct a proper DebugInfo object and propagate it to this function. See https://github.com/jax-ml/jax/issues/26480 for more details.
DeprecationWarning: linear_util.wrap_init is missing a DebugInfo object. This behavior is deprecated, use api_util.debug_info() to construct a proper DebugInfo object and propagate it to this function. See https://github.com/jax-ml/jax/issues/26480 for more details.
DeprecationWarning: linear_util.wrap_init is missing a DebugInfo object. This behavior is deprecated, use api_util.debug_info() to construct a proper DebugInfo object and propagate it to this function. See https://github.com/jax-ml/jax/issues/26480 for more details.
DeprecationWarning: linear_util.wrap_init is missing a DebugInfo object. This behavior is deprecated, use api_util.debug_info() to construct a proper DebugInfo object and propagate it to this function. See https://github.com/jax-ml/jax/issues/26480 for more details.
DeprecationWarning: linear_util.wrap_init is missing a DebugInfo object. This behavior is deprecated, use api_util.debug_info() to construct a proper DebugInfo object and propagate it to this function. See https://github.com/jax-ml/jax/issues/26480 for more details.
DeprecationWarning: linear_util.wrap_init is missing a DebugInfo object. This behavior is deprecated, use api_util.debug_info() to construct a proper DebugInfo object and propagate it to this function. See https://github.com/jax-ml/jax/issues/26480 for more details.
DeprecationWarning: linear_util.wrap_init is missing a DebugInfo object. This behavior is deprecated, use api_util.debug_info() to construct a proper DebugInfo object and propagate it to this function. See https://github.com/jax-ml/jax/issues/26480 for more details.
DeprecationWarning: linear_util.wrap_init is missing a DebugInfo object. This behavior is deprecated, use api_util.debug_info() to construct a proper DebugInfo object and propagate it to this function. See https://github.com/jax-ml/jax/issues/26480 for more details.
DeprecationWarning: linear_util.wrap_init is missing a DebugInfo object. This behavior is deprecated, use api_util.debug_info() to construct a proper DebugInfo object and propagate it to this function. See https://github.com/jax-ml/jax/issues/26480 for more details.
DeprecationWarning: linear_util.wrap_init is missing a DebugInfo object. This behavior is deprecated, use api_util.debug_info() to construct a proper DebugInfo object and propagate it to this function. See https://github.com/jax-ml/jax/issues/26480 for more details.
DeprecationWarning: linear_util.wrap_init is missing a DebugInfo object. This behavior is deprecated, use api_util.debug_info() to construct a proper DebugInfo object and propagate it to this function. See https://github.com/jax-ml/jax/issues/26480 for more details.
DeprecationWarning: linear_util.wrap_init is missing a DebugInfo object. This behavior is deprecated, use api_util.debug_info() to construct a proper DebugInfo object and propagate it to this function. See https://github.com/jax-ml/jax/issues/26480 for more details.
DeprecationWarning: linear_util.wrap_init is missing a DebugInfo object. This behavior is deprecated, use api_util.debug_info() to construct a proper DebugInfo object and propagate it to this function. See https://github.com/jax-ml/jax/issues/26480 for more details.
DeprecationWarning: linear_util.wrap_init is missing a DebugInfo object. This behavior is deprecated, use api_util.debug_info() to construct a proper DebugInfo object and propagate it to this function. See https://github.com/jax-ml/jax/issues/26480 for more details.
DeprecationWarning: linear_util.wrap_init is missing a DebugInfo object. This behavior is deprecated, use api_util.debug_info() to construct a proper DebugInfo object and propagate it to this function. See https://github.com/jax-ml/jax/issues/26480 for more details.
DeprecationWarning: linear_util.wrap_init is missing a DebugInfo object. This behavior is deprecated, use api_util.debug_info() to construct a proper DebugInfo object and propagate it to this function. See https://github.com/jax-ml/jax/issues/26480 for more details.
DeprecationWarning: linear_util.wrap_init is missing a DebugInfo object. This behavior is deprecated, use api_util.debug_info() to construct a proper DebugInfo object and propagate it to this function. See https://github.com/jax-ml/jax/issues/26480 for more details.
DeprecationWarning: linear_util.wrap_init is missing a DebugInfo object. This behavior is deprecated, use api_util.debug_info() to construct a proper DebugInfo object and propagate it to this function. See https://github.com/jax-ml/jax/issues/26480 for more details.
DeprecationWarning: linear_util.wrap_init is missing a DebugInfo object. This behavior is deprecated, use api_util.debug_info() to construct a proper DebugInfo object and propagate it to this function. See https://github.com/jax-ml/jax/issues/26480 for more details.
DeprecationWarning: linear_util.wrap_init is missing a DebugInfo object. This behavior is deprecated, use api_util.debug_info() to construct a proper DebugInfo object and propagate it to this function. See https://github.com/jax-ml/jax/issues/26480 for more details.
DeprecationWarning: linear_util.wrap_init is missing a DebugInfo object. This behavior is deprecated, use api_util.debug_info() to construct a proper DebugInfo object and propagate it to this function. See https://github.com/jax-ml/jax/issues/26480 for more details.
DeprecationWarning: linear_util.wrap_init is missing a DebugInfo object. This behavior is deprecated, use api_util.debug_info() to construct a proper DebugInfo object and propagate it to this function. See https://github.com/jax-ml/jax/issues/26480 for more details.
DeprecationWarning: linear_util.wrap_init is missing a DebugInfo object. This behavior is deprecated, use api_util.debug_info() to construct a proper DebugInfo object and propagate it to this function. See https://github.com/jax-ml/jax/issues/26480 for more details.
DeprecationWarning: linear_util.wrap_init is missing a DebugInfo object. This behavior is deprecated, use api_util.debug_info() to construct a proper DebugInfo object and propagate it to this function. See https://github.com/jax-ml/jax/issues/26480 for more details.
DeprecationWarning: linear_util.wrap_init is missing a DebugInfo object. This behavior is deprecated, use api_util.debug_info() to construct a proper DebugInfo object and propagate it to this function. See https://github.com/jax-ml/jax/issues/26480 for more details.
DeprecationWarning: linear_util.wrap_init is missing a DebugInfo object. This behavior is deprecated, use api_util.debug_info() to construct a proper DebugInfo object and propagate it to this function. See https://github.com/jax-ml/jax/issues/26480 for more details.
DeprecationWarning: linear_util.wrap_init is missing a DebugInfo object. This behavior is deprecated, use api_util.debug_info() to construct a proper DebugInfo object and propagate it to this function. See https://github.com/jax-ml/jax/issues/26480 for more details.
DeprecationWarning: linear_util.wrap_init is missing a DebugInfo object. This behavior is deprecated, use api_util.debug_info() to construct a proper DebugInfo object and propagate it to this function. See https://github.com/jax-ml/jax/issues/26480 for more details.
DeprecationWarning: linear_util.wrap_init is missing a DebugInfo object. This behavior is deprecated, use api_util.debug_info() to construct a proper DebugInfo object and propagate it to this function. See https://github.com/jax-ml/jax/issues/26480 for more details.
DeprecationWarning: linear_util.wrap_init is missing a DebugInfo object. This behavior is deprecated, use api_util.debug_info() to construct a proper DebugInfo object and propagate it to this function. See https://github.com/jax-ml/jax/issues/26480 for more details.
DeprecationWarning: linear_util.wrap_init is missing a DebugInfo object. This behavior is deprecated, use api_util.debug_info() to construct a proper DebugInfo object and propagate it to this function. See https://github.com/jax-ml/jax/issues/26480 for more details.
DeprecationWarning: linear_util.wrap_init is missing a DebugInfo object. This behavior is deprecated, use api_util.debug_info() to construct a proper DebugInfo object and propagate it to this function. See https://github.com/jax-ml/jax/issues/26480 for more details.
DeprecationWarning: linear_util.wrap_init is missing a DebugInfo object. This behavior is deprecated, use api_util.debug_info() to construct a proper DebugInfo object and propagate it to this function. See https://github.com/jax-ml/jax/issues/26480 for more details.
DeprecationWarning: linear_util.wrap_init is missing a DebugInfo object. This behavior is deprecated, use api_util.debug_info() to construct a proper DebugInfo object and propagate it to this function. See https://github.com/jax-ml/jax/issues/26480 for more details.
DeprecationWarning: linear_util.wrap_init is missing a DebugInfo object. This behavior is deprecated, use api_util.debug_info() to construct a proper DebugInfo object and propagate it to this function. See https://github.com/jax-ml/jax/issues/26480 for more details.
DeprecationWarning: linear_util.wrap_init is missing a DebugInfo object. This behavior is deprecated, use api_util.debug_info() to construct a proper DebugInfo object and propagate it to this function. See https://github.com/jax-ml/jax/issues/26480 for more details.
DeprecationWarning: linear_util.wrap_init is missing a DebugInfo object. This behavior is deprecated, use api_util.debug_info() to construct a proper DebugInfo object and propagate it to this function. See https://github.com/jax-ml/jax/issues/26480 for more details.
DeprecationWarning: linear_util.wrap_init is missing a DebugInfo object. This behavior is deprecated, use api_util.debug_info() to construct a proper DebugInfo object and propagate it to this function. See https://github.com/jax-ml/jax/issues/26480 for more details.
DeprecationWarning: linear_util.wrap_init is missing a DebugInfo object. This behavior is deprecated, use api_util.debug_info() to construct a proper DebugInfo object and propagate it to this function. See https://github.com/jax-ml/jax/issues/26480 for more details.
DeprecationWarning: linear_util.wrap_init is missing a DebugInfo object. This behavior is deprecated, use api_util.debug_info() to construct a proper DebugInfo object and propagate it to this function. See https://github.com/jax-ml/jax/issues/26480 for more details.
DeprecationWarning: linear_util.wrap_init is missing a DebugInfo object. This behavior is deprecated, use api_util.debug_info() to construct a proper DebugInfo object and propagate it to this function. See https://github.com/jax-ml/jax/issues/26480 for more details.
DeprecationWarning: linear_util.wrap_init is missing a DebugInfo object. This behavior is deprecated, use api_util.debug_info() to construct a proper DebugInfo object and propagate it to this function. See https://github.com/jax-ml/jax/issues/26480 for more details.
DeprecationWarning: linear_util.wrap_init is missing a DebugInfo object. This behavior is deprecated, use api_util.debug_info() to construct a proper DebugInfo object and propagate it to this function. See https://github.com/jax-ml/jax/issues/26480 for more details.
DeprecationWarning: linear_util.wrap_init is missing a DebugInfo object. This behavior is deprecated, use api_util.debug_info() to construct a proper DebugInfo object and propagate it to this function. See https://github.com/jax-ml/jax/issues/26480 for more details.
