================
Step 1
================
Spectral indexing: ansi
Spectral resolution (L,M,N)=(6,6,0)
Node resolution (L,M,N)=(12,12,0)
Boundary ratio = 0
Pressure ratio = 0
Perturbation Order = 2
Objective: force
Optimizer: lsq-exact
================
Building objective: force
Precomputing transforms
Timer: Precomputing transforms = 1.03 sec
Timer: Objective build = 1.46 sec
Building objective: lcfs R
Building objective: lcfs Z
Building objective: fixed Psi
Building objective: fixed pressure
Building objective: fixed iota
Building objective: fixed sheet current
Building objective: self_consistency R
Building objective: self_consistency Z
Building objective: lambda gauge
Building objective: axis R self consistency
Building objective: axis Z self consistency
Timer: Objective build = 613 ms
Timer: LinearConstraintProjection build = 3.68 sec
Number of parameters: 27
Number of objectives: 98
Timer: Initializing the optimization = 5.79 sec

Starting optimization
Using method: lsq-exact
   Iteration     Total nfev        Cost      Cost reduction    Step norm     Optimality   
       0              1          1.743e-02                                    1.847e-01   
       1              2          7.713e-05      1.735e-02      1.293e-01      8.709e-03   
       2              3          5.091e-08      7.708e-05      2.446e-02      1.917e-04   
       3              4          3.746e-08      1.345e-08      4.684e-02      1.597e-04   
       4              5          1.004e-09      3.646e-08      7.031e-03      1.890e-05   
`gtol` condition satisfied. (gtol=1.00e-04)
         Current function value: 1.004e-09
         Total delta_x: 1.991e-01
         Iterations: 4
         Function evaluations: 5
         Jacobian evaluations: 5
Timer: Solution time = 4.54 sec
Timer: Avg time per step = 909 ms
==============================================================================================================
                                                                 Start  -->   End
Total (sum of squares):                                      1.743e-02  -->   1.004e-09, 
Maximum absolute Force error:                                5.733e+05  -->   5.448e+02 (N)
Minimum absolute Force error:                                1.462e+02  -->   3.587e-01 (N)
Average absolute Force error:                                1.772e+05  -->   3.405e+01 (N)
Maximum absolute Force error:                                9.245e-03  -->   8.785e-06 (normalized)
Minimum absolute Force error:                                2.357e-06  -->   5.784e-09 (normalized)
Average absolute Force error:                                2.857e-03  -->   5.491e-07 (normalized)
R boundary error:                                            0.000e+00  -->   3.469e-18 (m)
Z boundary error:                                            0.000e+00  -->   5.554e-17 (m)
Fixed Psi error:                                             0.000e+00  -->   0.000e+00 (Wb)
Fixed pressure profile error:                                0.000e+00  -->   0.000e+00 (Pa)
Fixed iota profile error:                                    0.000e+00  -->   0.000e+00 (dimensionless)
Fixed sheet current error:                                   0.000e+00  -->   0.000e+00 (~)
==============================================================================================================

Timer: Iteration 1 total = 11.9 sec
================
Step 2
================
Spectral indexing: ansi
Spectral resolution (L,M,N)=(12,12,0)
Node resolution (L,M,N)=(24,24,0)
Boundary ratio = 0
Pressure ratio = 0
Perturbation Order = 2
Objective: force
Optimizer: lsq-exact
================
Building objective: force
Precomputing transforms
Timer: Precomputing transforms = 1.08 sec
Timer: Objective build = 1.17 sec
Building objective: lcfs R
Building objective: lcfs Z
Building objective: fixed Psi
Building objective: fixed pressure
Building objective: fixed iota
Building objective: fixed sheet current
Building objective: self_consistency R
Building objective: self_consistency Z
Building objective: lambda gauge
Building objective: axis R self consistency
Building objective: axis Z self consistency
Timer: Objective build = 508 ms
Timer: LinearConstraintProjection build = 3.49 sec
Number of parameters: 108
Number of objectives: 338
Timer: Initializing the optimization = 5.22 sec

Starting optimization
Using method: lsq-exact
   Iteration     Total nfev        Cost      Cost reduction    Step norm     Optimality   
       0              1          9.764e-10                                    2.745e-05   
`gtol` condition satisfied. (gtol=1.00e-04)
         Current function value: 9.764e-10
         Total delta_x: 0.000e+00
         Iterations: 0
         Function evaluations: 1
         Jacobian evaluations: 1
Timer: Solution time = 2.95 sec
Timer: Avg time per step = 2.95 sec
==============================================================================================================
                                                                 Start  -->   End
Total (sum of squares):                                      9.764e-10  -->   9.764e-10, 
Maximum absolute Force error:                                6.682e+02  -->   6.682e+02 (N)
Minimum absolute Force error:                                1.196e-01  -->   1.196e-01 (N)
Average absolute Force error:                                3.404e+01  -->   3.404e+01 (N)
Maximum absolute Force error:                                1.077e-05  -->   1.077e-05 (normalized)
Minimum absolute Force error:                                1.929e-09  -->   1.929e-09 (normalized)
Average absolute Force error:                                5.489e-07  -->   5.489e-07 (normalized)
R boundary error:                                            0.000e+00  -->   0.000e+00 (m)
Z boundary error:                                            0.000e+00  -->   0.000e+00 (m)
Fixed Psi error:                                             0.000e+00  -->   0.000e+00 (Wb)
Fixed pressure profile error:                                0.000e+00  -->   0.000e+00 (Pa)
Fixed iota profile error:                                    0.000e+00  -->   0.000e+00 (dimensionless)
Fixed sheet current error:                                   0.000e+00  -->   0.000e+00 (~)
==============================================================================================================

Timer: Iteration 2 total = 11.6 sec
================
Step 3
================
Spectral indexing: ansi
Spectral resolution (L,M,N)=(12,12,0)
Node resolution (L,M,N)=(24,24,0)
Boundary ratio = 0
Pressure ratio = 0.5
Perturbation Order = 2
Objective: force
Optimizer: lsq-exact
================
Perturbing equilibrium
Building objective: force
Precomputing transforms
Timer: Precomputing transforms = 46.5 ms
Timer: Objective build = 53.3 ms
Building objective: lcfs R
Building objective: lcfs Z
Building objective: fixed Psi
Building objective: fixed pressure
Building objective: fixed iota
Building objective: fixed sheet current
Building objective: self_consistency R
Building objective: self_consistency Z
Building objective: lambda gauge
Building objective: axis R self consistency
Building objective: axis Z self consistency
Timer: Objective build = 80.0 ms
Perturbing p_l
Factorizing linear constraints
Timer: linear constraint factorize = 23.3 ms
Computing df
Timer: df computation = 3.52 sec
Factoring df
Timer: df/dx factorization = 35.3 ms
Computing d^2f
Timer: d^2f computation = 2.44 sec
Timer: Objective build = 1.39 ms
||dx||/||x|| =  3.476e-02
Timer: Total perturbation = 9.66 sec
Building objective: self_consistency R
Building objective: self_consistency Z
Building objective: lambda gauge
Building objective: axis R self consistency
Building objective: axis Z self consistency
Timer: Objective build = 7.57 ms
Timer: LinearConstraintProjection build = 22.0 ms
Number of parameters: 108
Number of objectives: 338
Timer: Initializing the optimization = 32.0 ms

Starting optimization
Using method: lsq-exact
   Iteration     Total nfev        Cost      Cost reduction    Step norm     Optimality   
       0              1          1.269e-04                                    4.920e-03   
       1              2          1.630e-05      1.106e-04      5.854e-02      2.099e-03   
       2              3          2.754e-06      1.355e-05      3.698e-02      9.132e-04   
       3              4          5.741e-07      2.180e-06      5.189e-02      4.649e-04   
       4              5          6.908e-08      5.050e-07      1.091e-02      1.833e-04   
       5              6          5.855e-09      6.322e-08      4.035e-03      5.364e-05   
`gtol` condition satisfied. (gtol=1.00e-04)
         Current function value: 5.855e-09
         Total delta_x: 4.863e-02
         Iterations: 5
         Function evaluations: 6
         Jacobian evaluations: 6
Timer: Solution time = 1.13 sec
Timer: Avg time per step = 189 ms
==============================================================================================================
                                                                 Start  -->   End
Total (sum of squares):                                      1.269e-04  -->   5.855e-09, 
Maximum absolute Force error:                                4.564e+05  -->   3.726e+03 (N)
Minimum absolute Force error:                                1.076e+01  -->   5.137e-02 (N)
Average absolute Force error:                                1.175e+04  -->   6.173e+01 (N)
Maximum absolute Force error:                                7.359e-03  -->   6.008e-05 (normalized)
Minimum absolute Force error:                                1.734e-07  -->   8.283e-10 (normalized)
Average absolute Force error:                                1.895e-04  -->   9.954e-07 (normalized)
R boundary error:                                            0.000e+00  -->   0.000e+00 (m)
Z boundary error:                                            0.000e+00  -->   0.000e+00 (m)
Fixed Psi error:                                             0.000e+00  -->   0.000e+00 (Wb)
Fixed pressure profile error:                                0.000e+00  -->   0.000e+00 (Pa)
Fixed iota profile error:                                    0.000e+00  -->   0.000e+00 (dimensionless)
Fixed sheet current error:                                   0.000e+00  -->   0.000e+00 (~)
==============================================================================================================

Timer: Iteration 3 total = 11.1 sec
================
Step 4
================
Spectral indexing: ansi
Spectral resolution (L,M,N)=(12,12,0)
Node resolution (L,M,N)=(24,24,0)
Boundary ratio = 0
Pressure ratio = 1.0
Perturbation Order = 2
Objective: force
Optimizer: lsq-exact
================
Perturbing equilibrium
Building objective: force
Precomputing transforms
Timer: Precomputing transforms = 43.3 ms
Timer: Objective build = 50.0 ms
Building objective: lcfs R
Building objective: lcfs Z
Building objective: fixed Psi
Building objective: fixed pressure
Building objective: fixed iota
Building objective: fixed sheet current
Building objective: self_consistency R
Building objective: self_consistency Z
Building objective: lambda gauge
Building objective: axis R self consistency
Building objective: axis Z self consistency
Timer: Objective build = 72.9 ms
Perturbing p_l
Factorizing linear constraints
Timer: linear constraint factorize = 704 ms
Computing df
Timer: df computation = 1.40 ms
Factoring df
Timer: df/dx factorization = 22.5 us
Computing d^2f
Timer: d^2f computation = 279 us
Timer: Objective build = 1.56 ms
||dx||/||x|| =  2.527e-02
Timer: Total perturbation = 1.42 sec
Building objective: self_consistency R
Building objective: self_consistency Z
Building objective: lambda gauge
Building objective: axis R self consistency
Building objective: axis Z self consistency
Timer: Objective build = 8.10 ms
Timer: LinearConstraintProjection build = 21.9 ms
Number of parameters: 108
Number of objectives: 338
Timer: Initializing the optimization = 32.3 ms

Starting optimization
Using method: lsq-exact
   Iteration     Total nfev        Cost      Cost reduction    Step norm     Optimality   
       0              1          3.943e-04                                    1.691e-02   
       1              2          9.110e-07      3.934e-04      1.238e-02      6.634e-04   
       2              4          3.991e-08      8.711e-07      1.407e-02      8.303e-05   
`gtol` condition satisfied. (gtol=1.00e-04)
         Current function value: 3.991e-08
         Total delta_x: 1.791e-02
         Iterations: 2
         Function evaluations: 4
         Jacobian evaluations: 3
Timer: Solution time = 384 ms
Timer: Avg time per step = 128 ms
==============================================================================================================
                                                                 Start  -->   End
Total (sum of squares):                                      3.943e-04  -->   3.991e-08, 
Maximum absolute Force error:                                4.695e+05  -->   3.968e+03 (N)
Minimum absolute Force error:                                5.390e+01  -->   3.514e-01 (N)
Average absolute Force error:                                1.830e+04  -->   1.791e+02 (N)
Maximum absolute Force error:                                7.570e-03  -->   6.398e-05 (normalized)
Minimum absolute Force error:                                8.691e-07  -->   5.666e-09 (normalized)
Average absolute Force error:                                2.950e-04  -->   2.889e-06 (normalized)
R boundary error:                                            0.000e+00  -->   0.000e+00 (m)
Z boundary error:                                            0.000e+00  -->   0.000e+00 (m)
Fixed Psi error:                                             0.000e+00  -->   0.000e+00 (Wb)
Fixed pressure profile error:                                0.000e+00  -->   0.000e+00 (Pa)
Fixed iota profile error:                                    0.000e+00  -->   0.000e+00 (dimensionless)
Fixed sheet current error:                                   0.000e+00  -->   0.000e+00 (~)
==============================================================================================================

Timer: Iteration 4 total = 2.08 sec
================
Step 5
================
Spectral indexing: ansi
Spectral resolution (L,M,N)=(12,12,10)
Node resolution (L,M,N)=(24,24,20)
Boundary ratio = 0.25
Pressure ratio = 1
Perturbation Order = 2
Objective: force
Optimizer: lsq-exact
================
Perturbing equilibrium
Building objective: force
Precomputing transforms
Timer: Precomputing transforms = 1.26 sec
Timer: Objective build = 1.34 sec
Building objective: lcfs R
Building objective: lcfs Z
Building objective: fixed Psi
Building objective: fixed pressure
Building objective: fixed iota
Building objective: fixed sheet current
Building objective: self_consistency R
Building objective: self_consistency Z
Building objective: lambda gauge
Building objective: axis R self consistency
Building objective: axis Z self consistency
Timer: Objective build = 843 ms
Perturbing Rb_lmn, Zb_lmn
Factorizing linear constraints
Timer: linear constraint factorize = 5.15 sec
Computing df
Timer: df computation = 7.27 sec
Factoring df
Timer: df/dx factorization = 48.4 ms
Computing d^2f
Timer: d^2f computation = 5.80 sec
Timer: Objective build = 1.50 ms
||dx||/||x|| =  3.883e-03
Timer: Total perturbation = 49.3 sec
Building objective: self_consistency R
Building objective: self_consistency Z
Building objective: lambda gauge
Building objective: axis R self consistency
Building objective: axis Z self consistency
Timer: Objective build = 34.7 ms
Timer: LinearConstraintProjection build = 1.75 sec
Number of parameters: 2338
Number of objectives: 13858
Timer: Initializing the optimization = 2.58 sec

Starting optimization
Using method: lsq-exact
   Iteration     Total nfev        Cost      Cost reduction    Step norm     Optimality   
       0              1          5.405e-06                                    1.960e-03   
       1              2          3.096e-07      5.095e-06      1.409e-02      2.948e-04   
       2              4          3.887e-08      2.708e-07      8.272e-03      1.001e-04   
       3              6          4.097e-09      3.478e-08      4.330e-03      3.218e-05   
`gtol` condition satisfied. (gtol=1.00e-04)
         Current function value: 4.097e-09
         Total delta_x: 1.373e-02
         Iterations: 3
         Function evaluations: 6
         Jacobian evaluations: 4
Timer: Solution time = 2.26 min
Timer: Avg time per step = 33.8 sec
==============================================================================================================
                                                                 Start  -->   End
Total (sum of squares):                                      5.405e-06  -->   4.097e-09, 
Maximum absolute Force error:                                7.768e+04  -->   4.102e+03 (N)
Minimum absolute Force error:                                6.515e-02  -->   1.256e-03 (N)
Average absolute Force error:                                2.341e+03  -->   5.479e+01 (N)
Maximum absolute Force error:                                1.253e-03  -->   6.614e-05 (normalized)
Minimum absolute Force error:                                1.050e-09  -->   2.025e-11 (normalized)
Average absolute Force error:                                3.774e-05  -->   8.835e-07 (normalized)
R boundary error:                                            0.000e+00  -->   0.000e+00 (m)
Z boundary error:                                            0.000e+00  -->   0.000e+00 (m)
Fixed Psi error:                                             0.000e+00  -->   0.000e+00 (Wb)
Fixed pressure profile error:                                0.000e+00  -->   0.000e+00 (Pa)
Fixed iota profile error:                                    0.000e+00  -->   0.000e+00 (dimensionless)
Fixed sheet current error:                                   0.000e+00  -->   0.000e+00 (~)
==============================================================================================================

Timer: Iteration 5 total = 3.20 min
================
Step 6
================
Spectral indexing: ansi
Spectral resolution (L,M,N)=(12,12,10)
Node resolution (L,M,N)=(24,24,20)
Boundary ratio = 0.5
Pressure ratio = 1
Perturbation Order = 2
Objective: force
Optimizer: lsq-exact
================
Perturbing equilibrium
Building objective: force
Precomputing transforms
Timer: Precomputing transforms = 83.4 ms
Timer: Objective build = 98.7 ms
Building objective: lcfs R
Building objective: lcfs Z
Building objective: fixed Psi
Building objective: fixed pressure
Building objective: fixed iota
Building objective: fixed sheet current
Building objective: self_consistency R
Building objective: self_consistency Z
Building objective: lambda gauge
Building objective: axis R self consistency
Building objective: axis Z self consistency
Timer: Objective build = 123 ms
Perturbing Rb_lmn, Zb_lmn
Factorizing linear constraints
Timer: linear constraint factorize = 1.66 sec
Computing df
Timer: df computation = 36.3 ms
Factoring df
Timer: df/dx factorization = 57.8 us
Computing d^2f
Timer: d^2f computation = 628 ms
Timer: Objective build = 1.58 ms
||dx||/||x|| =  4.643e-03
Timer: Total perturbation = 38.9 sec
Building objective: self_consistency R
Building objective: self_consistency Z
Building objective: lambda gauge
Building objective: axis R self consistency
Building objective: axis Z self consistency
Timer: Objective build = 36.7 ms
Timer: LinearConstraintProjection build = 1.69 sec
Number of parameters: 2338
Number of objectives: 13858
Timer: Initializing the optimization = 2.57 sec

Starting optimization
Using method: lsq-exact
   Iteration     Total nfev        Cost      Cost reduction    Step norm     Optimality   
       0              1          7.897e-06                                    1.306e-03   
       1              2          1.409e-06      6.488e-06      1.916e-02      5.137e-04   
       2              3          1.014e-07      1.307e-06      1.110e-02      1.661e-04   
       3              5          1.603e-08      8.534e-08      5.693e-03      4.923e-05   
`gtol` condition satisfied. (gtol=1.00e-04)
         Current function value: 1.603e-08
         Total delta_x: 1.715e-02
         Iterations: 3
         Function evaluations: 5
         Jacobian evaluations: 4
Timer: Solution time = 1.37 min
Timer: Avg time per step = 20.5 sec
==============================================================================================================
                                                                 Start  -->   End
Total (sum of squares):                                      7.897e-06  -->   1.603e-08, 
Maximum absolute Force error:                                8.643e+04  -->   6.901e+03 (N)
Minimum absolute Force error:                                3.675e-02  -->   2.409e-03 (N)
Average absolute Force error:                                2.729e+03  -->   1.045e+02 (N)
Maximum absolute Force error:                                1.394e-03  -->   1.113e-04 (normalized)
Minimum absolute Force error:                                5.926e-10  -->   3.885e-11 (normalized)
Average absolute Force error:                                4.400e-05  -->   1.686e-06 (normalized)
R boundary error:                                            0.000e+00  -->   0.000e+00 (m)
Z boundary error:                                            0.000e+00  -->   0.000e+00 (m)
Fixed Psi error:                                             0.000e+00  -->   0.000e+00 (Wb)
Fixed pressure profile error:                                0.000e+00  -->   0.000e+00 (Pa)
Fixed iota profile error:                                    0.000e+00  -->   0.000e+00 (dimensionless)
Fixed sheet current error:                                   0.000e+00  -->   0.000e+00 (~)
==============================================================================================================

Timer: Iteration 6 total = 2.07 min
================
Step 7
================
Spectral indexing: ansi
Spectral resolution (L,M,N)=(12,12,10)
Node resolution (L,M,N)=(24,24,20)
Boundary ratio = 0.75
Pressure ratio = 1
Perturbation Order = 2
Objective: force
Optimizer: lsq-exact
================
Perturbing equilibrium
Building objective: force
Precomputing transforms
Timer: Precomputing transforms = 81.9 ms
Timer: Objective build = 97.4 ms
Building objective: lcfs R
Building objective: lcfs Z
Building objective: fixed Psi
Building objective: fixed pressure
Building objective: fixed iota
Building objective: fixed sheet current
Building objective: self_consistency R
Building objective: self_consistency Z
Building objective: lambda gauge
Building objective: axis R self consistency
Building objective: axis Z self consistency
Timer: Objective build = 125 ms
Perturbing Rb_lmn, Zb_lmn
Factorizing linear constraints
Timer: linear constraint factorize = 1.59 sec
Computing df
Timer: df computation = 38.4 ms
Factoring df
Timer: df/dx factorization = 53.1 us
Computing d^2f
Timer: d^2f computation = 581 ms
Timer: Objective build = 1.57 ms
||dx||/||x|| =  3.911e-03
Timer: Total perturbation = 37.3 sec
Building objective: self_consistency R
Building objective: self_consistency Z
Building objective: lambda gauge
Building objective: axis R self consistency
Building objective: axis Z self consistency
Timer: Objective build = 34.9 ms
Timer: LinearConstraintProjection build = 1.55 sec
Number of parameters: 2338
Number of objectives: 13858
Timer: Initializing the optimization = 2.33 sec

Starting optimization
Using method: lsq-exact
   Iteration     Total nfev        Cost      Cost reduction    Step norm     Optimality   
       0              1          3.993e-06                                    1.278e-03   
       1              2          5.015e-08      3.943e-06      1.025e-02      7.466e-05   
`gtol` condition satisfied. (gtol=1.00e-04)
         Current function value: 5.015e-08
         Total delta_x: 1.025e-02
         Iterations: 1
         Function evaluations: 2
         Jacobian evaluations: 2
Timer: Solution time = 20.5 sec
Timer: Avg time per step = 10.2 sec
==============================================================================================================
                                                                 Start  -->   End
Total (sum of squares):                                      3.993e-06  -->   5.015e-08, 
Maximum absolute Force error:                                8.491e+04  -->   5.862e+03 (N)
Minimum absolute Force error:                                1.188e-01  -->   5.070e-03 (N)
Average absolute Force error:                                1.713e+03  -->   2.086e+02 (N)
Maximum absolute Force error:                                1.369e-03  -->   9.453e-05 (normalized)
Minimum absolute Force error:                                1.916e-09  -->   8.175e-11 (normalized)
Average absolute Force error:                                2.762e-05  -->   3.363e-06 (normalized)
R boundary error:                                            0.000e+00  -->   0.000e+00 (m)
Z boundary error:                                            0.000e+00  -->   0.000e+00 (m)
Fixed Psi error:                                             0.000e+00  -->   0.000e+00 (Wb)
Fixed pressure profile error:                                0.000e+00  -->   0.000e+00 (Pa)
Fixed iota profile error:                                    0.000e+00  -->   0.000e+00 (dimensionless)
Fixed sheet current error:                                   0.000e+00  -->   0.000e+00 (~)
==============================================================================================================

Timer: Iteration 7 total = 1.01 min
================
Step 8
================
Spectral indexing: ansi
Spectral resolution (L,M,N)=(12,12,10)
Node resolution (L,M,N)=(24,24,20)
Boundary ratio = 1.0
Pressure ratio = 1
Perturbation Order = 2
Objective: force
Optimizer: lsq-exact
================
Perturbing equilibrium
Building objective: force
Precomputing transforms
Timer: Precomputing transforms = 81.2 ms
Timer: Objective build = 96.2 ms
Building objective: lcfs R
Building objective: lcfs Z
Building objective: fixed Psi
Building objective: fixed pressure
Building objective: fixed iota
Building objective: fixed sheet current
Building objective: self_consistency R
Building objective: self_consistency Z
Building objective: lambda gauge
Building objective: axis R self consistency
Building objective: axis Z self consistency
Timer: Objective build = 120 ms
Perturbing Rb_lmn, Zb_lmn
Factorizing linear constraints
Timer: linear constraint factorize = 1.52 sec
Computing df
Timer: df computation = 31.1 ms
Factoring df
Timer: df/dx factorization = 61.1 us
Computing d^2f
Timer: d^2f computation = 552 ms
Timer: Objective build = 1.43 ms
||dx||/||x|| =  4.289e-03
Timer: Total perturbation = 36.7 sec
Building objective: self_consistency R
Building objective: self_consistency Z
Building objective: lambda gauge
Building objective: axis R self consistency
Building objective: axis Z self consistency
Timer: Objective build = 31.4 ms
Timer: LinearConstraintProjection build = 1.51 sec
Number of parameters: 2338
Number of objectives: 13858
Timer: Initializing the optimization = 2.29 sec

Starting optimization
Using method: lsq-exact
   Iteration     Total nfev        Cost      Cost reduction    Step norm     Optimality   
       0              1          4.080e-07                                    2.421e-04   
       1              2          6.621e-08      3.418e-07      1.102e-02      1.183e-04   
       2              4          2.481e-08      4.140e-08      6.424e-03      7.153e-05   
`gtol` condition satisfied. (gtol=1.00e-04)
         Current function value: 2.481e-08
         Total delta_x: 1.283e-02
         Iterations: 2
         Function evaluations: 4
         Jacobian evaluations: 3
Timer: Solution time = 57.4 sec
Timer: Avg time per step = 19.1 sec
==============================================================================================================
                                                                 Start  -->   End
Total (sum of squares):                                      4.080e-07  -->   2.481e-08, 
Maximum absolute Force error:                                2.960e+04  -->   1.105e+04 (N)
Minimum absolute Force error:                                1.234e-04  -->   3.541e-03 (N)
Average absolute Force error:                                6.565e+02  -->   9.878e+01 (N)
Maximum absolute Force error:                                4.773e-04  -->   1.782e-04 (normalized)
Minimum absolute Force error:                                1.989e-12  -->   5.710e-11 (normalized)
Average absolute Force error:                                1.059e-05  -->   1.593e-06 (normalized)
R boundary error:                                            0.000e+00  -->   0.000e+00 (m)
Z boundary error:                                            0.000e+00  -->   0.000e+00 (m)
Fixed Psi error:                                             0.000e+00  -->   0.000e+00 (Wb)
Fixed pressure profile error:                                0.000e+00  -->   0.000e+00 (Pa)
Fixed iota profile error:                                    0.000e+00  -->   0.000e+00 (dimensionless)
Fixed sheet current error:                                   0.000e+00  -->   0.000e+00 (~)
==============================================================================================================

Timer: Iteration 8 total = 1.61 min
====================
Done
Timer: Total time = 8.60 min
====================


# Python warnings captured during continuation
DeprecationWarning: linear_util.wrap_init is missing a DebugInfo object. This behavior is deprecated, use api_util.debug_info() to construct a proper DebugInfo object and propagate it to this function. See https://github.com/jax-ml/jax/issues/26480 for more details.
DeprecationWarning: linear_util.wrap_init is missing a DebugInfo object. This behavior is deprecated, use api_util.debug_info() to construct a proper DebugInfo object and propagate it to this function. See https://github.com/jax-ml/jax/issues/26480 for more details.
DeprecationWarning: linear_util.wrap_init is missing a DebugInfo object. This behavior is deprecated, use api_util.debug_info() to construct a proper DebugInfo object and propagate it to this function. See https://github.com/jax-ml/jax/issues/26480 for more details.
DeprecationWarning: linear_util.wrap_init is missing a DebugInfo object. This behavior is deprecated, use api_util.debug_info() to construct a proper DebugInfo object and propagate it to this function. See https://github.com/jax-ml/jax/issues/26480 for more details.
DeprecationWarning: linear_util.wrap_init is missing a DebugInfo object. This behavior is deprecated, use api_util.debug_info() to construct a proper DebugInfo object and propagate it to this function. See https://github.com/jax-ml/jax/issues/26480 for more details.
DeprecationWarning: linear_util.wrap_init is missing a DebugInfo object. This behavior is deprecated, use api_util.debug_info() to construct a proper DebugInfo object and propagate it to this function. See https://github.com/jax-ml/jax/issues/26480 for more details.
DeprecationWarning: linear_util.wrap_init is missing a DebugInfo object. This behavior is deprecated, use api_util.debug_info() to construct a proper DebugInfo object and propagate it to this function. See https://github.com/jax-ml/jax/issues/26480 for more details.
DeprecationWarning: linear_util.wrap_init is missing a DebugInfo object. This behavior is deprecated, use api_util.debug_info() to construct a proper DebugInfo object and propagate it to this function. See https://github.com/jax-ml/jax/issues/26480 for more details.
DeprecationWarning: linear_util.wrap_init is missing a DebugInfo object. This behavior is deprecated, use api_util.debug_info() to construct a proper DebugInfo object and propagate it to this function. See https://github.com/jax-ml/jax/issues/26480 for more details.
DeprecationWarning: linear_util.wrap_init is missing a DebugInfo object. This behavior is deprecated, use api_util.debug_info() to construct a proper DebugInfo object and propagate it to this function. See https://github.com/jax-ml/jax/issues/26480 for more details.
DeprecationWarning: linear_util.wrap_init is missing a DebugInfo object. This behavior is deprecated, use api_util.debug_info() to construct a proper DebugInfo object and propagate it to this function. See https://github.com/jax-ml/jax/issues/26480 for more details.
DeprecationWarning: linear_util.wrap_init is missing a DebugInfo object. This behavior is deprecated, use api_util.debug_info() to construct a proper DebugInfo object and propagate it to this function. See https://github.com/jax-ml/jax/issues/26480 for more details.
DeprecationWarning: linear_util.wrap_init is missing a DebugInfo object. This behavior is deprecated, use api_util.debug_info() to construct a proper DebugInfo object and propagate it to this function. See https://github.com/jax-ml/jax/issues/26480 for more details.
DeprecationWarning: linear_util.wrap_init is missing a DebugInfo object. This behavior is deprecated, use api_util.debug_info() to construct a proper DebugInfo object and propagate it to this function. See https://github.com/jax-ml/jax/issues/26480 for more details.
DeprecationWarning: linear_util.wrap_init is missing a DebugInfo object. This behavior is deprecated, use api_util.debug_info() to construct a proper DebugInfo object and propagate it to this function. See https://github.com/jax-ml/jax/issues/26480 for more details.
DeprecationWarning: linear_util.wrap_init is missing a DebugInfo object. This behavior is deprecated, use api_util.debug_info() to construct a proper DebugInfo object and propagate it to this function. See https://github.com/jax-ml/jax/issues/26480 for more details.
DeprecationWarning: linear_util.wrap_init is missing a DebugInfo object. This behavior is deprecated, use api_util.debug_info() to construct a proper DebugInfo object and propagate it to this function. See https://github.com/jax-ml/jax/issues/26480 for more details.
DeprecationWarning: linear_util.wrap_init is missing a DebugInfo object. This behavior is deprecated, use api_util.debug_info() to construct a proper DebugInfo object and propagate it to this function. See https://github.com/jax-ml/jax/issues/26480 for more details.
DeprecationWarning: linear_util.wrap_init is missing a DebugInfo object. This behavior is deprecated, use api_util.debug_info() to construct a proper DebugInfo object and propagate it to this function. See https://github.com/jax-ml/jax/issues/26480 for more details.
DeprecationWarning: linear_util.wrap_init is missing a DebugInfo object. This behavior is deprecated, use api_util.debug_info() to construct a proper DebugInfo object and propagate it to this function. See https://github.com/jax-ml/jax/issues/26480 for more details.
DeprecationWarning: linear_util.wrap_init is missing a DebugInfo object. This behavior is deprecated, use api_util.debug_info() to construct a proper DebugInfo object and propagate it to this function. See https://github.com/jax-ml/jax/issues/26480 for more details.
DeprecationWarning: linear_util.wrap_init is missing a DebugInfo object. This behavior is deprecated, use api_util.debug_info() to construct a proper DebugInfo object and propagate it to this function. See https://github.com/jax-ml/jax/issues/26480 for more details.
DeprecationWarning: linear_util.wrap_init is missing a DebugInfo object. This behavior is deprecated, use api_util.debug_info() to construct a proper DebugInfo object and propagate it to this function. See https://github.com/jax-ml/jax/issues/26480 for more details.
DeprecationWarning: linear_util.wrap_init is missing a DebugInfo object. This behavior is deprecated, use api_util.debug_info() to construct a proper DebugInfo object and propagate it to this function. See https://github.com/jax-ml/jax/issues/26480 for more details.
DeprecationWarning: linear_util.wrap_init is missing a DebugInfo object. This behavior is deprecated, use api_util.debug_info() to construct a proper DebugInfo object and propagate it to this function. See https://github.com/jax-ml/jax/issues/26480 for more details.
DeprecationWarning: linear_util.wrap_init is missing a DebugInfo object. This behavior is deprecated, use api_util.debug_info() to construct a proper DebugInfo object and propagate it to this function. See https://github.com/jax-ml/jax/issues/26480 for more details.
DeprecationWarning: linear_util.wrap_init is missing a DebugInfo object. This behavior is deprecated, use api_util.debug_info() to construct a proper DebugInfo object and propagate it to this function. See https://github.com/jax-ml/jax/issues/26480 for more details.
DeprecationWarning: linear_util.wrap_init is missing a DebugInfo object. This behavior is deprecated, use api_util.debug_info() to construct a proper DebugInfo object and propagate it to this function. See https://github.com/jax-ml/jax/issues/26480 for more details.
DeprecationWarning: linear_util.wrap_init is missing a DebugInfo object. This behavior is deprecated, use api_util.debug_info() to construct a proper DebugInfo object and propagate it to this function. See https://github.com/jax-ml/jax/issues/26480 for more details.
DeprecationWarning: linear_util.wrap_init is missing a DebugInfo object. This behavior is deprecated, use api_util.debug_info() to construct a proper DebugInfo object and propagate it to this function. See https://github.com/jax-ml/jax/issues/26480 for more details.
DeprecationWarning: linear_util.wrap_init is missing a DebugInfo object. This behavior is deprecated, use api_util.debug_info() to construct a proper DebugInfo object and propagate it to this function. See https://github.com/jax-ml/jax/issues/26480 for more details.
DeprecationWarning: linear_util.wrap_init is missing a DebugInfo object. This behavior is deprecated, use api_util.debug_info() to construct a proper DebugInfo object and propagate it to this function. See https://github.com/jax-ml/jax/issues/26480 for more details.
DeprecationWarning: linear_util.wrap_init is missing a DebugInfo object. This behavior is deprecated, use api_util.debug_info() to construct a proper DebugInfo object and propagate it to this function. See https://github.com/jax-ml/jax/issues/26480 for more details.
DeprecationWarning: linear_util.wrap_init is missing a DebugInfo object. This behavior is deprecated, use api_util.debug_info() to construct a proper DebugInfo object and propagate it to this function. See https://github.com/jax-ml/jax/issues/26480 for more details.
DeprecationWarning: linear_util.wrap_init is missing a DebugInfo object. This behavior is deprecated, use api_util.debug_info() to construct a proper DebugInfo object and propagate it to this function. See https://github.com/jax-ml/jax/issues/26480 for more details.
DeprecationWarning: linear_util.wrap_init is missing a DebugInfo object. This behavior is deprecated, use api_util.debug_info() to construct a proper DebugInfo object and propagate it to this function. See https://github.com/jax-ml/jax/issues/26480 for more details.
DeprecationWarning: linear_util.wrap_init is missing a DebugInfo object. This behavior is deprecated, use api_util.debug_info() to construct a proper DebugInfo object and propagate it to this function. See https://github.com/jax-ml/jax/issues/26480 for more details.
DeprecationWarning: linear_util.wrap_init is missing a DebugInfo object. This behavior is deprecated, use api_util.debug_info() to construct a proper DebugInfo object and propagate it to this function. See https://github.com/jax-ml/jax/issues/26480 for more details.
