================
Step 1
================
Spectral indexing: ansi
Spectral resolution (L,M,N)=(6,6,0)
Node resolution (L,M,N)=(12,12,0)
Boundary ratio = 0
Pressure ratio = 0
Perturbation Order = 2
Objective: force
Optimizer: lsq-exact
================
Building objective: force
Precomputing transforms
Timer: Precomputing transforms = 1.27 sec
Timer: Objective build = 1.78 sec
Building objective: lcfs R
Building objective: lcfs Z
Building objective: fixed Psi
Building objective: fixed pressure
Building objective: fixed iota
Building objective: fixed sheet current
Building objective: self_consistency R
Building objective: self_consistency Z
Building objective: lambda gauge
Building objective: axis R self consistency
Building objective: axis Z self consistency
Timer: Objective build = 743 ms
Timer: LinearConstraintProjection build = 4.71 sec
Number of parameters: 27
Number of objectives: 98
Timer: Initializing the optimization = 7.28 sec

Starting optimization
Using method: lsq-exact
   Iteration     Total nfev        Cost      Cost reduction    Step norm     Optimality   
       0              1          1.743e-02                                    1.847e-01   
       1              2          7.713e-05      1.735e-02      1.293e-01      8.709e-03   
       2              3          5.091e-08      7.708e-05      2.446e-02      1.917e-04   
       3              4          3.746e-08      1.345e-08      4.684e-02      1.597e-04   
       4              5          1.004e-09      3.646e-08      7.031e-03      1.890e-05   
`gtol` condition satisfied. (gtol=1.00e-04)
         Current function value: 1.004e-09
         Total delta_x: 1.991e-01
         Iterations: 4
         Function evaluations: 5
         Jacobian evaluations: 5
Timer: Solution time = 5.76 sec
Timer: Avg time per step = 1.15 sec
==============================================================================================================
                                                                 Start  -->   End
Total (sum of squares):                                      1.743e-02  -->   1.004e-09, 
Maximum absolute Force error:                                5.733e+05  -->   5.448e+02 (N)
Minimum absolute Force error:                                1.462e+02  -->   3.587e-01 (N)
Average absolute Force error:                                1.772e+05  -->   3.405e+01 (N)
Maximum absolute Force error:                                9.245e-03  -->   8.785e-06 (normalized)
Minimum absolute Force error:                                2.357e-06  -->   5.784e-09 (normalized)
Average absolute Force error:                                2.857e-03  -->   5.491e-07 (normalized)
R boundary error:                                            0.000e+00  -->   3.469e-18 (m)
Z boundary error:                                            0.000e+00  -->   5.554e-17 (m)
Fixed Psi error:                                             0.000e+00  -->   0.000e+00 (Wb)
Fixed pressure profile error:                                0.000e+00  -->   0.000e+00 (Pa)
Fixed iota profile error:                                    0.000e+00  -->   0.000e+00 (dimensionless)
Fixed sheet current error:                                   0.000e+00  -->   0.000e+00 (~)
==============================================================================================================

Timer: Iteration 1 total = 15.1 sec
================
Step 2
================
Spectral indexing: ansi
Spectral resolution (L,M,N)=(12,12,0)
Node resolution (L,M,N)=(24,24,0)
Boundary ratio = 0
Pressure ratio = 0
Perturbation Order = 2
Objective: force
Optimizer: lsq-exact
================
Building objective: force
Precomputing transforms
Timer: Precomputing transforms = 1.60 sec
Timer: Objective build = 1.72 sec
Building objective: lcfs R
Building objective: lcfs Z
Building objective: fixed Psi
Building objective: fixed pressure
Building objective: fixed iota
Building objective: fixed sheet current
Building objective: self_consistency R
Building objective: self_consistency Z
Building objective: lambda gauge
Building objective: axis R self consistency
Building objective: axis Z self consistency
Timer: Objective build = 761 ms
Timer: LinearConstraintProjection build = 4.21 sec
Number of parameters: 108
Number of objectives: 338
Timer: Initializing the optimization = 6.74 sec

Starting optimization
Using method: lsq-exact
   Iteration     Total nfev        Cost      Cost reduction    Step norm     Optimality   
       0              1          9.764e-10                                    2.745e-05   
`gtol` condition satisfied. (gtol=1.00e-04)
         Current function value: 9.764e-10
         Total delta_x: 0.000e+00
         Iterations: 0
         Function evaluations: 1
         Jacobian evaluations: 1
Timer: Solution time = 3.53 sec
Timer: Avg time per step = 3.53 sec
==============================================================================================================
                                                                 Start  -->   End
Total (sum of squares):                                      9.764e-10  -->   9.764e-10, 
Maximum absolute Force error:                                6.682e+02  -->   6.682e+02 (N)
Minimum absolute Force error:                                1.196e-01  -->   1.196e-01 (N)
Average absolute Force error:                                3.404e+01  -->   3.404e+01 (N)
Maximum absolute Force error:                                1.077e-05  -->   1.077e-05 (normalized)
Minimum absolute Force error:                                1.929e-09  -->   1.929e-09 (normalized)
Average absolute Force error:                                5.489e-07  -->   5.489e-07 (normalized)
R boundary error:                                            0.000e+00  -->   0.000e+00 (m)
Z boundary error:                                            0.000e+00  -->   0.000e+00 (m)
Fixed Psi error:                                             0.000e+00  -->   0.000e+00 (Wb)
Fixed pressure profile error:                                0.000e+00  -->   0.000e+00 (Pa)
Fixed iota profile error:                                    0.000e+00  -->   0.000e+00 (dimensionless)
Fixed sheet current error:                                   0.000e+00  -->   0.000e+00 (~)
==============================================================================================================

Timer: Iteration 2 total = 14.9 sec
================
Step 3
================
Spectral indexing: ansi
Spectral resolution (L,M,N)=(14,14,0)
Node resolution (L,M,N)=(28,28,0)
Boundary ratio = 0
Pressure ratio = 0
Perturbation Order = 2
Objective: force
Optimizer: lsq-exact
================
Building objective: force
Precomputing transforms
Timer: Precomputing transforms = 1.49 sec
Timer: Objective build = 1.61 sec
Building objective: lcfs R
Building objective: lcfs Z
Building objective: fixed Psi
Building objective: fixed pressure
Building objective: fixed iota
Building objective: fixed sheet current
Building objective: self_consistency R
Building objective: self_consistency Z
Building objective: lambda gauge
Building objective: axis R self consistency
Building objective: axis Z self consistency
Timer: Objective build = 652 ms
Timer: LinearConstraintProjection build = 4.01 sec
Number of parameters: 147
Number of objectives: 450
Timer: Initializing the optimization = 6.32 sec

Starting optimization
Using method: lsq-exact
   Iteration     Total nfev        Cost      Cost reduction    Step norm     Optimality   
       0              1          9.760e-10                                    2.476e-05   
`gtol` condition satisfied. (gtol=1.00e-04)
         Current function value: 9.760e-10
         Total delta_x: 0.000e+00
         Iterations: 0
         Function evaluations: 1
         Jacobian evaluations: 1
Timer: Solution time = 3.93 sec
Timer: Avg time per step = 3.93 sec
==============================================================================================================
                                                                 Start  -->   End
Total (sum of squares):                                      9.760e-10  -->   9.760e-10, 
Maximum absolute Force error:                                6.857e+02  -->   6.857e+02 (N)
Minimum absolute Force error:                                1.888e-02  -->   1.888e-02 (N)
Average absolute Force error:                                3.364e+01  -->   3.364e+01 (N)
Maximum absolute Force error:                                1.106e-05  -->   1.106e-05 (normalized)
Minimum absolute Force error:                                3.045e-10  -->   3.044e-10 (normalized)
Average absolute Force error:                                5.425e-07  -->   5.425e-07 (normalized)
R boundary error:                                            0.000e+00  -->   0.000e+00 (m)
Z boundary error:                                            0.000e+00  -->   0.000e+00 (m)
Fixed Psi error:                                             0.000e+00  -->   0.000e+00 (Wb)
Fixed pressure profile error:                                0.000e+00  -->   0.000e+00 (Pa)
Fixed iota profile error:                                    0.000e+00  -->   0.000e+00 (dimensionless)
Fixed sheet current error:                                   0.000e+00  -->   0.000e+00 (~)
==============================================================================================================

Timer: Iteration 3 total = 15.1 sec
================
Step 4
================
Spectral indexing: ansi
Spectral resolution (L,M,N)=(14,14,0)
Node resolution (L,M,N)=(28,28,0)
Boundary ratio = 0
Pressure ratio = 0.5
Perturbation Order = 2
Objective: force
Optimizer: lsq-exact
================
Perturbing equilibrium
Building objective: force
Precomputing transforms
Timer: Precomputing transforms = 55.6 ms
Timer: Objective build = 64.1 ms
Building objective: lcfs R
Building objective: lcfs Z
Building objective: fixed Psi
Building objective: fixed pressure
Building objective: fixed iota
Building objective: fixed sheet current
Building objective: self_consistency R
Building objective: self_consistency Z
Building objective: lambda gauge
Building objective: axis R self consistency
Building objective: axis Z self consistency
Timer: Objective build = 95.2 ms
Perturbing p_l
Factorizing linear constraints
Timer: linear constraint factorize = 26.4 ms
Computing df
Timer: df computation = 3.57 sec
Factoring df
Timer: df/dx factorization = 47.5 ms
Computing d^2f
Timer: d^2f computation = 2.72 sec
Timer: Objective build = 1.97 ms
||dx||/||x|| =  2.725e-02
Timer: Total perturbation = 10.8 sec
Building objective: self_consistency R
Building objective: self_consistency Z
Building objective: lambda gauge
Building objective: axis R self consistency
Building objective: axis Z self consistency
Timer: Objective build = 10.4 ms
Timer: LinearConstraintProjection build = 29.7 ms
Number of parameters: 147
Number of objectives: 450
Timer: Initializing the optimization = 43.3 ms

Starting optimization
Using method: lsq-exact
   Iteration     Total nfev        Cost      Cost reduction    Step norm     Optimality   
       0              1          3.116e-02                                    5.260e-02   
       1              2          4.118e-03      2.704e-02      1.669e-01      2.082e-02   
       2              3          2.283e-04      3.890e-03      7.153e-02      7.810e-03   
       3              4          1.564e-04      7.189e-05      1.391e-01      7.358e-03   
       4              5          2.586e-05      1.306e-04      5.468e-02      3.603e-03   
       5              6          4.863e-06      2.099e-05      4.542e-02      1.392e-03   
       6              8          2.135e-08      4.841e-06      5.515e-03      7.300e-05   
`gtol` condition satisfied. (gtol=1.00e-04)
         Current function value: 2.135e-08
         Total delta_x: 1.121e-01
         Iterations: 6
         Function evaluations: 8
         Jacobian evaluations: 7
Timer: Solution time = 2.04 sec
Timer: Avg time per step = 292 ms
==============================================================================================================
                                                                 Start  -->   End
Total (sum of squares):                                      3.116e-02  -->   2.135e-08, 
Maximum absolute Force error:                                9.264e+06  -->   8.213e+03 (N)
Minimum absolute Force error:                                2.308e+01  -->   9.469e-01 (N)
Average absolute Force error:                                1.367e+05  -->   1.562e+02 (N)
Maximum absolute Force error:                                1.494e-01  -->   1.324e-04 (normalized)
Minimum absolute Force error:                                3.721e-07  -->   1.527e-08 (normalized)
Average absolute Force error:                                2.204e-03  -->   2.519e-06 (normalized)
R boundary error:                                            0.000e+00  -->   0.000e+00 (m)
Z boundary error:                                            0.000e+00  -->   0.000e+00 (m)
Fixed Psi error:                                             0.000e+00  -->   0.000e+00 (Wb)
Fixed pressure profile error:                                0.000e+00  -->   0.000e+00 (Pa)
Fixed iota profile error:                                    0.000e+00  -->   0.000e+00 (dimensionless)
Fixed sheet current error:                                   0.000e+00  -->   0.000e+00 (~)
==============================================================================================================

Timer: Iteration 4 total = 13.3 sec
================
Step 5
================
Spectral indexing: ansi
Spectral resolution (L,M,N)=(14,14,0)
Node resolution (L,M,N)=(28,28,0)
Boundary ratio = 0
Pressure ratio = 1.0
Perturbation Order = 2
Objective: force
Optimizer: lsq-exact
================
Perturbing equilibrium
Building objective: force
Precomputing transforms
Timer: Precomputing transforms = 61.7 ms
Timer: Objective build = 69.9 ms
Building objective: lcfs R
Building objective: lcfs Z
Building objective: fixed Psi
Building objective: fixed pressure
Building objective: fixed iota
Building objective: fixed sheet current
Building objective: self_consistency R
Building objective: self_consistency Z
Building objective: lambda gauge
Building objective: axis R self consistency
Building objective: axis Z self consistency
Timer: Objective build = 100 ms
Perturbing p_l
Factorizing linear constraints
Timer: linear constraint factorize = 895 ms
Computing df
Timer: df computation = 2.06 ms
Factoring df
Timer: df/dx factorization = 60.5 us
Computing d^2f
Timer: d^2f computation = 407 us
Timer: Objective build = 1.91 ms
||dx||/||x|| =  1.986e-02
Timer: Total perturbation = 1.77 sec
Building objective: self_consistency R
Building objective: self_consistency Z
Building objective: lambda gauge
Building objective: axis R self consistency
Building objective: axis Z self consistency
Timer: Objective build = 10.0 ms
Timer: LinearConstraintProjection build = 29.8 ms
Number of parameters: 147
Number of objectives: 450
Timer: Initializing the optimization = 43.0 ms

Starting optimization
Using method: lsq-exact
   Iteration     Total nfev        Cost      Cost reduction    Step norm     Optimality   
       0              1          1.164e-05                                    1.649e-03   
       1              2          4.705e-07      1.117e-05      1.283e-02      3.218e-04   
       2              4          3.418e-09      4.671e-07      5.447e-03      3.392e-05   
`gtol` condition satisfied. (gtol=1.00e-04)
         Current function value: 3.418e-09
         Total delta_x: 1.411e-02
         Iterations: 2
         Function evaluations: 4
         Jacobian evaluations: 3
Timer: Solution time = 98.5 ms
Timer: Avg time per step = 32.8 ms
==============================================================================================================
                                                                 Start  -->   End
Total (sum of squares):                                      1.164e-05  -->   3.418e-09, 
Maximum absolute Force error:                                8.708e+04  -->   2.878e+03 (N)
Minimum absolute Force error:                                1.299e+01  -->   1.135e-02 (N)
Average absolute Force error:                                3.925e+03  -->   5.247e+01 (N)
Maximum absolute Force error:                                1.404e-03  -->   4.641e-05 (normalized)
Minimum absolute Force error:                                2.094e-07  -->   1.830e-10 (normalized)
Average absolute Force error:                                6.329e-05  -->   8.460e-07 (normalized)
R boundary error:                                            0.000e+00  -->   0.000e+00 (m)
Z boundary error:                                            0.000e+00  -->   0.000e+00 (m)
Fixed Psi error:                                             0.000e+00  -->   0.000e+00 (Wb)
Fixed pressure profile error:                                0.000e+00  -->   0.000e+00 (Pa)
Fixed iota profile error:                                    0.000e+00  -->   0.000e+00 (dimensionless)
Fixed sheet current error:                                   0.000e+00  -->   0.000e+00 (~)
==============================================================================================================

Timer: Iteration 5 total = 2.25 sec
================
Step 6
================
Spectral indexing: ansi
Spectral resolution (L,M,N)=(14,14,10)
Node resolution (L,M,N)=(28,28,20)
Boundary ratio = 0.25
Pressure ratio = 1
Perturbation Order = 2
Objective: force
Optimizer: lsq-exact
================
Perturbing equilibrium
Building objective: force
Precomputing transforms
Timer: Precomputing transforms = 1.62 sec
Timer: Objective build = 1.71 sec
Building objective: lcfs R
Building objective: lcfs Z
Building objective: fixed Psi
Building objective: fixed pressure
Building objective: fixed iota
Building objective: fixed sheet current
Building objective: self_consistency R
Building objective: self_consistency Z
Building objective: lambda gauge
Building objective: axis R self consistency
Building objective: axis Z self consistency
Timer: Objective build = 1.02 sec
Perturbing Rb_lmn, Zb_lmn
Factorizing linear constraints
Timer: linear constraint factorize = 7.75 sec
Computing df
Timer: df computation = 10.0 sec
Factoring df
Timer: df/dx factorization = 108 ms
Computing d^2f
Timer: d^2f computation = 8.61 sec
Timer: Objective build = 1.90 ms
||dx||/||x|| =  3.057e-03
Timer: Total perturbation = 1.91 min
Building objective: self_consistency R
Building objective: self_consistency Z
Building objective: lambda gauge
Building objective: axis R self consistency
Building objective: axis Z self consistency
Timer: Objective build = 51.8 ms
Timer: LinearConstraintProjection build = 3.82 sec
Number of parameters: 3167
Number of objectives: 18450
Timer: Initializing the optimization = 6.03 sec

Starting optimization
Using method: lsq-exact
   Iteration     Total nfev        Cost      Cost reduction    Step norm     Optimality   
       0              1          5.836e-06                                    1.287e-03   
       1              2          5.097e-08      5.785e-06      8.266e-03      9.837e-05   
`gtol` condition satisfied. (gtol=1.00e-04)
         Current function value: 5.097e-08
         Total delta_x: 8.266e-03
         Iterations: 1
         Function evaluations: 2
         Jacobian evaluations: 2
Timer: Solution time = 58.1 sec
Timer: Avg time per step = 29.0 sec
==============================================================================================================
                                                                 Start  -->   End
Total (sum of squares):                                      5.836e-06  -->   5.097e-08, 
Maximum absolute Force error:                                1.343e+05  -->   6.235e+03 (N)
Minimum absolute Force error:                                3.211e-02  -->   3.503e-03 (N)
Average absolute Force error:                                2.019e+03  -->   2.155e+02 (N)
Maximum absolute Force error:                                2.165e-03  -->   1.005e-04 (normalized)
Minimum absolute Force error:                                5.178e-10  -->   5.648e-11 (normalized)
Average absolute Force error:                                3.255e-05  -->   3.474e-06 (normalized)
R boundary error:                                            0.000e+00  -->   0.000e+00 (m)
Z boundary error:                                            0.000e+00  -->   0.000e+00 (m)
Fixed Psi error:                                             0.000e+00  -->   0.000e+00 (Wb)
Fixed pressure profile error:                                0.000e+00  -->   0.000e+00 (Pa)
Fixed iota profile error:                                    0.000e+00  -->   0.000e+00 (dimensionless)
Fixed sheet current error:                                   0.000e+00  -->   0.000e+00 (~)
==============================================================================================================

Timer: Iteration 6 total = 3.08 min
================
Step 7
================
Spectral indexing: ansi
Spectral resolution (L,M,N)=(14,14,10)
Node resolution (L,M,N)=(28,28,20)
Boundary ratio = 0.5
Pressure ratio = 1
Perturbation Order = 2
Objective: force
Optimizer: lsq-exact
================
Perturbing equilibrium
Building objective: force
Precomputing transforms
Timer: Precomputing transforms = 123 ms
Timer: Objective build = 145 ms
Building objective: lcfs R
Building objective: lcfs Z
Building objective: fixed Psi
Building objective: fixed pressure
Building objective: fixed iota
Building objective: fixed sheet current
Building objective: self_consistency R
Building objective: self_consistency Z
Building objective: lambda gauge
Building objective: axis R self consistency
Building objective: axis Z self consistency
Timer: Objective build = 145 ms
Perturbing Rb_lmn, Zb_lmn
Factorizing linear constraints
Timer: linear constraint factorize = 3.80 sec
Computing df
Timer: df computation = 101 ms
Factoring df
Timer: df/dx factorization = 63.5 us
Computing d^2f
Timer: d^2f computation = 1.79 sec
Timer: Objective build = 1.99 ms
||dx||/||x|| =  2.652e-03
Timer: Total perturbation = 1.63 min
Building objective: self_consistency R
Building objective: self_consistency Z
Building objective: lambda gauge
Building objective: axis R self consistency
Building objective: axis Z self consistency
Timer: Objective build = 50.6 ms
Timer: LinearConstraintProjection build = 3.46 sec
Number of parameters: 3167
Number of objectives: 18450
Timer: Initializing the optimization = 5.69 sec

Starting optimization
Using method: lsq-exact
   Iteration     Total nfev        Cost      Cost reduction    Step norm     Optimality   
       0              1          5.700e-07                                    3.956e-04   
       1              2          2.241e-08      5.476e-07      6.921e-03      5.686e-05   
`gtol` condition satisfied. (gtol=1.00e-04)
         Current function value: 2.241e-08
         Total delta_x: 6.921e-03
         Iterations: 1
         Function evaluations: 2
         Jacobian evaluations: 2
Timer: Solution time = 51.8 sec
Timer: Avg time per step = 25.9 sec
==============================================================================================================
                                                                 Start  -->   End
Total (sum of squares):                                      5.700e-07  -->   2.241e-08, 
Maximum absolute Force error:                                3.438e+04  -->   1.023e+04 (N)
Minimum absolute Force error:                                5.663e-03  -->   7.690e-03 (N)
Average absolute Force error:                                6.979e+02  -->   1.391e+02 (N)
Maximum absolute Force error:                                5.544e-04  -->   1.650e-04 (normalized)
Minimum absolute Force error:                                9.130e-11  -->   1.240e-10 (normalized)
Average absolute Force error:                                1.125e-05  -->   2.243e-06 (normalized)
R boundary error:                                            0.000e+00  -->   0.000e+00 (m)
Z boundary error:                                            0.000e+00  -->   0.000e+00 (m)
Fixed Psi error:                                             0.000e+00  -->   0.000e+00 (Wb)
Fixed pressure profile error:                                0.000e+00  -->   0.000e+00 (Pa)
Fixed iota profile error:                                    0.000e+00  -->   0.000e+00 (dimensionless)
Fixed sheet current error:                                   0.000e+00  -->   0.000e+00 (~)
==============================================================================================================

Timer: Iteration 7 total = 2.60 min
================
Step 8
================
Spectral indexing: ansi
Spectral resolution (L,M,N)=(14,14,10)
Node resolution (L,M,N)=(28,28,20)
Boundary ratio = 0.75
Pressure ratio = 1
Perturbation Order = 2
Objective: force
Optimizer: lsq-exact
================
Perturbing equilibrium
Building objective: force
Precomputing transforms
Timer: Precomputing transforms = 117 ms
Timer: Objective build = 139 ms
Building objective: lcfs R
Building objective: lcfs Z
Building objective: fixed Psi
Building objective: fixed pressure
Building objective: fixed iota
Building objective: fixed sheet current
Building objective: self_consistency R
Building objective: self_consistency Z
Building objective: lambda gauge
Building objective: axis R self consistency
Building objective: axis Z self consistency
Timer: Objective build = 144 ms
Perturbing Rb_lmn, Zb_lmn
Factorizing linear constraints
Timer: linear constraint factorize = 3.42 sec
Computing df
Timer: df computation = 91.1 ms
Factoring df
Timer: df/dx factorization = 65.2 us
Computing d^2f
Timer: d^2f computation = 1.74 sec
Timer: Objective build = 1.94 ms
||dx||/||x|| =  2.627e-03
Timer: Total perturbation = 1.55 min
Building objective: self_consistency R
Building objective: self_consistency Z
Building objective: lambda gauge
Building objective: axis R self consistency
Building objective: axis Z self consistency
Timer: Objective build = 51.1 ms
Timer: LinearConstraintProjection build = 3.41 sec
Number of parameters: 3167
Number of objectives: 18450
Timer: Initializing the optimization = 5.69 sec

Starting optimization
Using method: lsq-exact
   Iteration     Total nfev        Cost      Cost reduction    Step norm     Optimality   
       0              1          8.197e-07                                    4.858e-04   
       1              2          1.587e-07      6.610e-07      1.453e-02      1.261e-04   
       2              3          6.997e-08      8.874e-08      8.847e-03      1.147e-04   
       3              5          4.916e-10      6.947e-08      2.993e-03      7.330e-06   
`gtol` condition satisfied. (gtol=1.00e-04)
         Current function value: 4.916e-10
         Total delta_x: 1.595e-02
         Iterations: 3
         Function evaluations: 5
         Jacobian evaluations: 4
Timer: Solution time = 3.32 min
Timer: Avg time per step = 49.9 sec
==============================================================================================================
                                                                 Start  -->   End
Total (sum of squares):                                      8.197e-07  -->   4.916e-10, 
Maximum absolute Force error:                                2.805e+04  -->   8.611e+02 (N)
Minimum absolute Force error:                                3.709e-02  -->   1.676e-04 (N)
Average absolute Force error:                                7.978e+02  -->   1.917e+01 (N)
Maximum absolute Force error:                                4.522e-04  -->   1.389e-05 (normalized)
Minimum absolute Force error:                                5.981e-10  -->   2.702e-12 (normalized)
Average absolute Force error:                                1.286e-05  -->   3.091e-07 (normalized)
R boundary error:                                            0.000e+00  -->   0.000e+00 (m)
Z boundary error:                                            0.000e+00  -->   0.000e+00 (m)
Fixed Psi error:                                             0.000e+00  -->   0.000e+00 (Wb)
Fixed pressure profile error:                                0.000e+00  -->   0.000e+00 (Pa)
Fixed iota profile error:                                    0.000e+00  -->   0.000e+00 (dimensionless)
Fixed sheet current error:                                   0.000e+00  -->   0.000e+00 (~)
==============================================================================================================

Timer: Iteration 8 total = 4.99 min
================
Step 9
================
Spectral indexing: ansi
Spectral resolution (L,M,N)=(14,14,10)
Node resolution (L,M,N)=(28,28,20)
Boundary ratio = 1.0
Pressure ratio = 1
Perturbation Order = 2
Objective: force
Optimizer: lsq-exact
================
Perturbing equilibrium
Building objective: force
Precomputing transforms
Timer: Precomputing transforms = 118 ms
Timer: Objective build = 139 ms
Building objective: lcfs R
Building objective: lcfs Z
Building objective: fixed Psi
Building objective: fixed pressure
Building objective: fixed iota
Building objective: fixed sheet current
Building objective: self_consistency R
Building objective: self_consistency Z
Building objective: lambda gauge
Building objective: axis R self consistency
Building objective: axis Z self consistency
Timer: Objective build = 143 ms
Perturbing Rb_lmn, Zb_lmn
Factorizing linear constraints
Timer: linear constraint factorize = 3.57 sec
Computing df
Timer: df computation = 98.1 ms
Factoring df
Timer: df/dx factorization = 74.3 us
Computing d^2f
Timer: d^2f computation = 1.80 sec
Timer: Objective build = 1.94 ms
||dx||/||x|| =  3.254e-03
Timer: Total perturbation = 1.63 min
Building objective: self_consistency R
Building objective: self_consistency Z
Building objective: lambda gauge
Building objective: axis R self consistency
Building objective: axis Z self consistency
Timer: Objective build = 51.4 ms
Timer: LinearConstraintProjection build = 3.53 sec
Number of parameters: 3167
Number of objectives: 18450
Timer: Initializing the optimization = 5.81 sec

Starting optimization
Using method: lsq-exact
   Iteration     Total nfev        Cost      Cost reduction    Step norm     Optimality   
       0              1          2.700e-06                                    1.091e-03   
       1              2          8.895e-08      2.611e-06      1.346e-02      1.074e-04   
       2              3          2.101e-08      6.795e-08      8.184e-03      6.490e-05   
`gtol` condition satisfied. (gtol=1.00e-04)
         Current function value: 2.101e-08
         Total delta_x: 1.213e-02
         Iterations: 2
         Function evaluations: 3
         Jacobian evaluations: 3
Timer: Solution time = 1.44 min
Timer: Avg time per step = 28.9 sec
==============================================================================================================
                                                                 Start  -->   End
Total (sum of squares):                                      2.700e-06  -->   2.101e-08, 
Maximum absolute Force error:                                1.234e+05  -->   6.503e+03 (N)
Minimum absolute Force error:                                8.439e-02  -->   1.799e-04 (N)
Average absolute Force error:                                1.556e+03  -->   1.165e+02 (N)
Maximum absolute Force error:                                1.990e-03  -->   1.049e-04 (normalized)
Minimum absolute Force error:                                1.361e-09  -->   2.901e-12 (normalized)
Average absolute Force error:                                2.509e-05  -->   1.879e-06 (normalized)
R boundary error:                                            0.000e+00  -->   0.000e+00 (m)
Z boundary error:                                            0.000e+00  -->   0.000e+00 (m)
Fixed Psi error:                                             0.000e+00  -->   0.000e+00 (Wb)
Fixed pressure profile error:                                0.000e+00  -->   0.000e+00 (Pa)
Fixed iota profile error:                                    0.000e+00  -->   0.000e+00 (dimensionless)
Fixed sheet current error:                                   0.000e+00  -->   0.000e+00 (~)
==============================================================================================================

Timer: Iteration 9 total = 3.19 min
====================
Done
Timer: Total time = 15.0 min
====================


# Python warnings captured during continuation
DeprecationWarning: linear_util.wrap_init is missing a DebugInfo object. This behavior is deprecated, use api_util.debug_info() to construct a proper DebugInfo object and propagate it to this function. See https://github.com/jax-ml/jax/issues/26480 for more details.
DeprecationWarning: linear_util.wrap_init is missing a DebugInfo object. This behavior is deprecated, use api_util.debug_info() to construct a proper DebugInfo object and propagate it to this function. See https://github.com/jax-ml/jax/issues/26480 for more details.
DeprecationWarning: linear_util.wrap_init is missing a DebugInfo object. This behavior is deprecated, use api_util.debug_info() to construct a proper DebugInfo object and propagate it to this function. See https://github.com/jax-ml/jax/issues/26480 for more details.
DeprecationWarning: linear_util.wrap_init is missing a DebugInfo object. This behavior is deprecated, use api_util.debug_info() to construct a proper DebugInfo object and propagate it to this function. See https://github.com/jax-ml/jax/issues/26480 for more details.
DeprecationWarning: linear_util.wrap_init is missing a DebugInfo object. This behavior is deprecated, use api_util.debug_info() to construct a proper DebugInfo object and propagate it to this function. See https://github.com/jax-ml/jax/issues/26480 for more details.
DeprecationWarning: linear_util.wrap_init is missing a DebugInfo object. This behavior is deprecated, use api_util.debug_info() to construct a proper DebugInfo object and propagate it to this function. See https://github.com/jax-ml/jax/issues/26480 for more details.
DeprecationWarning: linear_util.wrap_init is missing a DebugInfo object. This behavior is deprecated, use api_util.debug_info() to construct a proper DebugInfo object and propagate it to this function. See https://github.com/jax-ml/jax/issues/26480 for more details.
DeprecationWarning: linear_util.wrap_init is missing a DebugInfo object. This behavior is deprecated, use api_util.debug_info() to construct a proper DebugInfo object and propagate it to this function. See https://github.com/jax-ml/jax/issues/26480 for more details.
DeprecationWarning: linear_util.wrap_init is missing a DebugInfo object. This behavior is deprecated, use api_util.debug_info() to construct a proper DebugInfo object and propagate it to this function. See https://github.com/jax-ml/jax/issues/26480 for more details.
DeprecationWarning: linear_util.wrap_init is missing a DebugInfo object. This behavior is deprecated, use api_util.debug_info() to construct a proper DebugInfo object and propagate it to this function. See https://github.com/jax-ml/jax/issues/26480 for more details.
DeprecationWarning: linear_util.wrap_init is missing a DebugInfo object. This behavior is deprecated, use api_util.debug_info() to construct a proper DebugInfo object and propagate it to this function. See https://github.com/jax-ml/jax/issues/26480 for more details.
DeprecationWarning: linear_util.wrap_init is missing a DebugInfo object. This behavior is deprecated, use api_util.debug_info() to construct a proper DebugInfo object and propagate it to this function. See https://github.com/jax-ml/jax/issues/26480 for more details.
DeprecationWarning: linear_util.wrap_init is missing a DebugInfo object. This behavior is deprecated, use api_util.debug_info() to construct a proper DebugInfo object and propagate it to this function. See https://github.com/jax-ml/jax/issues/26480 for more details.
DeprecationWarning: linear_util.wrap_init is missing a DebugInfo object. This behavior is deprecated, use api_util.debug_info() to construct a proper DebugInfo object and propagate it to this function. See https://github.com/jax-ml/jax/issues/26480 for more details.
DeprecationWarning: linear_util.wrap_init is missing a DebugInfo object. This behavior is deprecated, use api_util.debug_info() to construct a proper DebugInfo object and propagate it to this function. See https://github.com/jax-ml/jax/issues/26480 for more details.
DeprecationWarning: linear_util.wrap_init is missing a DebugInfo object. This behavior is deprecated, use api_util.debug_info() to construct a proper DebugInfo object and propagate it to this function. See https://github.com/jax-ml/jax/issues/26480 for more details.
DeprecationWarning: linear_util.wrap_init is missing a DebugInfo object. This behavior is deprecated, use api_util.debug_info() to construct a proper DebugInfo object and propagate it to this function. See https://github.com/jax-ml/jax/issues/26480 for more details.
DeprecationWarning: linear_util.wrap_init is missing a DebugInfo object. This behavior is deprecated, use api_util.debug_info() to construct a proper DebugInfo object and propagate it to this function. See https://github.com/jax-ml/jax/issues/26480 for more details.
DeprecationWarning: linear_util.wrap_init is missing a DebugInfo object. This behavior is deprecated, use api_util.debug_info() to construct a proper DebugInfo object and propagate it to this function. See https://github.com/jax-ml/jax/issues/26480 for more details.
DeprecationWarning: linear_util.wrap_init is missing a DebugInfo object. This behavior is deprecated, use api_util.debug_info() to construct a proper DebugInfo object and propagate it to this function. See https://github.com/jax-ml/jax/issues/26480 for more details.
DeprecationWarning: linear_util.wrap_init is missing a DebugInfo object. This behavior is deprecated, use api_util.debug_info() to construct a proper DebugInfo object and propagate it to this function. See https://github.com/jax-ml/jax/issues/26480 for more details.
DeprecationWarning: linear_util.wrap_init is missing a DebugInfo object. This behavior is deprecated, use api_util.debug_info() to construct a proper DebugInfo object and propagate it to this function. See https://github.com/jax-ml/jax/issues/26480 for more details.
DeprecationWarning: linear_util.wrap_init is missing a DebugInfo object. This behavior is deprecated, use api_util.debug_info() to construct a proper DebugInfo object and propagate it to this function. See https://github.com/jax-ml/jax/issues/26480 for more details.
DeprecationWarning: linear_util.wrap_init is missing a DebugInfo object. This behavior is deprecated, use api_util.debug_info() to construct a proper DebugInfo object and propagate it to this function. See https://github.com/jax-ml/jax/issues/26480 for more details.
DeprecationWarning: linear_util.wrap_init is missing a DebugInfo object. This behavior is deprecated, use api_util.debug_info() to construct a proper DebugInfo object and propagate it to this function. See https://github.com/jax-ml/jax/issues/26480 for more details.
DeprecationWarning: linear_util.wrap_init is missing a DebugInfo object. This behavior is deprecated, use api_util.debug_info() to construct a proper DebugInfo object and propagate it to this function. See https://github.com/jax-ml/jax/issues/26480 for more details.
DeprecationWarning: linear_util.wrap_init is missing a DebugInfo object. This behavior is deprecated, use api_util.debug_info() to construct a proper DebugInfo object and propagate it to this function. See https://github.com/jax-ml/jax/issues/26480 for more details.
DeprecationWarning: linear_util.wrap_init is missing a DebugInfo object. This behavior is deprecated, use api_util.debug_info() to construct a proper DebugInfo object and propagate it to this function. See https://github.com/jax-ml/jax/issues/26480 for more details.
DeprecationWarning: linear_util.wrap_init is missing a DebugInfo object. This behavior is deprecated, use api_util.debug_info() to construct a proper DebugInfo object and propagate it to this function. See https://github.com/jax-ml/jax/issues/26480 for more details.
DeprecationWarning: linear_util.wrap_init is missing a DebugInfo object. This behavior is deprecated, use api_util.debug_info() to construct a proper DebugInfo object and propagate it to this function. See https://github.com/jax-ml/jax/issues/26480 for more details.
DeprecationWarning: linear_util.wrap_init is missing a DebugInfo object. This behavior is deprecated, use api_util.debug_info() to construct a proper DebugInfo object and propagate it to this function. See https://github.com/jax-ml/jax/issues/26480 for more details.
DeprecationWarning: linear_util.wrap_init is missing a DebugInfo object. This behavior is deprecated, use api_util.debug_info() to construct a proper DebugInfo object and propagate it to this function. See https://github.com/jax-ml/jax/issues/26480 for more details.
DeprecationWarning: linear_util.wrap_init is missing a DebugInfo object. This behavior is deprecated, use api_util.debug_info() to construct a proper DebugInfo object and propagate it to this function. See https://github.com/jax-ml/jax/issues/26480 for more details.
DeprecationWarning: linear_util.wrap_init is missing a DebugInfo object. This behavior is deprecated, use api_util.debug_info() to construct a proper DebugInfo object and propagate it to this function. See https://github.com/jax-ml/jax/issues/26480 for more details.
DeprecationWarning: linear_util.wrap_init is missing a DebugInfo object. This behavior is deprecated, use api_util.debug_info() to construct a proper DebugInfo object and propagate it to this function. See https://github.com/jax-ml/jax/issues/26480 for more details.
DeprecationWarning: linear_util.wrap_init is missing a DebugInfo object. This behavior is deprecated, use api_util.debug_info() to construct a proper DebugInfo object and propagate it to this function. See https://github.com/jax-ml/jax/issues/26480 for more details.
DeprecationWarning: linear_util.wrap_init is missing a DebugInfo object. This behavior is deprecated, use api_util.debug_info() to construct a proper DebugInfo object and propagate it to this function. See https://github.com/jax-ml/jax/issues/26480 for more details.
DeprecationWarning: linear_util.wrap_init is missing a DebugInfo object. This behavior is deprecated, use api_util.debug_info() to construct a proper DebugInfo object and propagate it to this function. See https://github.com/jax-ml/jax/issues/26480 for more details.
DeprecationWarning: linear_util.wrap_init is missing a DebugInfo object. This behavior is deprecated, use api_util.debug_info() to construct a proper DebugInfo object and propagate it to this function. See https://github.com/jax-ml/jax/issues/26480 for more details.
DeprecationWarning: linear_util.wrap_init is missing a DebugInfo object. This behavior is deprecated, use api_util.debug_info() to construct a proper DebugInfo object and propagate it to this function. See https://github.com/jax-ml/jax/issues/26480 for more details.
DeprecationWarning: linear_util.wrap_init is missing a DebugInfo object. This behavior is deprecated, use api_util.debug_info() to construct a proper DebugInfo object and propagate it to this function. See https://github.com/jax-ml/jax/issues/26480 for more details.
DeprecationWarning: linear_util.wrap_init is missing a DebugInfo object. This behavior is deprecated, use api_util.debug_info() to construct a proper DebugInfo object and propagate it to this function. See https://github.com/jax-ml/jax/issues/26480 for more details.
DeprecationWarning: linear_util.wrap_init is missing a DebugInfo object. This behavior is deprecated, use api_util.debug_info() to construct a proper DebugInfo object and propagate it to this function. See https://github.com/jax-ml/jax/issues/26480 for more details.
DeprecationWarning: linear_util.wrap_init is missing a DebugInfo object. This behavior is deprecated, use api_util.debug_info() to construct a proper DebugInfo object and propagate it to this function. See https://github.com/jax-ml/jax/issues/26480 for more details.
DeprecationWarning: linear_util.wrap_init is missing a DebugInfo object. This behavior is deprecated, use api_util.debug_info() to construct a proper DebugInfo object and propagate it to this function. See https://github.com/jax-ml/jax/issues/26480 for more details.
DeprecationWarning: linear_util.wrap_init is missing a DebugInfo object. This behavior is deprecated, use api_util.debug_info() to construct a proper DebugInfo object and propagate it to this function. See https://github.com/jax-ml/jax/issues/26480 for more details.
DeprecationWarning: linear_util.wrap_init is missing a DebugInfo object. This behavior is deprecated, use api_util.debug_info() to construct a proper DebugInfo object and propagate it to this function. See https://github.com/jax-ml/jax/issues/26480 for more details.
DeprecationWarning: linear_util.wrap_init is missing a DebugInfo object. This behavior is deprecated, use api_util.debug_info() to construct a proper DebugInfo object and propagate it to this function. See https://github.com/jax-ml/jax/issues/26480 for more details.
DeprecationWarning: linear_util.wrap_init is missing a DebugInfo object. This behavior is deprecated, use api_util.debug_info() to construct a proper DebugInfo object and propagate it to this function. See https://github.com/jax-ml/jax/issues/26480 for more details.
