================
Step 1
================
Spectral indexing: ansi
Spectral resolution (L,M,N)=(6,6,0)
Node resolution (L,M,N)=(12,12,0)
Boundary ratio = 0
Pressure ratio = 0
Perturbation Order = 2
Objective: force
Optimizer: lsq-exact
================
Building objective: force
Precomputing transforms
[32mTimer: Precomputing transforms = 39.8 ms[0m
[32mTimer: Objective build = 47.5 ms[0m
Building objective: lcfs R
Building objective: lcfs Z
Building objective: fixed Psi
Building objective: fixed pressure
Building objective: fixed iota
Building objective: fixed sheet current
Building objective: self_consistency R
Building objective: self_consistency Z
Building objective: lambda gauge
Building objective: axis R self consistency
Building objective: axis Z self consistency
[32mTimer: Objective build = 74.6 ms[0m
[32mTimer: LinearConstraintProjection build = 28.4 ms[0m
Number of parameters: 27
Number of objectives: 98
[32mTimer: Initializing the optimization = 153 ms[0m

Starting optimization
Using method: lsq-exact
   Iteration     Total nfev        Cost      Cost reduction    Step norm     Optimality   
       0              1          4.082e-03                                    8.479e-02   
       1              2          3.236e-05      4.050e-03      1.293e-01      5.330e-03   
       2              3          4.599e-06      2.776e-05      6.882e-02      2.364e-03   
       3              4          5.300e-08      4.546e-06      1.538e-02      1.444e-04   
       4              5          1.137e-10      5.289e-08      6.604e-03      5.687e-06   
       5              6          1.245e-11      1.013e-10      2.400e-03      2.251e-06   
       6              8          4.403e-12      8.043e-12      5.162e-04      7.766e-07   
`gtol` condition satisfied. (gtol=1.00e-06)
         Current function value: 4.403e-12
         Total delta_x: 1.824e-01
         Iterations: 6
         Function evaluations: 8
         Jacobian evaluations: 7
[32mTimer: Solution time = 92.9 ms[0m
[32mTimer: Avg time per step = 13.2 ms[0m
==============================================================================================================
                                                                 Start  -->   End
Total (sum of squares):                                      4.082e-03  -->   4.403e-12, 
Maximum absolute Force error:                                2.596e+05  -->   3.657e+01 (N)
Minimum absolute Force error:                                5.674e+02  -->   7.792e-03 (N)
Average absolute Force error:                                8.678e+04  -->   2.448e+00 (N)
Maximum absolute Force error:                                4.186e-03  -->   5.896e-07 (normalized)
Minimum absolute Force error:                                9.148e-06  -->   1.256e-10 (normalized)
Average absolute Force error:                                1.399e-03  -->   3.948e-08 (normalized)
R boundary error:                                            0.000e+00  -->   3.469e-18 (m)
Z boundary error:                                            0.000e+00  -->   5.554e-17 (m)
Fixed Psi error:                                             0.000e+00  -->   0.000e+00 (Wb)
Fixed pressure profile error:                                0.000e+00  -->   0.000e+00 (Pa)
Fixed iota profile error:                                    0.000e+00  -->   0.000e+00 (dimensionless)
Fixed sheet current error:                                   0.000e+00  -->   0.000e+00 (~)
==============================================================================================================

[32mTimer: Iteration 1 total = 369 ms[0m
================
Step 2
================
Spectral indexing: ansi
Spectral resolution (L,M,N)=(8,8,0)
Node resolution (L,M,N)=(16,16,0)
Boundary ratio = 0
Pressure ratio = 0
Perturbation Order = 2
Objective: force
Optimizer: lsq-exact
================
Building objective: force
Precomputing transforms
[32mTimer: Precomputing transforms = 52.8 ms[0m
[32mTimer: Objective build = 61.8 ms[0m
Building objective: lcfs R
Building objective: lcfs Z
Building objective: fixed Psi
Building objective: fixed pressure
Building objective: fixed iota
Building objective: fixed sheet current
Building objective: self_consistency R
Building objective: self_consistency Z
Building objective: lambda gauge
Building objective: axis R self consistency
Building objective: axis Z self consistency
[32mTimer: Objective build = 79.6 ms[0m
[32mTimer: LinearConstraintProjection build = 30.9 ms[0m
Number of parameters: 48
Number of objectives: 162
[32mTimer: Initializing the optimization = 175 ms[0m

Starting optimization
Using method: lsq-exact
   Iteration     Total nfev        Cost      Cost reduction    Step norm     Optimality   
       0              1          4.386e-12                                    9.970e-07   
`gtol` condition satisfied. (gtol=1.00e-06)
         Current function value: 4.386e-12
         Total delta_x: 0.000e+00
         Iterations: 0
         Function evaluations: 1
         Jacobian evaluations: 1
[32mTimer: Solution time = 16.2 ms[0m
[32mTimer: Avg time per step = 16.2 ms[0m
==============================================================================================================
                                                                 Start  -->   End
Total (sum of squares):                                      4.386e-12  -->   4.386e-12, 
Maximum absolute Force error:                                4.102e+01  -->   4.102e+01 (N)
Minimum absolute Force error:                                2.050e-03  -->   2.050e-03 (N)
Average absolute Force error:                                2.445e+00  -->   2.445e+00 (N)
Maximum absolute Force error:                                6.614e-07  -->   6.614e-07 (normalized)
Minimum absolute Force error:                                3.305e-11  -->   3.305e-11 (normalized)
Average absolute Force error:                                3.942e-08  -->   3.942e-08 (normalized)
R boundary error:                                            0.000e+00  -->   0.000e+00 (m)
Z boundary error:                                            0.000e+00  -->   0.000e+00 (m)
Fixed Psi error:                                             0.000e+00  -->   0.000e+00 (Wb)
Fixed pressure profile error:                                0.000e+00  -->   0.000e+00 (Pa)
Fixed iota profile error:                                    0.000e+00  -->   0.000e+00 (dimensionless)
Fixed sheet current error:                                   0.000e+00  -->   0.000e+00 (~)
==============================================================================================================

[32mTimer: Iteration 2 total = 316 ms[0m
================
Step 3
================
Spectral indexing: ansi
Spectral resolution (L,M,N)=(8,8,0)
Node resolution (L,M,N)=(16,16,0)
Boundary ratio = 0
Pressure ratio = 0.5
Perturbation Order = 2
Objective: force
Optimizer: lsq-exact
================
Perturbing equilibrium
Building objective: force
Precomputing transforms
[32mTimer: Precomputing transforms = 46.7 ms[0m
[32mTimer: Objective build = 54.3 ms[0m
Building objective: lcfs R
Building objective: lcfs Z
Building objective: fixed Psi
Building objective: fixed pressure
Building objective: fixed iota
Building objective: fixed sheet current
Building objective: self_consistency R
Building objective: self_consistency Z
Building objective: lambda gauge
Building objective: axis R self consistency
Building objective: axis Z self consistency
[32mTimer: Objective build = 90.6 ms[0m
Perturbing p_l
Factorizing linear constraints
[32mTimer: linear constraint factorize = 26.5 ms[0m
Computing df
[32mTimer: df computation = 2.82 ms[0m
Factoring df
[32mTimer: df/dx factorization = 129 us[0m
Computing d^2f
[32mTimer: d^2f computation = 690 us[0m
[32mTimer: Objective build = 1.56 ms[0m
||dx||/||x|| =  2.784e-02
[32mTimer: Total perturbation = 187 ms[0m
Building objective: self_consistency R
Building objective: self_consistency Z
Building objective: lambda gauge
Building objective: axis R self consistency
Building objective: axis Z self consistency
[32mTimer: Objective build = 9.71 ms[0m
[32mTimer: LinearConstraintProjection build = 36.6 ms[0m
Number of parameters: 48
Number of objectives: 162
[32mTimer: Initializing the optimization = 50.0 ms[0m

Starting optimization
Using method: lsq-exact
   Iteration     Total nfev        Cost      Cost reduction    Step norm     Optimality   
       0              1          5.931e-03                                    6.105e-02   
       1              2          9.365e-05      5.838e-03      6.847e-02      5.669e-03   
       2              3          1.066e-05      8.299e-05      6.662e-02      2.380e-03   
       3              5          7.182e-07      9.946e-06      1.963e-02      6.747e-04   
       4              7          3.130e-08      6.869e-07      1.286e-02      1.217e-04   
       5              9          3.719e-09      2.758e-08      3.499e-03      3.116e-05   
       6             11          1.512e-09      2.207e-09      1.971e-03      8.857e-06   
       7             13          1.351e-09      1.604e-10      9.416e-04      2.201e-06   
       8             15          1.319e-09      3.276e-11      4.533e-04      5.231e-07   
`gtol` condition satisfied. (gtol=1.00e-06)
         Current function value: 1.319e-09
         Total delta_x: 4.709e-02
         Iterations: 8
         Function evaluations: 15
         Jacobian evaluations: 9
[32mTimer: Solution time = 147 ms[0m
[32mTimer: Avg time per step = 16.3 ms[0m
==============================================================================================================
                                                                 Start  -->   End
Total (sum of squares):                                      5.931e-03  -->   1.319e-09, 
Maximum absolute Force error:                                2.158e+06  -->   5.342e+02 (N)
Minimum absolute Force error:                                1.988e+02  -->   7.159e-02 (N)
Average absolute Force error:                                7.191e+04  -->   4.560e+01 (N)
Maximum absolute Force error:                                3.479e-02  -->   8.614e-06 (normalized)
Minimum absolute Force error:                                3.205e-06  -->   1.154e-09 (normalized)
Average absolute Force error:                                1.160e-03  -->   7.353e-07 (normalized)
R boundary error:                                            0.000e+00  -->   0.000e+00 (m)
Z boundary error:                                            0.000e+00  -->   0.000e+00 (m)
Fixed Psi error:                                             0.000e+00  -->   0.000e+00 (Wb)
Fixed pressure profile error:                                0.000e+00  -->   0.000e+00 (Pa)
Fixed iota profile error:                                    0.000e+00  -->   0.000e+00 (dimensionless)
Fixed sheet current error:                                   0.000e+00  -->   0.000e+00 (~)
==============================================================================================================

[32mTimer: Iteration 3 total = 630 ms[0m
================
Step 4
================
Spectral indexing: ansi
Spectral resolution (L,M,N)=(8,8,0)
Node resolution (L,M,N)=(16,16,0)
Boundary ratio = 0
Pressure ratio = 1.0
Perturbation Order = 2
Objective: force
Optimizer: lsq-exact
================
Perturbing equilibrium
Building objective: force
Precomputing transforms
[32mTimer: Precomputing transforms = 38.3 ms[0m
[32mTimer: Objective build = 44.1 ms[0m
Building objective: lcfs R
Building objective: lcfs Z
Building objective: fixed Psi
Building objective: fixed pressure
Building objective: fixed iota
Building objective: fixed sheet current
Building objective: self_consistency R
Building objective: self_consistency Z
Building objective: lambda gauge
Building objective: axis R self consistency
Building objective: axis Z self consistency
[32mTimer: Objective build = 72.2 ms[0m
Perturbing p_l
Factorizing linear constraints
[32mTimer: linear constraint factorize = 21.2 ms[0m
Computing df
[32mTimer: df computation = 1.35 ms[0m
Factoring df
[32mTimer: df/dx factorization = 26.8 us[0m
Computing d^2f
[32mTimer: d^2f computation = 295 us[0m
[32mTimer: Objective build = 1.33 ms[0m
||dx||/||x|| =  2.443e-02
[32mTimer: Total perturbation = 135 ms[0m
Building objective: self_consistency R
Building objective: self_consistency Z
Building objective: lambda gauge
Building objective: axis R self consistency
Building objective: axis Z self consistency
[32mTimer: Objective build = 7.16 ms[0m
[32mTimer: LinearConstraintProjection build = 24.1 ms[0m
Number of parameters: 48
Number of objectives: 162
[32mTimer: Initializing the optimization = 33.9 ms[0m

Starting optimization
Using method: lsq-exact
   Iteration     Total nfev        Cost      Cost reduction    Step norm     Optimality   
       0              1          8.949e-05                                    7.795e-03   
       1              2          2.375e-08      8.947e-05      2.629e-02      1.135e-04   
       2              5          5.050e-09      1.870e-08      8.883e-03      4.957e-05   
       3              7          4.298e-10      4.620e-09      4.678e-03      7.329e-06   
       4              9          3.558e-10      7.390e-11      1.821e-03      2.192e-06   
       5             11          3.452e-10      1.062e-11      8.931e-04      6.300e-07   
`gtol` condition satisfied. (gtol=1.00e-06)
         Current function value: 3.452e-10
         Total delta_x: 3.708e-02
         Iterations: 5
         Function evaluations: 11
         Jacobian evaluations: 6
[32mTimer: Solution time = 74.9 ms[0m
[32mTimer: Avg time per step = 12.4 ms[0m
==============================================================================================================
                                                                 Start  -->   End
Total (sum of squares):                                      8.949e-05  -->   3.452e-10, 
Maximum absolute Force error:                                1.904e+05  -->   2.793e+02 (N)
Minimum absolute Force error:                                3.371e+01  -->   1.731e-01 (N)
Average absolute Force error:                                9.296e+03  -->   2.216e+01 (N)
Maximum absolute Force error:                                3.071e-03  -->   4.503e-06 (normalized)
Minimum absolute Force error:                                5.436e-07  -->   2.791e-09 (normalized)
Average absolute Force error:                                1.499e-04  -->   3.573e-07 (normalized)
R boundary error:                                            0.000e+00  -->   0.000e+00 (m)
Z boundary error:                                            0.000e+00  -->   0.000e+00 (m)
Fixed Psi error:                                             0.000e+00  -->   0.000e+00 (Wb)
Fixed pressure profile error:                                0.000e+00  -->   0.000e+00 (Pa)
Fixed iota profile error:                                    0.000e+00  -->   0.000e+00 (dimensionless)
Fixed sheet current error:                                   0.000e+00  -->   0.000e+00 (~)
==============================================================================================================

[32mTimer: Iteration 4 total = 444 ms[0m
================
Step 5
================
Spectral indexing: ansi
Spectral resolution (L,M,N)=(8,8,3)
Node resolution (L,M,N)=(16,16,6)
Boundary ratio = 0.25
Pressure ratio = 1
Perturbation Order = 2
Objective: force
Optimizer: lsq-exact
================
Perturbing equilibrium
Building objective: force
Precomputing transforms
[32mTimer: Precomputing transforms = 64.9 ms[0m
[32mTimer: Objective build = 72.3 ms[0m
Building objective: lcfs R
Building objective: lcfs Z
Building objective: fixed Psi
Building objective: fixed pressure
Building objective: fixed iota
Building objective: fixed sheet current
Building objective: self_consistency R
Building objective: self_consistency Z
Building objective: lambda gauge
Building objective: axis R self consistency
Building objective: axis Z self consistency
[32mTimer: Objective build = 85.8 ms[0m
Perturbing Rb_lmn, Zb_lmn
Factorizing linear constraints
[32mTimer: linear constraint factorize = 46.6 ms[0m
Computing df
[32mTimer: df computation = 2.28 ms[0m
Factoring df
[32mTimer: df/dx factorization = 105 us[0m
Computing d^2f
[32mTimer: d^2f computation = 579 us[0m
[32mTimer: Objective build = 1.44 ms[0m
||dx||/||x|| =  1.061e-02
[32mTimer: Total perturbation = 1.12 sec[0m
Building objective: self_consistency R
Building objective: self_consistency Z
Building objective: lambda gauge
Building objective: axis R self consistency
Building objective: axis Z self consistency
[32mTimer: Objective build = 15.9 ms[0m
[32mTimer: LinearConstraintProjection build = 64.2 ms[0m
Number of parameters: 351
Number of objectives: 2106
[32mTimer: Initializing the optimization = 85.5 ms[0m

Starting optimization
Using method: lsq-exact
   Iteration     Total nfev        Cost      Cost reduction    Step norm     Optimality   
       0              1          6.673e-05                                    6.269e-03   
       1              2          3.368e-08      6.670e-05      1.583e-02      1.667e-04   
       2              4          1.002e-09      3.268e-08      6.088e-03      1.420e-05   
       3              6          1.816e-10      8.202e-10      2.583e-03      5.698e-06   
       4              8          1.151e-10      6.653e-11      1.618e-03      1.131e-06   
       5             10          9.977e-11      1.528e-11      5.976e-04      4.426e-07   
`gtol` condition satisfied. (gtol=1.00e-06)
         Current function value: 9.977e-11
         Total delta_x: 2.095e-02
         Iterations: 5
         Function evaluations: 10
         Jacobian evaluations: 6
[32mTimer: Solution time = 1.90 sec[0m
[32mTimer: Avg time per step = 318 ms[0m
==============================================================================================================
                                                                 Start  -->   End
Total (sum of squares):                                      6.673e-05  -->   9.977e-11, 
Maximum absolute Force error:                                1.670e+05  -->   1.273e+02 (N)
Minimum absolute Force error:                                1.833e+00  -->   1.347e-02 (N)
Average absolute Force error:                                8.038e+03  -->   1.185e+01 (N)
Maximum absolute Force error:                                2.693e-03  -->   2.053e-06 (normalized)
Minimum absolute Force error:                                2.955e-08  -->   2.173e-10 (normalized)
Average absolute Force error:                                1.296e-04  -->   1.911e-07 (normalized)
R boundary error:                                            0.000e+00  -->   0.000e+00 (m)
Z boundary error:                                            0.000e+00  -->   0.000e+00 (m)
Fixed Psi error:                                             0.000e+00  -->   0.000e+00 (Wb)
Fixed pressure profile error:                                0.000e+00  -->   0.000e+00 (Pa)
Fixed iota profile error:                                    0.000e+00  -->   0.000e+00 (dimensionless)
Fixed sheet current error:                                   0.000e+00  -->   0.000e+00 (~)
==============================================================================================================

[32mTimer: Iteration 5 total = 3.51 sec[0m
================
Step 6
================
Spectral indexing: ansi
Spectral resolution (L,M,N)=(8,8,3)
Node resolution (L,M,N)=(16,16,6)
Boundary ratio = 0.5
Pressure ratio = 1
Perturbation Order = 2
Objective: force
Optimizer: lsq-exact
================
Perturbing equilibrium
Building objective: force
Precomputing transforms
[32mTimer: Precomputing transforms = 67.9 ms[0m
[32mTimer: Objective build = 75.4 ms[0m
Building objective: lcfs R
Building objective: lcfs Z
Building objective: fixed Psi
Building objective: fixed pressure
Building objective: fixed iota
Building objective: fixed sheet current
Building objective: self_consistency R
Building objective: self_consistency Z
Building objective: lambda gauge
Building objective: axis R self consistency
Building objective: axis Z self consistency
[32mTimer: Objective build = 79.2 ms[0m
Perturbing Rb_lmn, Zb_lmn
Factorizing linear constraints
[32mTimer: linear constraint factorize = 40.1 ms[0m
Computing df
[32mTimer: df computation = 1.62 ms[0m
Factoring df
[32mTimer: df/dx factorization = 26.5 us[0m
Computing d^2f
[32mTimer: d^2f computation = 1.17 ms[0m
[32mTimer: Objective build = 1.87 ms[0m
||dx||/||x|| =  1.087e-02
[32mTimer: Total perturbation = 563 ms[0m
Building objective: self_consistency R
Building objective: self_consistency Z
Building objective: lambda gauge
Building objective: axis R self consistency
Building objective: axis Z self consistency
[32mTimer: Objective build = 10.0 ms[0m
[32mTimer: LinearConstraintProjection build = 49.8 ms[0m
Number of parameters: 351
Number of objectives: 2106
[32mTimer: Initializing the optimization = 64.7 ms[0m

Starting optimization
Using method: lsq-exact
   Iteration     Total nfev        Cost      Cost reduction    Step norm     Optimality   
       0              1          6.394e-05                                    6.212e-03   
       1              2          6.881e-08      6.387e-05      1.336e-02      1.640e-04   
       2              4          9.055e-09      5.975e-08      7.900e-03      4.617e-05   
       3              6          3.241e-10      8.731e-09      3.400e-03      7.577e-06   
       4              8          1.251e-10      1.991e-10      1.750e-03      2.134e-06   
       5             10          9.815e-11      2.693e-11      8.831e-04      5.065e-07   
`gtol` condition satisfied. (gtol=1.00e-06)
         Current function value: 9.815e-11
         Total delta_x: 1.355e-02
         Iterations: 5
         Function evaluations: 10
         Jacobian evaluations: 6
[32mTimer: Solution time = 1.94 sec[0m
[32mTimer: Avg time per step = 323 ms[0m
==============================================================================================================
                                                                 Start  -->   End
Total (sum of squares):                                      6.394e-05  -->   9.815e-11, 
Maximum absolute Force error:                                1.398e+05  -->   1.607e+02 (N)
Minimum absolute Force error:                                1.032e+00  -->   1.550e-02 (N)
Average absolute Force error:                                8.076e+03  -->   1.144e+01 (N)
Maximum absolute Force error:                                2.254e-03  -->   2.591e-06 (normalized)
Minimum absolute Force error:                                1.663e-08  -->   2.500e-10 (normalized)
Average absolute Force error:                                1.302e-04  -->   1.845e-07 (normalized)
R boundary error:                                            0.000e+00  -->   0.000e+00 (m)
Z boundary error:                                            0.000e+00  -->   0.000e+00 (m)
Fixed Psi error:                                             0.000e+00  -->   0.000e+00 (Wb)
Fixed pressure profile error:                                0.000e+00  -->   0.000e+00 (Pa)
Fixed iota profile error:                                    0.000e+00  -->   0.000e+00 (dimensionless)
Fixed sheet current error:                                   0.000e+00  -->   0.000e+00 (~)
==============================================================================================================

[32mTimer: Iteration 6 total = 2.87 sec[0m
================
Step 7
================
Spectral indexing: ansi
Spectral resolution (L,M,N)=(8,8,3)
Node resolution (L,M,N)=(16,16,6)
Boundary ratio = 0.75
Pressure ratio = 1
Perturbation Order = 2
Objective: force
Optimizer: lsq-exact
================
Perturbing equilibrium
Building objective: force
Precomputing transforms
[32mTimer: Precomputing transforms = 61.3 ms[0m
[32mTimer: Objective build = 68.3 ms[0m
Building objective: lcfs R
Building objective: lcfs Z
Building objective: fixed Psi
Building objective: fixed pressure
Building objective: fixed iota
Building objective: fixed sheet current
Building objective: self_consistency R
Building objective: self_consistency Z
Building objective: lambda gauge
Building objective: axis R self consistency
Building objective: axis Z self consistency
[32mTimer: Objective build = 82.8 ms[0m
Perturbing Rb_lmn, Zb_lmn
Factorizing linear constraints
[32mTimer: linear constraint factorize = 40.7 ms[0m
Computing df
[32mTimer: df computation = 1.52 ms[0m
Factoring df
[32mTimer: df/dx factorization = 26.1 us[0m
Computing d^2f
[32mTimer: d^2f computation = 341 us[0m
[32mTimer: Objective build = 1.62 ms[0m
||dx||/||x|| =  3.206e-03
[32mTimer: Total perturbation = 458 ms[0m
Building objective: self_consistency R
Building objective: self_consistency Z
Building objective: lambda gauge
Building objective: axis R self consistency
Building objective: axis Z self consistency
[32mTimer: Objective build = 9.61 ms[0m
[32mTimer: LinearConstraintProjection build = 43.9 ms[0m
Number of parameters: 351
Number of objectives: 2106
[32mTimer: Initializing the optimization = 56.8 ms[0m

Starting optimization
Using method: lsq-exact
   Iteration     Total nfev        Cost      Cost reduction    Step norm     Optimality   
       0              1          4.565e-08                                    1.083e-04   
       1              3          4.309e-09      4.134e-08      4.045e-03      3.825e-05   
       2              5          1.555e-10      4.154e-09      2.086e-03      5.429e-06   
       3              7          9.785e-11      5.761e-11      9.242e-04      2.773e-06   
       4              9          8.201e-11      1.583e-11      4.695e-04      6.420e-07   
`gtol` condition satisfied. (gtol=1.00e-06)
         Current function value: 8.201e-11
         Total delta_x: 6.567e-03
         Iterations: 4
         Function evaluations: 9
         Jacobian evaluations: 5
[32mTimer: Solution time = 1.43 sec[0m
[32mTimer: Avg time per step = 286 ms[0m
==============================================================================================================
                                                                 Start  -->   End
Total (sum of squares):                                      4.565e-08  -->   8.201e-11, 
Maximum absolute Force error:                                5.081e+03  -->   1.655e+02 (N)
Minimum absolute Force error:                                1.013e-01  -->   3.140e-03 (N)
Average absolute Force error:                                2.313e+02  -->   1.026e+01 (N)
Maximum absolute Force error:                                8.192e-05  -->   2.669e-06 (normalized)
Minimum absolute Force error:                                1.633e-09  -->   5.063e-11 (normalized)
Average absolute Force error:                                3.729e-06  -->   1.654e-07 (normalized)
R boundary error:                                            0.000e+00  -->   0.000e+00 (m)
Z boundary error:                                            0.000e+00  -->   0.000e+00 (m)
Fixed Psi error:                                             0.000e+00  -->   0.000e+00 (Wb)
Fixed pressure profile error:                                0.000e+00  -->   0.000e+00 (Pa)
Fixed iota profile error:                                    0.000e+00  -->   0.000e+00 (dimensionless)
Fixed sheet current error:                                   0.000e+00  -->   0.000e+00 (~)
==============================================================================================================

[32mTimer: Iteration 7 total = 2.24 sec[0m
================
Step 8
================
Spectral indexing: ansi
Spectral resolution (L,M,N)=(8,8,3)
Node resolution (L,M,N)=(16,16,6)
Boundary ratio = 1.0
Pressure ratio = 1
Perturbation Order = 2
Objective: force
Optimizer: lsq-exact
================
Perturbing equilibrium
Building objective: force
Precomputing transforms
[32mTimer: Precomputing transforms = 61.4 ms[0m
[32mTimer: Objective build = 68.4 ms[0m
Building objective: lcfs R
Building objective: lcfs Z
Building objective: fixed Psi
Building objective: fixed pressure
Building objective: fixed iota
Building objective: fixed sheet current
Building objective: self_consistency R
Building objective: self_consistency Z
Building objective: lambda gauge
Building objective: axis R self consistency
Building objective: axis Z self consistency
[32mTimer: Objective build = 77.6 ms[0m
Perturbing Rb_lmn, Zb_lmn
Factorizing linear constraints
[32mTimer: linear constraint factorize = 41.0 ms[0m
Computing df
[32mTimer: df computation = 1.57 ms[0m
Factoring df
[32mTimer: df/dx factorization = 25.4 us[0m
Computing d^2f
[32mTimer: d^2f computation = 332 us[0m
[32mTimer: Objective build = 1.58 ms[0m
||dx||/||x|| =  1.508e-03
[32mTimer: Total perturbation = 460 ms[0m
Building objective: self_consistency R
Building objective: self_consistency Z
Building objective: lambda gauge
Building objective: axis R self consistency
Building objective: axis Z self consistency
[32mTimer: Objective build = 10.4 ms[0m
[32mTimer: LinearConstraintProjection build = 42.6 ms[0m
Number of parameters: 351
Number of objectives: 2106
[32mTimer: Initializing the optimization = 56.5 ms[0m

Starting optimization
Using method: lsq-exact
   Iteration     Total nfev        Cost      Cost reduction    Step norm     Optimality   
       0              1          1.954e-08                                    9.544e-05   
       1              3          6.701e-10      1.887e-08      3.179e-03      1.408e-05   
       2              5          1.408e-10      5.293e-10      1.799e-03      6.391e-06   
       3              7          8.070e-11      6.012e-11      9.839e-04      9.825e-07   
`gtol` condition satisfied. (gtol=1.00e-06)
         Current function value: 8.070e-11
         Total delta_x: 2.919e-03
         Iterations: 3
         Function evaluations: 7
         Jacobian evaluations: 4
[32mTimer: Solution time = 938 ms[0m
[32mTimer: Avg time per step = 234 ms[0m
==============================================================================================================
                                                                 Start  -->   End
Total (sum of squares):                                      1.954e-08  -->   8.070e-11, 
Maximum absolute Force error:                                4.887e+03  -->   1.746e+02 (N)
Minimum absolute Force error:                                3.771e-03  -->   5.952e-03 (N)
Average absolute Force error:                                1.347e+02  -->   1.018e+01 (N)
Maximum absolute Force error:                                7.880e-05  -->   2.815e-06 (normalized)
Minimum absolute Force error:                                6.080e-11  -->   9.597e-11 (normalized)
Average absolute Force error:                                2.171e-06  -->   1.641e-07 (normalized)
R boundary error:                                            0.000e+00  -->   0.000e+00 (m)
Z boundary error:                                            0.000e+00  -->   0.000e+00 (m)
Fixed Psi error:                                             0.000e+00  -->   0.000e+00 (Wb)
Fixed pressure profile error:                                0.000e+00  -->   0.000e+00 (Pa)
Fixed iota profile error:                                    0.000e+00  -->   0.000e+00 (dimensionless)
Fixed sheet current error:                                   0.000e+00  -->   0.000e+00 (~)
==============================================================================================================

[32mTimer: Iteration 8 total = 1.75 sec[0m
====================
Done
[32mTimer: Total time = 12.3 sec[0m
====================


# Python warnings captured during continuation
RuntimeWarning: divide by zero encountered in matmul
RuntimeWarning: overflow encountered in matmul
RuntimeWarning: invalid value encountered in matmul
RuntimeWarning: divide by zero encountered in matmul
RuntimeWarning: overflow encountered in matmul
RuntimeWarning: invalid value encountered in matmul
RuntimeWarning: divide by zero encountered in matmul
RuntimeWarning: overflow encountered in matmul
RuntimeWarning: invalid value encountered in matmul
RuntimeWarning: divide by zero encountered in matmul
RuntimeWarning: overflow encountered in matmul
RuntimeWarning: invalid value encountered in matmul
RuntimeWarning: divide by zero encountered in matmul
RuntimeWarning: overflow encountered in matmul
RuntimeWarning: invalid value encountered in matmul
RuntimeWarning: divide by zero encountered in matmul
RuntimeWarning: overflow encountered in matmul
RuntimeWarning: invalid value encountered in matmul
RuntimeWarning: divide by zero encountered in matmul
RuntimeWarning: overflow encountered in matmul
RuntimeWarning: invalid value encountered in matmul
RuntimeWarning: divide by zero encountered in matmul
RuntimeWarning: overflow encountered in matmul
RuntimeWarning: invalid value encountered in matmul
RuntimeWarning: divide by zero encountered in matmul
RuntimeWarning: overflow encountered in matmul
RuntimeWarning: invalid value encountered in matmul
RuntimeWarning: divide by zero encountered in matmul
RuntimeWarning: overflow encountered in matmul
RuntimeWarning: invalid value encountered in matmul
RuntimeWarning: divide by zero encountered in matmul
RuntimeWarning: overflow encountered in matmul
RuntimeWarning: invalid value encountered in matmul
RuntimeWarning: divide by zero encountered in matmul
RuntimeWarning: overflow encountered in matmul
RuntimeWarning: invalid value encountered in matmul
RuntimeWarning: divide by zero encountered in matmul
RuntimeWarning: overflow encountered in matmul
RuntimeWarning: invalid value encountered in matmul
RuntimeWarning: divide by zero encountered in matmul
RuntimeWarning: overflow encountered in matmul
RuntimeWarning: invalid value encountered in matmul
RuntimeWarning: divide by zero encountered in matmul
RuntimeWarning: overflow encountered in matmul
RuntimeWarning: invalid value encountered in matmul
RuntimeWarning: divide by zero encountered in matmul
RuntimeWarning: overflow encountered in matmul
RuntimeWarning: invalid value encountered in matmul
RuntimeWarning: divide by zero encountered in matmul
RuntimeWarning: overflow encountered in matmul
RuntimeWarning: invalid value encountered in matmul
RuntimeWarning: divide by zero encountered in matmul
RuntimeWarning: overflow encountered in matmul
RuntimeWarning: invalid value encountered in matmul
RuntimeWarning: divide by zero encountered in matmul
RuntimeWarning: overflow encountered in matmul
RuntimeWarning: invalid value encountered in matmul
RuntimeWarning: divide by zero encountered in matmul
RuntimeWarning: overflow encountered in matmul
RuntimeWarning: invalid value encountered in matmul
RuntimeWarning: divide by zero encountered in matmul
RuntimeWarning: overflow encountered in matmul
RuntimeWarning: invalid value encountered in matmul
RuntimeWarning: divide by zero encountered in matmul
RuntimeWarning: overflow encountered in matmul
RuntimeWarning: invalid value encountered in matmul
RuntimeWarning: divide by zero encountered in matmul
RuntimeWarning: overflow encountered in matmul
RuntimeWarning: invalid value encountered in matmul
RuntimeWarning: divide by zero encountered in matmul
RuntimeWarning: overflow encountered in matmul
RuntimeWarning: invalid value encountered in matmul
