================
Step 1
================
Spectral indexing: ansi
Spectral resolution (L,M,N)=(6,6,0)
Node resolution (L,M,N)=(12,12,0)
Boundary ratio = 0
Pressure ratio = 0
Perturbation Order = 2
Objective: force
Optimizer: lsq-exact
================
Building objective: force
Precomputing transforms
Timer: Precomputing transforms = 977 ms
Timer: Objective build = 1.34 sec
Building objective: lcfs R
Building objective: lcfs Z
Building objective: fixed Psi
Building objective: fixed pressure
Building objective: fixed iota
Building objective: fixed sheet current
Building objective: self_consistency R
Building objective: self_consistency Z
Building objective: lambda gauge
Building objective: axis R self consistency
Building objective: axis Z self consistency
Timer: Objective build = 567 ms
Timer: LinearConstraintProjection build = 3.27 sec
Number of parameters: 27
Number of objectives: 98
Timer: Initializing the optimization = 5.22 sec

Starting optimization
Using method: lsq-exact
   Iteration     Total nfev        Cost      Cost reduction    Step norm     Optimality   
       0              1          1.466e-02                                    1.698e-01   
       1              2          6.123e-05      1.460e-02      1.064e-01      7.878e-03   
       2              3          4.757e-09      6.122e-05      1.901e-02      4.480e-05   
       3              6          9.124e-10      3.845e-09      1.138e-02      1.745e-05   
       4              8          5.031e-10      4.093e-10      6.117e-03      4.642e-06   
       5             10          4.382e-10      6.491e-11      3.017e-03      1.381e-06   
       6             11          3.830e-10      5.520e-11      5.850e-03      4.927e-06   
       7             12          3.215e-10      6.149e-11      5.178e-03      3.395e-06   
       8             13          2.963e-10      2.521e-11      7.745e-03      3.682e-06   
       9             14          2.257e-10      7.057e-11      5.246e-03      6.827e-06   
      10             15          1.749e-10      5.077e-11      4.159e-03      4.255e-06   
      11             16          1.417e-10      3.322e-11      7.368e-03      5.500e-06   
      12             17          8.550e-11      5.621e-11      7.640e-03      2.123e-06   
      13             19          6.805e-11      1.745e-11      3.673e-03      2.439e-06   
      14             20          4.709e-11      2.096e-11      3.985e-03      7.000e-07   
      15             22          4.034e-11      6.750e-12      2.179e-03      6.792e-07   
      16             23          3.569e-11      4.654e-12      4.303e-03      2.257e-06   
      17             24          2.548e-11      1.021e-11      4.217e-03      1.727e-06   
      18             25          2.402e-11      1.462e-12      4.239e-03      3.228e-06   
      19             26          1.187e-11      1.215e-11      1.162e-03      4.643e-07   
      20             27          1.117e-11      6.998e-13      2.340e-03      1.394e-06   
      21             28          1.034e-11      8.310e-13      2.459e-03      1.717e-06   
      22             29          6.922e-12      3.416e-12      6.892e-04      1.434e-07   
      23             30          6.376e-12      5.467e-13      1.315e-03      5.167e-07   
      24             31          5.643e-12      7.330e-13      1.313e-03      5.335e-07   
      25             32          4.994e-12      6.488e-13      1.309e-03      5.461e-07   
      26             33          4.432e-12      5.622e-13      1.294e-03      5.529e-07   
      27             34          3.969e-12      4.622e-13      1.271e-03      5.527e-07   
      28             35          3.625e-12      3.446e-13      1.246e-03      5.461e-07   
      29             36          3.412e-12      2.124e-13      1.223e-03      5.336e-07   
      30             37          3.237e-12      1.749e-13      1.121e-03      4.496e-07   
      31             38          2.973e-12      2.648e-13      4.837e-04      8.080e-08   
      32             39          2.961e-12      1.141e-14      4.244e-04      5.867e-08   
Optimization terminated successfully.
`ftol` condition satisfied. (ftol=1.00e-02)
         Current function value: 2.961e-12
         Total delta_x: 1.824e-01
         Iterations: 32
         Function evaluations: 39
         Jacobian evaluations: 33
Timer: Solution time = 4.51 sec
Timer: Avg time per step = 136 ms
==============================================================================================================
                                                                 Start  -->   End
Total (sum of squares):                                      1.466e-02  -->   2.961e-12, 
Maximum absolute Force error:                                7.047e+05  -->   3.469e+01 (N)
Minimum absolute Force error:                                6.344e+01  -->   1.303e-02 (N)
Average absolute Force error:                                2.079e+05  -->   2.751e+00 (N)
Maximum absolute Force error:                                8.747e-03  -->   4.306e-07 (normalized)
Minimum absolute Force error:                                7.875e-07  -->   1.618e-10 (normalized)
Average absolute Force error:                                2.581e-03  -->   3.415e-08 (normalized)
R boundary error:                                            0.000e+00  -->   0.000e+00 (m)
Z boundary error:                                            0.000e+00  -->   0.000e+00 (m)
Fixed Psi error:                                             0.000e+00  -->   0.000e+00 (Wb)
Fixed pressure profile error:                                0.000e+00  -->   0.000e+00 (Pa)
Fixed iota profile error:                                    0.000e+00  -->   0.000e+00 (dimensionless)
Fixed sheet current error:                                   0.000e+00  -->   0.000e+00 (~)
==============================================================================================================

Timer: Iteration 1 total = 11.1 sec
================
Step 2
================
Spectral indexing: ansi
Spectral resolution (L,M,N)=(12,12,0)
Node resolution (L,M,N)=(24,24,0)
Boundary ratio = 0
Pressure ratio = 0
Perturbation Order = 2
Objective: force
Optimizer: lsq-exact
================
Building objective: force
Precomputing transforms
Timer: Precomputing transforms = 1.08 sec
Timer: Objective build = 1.17 sec
Building objective: lcfs R
Building objective: lcfs Z
Building objective: fixed Psi
Building objective: fixed pressure
Building objective: fixed iota
Building objective: fixed sheet current
Building objective: self_consistency R
Building objective: self_consistency Z
Building objective: lambda gauge
Building objective: axis R self consistency
Building objective: axis Z self consistency
Timer: Objective build = 531 ms
Timer: LinearConstraintProjection build = 3.15 sec
Number of parameters: 108
Number of objectives: 338
Timer: Initializing the optimization = 4.88 sec

Starting optimization
Using method: lsq-exact
   Iteration     Total nfev        Cost      Cost reduction    Step norm     Optimality   
       0              1          2.947e-12                                    2.916e-07   
       1              5          2.264e-12      6.835e-13      9.722e-04      5.945e-07   
       2              6          3.651e-13      1.899e-12      6.689e-04      2.785e-07   
       3              8          5.871e-14      3.064e-13      2.605e-04      6.285e-08   
       4             10          2.489e-14      3.382e-14      1.688e-04      1.888e-08   
       5             12          1.937e-14      5.517e-15      7.717e-05      5.032e-09   
`gtol` condition satisfied. (gtol=1.00e-08)
         Current function value: 1.937e-14
         Total delta_x: 1.743e-03
         Iterations: 5
         Function evaluations: 12
         Jacobian evaluations: 6
Timer: Solution time = 4.06 sec
Timer: Avg time per step = 677 ms
==============================================================================================================
                                                                 Start  -->   End
Total (sum of squares):                                      2.947e-12  -->   1.937e-14, 
Maximum absolute Force error:                                4.730e+01  -->   1.110e+00 (N)
Minimum absolute Force error:                                1.458e-03  -->   1.750e-03 (N)
Average absolute Force error:                                2.641e+00  -->   1.868e-01 (N)
Maximum absolute Force error:                                5.871e-07  -->   1.378e-08 (normalized)
Minimum absolute Force error:                                1.809e-11  -->   2.173e-11 (normalized)
Average absolute Force error:                                3.278e-08  -->   2.319e-09 (normalized)
R boundary error:                                            0.000e+00  -->   0.000e+00 (m)
Z boundary error:                                            0.000e+00  -->   0.000e+00 (m)
Fixed Psi error:                                             0.000e+00  -->   0.000e+00 (Wb)
Fixed pressure profile error:                                0.000e+00  -->   0.000e+00 (Pa)
Fixed iota profile error:                                    0.000e+00  -->   0.000e+00 (dimensionless)
Fixed sheet current error:                                   0.000e+00  -->   0.000e+00 (~)
==============================================================================================================

Timer: Iteration 2 total = 12.1 sec
================
Step 3
================
Spectral indexing: ansi
Spectral resolution (L,M,N)=(12,12,0)
Node resolution (L,M,N)=(24,24,0)
Boundary ratio = 0
Pressure ratio = 0.5
Perturbation Order = 2
Objective: force
Optimizer: lsq-exact
================
Perturbing equilibrium
Building objective: force
Precomputing transforms
Timer: Precomputing transforms = 40.9 ms
Timer: Objective build = 47.0 ms
Building objective: lcfs R
Building objective: lcfs Z
Building objective: fixed Psi
Building objective: fixed pressure
Building objective: fixed iota
Building objective: fixed sheet current
Building objective: self_consistency R
Building objective: self_consistency Z
Building objective: lambda gauge
Building objective: axis R self consistency
Building objective: axis Z self consistency
Timer: Objective build = 68.6 ms
Perturbing p_l
Factorizing linear constraints
Timer: linear constraint factorize = 19.3 ms
Computing df
Timer: df computation = 2.99 sec
Factoring df
Timer: df/dx factorization = 32.7 ms
Computing d^2f
Timer: d^2f computation = 2.22 sec
Timer: Objective build = 1.42 ms
||dx||/||x|| =  5.561e-02
Timer: Total perturbation = 8.69 sec
Building objective: self_consistency R
Building objective: self_consistency Z
Building objective: lambda gauge
Building objective: axis R self consistency
Building objective: axis Z self consistency
Timer: Objective build = 7.27 ms
Timer: LinearConstraintProjection build = 22.1 ms
Number of parameters: 108
Number of objectives: 338
Timer: Initializing the optimization = 31.5 ms

Starting optimization
Using method: lsq-exact
   Iteration     Total nfev        Cost      Cost reduction    Step norm     Optimality   
       0              1          1.443e-02                                    5.821e-02   
       1              2          1.566e-03      1.286e-02      9.740e-02      3.180e-02   
       2              3          2.425e-04      1.323e-03      9.782e-02      1.561e-02   
       3              4          3.908e-05      2.034e-04      1.047e-01      3.791e-03   
       4              5          4.405e-06      3.468e-05      2.646e-02      1.932e-03   
       5              6          3.511e-06      8.936e-07      3.949e-02      1.546e-03   
       6              7          2.483e-08      3.486e-06      5.726e-03      9.268e-05   
       7              8          2.837e-09      2.200e-08      5.531e-03      2.264e-05   
       8             10          5.405e-10      2.297e-09      5.969e-03      1.205e-05   
       9             12          1.441e-10      3.964e-10      3.977e-03      5.783e-06   
      10             13          4.261e-11      1.014e-10      2.902e-03      3.485e-06   
      11             15          3.228e-12      3.939e-11      6.286e-04      2.271e-07   
      12             17          2.959e-12      2.692e-13      3.260e-04      5.731e-08   
      13             18          2.906e-12      5.300e-14      6.421e-04      2.383e-07   
      14             19          2.669e-12      2.370e-13      1.610e-04      1.461e-08   
      15             20          2.573e-12      9.591e-14      3.212e-04      5.921e-08   
      16             21          2.551e-12      2.226e-14      6.313e-04      2.361e-07   
      17             22          2.308e-12      2.422e-13      1.615e-04      1.460e-08   
      18             23          2.223e-12      8.541e-14      3.200e-04      5.842e-08   
      19             25          2.165e-12      5.826e-14      1.613e-04      1.447e-08   
      20             26          2.084e-12      8.088e-14      3.178e-04      5.851e-08   
      21             28          2.028e-12      5.633e-14      1.604e-04      1.451e-08   
      22             29          1.951e-12      7.624e-14      3.156e-04      5.896e-08   
      23             31          1.897e-12      5.440e-14      1.595e-04      1.472e-08   
      24             32          1.826e-12      7.140e-14      3.136e-04      6.014e-08   
      25             34          1.773e-12      5.249e-14      1.589e-04      1.511e-08   
      26             35          1.707e-12      6.634e-14      3.124e-04      6.211e-08   
      27             37          1.656e-12      5.052e-14      1.588e-04      1.568e-08   
      28             38          1.595e-12      6.107e-14      3.125e-04      6.486e-08   
      29             40          1.547e-12      4.849e-14      1.593e-04      1.676e-08   
      30             41          1.491e-12      5.550e-14      3.135e-04      7.053e-08   
      31             43          1.445e-12      4.659e-14      1.601e-04      1.844e-08   
      32             44          1.395e-12      4.944e-14      3.149e-04      7.844e-08   
      33             46          1.350e-12      4.531e-14      1.611e-04      2.070e-08   
      34             47          1.307e-12      4.264e-14      3.163e-04      8.862e-08   
      35             48          1.253e-12      5.434e-14      3.182e-04      9.646e-08   
      36             49          1.202e-12      5.099e-14      3.200e-04      1.050e-07   
      37             50          1.154e-12      4.795e-14      3.224e-04      1.142e-07   
      38             51          1.109e-12      4.523e-14      3.255e-04      1.238e-07   
      39             52          1.066e-12      4.292e-14      3.296e-04      1.335e-07   
      40             53          1.025e-12      4.115e-14      3.350e-04      1.430e-07   
      41             54          9.845e-13      4.003e-14      3.415e-04      1.517e-07   
      42             55          9.449e-13      3.960e-14      3.485e-04      1.589e-07   
      43             56          9.052e-13      3.971e-14      3.550e-04      1.640e-07   
      44             57          8.652e-13      4.005e-14      3.590e-04      1.664e-07   
      45             58          8.250e-13      4.021e-14      3.589e-04      1.657e-07   
      46             59          7.851e-13      3.982e-14      3.536e-04      1.615e-07   
      47             60          7.467e-13      3.845e-14      3.432e-04      1.541e-07   
      48             61          7.110e-13      3.569e-14      3.291e-04      1.438e-07   
      49             62          6.795e-13      3.150e-14      3.134e-04      1.323e-07   
      50             63          6.531e-13      2.642e-14      2.974e-04      1.212e-07   
      51             64          6.322e-13      2.090e-14      2.803e-04      1.115e-07   
      52             65          6.181e-13      1.413e-14      2.591e-04      1.043e-07   
      53             66          6.137e-13      4.399e-15      2.320e-04      1.279e-07   
      54             67          5.547e-13      5.893e-14      5.549e-05      1.312e-08   
      55             68          5.483e-13      6.404e-15      1.034e-04      4.677e-08   
      56             69          5.367e-13      1.161e-14      1.014e-04      4.981e-08   
      57             70          5.245e-13      1.224e-14      1.009e-04      5.097e-08   
      58             71          5.121e-13      1.243e-14      1.014e-04      5.109e-08   
      59             72          5.000e-13      1.205e-14      1.015e-04      5.216e-08   
      60             73          4.883e-13      1.175e-14      1.003e-04      5.212e-08   
      61             74          4.769e-13      1.131e-14      9.778e-05      5.122e-08   
      62             75          4.661e-13      1.083e-14      9.427e-05      4.973e-08   
      63             76          4.558e-13      1.034e-14      9.049e-05      4.803e-08   
      64             77          4.459e-13      9.886e-15      8.696e-05      4.638e-08   
      65             78          4.364e-13      9.471e-15      8.392e-05      4.488e-08   
      66             79          4.273e-13      9.105e-15      8.141e-05      4.348e-08   
      67             80          4.185e-13      8.785e-15      7.935e-05      4.242e-08   
      68             81          4.100e-13      8.505e-15      7.765e-05      4.215e-08   
      69             82          4.018e-13      8.265e-15      7.624e-05      4.197e-08   
      70             83          3.937e-13      8.064e-15      7.509e-05      4.182e-08   
      71             84          3.858e-13      7.910e-15      7.421e-05      4.395e-08   
      72             85          3.779e-13      7.889e-15      7.370e-05      4.651e-08   
      73             86          3.702e-13      7.710e-15      7.368e-05      4.997e-08   
      74             87          3.624e-13      7.799e-15      7.444e-05      5.340e-08   
      75             88          3.542e-13      8.215e-15      7.620e-05      5.552e-08   
      76             89          3.458e-13      8.381e-15      7.870e-05      5.708e-08   
      77             90          3.373e-13      8.508e-15      8.152e-05      5.791e-08   
      78             91          3.284e-13      8.849e-15      8.411e-05      5.672e-08   
      79             92          3.199e-13      8.547e-15      8.543e-05      5.546e-08   
      80             93          3.116e-13      8.262e-15      8.536e-05      5.379e-08   
      81             94          3.038e-13      7.826e-15      8.387e-05      5.216e-08   
      82             95          2.965e-13      7.345e-15      8.139e-05      5.077e-08   
      83             96          2.896e-13      6.873e-15      7.849e-05      4.973e-08   
      84             97          2.831e-13      6.440e-15      7.571e-05      5.181e-08   
      85             98          2.771e-13      6.055e-15      7.345e-05      5.438e-08   
      86             99          2.714e-13      5.718e-15      7.193e-05      5.675e-08   
      87             100         2.659e-13      5.425e-15      7.122e-05      5.888e-08   
      88             101         2.608e-13      5.171e-15      7.133e-05      6.073e-08   
      89             102         2.558e-13      4.952e-15      7.216e-05      6.229e-08   
      90             103         2.511e-13      4.760e-15      7.362e-05      6.353e-08   
      91             104         2.465e-13      4.591e-15      7.557e-05      6.445e-08   
      92             105         2.420e-13      4.440e-15      7.790e-05      6.506e-08   
      93             106         2.377e-13      4.302e-15      8.046e-05      6.537e-08   
      94             107         2.336e-13      4.174e-15      8.315e-05      6.540e-08   
      95             108         2.295e-13      4.055e-15      8.585e-05      6.517e-08   
      96             109         2.256e-13      3.944e-15      8.849e-05      6.469e-08   
      97             110         2.217e-13      3.842e-15      9.099e-05      6.399e-08   
      98             111         2.180e-13      3.750e-15      9.329e-05      6.306e-08   
      99             112         2.143e-13      3.673e-15      9.535e-05      6.191e-08   
      100            113         2.107e-13      3.615e-15      9.714e-05      6.054e-08   
Warning: Maximum number of iterations has been exceeded.
         Current function value: 2.107e-13
         Total delta_x: 1.266e-01
         Iterations: 100
         Function evaluations: 113
         Jacobian evaluations: 101
Timer: Solution time = 1.82 sec
Timer: Avg time per step = 18.0 ms
==============================================================================================================
                                                                 Start  -->   End
Total (sum of squares):                                      1.443e-02  -->   2.107e-13, 
Maximum absolute Force error:                                4.054e+06  -->   7.193e+00 (N)
Minimum absolute Force error:                                5.229e+02  -->   9.765e-03 (N)
Average absolute Force error:                                1.587e+05  -->   7.310e-01 (N)
Maximum absolute Force error:                                5.033e-02  -->   8.929e-08 (normalized)
Minimum absolute Force error:                                6.491e-06  -->   1.212e-10 (normalized)
Average absolute Force error:                                1.969e-03  -->   9.075e-09 (normalized)
R boundary error:                                            0.000e+00  -->   0.000e+00 (m)
Z boundary error:                                            0.000e+00  -->   0.000e+00 (m)
Fixed Psi error:                                             0.000e+00  -->   0.000e+00 (Wb)
Fixed pressure profile error:                                0.000e+00  -->   0.000e+00 (Pa)
Fixed iota profile error:                                    0.000e+00  -->   0.000e+00 (dimensionless)
Fixed sheet current error:                                   0.000e+00  -->   0.000e+00 (~)
==============================================================================================================

Timer: Iteration 3 total = 10.8 sec
================
Step 4
================
Spectral indexing: ansi
Spectral resolution (L,M,N)=(12,12,0)
Node resolution (L,M,N)=(24,24,0)
Boundary ratio = 0
Pressure ratio = 1.0
Perturbation Order = 2
Objective: force
Optimizer: lsq-exact
================
Perturbing equilibrium
Building objective: force
Precomputing transforms
Timer: Precomputing transforms = 40.9 ms
Timer: Objective build = 47.2 ms
Building objective: lcfs R
Building objective: lcfs Z
Building objective: fixed Psi
Building objective: fixed pressure
Building objective: fixed iota
Building objective: fixed sheet current
Building objective: self_consistency R
Building objective: self_consistency Z
Building objective: lambda gauge
Building objective: axis R self consistency
Building objective: axis Z self consistency
Timer: Objective build = 69.6 ms
Perturbing p_l
Factorizing linear constraints
Timer: linear constraint factorize = 665 ms
Computing df
Timer: df computation = 1.35 ms
Factoring df
Timer: df/dx factorization = 19.4 us
Computing d^2f
Timer: d^2f computation = 235 us
Timer: Objective build = 1.40 ms
||dx||/||x|| =  4.882e-02
Timer: Total perturbation = 1.32 sec
Building objective: self_consistency R
Building objective: self_consistency Z
Building objective: lambda gauge
Building objective: axis R self consistency
Building objective: axis Z self consistency
Timer: Objective build = 6.90 ms
Timer: LinearConstraintProjection build = 20.9 ms
Number of parameters: 108
Number of objectives: 338
Timer: Initializing the optimization = 29.9 ms

Starting optimization
Using method: lsq-exact
   Iteration     Total nfev        Cost      Cost reduction    Step norm     Optimality   
       0              1          3.913e-03                                    4.599e-02   
       1              2          1.536e-05      3.897e-03      4.056e-02      3.453e-03   
       2              4          1.070e-06      1.429e-05      3.853e-02      7.219e-04   
       3              6          1.068e-07      9.632e-07      1.712e-02      2.193e-04   
       4              8          7.943e-09      9.888e-08      8.757e-03      2.897e-05   
       5             10          3.097e-09      4.846e-09      4.069e-03      7.308e-06   
       6             12          2.594e-09      5.024e-10      2.008e-03      2.103e-06   
       7             13          2.513e-09      8.104e-11      3.852e-03      8.466e-06   
       8             14          2.122e-09      3.912e-10      9.486e-04      6.981e-07   
       9             15          1.989e-09      1.329e-10      1.826e-03      2.572e-06   
      10             16          1.963e-09      2.613e-11      3.264e-03      8.321e-06   
      11             17          1.640e-09      3.230e-10      8.211e-04      5.345e-07   
      12             18          1.547e-09      9.324e-11      1.538e-03      1.957e-06   
      13             20          1.477e-09      6.943e-11      7.598e-04      5.263e-07   
      14             21          1.399e-09      7.811e-11      1.385e-03      1.926e-06   
      15             23          1.336e-09      6.347e-11      6.859e-04      5.348e-07   
      16             24          1.270e-09      6.579e-11      1.238e-03      1.870e-06   
      17             26          1.209e-09      6.084e-11      6.247e-04      5.302e-07   
      18             27          1.153e-09      5.611e-11      1.127e-03      1.831e-06   
      19             28          1.080e-09      7.270e-11      1.080e-03      1.871e-06   
      20             30          1.021e-09      5.896e-11      5.712e-04      5.138e-07   
      21             31          9.774e-10      4.377e-11      1.026e-03      1.963e-06   
      22             32          9.129e-10      6.451e-11      9.838e-04      1.965e-06   
      23             33          8.515e-10      6.142e-11      9.285e-04      1.870e-06   
      24             34          7.933e-10      5.825e-11      8.717e-04      1.721e-06   
      25             35          7.385e-10      5.478e-11      8.401e-04      1.618e-06   
      26             36          6.875e-10      5.096e-11      8.533e-04      1.481e-06   
      27             37          6.405e-10      4.704e-11      9.042e-04      1.342e-06   
      28             39          6.047e-10      3.578e-11      4.681e-04      3.183e-07   
      29             40          5.767e-10      2.806e-11      1.006e-03      1.167e-06   
      30             41          5.378e-10      3.886e-11      1.066e-03      1.078e-06   
      31             43          5.075e-10      3.028e-11      5.487e-04      2.604e-07   
      32             44          4.840e-10      2.350e-11      1.141e-03      1.007e-06   
      33             45          4.505e-10      3.351e-11      1.178e-03      9.643e-07   
      34             46          4.187e-10      3.177e-11      1.212e-03      9.318e-07   
      35             47          3.885e-10      3.022e-11      1.244e-03      9.017e-07   
      36             48          3.598e-10      2.875e-11      1.274e-03      8.748e-07   
      37             49          3.324e-10      2.736e-11      1.304e-03      8.711e-07   
      38             50          3.064e-10      2.603e-11      1.334e-03      9.032e-07   
      39             51          2.816e-10      2.474e-11      1.365e-03      9.324e-07   
      40             52          2.581e-10      2.352e-11      1.397e-03      9.578e-07   
      41             53          2.358e-10      2.233e-11      1.429e-03      9.788e-07   
      42             54          2.146e-10      2.120e-11      1.458e-03      9.954e-07   
      43             55          1.945e-10      2.009e-11      1.482e-03      1.008e-06   
      44             56          1.755e-10      1.900e-11      1.498e-03      1.020e-06   
      45             57          1.576e-10      1.790e-11      1.505e-03      1.034e-06   
      46             58          1.408e-10      1.674e-11      1.504e-03      1.057e-06   
      47             59          1.253e-10      1.552e-11      1.497e-03      1.095e-06   
      48             60          1.111e-10      1.420e-11      1.486e-03      1.159e-06   
      49             61          9.835e-11      1.278e-11      1.476e-03      1.256e-06   
      50             62          8.710e-11      1.125e-11      1.468e-03      1.400e-06   
      51             63          7.755e-11      9.544e-12      1.463e-03      1.605e-06   
      52             64          7.005e-11      7.507e-12      1.459e-03      1.894e-06   
      53             65          6.530e-11      4.752e-12      1.453e-03      2.303e-06   
      54             66          4.334e-11      2.196e-11      3.744e-04      1.434e-07   
      55             67          4.162e-11      1.721e-12      7.242e-04      6.547e-07   
      56             68          3.906e-11      2.558e-12      7.155e-04      7.761e-07   
      57             69          3.693e-11      2.123e-12      7.065e-04      9.388e-07   
      58             70          3.529e-11      1.646e-12      6.953e-04      1.140e-06   
      59             71          3.419e-11      1.097e-12      6.807e-04      1.385e-06   
      60             72          3.019e-11      4.003e-12      1.738e-04      8.732e-08   
      61             73          2.958e-11      6.080e-13      3.339e-04      3.914e-07   
      62             74          2.882e-11      7.648e-13      3.268e-04      4.307e-07   
      63             75          2.811e-11      7.044e-13      3.196e-04      4.723e-07   
      64             76          2.746e-11      6.493e-13      3.120e-04      5.152e-07   
      65             77          2.686e-11      5.992e-13      3.040e-04      5.583e-07   
      66             78          2.631e-11      5.551e-13      2.957e-04      6.004e-07   
      67             79          2.579e-11      5.178e-13      2.872e-04      6.403e-07   
      68             80          2.530e-11      4.876e-13      2.787e-04      6.766e-07   
      69             81          2.484e-11      4.640e-13      2.705e-04      7.086e-07   
      70             82          2.439e-11      4.462e-13      2.628e-04      7.357e-07   
      71             83          2.396e-11      4.330e-13      2.558e-04      7.577e-07   
      72             84          2.354e-11      4.230e-13      2.496e-04      7.749e-07   
      73             85          2.312e-11      4.149e-13      2.443e-04      7.878e-07   
      74             86          2.271e-11      4.079e-13      2.399e-04      7.969e-07   
      75             87          2.231e-11      4.012e-13      2.365e-04      8.028e-07   
      76             88          2.192e-11      3.946e-13      2.339e-04      8.062e-07   
      77             89          2.153e-11      3.878e-13      2.320e-04      8.075e-07   
      78             90          2.115e-11      3.808e-13      2.310e-04      8.073e-07   
      79             91          2.078e-11      3.737e-13      2.305e-04      8.058e-07   
      80             92          2.041e-11      3.664e-13      2.307e-04      8.032e-07   
      81             93          2.005e-11      3.591e-13      2.313e-04      7.999e-07   
      82             94          1.970e-11      3.518e-13      2.324e-04      7.959e-07   
      83             95          1.935e-11      3.446e-13      2.338e-04      7.913e-07   
      84             96          1.902e-11      3.375e-13      2.356e-04      7.861e-07   
      85             97          1.869e-11      3.306e-13      2.376e-04      7.805e-07   
      86             98          1.836e-11      3.238e-13      2.399e-04      7.744e-07   
      87             99          1.731e-11      1.050e-12      6.005e-05      4.204e-08   
      88             100         1.722e-11      9.318e-14      1.213e-04      1.937e-07   
Optimization terminated successfully.
`ftol` condition satisfied. (ftol=1.00e-02)
         Current function value: 1.722e-11
         Total delta_x: 6.519e-02
         Iterations: 88
         Function evaluations: 100
         Jacobian evaluations: 89
Timer: Solution time = 1.33 sec
Timer: Avg time per step = 14.9 ms
==============================================================================================================
                                                                 Start  -->   End
Total (sum of squares):                                      3.913e-03  -->   1.722e-11, 
Maximum absolute Force error:                                2.708e+06  -->   1.400e+02 (N)
Minimum absolute Force error:                                2.555e+01  -->   2.153e-02 (N)
Average absolute Force error:                                8.159e+04  -->   6.746e+00 (N)
Maximum absolute Force error:                                3.361e-02  -->   1.738e-06 (normalized)
Minimum absolute Force error:                                3.172e-07  -->   2.673e-10 (normalized)
Average absolute Force error:                                1.013e-03  -->   8.375e-08 (normalized)
R boundary error:                                            0.000e+00  -->   0.000e+00 (m)
Z boundary error:                                            0.000e+00  -->   0.000e+00 (m)
Fixed Psi error:                                             0.000e+00  -->   0.000e+00 (Wb)
Fixed pressure profile error:                                0.000e+00  -->   0.000e+00 (Pa)
Fixed iota profile error:                                    0.000e+00  -->   0.000e+00 (dimensionless)
Fixed sheet current error:                                   0.000e+00  -->   0.000e+00 (~)
==============================================================================================================

Timer: Iteration 4 total = 3.24 sec
================
Step 5
================
Spectral indexing: ansi
Spectral resolution (L,M,N)=(12,12,8)
Node resolution (L,M,N)=(24,24,16)
Boundary ratio = 0.25
Pressure ratio = 1
Perturbation Order = 2
Objective: force
Optimizer: lsq-exact
================
Perturbing equilibrium
Building objective: force
Precomputing transforms
Timer: Precomputing transforms = 1.19 sec
Timer: Objective build = 1.26 sec
Building objective: lcfs R
Building objective: lcfs Z
Building objective: fixed Psi
Building objective: fixed pressure
Building objective: fixed iota
Building objective: fixed sheet current
Building objective: self_consistency R
Building objective: self_consistency Z
Building objective: lambda gauge
Building objective: axis R self consistency
Building objective: axis Z self consistency
Timer: Objective build = 825 ms
Perturbing Rb_lmn, Zb_lmn
Factorizing linear constraints
Timer: linear constraint factorize = 3.95 sec
Computing df
Timer: df computation = 6.91 sec
Factoring df
Timer: df/dx factorization = 69.4 ms
Computing d^2f
Timer: d^2f computation = 4.80 sec
Timer: Objective build = 1.42 ms
||dx||/||x|| =  3.995e-03
Timer: Total perturbation = 31.1 sec
Building objective: self_consistency R
Building objective: self_consistency Z
Building objective: lambda gauge
Building objective: axis R self consistency
Building objective: axis Z self consistency
Timer: Objective build = 25.6 ms
Timer: LinearConstraintProjection build = 1.00 sec
Number of parameters: 1892
Number of objectives: 11154
Timer: Initializing the optimization = 1.41 sec

Starting optimization
Using method: lsq-exact
   Iteration     Total nfev        Cost      Cost reduction    Step norm     Optimality   
       0              1          2.254e-05                                    3.458e-03   
       1              2          1.565e-07      2.238e-05      1.108e-02      1.354e-04   
       2              4          4.426e-08      1.123e-07      6.886e-03      1.142e-04   
       3              5          1.587e-08      2.838e-08      6.561e-03      7.961e-05   
       4              6          1.037e-08      5.504e-09      4.065e-03      6.681e-05   
       5              8          6.376e-11      1.030e-08      1.009e-03      5.304e-06   
       6             10          7.462e-12      5.630e-11      5.065e-04      1.252e-06   
       7             12          4.534e-12      2.928e-12      2.540e-04      3.185e-07   
       8             14          4.338e-12      1.960e-13      1.270e-04      8.127e-08   
       9             16          4.322e-12      1.600e-14      6.355e-05      2.052e-08   
Optimization terminated successfully.
`ftol` condition satisfied. (ftol=1.00e-02)
         Current function value: 4.322e-12
         Total delta_x: 1.699e-02
         Iterations: 9
         Function evaluations: 16
         Jacobian evaluations: 10
Timer: Solution time = 2.92 min
Timer: Avg time per step = 17.5 sec
==============================================================================================================
                                                                 Start  -->   End
Total (sum of squares):                                      2.254e-05  -->   4.322e-12, 
Maximum absolute Force error:                                4.889e+05  -->   7.907e+01 (N)
Minimum absolute Force error:                                3.422e-02  -->   7.692e-04 (N)
Average absolute Force error:                                4.650e+03  -->   3.288e+00 (N)
Maximum absolute Force error:                                6.068e-03  -->   9.815e-07 (normalized)
Minimum absolute Force error:                                4.248e-10  -->   9.548e-12 (normalized)
Average absolute Force error:                                5.773e-05  -->   4.082e-08 (normalized)
R boundary error:                                            0.000e+00  -->   0.000e+00 (m)
Z boundary error:                                            0.000e+00  -->   0.000e+00 (m)
Fixed Psi error:                                             0.000e+00  -->   0.000e+00 (Wb)
Fixed pressure profile error:                                0.000e+00  -->   0.000e+00 (Pa)
Fixed iota profile error:                                    0.000e+00  -->   0.000e+00 (dimensionless)
Fixed sheet current error:                                   0.000e+00  -->   0.000e+00 (~)
==============================================================================================================

Timer: Iteration 5 total = 3.55 min
================
Step 6
================
Spectral indexing: ansi
Spectral resolution (L,M,N)=(12,12,8)
Node resolution (L,M,N)=(24,24,16)
Boundary ratio = 0.5
Pressure ratio = 1
Perturbation Order = 2
Objective: force
Optimizer: lsq-exact
================
Perturbing equilibrium
Building objective: force
Precomputing transforms
Timer: Precomputing transforms = 71.0 ms
Timer: Objective build = 82.8 ms
Building objective: lcfs R
Building objective: lcfs Z
Building objective: fixed Psi
Building objective: fixed pressure
Building objective: fixed iota
Building objective: fixed sheet current
Building objective: self_consistency R
Building objective: self_consistency Z
Building objective: lambda gauge
Building objective: axis R self consistency
Building objective: axis Z self consistency
Timer: Objective build = 103 ms
Perturbing Rb_lmn, Zb_lmn
Factorizing linear constraints
Timer: linear constraint factorize = 889 ms
Computing df
Timer: df computation = 25.6 ms
Factoring df
Timer: df/dx factorization = 48.7 us
Computing d^2f
Timer: d^2f computation = 292 ms
Timer: Objective build = 1.44 ms
||dx||/||x|| =  3.179e-03
Timer: Total perturbation = 19.6 sec
Building objective: self_consistency R
Building objective: self_consistency Z
Building objective: lambda gauge
Building objective: axis R self consistency
Building objective: axis Z self consistency
Timer: Objective build = 24.4 ms
Timer: LinearConstraintProjection build = 880 ms
Number of parameters: 1892
Number of objectives: 11154
Timer: Initializing the optimization = 1.28 sec

Starting optimization
Using method: lsq-exact
   Iteration     Total nfev        Cost      Cost reduction    Step norm     Optimality   
       0              1          8.803e-06                                    2.335e-03   
       1              2          5.361e-08      8.749e-06      9.499e-03      7.800e-05   
       2              4          3.671e-08      1.690e-08      8.710e-03      7.070e-05   
       3              6          7.894e-10      3.592e-08      1.865e-03      1.763e-05   
       4              8          5.495e-11      7.345e-10      9.135e-04      4.966e-06   
       5             10          7.141e-12      4.781e-11      4.556e-04      1.088e-06   
       6             12          4.468e-12      2.672e-12      2.332e-04      2.433e-07   
       7             14          4.308e-12      1.599e-13      1.178e-04      5.893e-08   
       8             16          4.297e-12      1.143e-14      5.921e-05      1.460e-08   
Optimization terminated successfully.
`ftol` condition satisfied. (ftol=1.00e-02)
         Current function value: 4.297e-12
         Total delta_x: 1.411e-02
         Iterations: 8
         Function evaluations: 16
         Jacobian evaluations: 9
Timer: Solution time = 2.97 min
Timer: Avg time per step = 19.8 sec
==============================================================================================================
                                                                 Start  -->   End
Total (sum of squares):                                      8.803e-06  -->   4.297e-12, 
Maximum absolute Force error:                                3.064e+05  -->   8.657e+01 (N)
Minimum absolute Force error:                                9.371e-02  -->   7.578e-06 (N)
Average absolute Force error:                                2.674e+03  -->   3.282e+00 (N)
Maximum absolute Force error:                                3.803e-03  -->   1.075e-06 (normalized)
Minimum absolute Force error:                                1.163e-09  -->   9.407e-14 (normalized)
Average absolute Force error:                                3.320e-05  -->   4.074e-08 (normalized)
R boundary error:                                            0.000e+00  -->   0.000e+00 (m)
Z boundary error:                                            0.000e+00  -->   0.000e+00 (m)
Fixed Psi error:                                             0.000e+00  -->   0.000e+00 (Wb)
Fixed pressure profile error:                                0.000e+00  -->   0.000e+00 (Pa)
Fixed iota profile error:                                    0.000e+00  -->   0.000e+00 (dimensionless)
Fixed sheet current error:                                   0.000e+00  -->   0.000e+00 (~)
==============================================================================================================

Timer: Iteration 6 total = 3.33 min
================
Step 7
================
Spectral indexing: ansi
Spectral resolution (L,M,N)=(12,12,8)
Node resolution (L,M,N)=(24,24,16)
Boundary ratio = 0.75
Pressure ratio = 1
Perturbation Order = 2
Objective: force
Optimizer: lsq-exact
================
Perturbing equilibrium
Building objective: force
Precomputing transforms
Timer: Precomputing transforms = 73.1 ms
Timer: Objective build = 85.9 ms
Building objective: lcfs R
Building objective: lcfs Z
Building objective: fixed Psi
Building objective: fixed pressure
Building objective: fixed iota
Building objective: fixed sheet current
Building objective: self_consistency R
Building objective: self_consistency Z
Building objective: lambda gauge
Building objective: axis R self consistency
Building objective: axis Z self consistency
Timer: Objective build = 107 ms
Perturbing Rb_lmn, Zb_lmn
Factorizing linear constraints
Timer: linear constraint factorize = 917 ms
Computing df
Timer: df computation = 17.9 ms
Factoring df
Timer: df/dx factorization = 59.0 us
Computing d^2f
Timer: d^2f computation = 309 ms
Timer: Objective build = 1.40 ms
||dx||/||x|| =  4.026e-03
Timer: Total perturbation = 20.4 sec
Building objective: self_consistency R
Building objective: self_consistency Z
Building objective: lambda gauge
Building objective: axis R self consistency
Building objective: axis Z self consistency
Timer: Objective build = 25.1 ms
Timer: LinearConstraintProjection build = 885 ms
Number of parameters: 1892
Number of objectives: 11154
Timer: Initializing the optimization = 1.28 sec

Starting optimization
Using method: lsq-exact
   Iteration     Total nfev        Cost      Cost reduction    Step norm     Optimality   
       0              1          1.598e-05                                    3.032e-03   
       1              2          2.891e-07      1.569e-05      1.203e-02      2.560e-04   
       2              4          1.594e-08      2.732e-07      4.409e-03      5.900e-05   
       3              6          4.496e-10      1.549e-08      2.370e-03      9.645e-06   
       4              8          3.208e-11      4.175e-10      1.117e-03      2.765e-06   
       5             10          7.170e-12      2.491e-11      5.590e-04      7.487e-07   
       6             12          5.320e-12      1.850e-12      2.771e-04      2.011e-07   
       7             14          5.182e-12      1.385e-13      1.374e-04      5.248e-08   
       8             16          5.171e-12      1.081e-14      6.843e-05      1.375e-08   
Optimization terminated successfully.
`ftol` condition satisfied. (ftol=1.00e-02)
         Current function value: 5.171e-12
         Total delta_x: 1.244e-02
         Iterations: 8
         Function evaluations: 16
         Jacobian evaluations: 9
Timer: Solution time = 3.06 min
Timer: Avg time per step = 20.4 sec
==============================================================================================================
                                                                 Start  -->   End
Total (sum of squares):                                      1.598e-05  -->   5.171e-12, 
Maximum absolute Force error:                                3.917e+05  -->   1.286e+02 (N)
Minimum absolute Force error:                                7.017e-02  -->   2.705e-04 (N)
Average absolute Force error:                                3.607e+03  -->   3.531e+00 (N)
Maximum absolute Force error:                                4.863e-03  -->   1.597e-06 (normalized)
Minimum absolute Force error:                                8.710e-10  -->   3.358e-12 (normalized)
Average absolute Force error:                                4.477e-05  -->   4.383e-08 (normalized)
R boundary error:                                            0.000e+00  -->   0.000e+00 (m)
Z boundary error:                                            0.000e+00  -->   0.000e+00 (m)
Fixed Psi error:                                             0.000e+00  -->   0.000e+00 (Wb)
Fixed pressure profile error:                                0.000e+00  -->   0.000e+00 (Pa)
Fixed iota profile error:                                    0.000e+00  -->   0.000e+00 (dimensionless)
Fixed sheet current error:                                   0.000e+00  -->   0.000e+00 (~)
==============================================================================================================

Timer: Iteration 7 total = 3.43 min
================
Step 8
================
Spectral indexing: ansi
Spectral resolution (L,M,N)=(12,12,8)
Node resolution (L,M,N)=(24,24,16)
Boundary ratio = 1.0
Pressure ratio = 1
Perturbation Order = 2
Objective: force
Optimizer: lsq-exact
================
Perturbing equilibrium
Building objective: force
Precomputing transforms
Timer: Precomputing transforms = 70.3 ms
Timer: Objective build = 82.5 ms
Building objective: lcfs R
Building objective: lcfs Z
Building objective: fixed Psi
Building objective: fixed pressure
Building objective: fixed iota
Building objective: fixed sheet current
Building objective: self_consistency R
Building objective: self_consistency Z
Building objective: lambda gauge
Building objective: axis R self consistency
Building objective: axis Z self consistency
Timer: Objective build = 100 ms
Perturbing Rb_lmn, Zb_lmn
Factorizing linear constraints
Timer: linear constraint factorize = 917 ms
Computing df
Timer: df computation = 24.8 ms
Factoring df
Timer: df/dx factorization = 51.4 us
Computing d^2f
Timer: d^2f computation = 288 ms
Timer: Objective build = 1.41 ms
||dx||/||x|| =  3.064e-03
Timer: Total perturbation = 19.2 sec
Building objective: self_consistency R
Building objective: self_consistency Z
Building objective: lambda gauge
Building objective: axis R self consistency
Building objective: axis Z self consistency
Timer: Objective build = 24.8 ms
Timer: LinearConstraintProjection build = 885 ms
Number of parameters: 1892
Number of objectives: 11154
Timer: Initializing the optimization = 1.29 sec

Starting optimization
Using method: lsq-exact
   Iteration     Total nfev        Cost      Cost reduction    Step norm     Optimality   
       0              1          4.867e-06                                    1.585e-03   
       1              2          1.447e-07      4.722e-06      1.215e-02      2.211e-04   
       2              3          9.894e-08      4.578e-08      1.172e-02      1.618e-04   
       3              5          2.654e-09      9.629e-08      3.094e-03      3.317e-05   
       4              7          2.279e-10      2.426e-09      1.440e-03      6.603e-06   
       5              9          1.051e-11      2.174e-10      7.131e-04      8.846e-07   
       6             11          6.727e-12      3.781e-12      3.711e-04      1.894e-07   
       7             13          6.521e-12      2.058e-13      1.834e-04      4.393e-08   
       8             15          6.509e-12      1.190e-14      9.169e-05      1.046e-08   
Optimization terminated successfully.
`ftol` condition satisfied. (ftol=1.00e-02)
         Current function value: 6.509e-12
         Total delta_x: 8.435e-03
         Iterations: 8
         Function evaluations: 15
         Jacobian evaluations: 9
Timer: Solution time = 2.63 min
Timer: Avg time per step = 17.5 sec
==============================================================================================================
                                                                 Start  -->   End
Total (sum of squares):                                      4.867e-06  -->   6.509e-12, 
Maximum absolute Force error:                                2.404e+05  -->   1.665e+02 (N)
Minimum absolute Force error:                                4.204e-02  -->   9.419e-04 (N)
Average absolute Force error:                                2.097e+03  -->   3.943e+00 (N)
Maximum absolute Force error:                                2.984e-03  -->   2.067e-06 (normalized)
Minimum absolute Force error:                                5.219e-10  -->   1.169e-11 (normalized)
Average absolute Force error:                                2.603e-05  -->   4.895e-08 (normalized)
R boundary error:                                            0.000e+00  -->   0.000e+00 (m)
Z boundary error:                                            0.000e+00  -->   0.000e+00 (m)
Fixed Psi error:                                             0.000e+00  -->   0.000e+00 (Wb)
Fixed pressure profile error:                                0.000e+00  -->   0.000e+00 (Pa)
Fixed iota profile error:                                    0.000e+00  -->   0.000e+00 (dimensionless)
Fixed sheet current error:                                   0.000e+00  -->   0.000e+00 (~)
==============================================================================================================

Timer: Iteration 8 total = 2.98 min
====================
Done
Timer: Total time = 14.0 min
====================


# Python warnings captured during continuation
DeprecationWarning: linear_util.wrap_init is missing a DebugInfo object. This behavior is deprecated, use api_util.debug_info() to construct a proper DebugInfo object and propagate it to this function. See https://github.com/jax-ml/jax/issues/26480 for more details.
DeprecationWarning: linear_util.wrap_init is missing a DebugInfo object. This behavior is deprecated, use api_util.debug_info() to construct a proper DebugInfo object and propagate it to this function. See https://github.com/jax-ml/jax/issues/26480 for more details.
DeprecationWarning: linear_util.wrap_init is missing a DebugInfo object. This behavior is deprecated, use api_util.debug_info() to construct a proper DebugInfo object and propagate it to this function. See https://github.com/jax-ml/jax/issues/26480 for more details.
DeprecationWarning: linear_util.wrap_init is missing a DebugInfo object. This behavior is deprecated, use api_util.debug_info() to construct a proper DebugInfo object and propagate it to this function. See https://github.com/jax-ml/jax/issues/26480 for more details.
DeprecationWarning: linear_util.wrap_init is missing a DebugInfo object. This behavior is deprecated, use api_util.debug_info() to construct a proper DebugInfo object and propagate it to this function. See https://github.com/jax-ml/jax/issues/26480 for more details.
DeprecationWarning: linear_util.wrap_init is missing a DebugInfo object. This behavior is deprecated, use api_util.debug_info() to construct a proper DebugInfo object and propagate it to this function. See https://github.com/jax-ml/jax/issues/26480 for more details.
DeprecationWarning: linear_util.wrap_init is missing a DebugInfo object. This behavior is deprecated, use api_util.debug_info() to construct a proper DebugInfo object and propagate it to this function. See https://github.com/jax-ml/jax/issues/26480 for more details.
DeprecationWarning: linear_util.wrap_init is missing a DebugInfo object. This behavior is deprecated, use api_util.debug_info() to construct a proper DebugInfo object and propagate it to this function. See https://github.com/jax-ml/jax/issues/26480 for more details.
DeprecationWarning: linear_util.wrap_init is missing a DebugInfo object. This behavior is deprecated, use api_util.debug_info() to construct a proper DebugInfo object and propagate it to this function. See https://github.com/jax-ml/jax/issues/26480 for more details.
DeprecationWarning: linear_util.wrap_init is missing a DebugInfo object. This behavior is deprecated, use api_util.debug_info() to construct a proper DebugInfo object and propagate it to this function. See https://github.com/jax-ml/jax/issues/26480 for more details.
DeprecationWarning: linear_util.wrap_init is missing a DebugInfo object. This behavior is deprecated, use api_util.debug_info() to construct a proper DebugInfo object and propagate it to this function. See https://github.com/jax-ml/jax/issues/26480 for more details.
DeprecationWarning: linear_util.wrap_init is missing a DebugInfo object. This behavior is deprecated, use api_util.debug_info() to construct a proper DebugInfo object and propagate it to this function. See https://github.com/jax-ml/jax/issues/26480 for more details.
DeprecationWarning: linear_util.wrap_init is missing a DebugInfo object. This behavior is deprecated, use api_util.debug_info() to construct a proper DebugInfo object and propagate it to this function. See https://github.com/jax-ml/jax/issues/26480 for more details.
DeprecationWarning: linear_util.wrap_init is missing a DebugInfo object. This behavior is deprecated, use api_util.debug_info() to construct a proper DebugInfo object and propagate it to this function. See https://github.com/jax-ml/jax/issues/26480 for more details.
DeprecationWarning: linear_util.wrap_init is missing a DebugInfo object. This behavior is deprecated, use api_util.debug_info() to construct a proper DebugInfo object and propagate it to this function. See https://github.com/jax-ml/jax/issues/26480 for more details.
DeprecationWarning: linear_util.wrap_init is missing a DebugInfo object. This behavior is deprecated, use api_util.debug_info() to construct a proper DebugInfo object and propagate it to this function. See https://github.com/jax-ml/jax/issues/26480 for more details.
DeprecationWarning: linear_util.wrap_init is missing a DebugInfo object. This behavior is deprecated, use api_util.debug_info() to construct a proper DebugInfo object and propagate it to this function. See https://github.com/jax-ml/jax/issues/26480 for more details.
DeprecationWarning: linear_util.wrap_init is missing a DebugInfo object. This behavior is deprecated, use api_util.debug_info() to construct a proper DebugInfo object and propagate it to this function. See https://github.com/jax-ml/jax/issues/26480 for more details.
DeprecationWarning: linear_util.wrap_init is missing a DebugInfo object. This behavior is deprecated, use api_util.debug_info() to construct a proper DebugInfo object and propagate it to this function. See https://github.com/jax-ml/jax/issues/26480 for more details.
DeprecationWarning: linear_util.wrap_init is missing a DebugInfo object. This behavior is deprecated, use api_util.debug_info() to construct a proper DebugInfo object and propagate it to this function. See https://github.com/jax-ml/jax/issues/26480 for more details.
DeprecationWarning: linear_util.wrap_init is missing a DebugInfo object. This behavior is deprecated, use api_util.debug_info() to construct a proper DebugInfo object and propagate it to this function. See https://github.com/jax-ml/jax/issues/26480 for more details.
DeprecationWarning: linear_util.wrap_init is missing a DebugInfo object. This behavior is deprecated, use api_util.debug_info() to construct a proper DebugInfo object and propagate it to this function. See https://github.com/jax-ml/jax/issues/26480 for more details.
DeprecationWarning: linear_util.wrap_init is missing a DebugInfo object. This behavior is deprecated, use api_util.debug_info() to construct a proper DebugInfo object and propagate it to this function. See https://github.com/jax-ml/jax/issues/26480 for more details.
DeprecationWarning: linear_util.wrap_init is missing a DebugInfo object. This behavior is deprecated, use api_util.debug_info() to construct a proper DebugInfo object and propagate it to this function. See https://github.com/jax-ml/jax/issues/26480 for more details.
DeprecationWarning: linear_util.wrap_init is missing a DebugInfo object. This behavior is deprecated, use api_util.debug_info() to construct a proper DebugInfo object and propagate it to this function. See https://github.com/jax-ml/jax/issues/26480 for more details.
DeprecationWarning: linear_util.wrap_init is missing a DebugInfo object. This behavior is deprecated, use api_util.debug_info() to construct a proper DebugInfo object and propagate it to this function. See https://github.com/jax-ml/jax/issues/26480 for more details.
DeprecationWarning: linear_util.wrap_init is missing a DebugInfo object. This behavior is deprecated, use api_util.debug_info() to construct a proper DebugInfo object and propagate it to this function. See https://github.com/jax-ml/jax/issues/26480 for more details.
DeprecationWarning: linear_util.wrap_init is missing a DebugInfo object. This behavior is deprecated, use api_util.debug_info() to construct a proper DebugInfo object and propagate it to this function. See https://github.com/jax-ml/jax/issues/26480 for more details.
DeprecationWarning: linear_util.wrap_init is missing a DebugInfo object. This behavior is deprecated, use api_util.debug_info() to construct a proper DebugInfo object and propagate it to this function. See https://github.com/jax-ml/jax/issues/26480 for more details.
DeprecationWarning: linear_util.wrap_init is missing a DebugInfo object. This behavior is deprecated, use api_util.debug_info() to construct a proper DebugInfo object and propagate it to this function. See https://github.com/jax-ml/jax/issues/26480 for more details.
DeprecationWarning: linear_util.wrap_init is missing a DebugInfo object. This behavior is deprecated, use api_util.debug_info() to construct a proper DebugInfo object and propagate it to this function. See https://github.com/jax-ml/jax/issues/26480 for more details.
DeprecationWarning: linear_util.wrap_init is missing a DebugInfo object. This behavior is deprecated, use api_util.debug_info() to construct a proper DebugInfo object and propagate it to this function. See https://github.com/jax-ml/jax/issues/26480 for more details.
DeprecationWarning: linear_util.wrap_init is missing a DebugInfo object. This behavior is deprecated, use api_util.debug_info() to construct a proper DebugInfo object and propagate it to this function. See https://github.com/jax-ml/jax/issues/26480 for more details.
DeprecationWarning: linear_util.wrap_init is missing a DebugInfo object. This behavior is deprecated, use api_util.debug_info() to construct a proper DebugInfo object and propagate it to this function. See https://github.com/jax-ml/jax/issues/26480 for more details.
DeprecationWarning: linear_util.wrap_init is missing a DebugInfo object. This behavior is deprecated, use api_util.debug_info() to construct a proper DebugInfo object and propagate it to this function. See https://github.com/jax-ml/jax/issues/26480 for more details.
DeprecationWarning: linear_util.wrap_init is missing a DebugInfo object. This behavior is deprecated, use api_util.debug_info() to construct a proper DebugInfo object and propagate it to this function. See https://github.com/jax-ml/jax/issues/26480 for more details.
DeprecationWarning: linear_util.wrap_init is missing a DebugInfo object. This behavior is deprecated, use api_util.debug_info() to construct a proper DebugInfo object and propagate it to this function. See https://github.com/jax-ml/jax/issues/26480 for more details.
DeprecationWarning: linear_util.wrap_init is missing a DebugInfo object. This behavior is deprecated, use api_util.debug_info() to construct a proper DebugInfo object and propagate it to this function. See https://github.com/jax-ml/jax/issues/26480 for more details.
