================
Step 1
================
Spectral indexing: ansi
Spectral resolution (L,M,N)=(6,6,0)
Node resolution (L,M,N)=(12,12,0)
Boundary ratio = 0
Pressure ratio = 0
Perturbation Order = 2
Objective: force
Optimizer: lsq-exact
================
Building objective: force
Precomputing transforms
Timer: Precomputing transforms = 1.26 sec
Timer: Objective build = 1.77 sec
Building objective: lcfs R
Building objective: lcfs Z
Building objective: fixed Psi
Building objective: fixed pressure
Building objective: fixed iota
Building objective: fixed sheet current
Building objective: self_consistency R
Building objective: self_consistency Z
Building objective: lambda gauge
Building objective: axis R self consistency
Building objective: axis Z self consistency
Timer: Objective build = 729 ms
Timer: LinearConstraintProjection build = 4.64 sec
Number of parameters: 27
Number of objectives: 98
Timer: Initializing the optimization = 7.18 sec

Starting optimization
Using method: lsq-exact
   Iteration     Total nfev        Cost      Cost reduction    Step norm     Optimality   
       0              1          3.875e-03                                    8.562e-02   
       1              2          6.985e-06      3.868e-03      8.278e-02      2.039e-03   
       2              3          1.176e-08      6.973e-06      2.944e-02      1.098e-04   
       3              4          2.227e-10      1.154e-08      5.931e-03      1.424e-05   
`gtol` condition satisfied. (gtol=1.00e-04)
         Current function value: 2.227e-10
         Total delta_x: 5.063e-02
         Iterations: 3
         Function evaluations: 4
         Jacobian evaluations: 4
Timer: Solution time = 5.64 sec
Timer: Avg time per step = 1.41 sec
==============================================================================================================
                                                                 Start  -->   End
Total (sum of squares):                                      3.875e-03  -->   2.227e-10, 
Maximum absolute Force error:                                2.502e+05  -->   2.869e+02 (N)
Minimum absolute Force error:                                4.354e+02  -->   2.415e-02 (N)
Average absolute Force error:                                8.429e+04  -->   1.757e+01 (N)
Maximum absolute Force error:                                4.035e-03  -->   4.625e-06 (normalized)
Minimum absolute Force error:                                7.020e-06  -->   3.894e-10 (normalized)
Average absolute Force error:                                1.359e-03  -->   2.834e-07 (normalized)
R boundary error:                                            0.000e+00  -->   3.469e-18 (m)
Z boundary error:                                            0.000e+00  -->   5.554e-17 (m)
Fixed Psi error:                                             0.000e+00  -->   0.000e+00 (Wb)
Fixed pressure profile error:                                0.000e+00  -->   0.000e+00 (Pa)
Fixed iota profile error:                                    0.000e+00  -->   0.000e+00 (dimensionless)
Fixed sheet current error:                                   0.000e+00  -->   0.000e+00 (~)
==============================================================================================================

Timer: Iteration 1 total = 14.9 sec
================
Step 2
================
Spectral indexing: ansi
Spectral resolution (L,M,N)=(12,12,0)
Node resolution (L,M,N)=(24,24,0)
Boundary ratio = 0
Pressure ratio = 0
Perturbation Order = 2
Objective: force
Optimizer: lsq-exact
================
Building objective: force
Precomputing transforms
Timer: Precomputing transforms = 1.53 sec
Timer: Objective build = 1.65 sec
Building objective: lcfs R
Building objective: lcfs Z
Building objective: fixed Psi
Building objective: fixed pressure
Building objective: fixed iota
Building objective: fixed sheet current
Building objective: self_consistency R
Building objective: self_consistency Z
Building objective: lambda gauge
Building objective: axis R self consistency
Building objective: axis Z self consistency
Timer: Objective build = 757 ms
Timer: LinearConstraintProjection build = 4.20 sec
Number of parameters: 108
Number of objectives: 338
Timer: Initializing the optimization = 6.66 sec

Starting optimization
Using method: lsq-exact
   Iteration     Total nfev        Cost      Cost reduction    Step norm     Optimality   
       0              1          2.144e-10                                    1.358e-05   
`gtol` condition satisfied. (gtol=1.00e-04)
         Current function value: 2.144e-10
         Total delta_x: 0.000e+00
         Iterations: 0
         Function evaluations: 1
         Jacobian evaluations: 1
Timer: Solution time = 3.54 sec
Timer: Avg time per step = 3.54 sec
==============================================================================================================
                                                                 Start  -->   End
Total (sum of squares):                                      2.144e-10  -->   2.144e-10, 
Maximum absolute Force error:                                3.433e+02  -->   3.433e+02 (N)
Minimum absolute Force error:                                1.253e-02  -->   1.253e-02 (N)
Average absolute Force error:                                1.698e+01  -->   1.698e+01 (N)
Maximum absolute Force error:                                5.535e-06  -->   5.535e-06 (normalized)
Minimum absolute Force error:                                2.021e-10  -->   2.021e-10 (normalized)
Average absolute Force error:                                2.738e-07  -->   2.738e-07 (normalized)
R boundary error:                                            0.000e+00  -->   0.000e+00 (m)
Z boundary error:                                            0.000e+00  -->   0.000e+00 (m)
Fixed Psi error:                                             0.000e+00  -->   0.000e+00 (Wb)
Fixed pressure profile error:                                0.000e+00  -->   0.000e+00 (Pa)
Fixed iota profile error:                                    0.000e+00  -->   0.000e+00 (dimensionless)
Fixed sheet current error:                                   0.000e+00  -->   0.000e+00 (~)
==============================================================================================================

Timer: Iteration 2 total = 14.8 sec
================
Step 3
================
Spectral indexing: ansi
Spectral resolution (L,M,N)=(14,14,0)
Node resolution (L,M,N)=(28,28,0)
Boundary ratio = 0
Pressure ratio = 0
Perturbation Order = 2
Objective: force
Optimizer: lsq-exact
================
Building objective: force
Precomputing transforms
Timer: Precomputing transforms = 1.46 sec
Timer: Objective build = 1.58 sec
Building objective: lcfs R
Building objective: lcfs Z
Building objective: fixed Psi
Building objective: fixed pressure
Building objective: fixed iota
Building objective: fixed sheet current
Building objective: self_consistency R
Building objective: self_consistency Z
Building objective: lambda gauge
Building objective: axis R self consistency
Building objective: axis Z self consistency
Timer: Objective build = 650 ms
Timer: LinearConstraintProjection build = 4.00 sec
Number of parameters: 147
Number of objectives: 450
Timer: Initializing the optimization = 6.29 sec

Starting optimization
Using method: lsq-exact
   Iteration     Total nfev        Cost      Cost reduction    Step norm     Optimality   
       0              1          2.142e-10                                    1.354e-05   
`gtol` condition satisfied. (gtol=1.00e-04)
         Current function value: 2.142e-10
         Total delta_x: 0.000e+00
         Iterations: 0
         Function evaluations: 1
         Jacobian evaluations: 1
Timer: Solution time = 3.94 sec
Timer: Avg time per step = 3.94 sec
==============================================================================================================
                                                                 Start  -->   End
Total (sum of squares):                                      2.142e-10  -->   2.142e-10, 
Maximum absolute Force error:                                3.519e+02  -->   3.519e+02 (N)
Minimum absolute Force error:                                7.733e-03  -->   7.733e-03 (N)
Average absolute Force error:                                1.699e+01  -->   1.699e+01 (N)
Maximum absolute Force error:                                5.674e-06  -->   5.674e-06 (normalized)
Minimum absolute Force error:                                1.247e-10  -->   1.247e-10 (normalized)
Average absolute Force error:                                2.740e-07  -->   2.740e-07 (normalized)
R boundary error:                                            0.000e+00  -->   0.000e+00 (m)
Z boundary error:                                            0.000e+00  -->   0.000e+00 (m)
Fixed Psi error:                                             0.000e+00  -->   0.000e+00 (Wb)
Fixed pressure profile error:                                0.000e+00  -->   0.000e+00 (Pa)
Fixed iota profile error:                                    0.000e+00  -->   0.000e+00 (dimensionless)
Fixed sheet current error:                                   0.000e+00  -->   0.000e+00 (~)
==============================================================================================================

Timer: Iteration 3 total = 15.1 sec
================
Step 4
================
Spectral indexing: ansi
Spectral resolution (L,M,N)=(14,14,0)
Node resolution (L,M,N)=(28,28,0)
Boundary ratio = 0
Pressure ratio = 0.5
Perturbation Order = 2
Objective: force
Optimizer: lsq-exact
================
Perturbing equilibrium
Building objective: force
Precomputing transforms
Timer: Precomputing transforms = 55.4 ms
Timer: Objective build = 64.2 ms
Building objective: lcfs R
Building objective: lcfs Z
Building objective: fixed Psi
Building objective: fixed pressure
Building objective: fixed iota
Building objective: fixed sheet current
Building objective: self_consistency R
Building objective: self_consistency Z
Building objective: lambda gauge
Building objective: axis R self consistency
Building objective: axis Z self consistency
Timer: Objective build = 94.9 ms
Perturbing p_l
Factorizing linear constraints
Timer: linear constraint factorize = 25.9 ms
Computing df
Timer: df computation = 3.61 sec
Factoring df
Timer: df/dx factorization = 47.2 ms
Computing d^2f
Timer: d^2f computation = 2.73 sec
Timer: Objective build = 1.89 ms
||dx||/||x|| =  2.825e-02
Timer: Total perturbation = 10.8 sec
Building objective: self_consistency R
Building objective: self_consistency Z
Building objective: lambda gauge
Building objective: axis R self consistency
Building objective: axis Z self consistency
Timer: Objective build = 9.93 ms
Timer: LinearConstraintProjection build = 29.2 ms
Number of parameters: 147
Number of objectives: 450
Timer: Initializing the optimization = 42.2 ms

Starting optimization
Using method: lsq-exact
   Iteration     Total nfev        Cost      Cost reduction    Step norm     Optimality   
       0              1          1.356e-02                                    4.367e-02   
       1              2          1.518e-03      1.204e-02      1.298e-01      1.614e-02   
       2              3          7.483e-05      1.443e-03      6.991e-02      4.579e-03   
       3              4          6.205e-05      1.278e-05      9.131e-02      5.486e-03   
       4              5          9.966e-06      5.209e-05      3.117e-02      1.860e-03   
       5              6          3.495e-06      6.470e-06      4.759e-02      1.274e-03   
       6              7          3.028e-06      4.673e-07      2.931e-02      1.119e-03   
       7              8          3.688e-08      2.991e-06      8.897e-03      1.341e-04   
       8             10          1.482e-09      3.540e-08      3.219e-03      1.837e-05   
`gtol` condition satisfied. (gtol=1.00e-04)
         Current function value: 1.482e-09
         Total delta_x: 1.073e-01
         Iterations: 8
         Function evaluations: 10
         Jacobian evaluations: 9
Timer: Solution time = 2.11 sec
Timer: Avg time per step = 235 ms
==============================================================================================================
                                                                 Start  -->   End
Total (sum of squares):                                      1.356e-02  -->   1.482e-09, 
Maximum absolute Force error:                                6.934e+06  -->   1.524e+03 (N)
Minimum absolute Force error:                                5.132e+01  -->   2.272e-02 (N)
Average absolute Force error:                                9.934e+04  -->   3.302e+01 (N)
Maximum absolute Force error:                                1.118e-01  -->   2.458e-05 (normalized)
Minimum absolute Force error:                                8.275e-07  -->   3.664e-10 (normalized)
Average absolute Force error:                                1.602e-03  -->   5.324e-07 (normalized)
R boundary error:                                            0.000e+00  -->   0.000e+00 (m)
Z boundary error:                                            0.000e+00  -->   0.000e+00 (m)
Fixed Psi error:                                             0.000e+00  -->   0.000e+00 (Wb)
Fixed pressure profile error:                                0.000e+00  -->   0.000e+00 (Pa)
Fixed iota profile error:                                    0.000e+00  -->   0.000e+00 (dimensionless)
Fixed sheet current error:                                   0.000e+00  -->   0.000e+00 (~)
==============================================================================================================

Timer: Iteration 4 total = 13.4 sec
================
Step 5
================
Spectral indexing: ansi
Spectral resolution (L,M,N)=(14,14,0)
Node resolution (L,M,N)=(28,28,0)
Boundary ratio = 0
Pressure ratio = 1.0
Perturbation Order = 2
Objective: force
Optimizer: lsq-exact
================
Perturbing equilibrium
Building objective: force
Precomputing transforms
Timer: Precomputing transforms = 57.4 ms
Timer: Objective build = 65.5 ms
Building objective: lcfs R
Building objective: lcfs Z
Building objective: fixed Psi
Building objective: fixed pressure
Building objective: fixed iota
Building objective: fixed sheet current
Building objective: self_consistency R
Building objective: self_consistency Z
Building objective: lambda gauge
Building objective: axis R self consistency
Building objective: axis Z self consistency
Timer: Objective build = 98.0 ms
Perturbing p_l
Factorizing linear constraints
Timer: linear constraint factorize = 888 ms
Computing df
Timer: df computation = 1.61 ms
Factoring df
Timer: df/dx factorization = 23.4 us
Computing d^2f
Timer: d^2f computation = 312 us
Timer: Objective build = 1.91 ms
||dx||/||x|| =  2.465e-02
Timer: Total perturbation = 1.76 sec
Building objective: self_consistency R
Building objective: self_consistency Z
Building objective: lambda gauge
Building objective: axis R self consistency
Building objective: axis Z self consistency
Timer: Objective build = 10.3 ms
Timer: LinearConstraintProjection build = 29.4 ms
Number of parameters: 147
Number of objectives: 450
Timer: Initializing the optimization = 43.0 ms

Starting optimization
Using method: lsq-exact
   Iteration     Total nfev        Cost      Cost reduction    Step norm     Optimality   
       0              1          1.800e-04                                    1.076e-02   
       1              2          2.676e-05      1.532e-04      5.002e-02      3.985e-03   
       2              3          1.595e-06      2.517e-05      3.147e-02      5.366e-04   
       3              4          2.086e-08      1.575e-06      7.575e-03      1.061e-04   
       4              6          2.336e-09      1.853e-08      3.939e-03      3.011e-05   
`gtol` condition satisfied. (gtol=1.00e-04)
         Current function value: 2.336e-09
         Total delta_x: 4.035e-02
         Iterations: 4
         Function evaluations: 6
         Jacobian evaluations: 5
Timer: Solution time = 143 ms
Timer: Avg time per step = 28.7 ms
==============================================================================================================
                                                                 Start  -->   End
Total (sum of squares):                                      1.800e-04  -->   2.336e-09, 
Maximum absolute Force error:                                2.965e+05  -->   2.397e+03 (N)
Minimum absolute Force error:                                1.269e+01  -->   9.145e-02 (N)
Average absolute Force error:                                1.333e+04  -->   5.035e+01 (N)
Maximum absolute Force error:                                4.781e-03  -->   3.865e-05 (normalized)
Minimum absolute Force error:                                2.046e-07  -->   1.474e-09 (normalized)
Average absolute Force error:                                2.149e-04  -->   8.118e-07 (normalized)
R boundary error:                                            0.000e+00  -->   0.000e+00 (m)
Z boundary error:                                            0.000e+00  -->   0.000e+00 (m)
Fixed Psi error:                                             0.000e+00  -->   0.000e+00 (Wb)
Fixed pressure profile error:                                0.000e+00  -->   0.000e+00 (Pa)
Fixed iota profile error:                                    0.000e+00  -->   0.000e+00 (dimensionless)
Fixed sheet current error:                                   0.000e+00  -->   0.000e+00 (~)
==============================================================================================================

Timer: Iteration 5 total = 2.28 sec
================
Step 6
================
Spectral indexing: ansi
Spectral resolution (L,M,N)=(14,14,10)
Node resolution (L,M,N)=(28,28,20)
Boundary ratio = 0.25
Pressure ratio = 1
Perturbation Order = 2
Objective: force
Optimizer: lsq-exact
================
Perturbing equilibrium
Building objective: force
Precomputing transforms
Timer: Precomputing transforms = 1.61 sec
Timer: Objective build = 1.71 sec
Building objective: lcfs R
Building objective: lcfs Z
Building objective: fixed Psi
Building objective: fixed pressure
Building objective: fixed iota
Building objective: fixed sheet current
Building objective: self_consistency R
Building objective: self_consistency Z
Building objective: lambda gauge
Building objective: axis R self consistency
Building objective: axis Z self consistency
Timer: Objective build = 1.04 sec
Perturbing Rb_lmn, Zb_lmn
Factorizing linear constraints
Timer: linear constraint factorize = 7.76 sec
Computing df
Timer: df computation = 10.2 sec
Factoring df
Timer: df/dx factorization = 119 ms
Computing d^2f
Timer: d^2f computation = 8.39 sec
Timer: Objective build = 1.89 ms
||dx||/||x|| =  2.492e-03
Timer: Total perturbation = 1.89 min
Building objective: self_consistency R
Building objective: self_consistency Z
Building objective: lambda gauge
Building objective: axis R self consistency
Building objective: axis Z self consistency
Timer: Objective build = 51.0 ms
Timer: LinearConstraintProjection build = 3.74 sec
Number of parameters: 3167
Number of objectives: 18450
Timer: Initializing the optimization = 5.95 sec

Starting optimization
Using method: lsq-exact
   Iteration     Total nfev        Cost      Cost reduction    Step norm     Optimality   
       0              1          1.771e-06                                    5.864e-04   
       1              2          4.322e-08      1.728e-06      9.352e-03      6.013e-05   
`gtol` condition satisfied. (gtol=1.00e-04)
         Current function value: 4.322e-08
         Total delta_x: 9.352e-03
         Iterations: 1
         Function evaluations: 2
         Jacobian evaluations: 2
Timer: Solution time = 57.5 sec
Timer: Avg time per step = 28.7 sec
==============================================================================================================
                                                                 Start  -->   End
Total (sum of squares):                                      1.771e-06  -->   4.322e-08, 
Maximum absolute Force error:                                6.503e+04  -->   8.815e+03 (N)
Minimum absolute Force error:                                3.251e-04  -->   9.208e-03 (N)
Average absolute Force error:                                1.084e+03  -->   1.962e+02 (N)
Maximum absolute Force error:                                1.049e-03  -->   1.421e-04 (normalized)
Minimum absolute Force error:                                5.242e-12  -->   1.485e-10 (normalized)
Average absolute Force error:                                1.748e-05  -->   3.164e-06 (normalized)
R boundary error:                                            0.000e+00  -->   0.000e+00 (m)
Z boundary error:                                            0.000e+00  -->   0.000e+00 (m)
Fixed Psi error:                                             0.000e+00  -->   0.000e+00 (Wb)
Fixed pressure profile error:                                0.000e+00  -->   0.000e+00 (Pa)
Fixed iota profile error:                                    0.000e+00  -->   0.000e+00 (dimensionless)
Fixed sheet current error:                                   0.000e+00  -->   0.000e+00 (~)
==============================================================================================================

Timer: Iteration 6 total = 3.05 min
================
Step 7
================
Spectral indexing: ansi
Spectral resolution (L,M,N)=(14,14,10)
Node resolution (L,M,N)=(28,28,20)
Boundary ratio = 0.5
Pressure ratio = 1
Perturbation Order = 2
Objective: force
Optimizer: lsq-exact
================
Perturbing equilibrium
Building objective: force
Precomputing transforms
Timer: Precomputing transforms = 116 ms
Timer: Objective build = 137 ms
Building objective: lcfs R
Building objective: lcfs Z
Building objective: fixed Psi
Building objective: fixed pressure
Building objective: fixed iota
Building objective: fixed sheet current
Building objective: self_consistency R
Building objective: self_consistency Z
Building objective: lambda gauge
Building objective: axis R self consistency
Building objective: axis Z self consistency
Timer: Objective build = 141 ms
Perturbing Rb_lmn, Zb_lmn
Factorizing linear constraints
Timer: linear constraint factorize = 3.40 sec
Computing df
Timer: df computation = 92.4 ms
Factoring df
Timer: df/dx factorization = 53.1 us
Computing d^2f
Timer: d^2f computation = 1.78 sec
Timer: Objective build = 2.02 ms
||dx||/||x|| =  2.971e-03
Timer: Total perturbation = 1.60 min
Building objective: self_consistency R
Building objective: self_consistency Z
Building objective: lambda gauge
Building objective: axis R self consistency
Building objective: axis Z self consistency
Timer: Objective build = 51.5 ms
Timer: LinearConstraintProjection build = 3.49 sec
Number of parameters: 3167
Number of objectives: 18450
Timer: Initializing the optimization = 5.70 sec

Starting optimization
Using method: lsq-exact
   Iteration     Total nfev        Cost      Cost reduction    Step norm     Optimality   
       0              1          8.484e-07                                    4.054e-04   
       1              2          9.693e-08      7.514e-07      1.299e-02      1.325e-04   
       2              3          4.509e-08      5.184e-08      9.197e-03      9.629e-05   
`gtol` condition satisfied. (gtol=1.00e-04)
         Current function value: 4.509e-08
         Total delta_x: 1.265e-02
         Iterations: 2
         Function evaluations: 3
         Jacobian evaluations: 3
Timer: Solution time = 1.42 min
Timer: Avg time per step = 28.4 sec
==============================================================================================================
                                                                 Start  -->   End
Total (sum of squares):                                      8.484e-07  -->   4.509e-08, 
Maximum absolute Force error:                                2.357e+04  -->   1.113e+04 (N)
Minimum absolute Force error:                                1.694e-02  -->   2.148e-03 (N)
Average absolute Force error:                                8.049e+02  -->   1.413e+02 (N)
Maximum absolute Force error:                                3.801e-04  -->   1.795e-04 (normalized)
Minimum absolute Force error:                                2.731e-10  -->   3.463e-11 (normalized)
Average absolute Force error:                                1.298e-05  -->   2.278e-06 (normalized)
R boundary error:                                            0.000e+00  -->   0.000e+00 (m)
Z boundary error:                                            0.000e+00  -->   0.000e+00 (m)
Fixed Psi error:                                             0.000e+00  -->   0.000e+00 (Wb)
Fixed pressure profile error:                                0.000e+00  -->   0.000e+00 (Pa)
Fixed iota profile error:                                    0.000e+00  -->   0.000e+00 (dimensionless)
Fixed sheet current error:                                   0.000e+00  -->   0.000e+00 (~)
==============================================================================================================

Timer: Iteration 7 total = 3.13 min
================
Step 8
================
Spectral indexing: ansi
Spectral resolution (L,M,N)=(14,14,10)
Node resolution (L,M,N)=(28,28,20)
Boundary ratio = 0.75
Pressure ratio = 1
Perturbation Order = 2
Objective: force
Optimizer: lsq-exact
================
Perturbing equilibrium
Building objective: force
Precomputing transforms
Timer: Precomputing transforms = 119 ms
Timer: Objective build = 140 ms
Building objective: lcfs R
Building objective: lcfs Z
Building objective: fixed Psi
Building objective: fixed pressure
Building objective: fixed iota
Building objective: fixed sheet current
Building objective: self_consistency R
Building objective: self_consistency Z
Building objective: lambda gauge
Building objective: axis R self consistency
Building objective: axis Z self consistency
Timer: Objective build = 138 ms
Perturbing Rb_lmn, Zb_lmn
Factorizing linear constraints
Timer: linear constraint factorize = 3.28 sec
Computing df
Timer: df computation = 88.7 ms
Factoring df
Timer: df/dx factorization = 68.0 us
Computing d^2f
Timer: d^2f computation = 1.72 sec
Timer: Objective build = 1.99 ms
||dx||/||x|| =  3.878e-03
Timer: Total perturbation = 1.57 min
Building objective: self_consistency R
Building objective: self_consistency Z
Building objective: lambda gauge
Building objective: axis R self consistency
Building objective: axis Z self consistency
Timer: Objective build = 52.4 ms
Timer: LinearConstraintProjection build = 3.58 sec
Number of parameters: 3167
Number of objectives: 18450
Timer: Initializing the optimization = 5.88 sec

Starting optimization
Using method: lsq-exact
   Iteration     Total nfev        Cost      Cost reduction    Step norm     Optimality   
       0              1          3.253e-06                                    8.194e-04   
       1              2          7.475e-08      3.178e-06      1.103e-02      7.110e-05   
`gtol` condition satisfied. (gtol=1.00e-04)
         Current function value: 7.475e-08
         Total delta_x: 1.103e-02
         Iterations: 1
         Function evaluations: 2
         Jacobian evaluations: 2
Timer: Solution time = 52.2 sec
Timer: Avg time per step = 26.1 sec
==============================================================================================================
                                                                 Start  -->   End
Total (sum of squares):                                      3.253e-06  -->   7.475e-08, 
Maximum absolute Force error:                                6.094e+04  -->   7.731e+03 (N)
Minimum absolute Force error:                                1.768e-02  -->   3.300e-03 (N)
Average absolute Force error:                                1.823e+03  -->   2.677e+02 (N)
Maximum absolute Force error:                                9.826e-04  -->   1.247e-04 (normalized)
Minimum absolute Force error:                                2.851e-10  -->   5.320e-11 (normalized)
Average absolute Force error:                                2.940e-05  -->   4.316e-06 (normalized)
R boundary error:                                            0.000e+00  -->   0.000e+00 (m)
Z boundary error:                                            0.000e+00  -->   0.000e+00 (m)
Fixed Psi error:                                             0.000e+00  -->   0.000e+00 (Wb)
Fixed pressure profile error:                                0.000e+00  -->   0.000e+00 (Pa)
Fixed iota profile error:                                    0.000e+00  -->   0.000e+00 (dimensionless)
Fixed sheet current error:                                   0.000e+00  -->   0.000e+00 (~)
==============================================================================================================

Timer: Iteration 8 total = 2.55 min
================
Step 9
================
Spectral indexing: ansi
Spectral resolution (L,M,N)=(14,14,10)
Node resolution (L,M,N)=(28,28,20)
Boundary ratio = 1.0
Pressure ratio = 1
Perturbation Order = 2
Objective: force
Optimizer: lsq-exact
================
Perturbing equilibrium
Building objective: force
Precomputing transforms
Timer: Precomputing transforms = 124 ms
Timer: Objective build = 146 ms
Building objective: lcfs R
Building objective: lcfs Z
Building objective: fixed Psi
Building objective: fixed pressure
Building objective: fixed iota
Building objective: fixed sheet current
Building objective: self_consistency R
Building objective: self_consistency Z
Building objective: lambda gauge
Building objective: axis R self consistency
Building objective: axis Z self consistency
Timer: Objective build = 145 ms
Perturbing Rb_lmn, Zb_lmn
Factorizing linear constraints
Timer: linear constraint factorize = 3.46 sec
Computing df
Timer: df computation = 102 ms
Factoring df
Timer: df/dx factorization = 68.1 us
Computing d^2f
Timer: d^2f computation = 1.79 sec
Timer: Objective build = 1.96 ms
||dx||/||x|| =  2.096e-03
Timer: Total perturbation = 1.62 min
Building objective: self_consistency R
Building objective: self_consistency Z
Building objective: lambda gauge
Building objective: axis R self consistency
Building objective: axis Z self consistency
Timer: Objective build = 52.5 ms
Timer: LinearConstraintProjection build = 3.54 sec
Number of parameters: 3167
Number of objectives: 18450
Timer: Initializing the optimization = 5.82 sec

Starting optimization
Using method: lsq-exact
   Iteration     Total nfev        Cost      Cost reduction    Step norm     Optimality   
       0              1          3.488e-07                                    4.469e-04   
       1              2          1.009e-07      2.479e-07      1.152e-02      1.226e-04   
       2              4          6.021e-09      9.489e-08      5.534e-03      4.099e-05   
`gtol` condition satisfied. (gtol=1.00e-04)
         Current function value: 6.021e-09
         Total delta_x: 1.455e-02
         Iterations: 2
         Function evaluations: 4
         Jacobian evaluations: 3
Timer: Solution time = 2.72 min
Timer: Avg time per step = 54.4 sec
==============================================================================================================
                                                                 Start  -->   End
Total (sum of squares):                                      3.488e-07  -->   6.021e-09, 
Maximum absolute Force error:                                2.981e+04  -->   7.808e+03 (N)
Minimum absolute Force error:                                2.107e-03  -->   2.582e-04 (N)
Average absolute Force error:                                6.025e+02  -->   6.359e+01 (N)
Maximum absolute Force error:                                4.806e-04  -->   1.259e-04 (normalized)
Minimum absolute Force error:                                3.397e-11  -->   4.163e-12 (normalized)
Average absolute Force error:                                9.715e-06  -->   1.025e-06 (normalized)
R boundary error:                                            0.000e+00  -->   0.000e+00 (m)
Z boundary error:                                            0.000e+00  -->   0.000e+00 (m)
Fixed Psi error:                                             0.000e+00  -->   0.000e+00 (Wb)
Fixed pressure profile error:                                0.000e+00  -->   0.000e+00 (Pa)
Fixed iota profile error:                                    0.000e+00  -->   0.000e+00 (dimensionless)
Fixed sheet current error:                                   0.000e+00  -->   0.000e+00 (~)
==============================================================================================================

Timer: Iteration 9 total = 4.45 min
====================
Done
Timer: Total time = 14.3 min
====================


# Python warnings captured during continuation
DeprecationWarning: linear_util.wrap_init is missing a DebugInfo object. This behavior is deprecated, use api_util.debug_info() to construct a proper DebugInfo object and propagate it to this function. See https://github.com/jax-ml/jax/issues/26480 for more details.
DeprecationWarning: linear_util.wrap_init is missing a DebugInfo object. This behavior is deprecated, use api_util.debug_info() to construct a proper DebugInfo object and propagate it to this function. See https://github.com/jax-ml/jax/issues/26480 for more details.
DeprecationWarning: linear_util.wrap_init is missing a DebugInfo object. This behavior is deprecated, use api_util.debug_info() to construct a proper DebugInfo object and propagate it to this function. See https://github.com/jax-ml/jax/issues/26480 for more details.
DeprecationWarning: linear_util.wrap_init is missing a DebugInfo object. This behavior is deprecated, use api_util.debug_info() to construct a proper DebugInfo object and propagate it to this function. See https://github.com/jax-ml/jax/issues/26480 for more details.
DeprecationWarning: linear_util.wrap_init is missing a DebugInfo object. This behavior is deprecated, use api_util.debug_info() to construct a proper DebugInfo object and propagate it to this function. See https://github.com/jax-ml/jax/issues/26480 for more details.
DeprecationWarning: linear_util.wrap_init is missing a DebugInfo object. This behavior is deprecated, use api_util.debug_info() to construct a proper DebugInfo object and propagate it to this function. See https://github.com/jax-ml/jax/issues/26480 for more details.
DeprecationWarning: linear_util.wrap_init is missing a DebugInfo object. This behavior is deprecated, use api_util.debug_info() to construct a proper DebugInfo object and propagate it to this function. See https://github.com/jax-ml/jax/issues/26480 for more details.
DeprecationWarning: linear_util.wrap_init is missing a DebugInfo object. This behavior is deprecated, use api_util.debug_info() to construct a proper DebugInfo object and propagate it to this function. See https://github.com/jax-ml/jax/issues/26480 for more details.
DeprecationWarning: linear_util.wrap_init is missing a DebugInfo object. This behavior is deprecated, use api_util.debug_info() to construct a proper DebugInfo object and propagate it to this function. See https://github.com/jax-ml/jax/issues/26480 for more details.
DeprecationWarning: linear_util.wrap_init is missing a DebugInfo object. This behavior is deprecated, use api_util.debug_info() to construct a proper DebugInfo object and propagate it to this function. See https://github.com/jax-ml/jax/issues/26480 for more details.
DeprecationWarning: linear_util.wrap_init is missing a DebugInfo object. This behavior is deprecated, use api_util.debug_info() to construct a proper DebugInfo object and propagate it to this function. See https://github.com/jax-ml/jax/issues/26480 for more details.
DeprecationWarning: linear_util.wrap_init is missing a DebugInfo object. This behavior is deprecated, use api_util.debug_info() to construct a proper DebugInfo object and propagate it to this function. See https://github.com/jax-ml/jax/issues/26480 for more details.
DeprecationWarning: linear_util.wrap_init is missing a DebugInfo object. This behavior is deprecated, use api_util.debug_info() to construct a proper DebugInfo object and propagate it to this function. See https://github.com/jax-ml/jax/issues/26480 for more details.
DeprecationWarning: linear_util.wrap_init is missing a DebugInfo object. This behavior is deprecated, use api_util.debug_info() to construct a proper DebugInfo object and propagate it to this function. See https://github.com/jax-ml/jax/issues/26480 for more details.
DeprecationWarning: linear_util.wrap_init is missing a DebugInfo object. This behavior is deprecated, use api_util.debug_info() to construct a proper DebugInfo object and propagate it to this function. See https://github.com/jax-ml/jax/issues/26480 for more details.
DeprecationWarning: linear_util.wrap_init is missing a DebugInfo object. This behavior is deprecated, use api_util.debug_info() to construct a proper DebugInfo object and propagate it to this function. See https://github.com/jax-ml/jax/issues/26480 for more details.
DeprecationWarning: linear_util.wrap_init is missing a DebugInfo object. This behavior is deprecated, use api_util.debug_info() to construct a proper DebugInfo object and propagate it to this function. See https://github.com/jax-ml/jax/issues/26480 for more details.
DeprecationWarning: linear_util.wrap_init is missing a DebugInfo object. This behavior is deprecated, use api_util.debug_info() to construct a proper DebugInfo object and propagate it to this function. See https://github.com/jax-ml/jax/issues/26480 for more details.
DeprecationWarning: linear_util.wrap_init is missing a DebugInfo object. This behavior is deprecated, use api_util.debug_info() to construct a proper DebugInfo object and propagate it to this function. See https://github.com/jax-ml/jax/issues/26480 for more details.
DeprecationWarning: linear_util.wrap_init is missing a DebugInfo object. This behavior is deprecated, use api_util.debug_info() to construct a proper DebugInfo object and propagate it to this function. See https://github.com/jax-ml/jax/issues/26480 for more details.
DeprecationWarning: linear_util.wrap_init is missing a DebugInfo object. This behavior is deprecated, use api_util.debug_info() to construct a proper DebugInfo object and propagate it to this function. See https://github.com/jax-ml/jax/issues/26480 for more details.
DeprecationWarning: linear_util.wrap_init is missing a DebugInfo object. This behavior is deprecated, use api_util.debug_info() to construct a proper DebugInfo object and propagate it to this function. See https://github.com/jax-ml/jax/issues/26480 for more details.
DeprecationWarning: linear_util.wrap_init is missing a DebugInfo object. This behavior is deprecated, use api_util.debug_info() to construct a proper DebugInfo object and propagate it to this function. See https://github.com/jax-ml/jax/issues/26480 for more details.
DeprecationWarning: linear_util.wrap_init is missing a DebugInfo object. This behavior is deprecated, use api_util.debug_info() to construct a proper DebugInfo object and propagate it to this function. See https://github.com/jax-ml/jax/issues/26480 for more details.
DeprecationWarning: linear_util.wrap_init is missing a DebugInfo object. This behavior is deprecated, use api_util.debug_info() to construct a proper DebugInfo object and propagate it to this function. See https://github.com/jax-ml/jax/issues/26480 for more details.
DeprecationWarning: linear_util.wrap_init is missing a DebugInfo object. This behavior is deprecated, use api_util.debug_info() to construct a proper DebugInfo object and propagate it to this function. See https://github.com/jax-ml/jax/issues/26480 for more details.
DeprecationWarning: linear_util.wrap_init is missing a DebugInfo object. This behavior is deprecated, use api_util.debug_info() to construct a proper DebugInfo object and propagate it to this function. See https://github.com/jax-ml/jax/issues/26480 for more details.
DeprecationWarning: linear_util.wrap_init is missing a DebugInfo object. This behavior is deprecated, use api_util.debug_info() to construct a proper DebugInfo object and propagate it to this function. See https://github.com/jax-ml/jax/issues/26480 for more details.
DeprecationWarning: linear_util.wrap_init is missing a DebugInfo object. This behavior is deprecated, use api_util.debug_info() to construct a proper DebugInfo object and propagate it to this function. See https://github.com/jax-ml/jax/issues/26480 for more details.
DeprecationWarning: linear_util.wrap_init is missing a DebugInfo object. This behavior is deprecated, use api_util.debug_info() to construct a proper DebugInfo object and propagate it to this function. See https://github.com/jax-ml/jax/issues/26480 for more details.
DeprecationWarning: linear_util.wrap_init is missing a DebugInfo object. This behavior is deprecated, use api_util.debug_info() to construct a proper DebugInfo object and propagate it to this function. See https://github.com/jax-ml/jax/issues/26480 for more details.
DeprecationWarning: linear_util.wrap_init is missing a DebugInfo object. This behavior is deprecated, use api_util.debug_info() to construct a proper DebugInfo object and propagate it to this function. See https://github.com/jax-ml/jax/issues/26480 for more details.
DeprecationWarning: linear_util.wrap_init is missing a DebugInfo object. This behavior is deprecated, use api_util.debug_info() to construct a proper DebugInfo object and propagate it to this function. See https://github.com/jax-ml/jax/issues/26480 for more details.
DeprecationWarning: linear_util.wrap_init is missing a DebugInfo object. This behavior is deprecated, use api_util.debug_info() to construct a proper DebugInfo object and propagate it to this function. See https://github.com/jax-ml/jax/issues/26480 for more details.
DeprecationWarning: linear_util.wrap_init is missing a DebugInfo object. This behavior is deprecated, use api_util.debug_info() to construct a proper DebugInfo object and propagate it to this function. See https://github.com/jax-ml/jax/issues/26480 for more details.
DeprecationWarning: linear_util.wrap_init is missing a DebugInfo object. This behavior is deprecated, use api_util.debug_info() to construct a proper DebugInfo object and propagate it to this function. See https://github.com/jax-ml/jax/issues/26480 for more details.
DeprecationWarning: linear_util.wrap_init is missing a DebugInfo object. This behavior is deprecated, use api_util.debug_info() to construct a proper DebugInfo object and propagate it to this function. See https://github.com/jax-ml/jax/issues/26480 for more details.
DeprecationWarning: linear_util.wrap_init is missing a DebugInfo object. This behavior is deprecated, use api_util.debug_info() to construct a proper DebugInfo object and propagate it to this function. See https://github.com/jax-ml/jax/issues/26480 for more details.
DeprecationWarning: linear_util.wrap_init is missing a DebugInfo object. This behavior is deprecated, use api_util.debug_info() to construct a proper DebugInfo object and propagate it to this function. See https://github.com/jax-ml/jax/issues/26480 for more details.
DeprecationWarning: linear_util.wrap_init is missing a DebugInfo object. This behavior is deprecated, use api_util.debug_info() to construct a proper DebugInfo object and propagate it to this function. See https://github.com/jax-ml/jax/issues/26480 for more details.
DeprecationWarning: linear_util.wrap_init is missing a DebugInfo object. This behavior is deprecated, use api_util.debug_info() to construct a proper DebugInfo object and propagate it to this function. See https://github.com/jax-ml/jax/issues/26480 for more details.
DeprecationWarning: linear_util.wrap_init is missing a DebugInfo object. This behavior is deprecated, use api_util.debug_info() to construct a proper DebugInfo object and propagate it to this function. See https://github.com/jax-ml/jax/issues/26480 for more details.
DeprecationWarning: linear_util.wrap_init is missing a DebugInfo object. This behavior is deprecated, use api_util.debug_info() to construct a proper DebugInfo object and propagate it to this function. See https://github.com/jax-ml/jax/issues/26480 for more details.
DeprecationWarning: linear_util.wrap_init is missing a DebugInfo object. This behavior is deprecated, use api_util.debug_info() to construct a proper DebugInfo object and propagate it to this function. See https://github.com/jax-ml/jax/issues/26480 for more details.
DeprecationWarning: linear_util.wrap_init is missing a DebugInfo object. This behavior is deprecated, use api_util.debug_info() to construct a proper DebugInfo object and propagate it to this function. See https://github.com/jax-ml/jax/issues/26480 for more details.
DeprecationWarning: linear_util.wrap_init is missing a DebugInfo object. This behavior is deprecated, use api_util.debug_info() to construct a proper DebugInfo object and propagate it to this function. See https://github.com/jax-ml/jax/issues/26480 for more details.
DeprecationWarning: linear_util.wrap_init is missing a DebugInfo object. This behavior is deprecated, use api_util.debug_info() to construct a proper DebugInfo object and propagate it to this function. See https://github.com/jax-ml/jax/issues/26480 for more details.
DeprecationWarning: linear_util.wrap_init is missing a DebugInfo object. This behavior is deprecated, use api_util.debug_info() to construct a proper DebugInfo object and propagate it to this function. See https://github.com/jax-ml/jax/issues/26480 for more details.
DeprecationWarning: linear_util.wrap_init is missing a DebugInfo object. This behavior is deprecated, use api_util.debug_info() to construct a proper DebugInfo object and propagate it to this function. See https://github.com/jax-ml/jax/issues/26480 for more details.
