================
Step 1
================
Spectral indexing: ansi
Spectral resolution (L,M,N)=(6,6,0)
Node resolution (L,M,N)=(12,12,0)
Boundary ratio = 0
Pressure ratio = 0
Perturbation Order = 2
Objective: force
Optimizer: lsq-exact
================
Building objective: force
Precomputing transforms
Timer: Precomputing transforms = 990 ms
Timer: Objective build = 1.39 sec
Building objective: lcfs R
Building objective: lcfs Z
Building objective: fixed Psi
Building objective: fixed pressure
Building objective: fixed iota
Building objective: fixed sheet current
Building objective: self_consistency R
Building objective: self_consistency Z
Building objective: lambda gauge
Building objective: axis R self consistency
Building objective: axis Z self consistency
Timer: Objective build = 589 ms
Timer: LinearConstraintProjection build = 3.49 sec
Number of parameters: 27
Number of objectives: 98
Timer: Initializing the optimization = 5.50 sec

Starting optimization
Using method: lsq-exact
   Iteration     Total nfev        Cost      Cost reduction    Step norm     Optimality   
       0              1          1.495e-02                                    1.717e-01   
       1              2          3.230e-05      1.492e-02      1.710e-01      5.313e-03   
       2              3          3.890e-07      3.191e-05      4.055e-02      5.546e-04   
       3              4          4.715e-08      3.418e-07      4.276e-02      2.128e-04   
       4              5          1.581e-09      4.556e-08      5.682e-03      2.701e-05   
       5              6          2.065e-11      1.561e-09      1.270e-03      6.493e-07   
       6              7          1.930e-11      1.357e-12      8.505e-04      1.384e-07   
       7              8          1.926e-11      3.704e-14      8.194e-05      1.977e-09   
`gtol` condition satisfied. (gtol=1.00e-08)
         Current function value: 1.926e-11
         Total delta_x: 8.965e-02
         Iterations: 7
         Function evaluations: 8
         Jacobian evaluations: 8
Timer: Solution time = 4.54 sec
Timer: Avg time per step = 568 ms
==============================================================================================================
                                                                 Start  -->   End
Total (sum of squares):                                      1.495e-02  -->   1.926e-11, 
Maximum absolute Force error:                                5.692e+05  -->   6.156e+01 (N)
Minimum absolute Force error:                                4.972e+01  -->   1.111e-03 (N)
Average absolute Force error:                                1.593e+05  -->   5.124e+00 (N)
Maximum absolute Force error:                                9.178e-03  -->   9.925e-07 (normalized)
Minimum absolute Force error:                                8.017e-07  -->   1.792e-11 (normalized)
Average absolute Force error:                                2.569e-03  -->   8.263e-08 (normalized)
R boundary error:                                            0.000e+00  -->   5.562e-17 (m)
Z boundary error:                                            0.000e+00  -->   1.735e-18 (m)
Fixed Psi error:                                             0.000e+00  -->   0.000e+00 (Wb)
Fixed pressure profile error:                                0.000e+00  -->   0.000e+00 (Pa)
Fixed iota profile error:                                    0.000e+00  -->   0.000e+00 (dimensionless)
Fixed sheet current error:                                   0.000e+00  -->   0.000e+00 (~)
==============================================================================================================

Timer: Iteration 1 total = 11.5 sec
================
Step 2
================
Spectral indexing: ansi
Spectral resolution (L,M,N)=(12,12,0)
Node resolution (L,M,N)=(24,24,0)
Boundary ratio = 0
Pressure ratio = 0
Perturbation Order = 2
Objective: force
Optimizer: lsq-exact
================
Building objective: force
Precomputing transforms
Timer: Precomputing transforms = 1.12 sec
Timer: Objective build = 1.21 sec
Building objective: lcfs R
Building objective: lcfs Z
Building objective: fixed Psi
Building objective: fixed pressure
Building objective: fixed iota
Building objective: fixed sheet current
Building objective: self_consistency R
Building objective: self_consistency Z
Building objective: lambda gauge
Building objective: axis R self consistency
Building objective: axis Z self consistency
Timer: Objective build = 555 ms
Timer: LinearConstraintProjection build = 3.39 sec
Number of parameters: 108
Number of objectives: 338
Timer: Initializing the optimization = 5.20 sec

Starting optimization
Using method: lsq-exact
   Iteration     Total nfev        Cost      Cost reduction    Step norm     Optimality   
       0              1          1.928e-11                                    1.107e-06   
       1              5          1.487e-11      4.406e-12      1.099e-03      1.648e-06   
       2              6          5.341e-12      9.532e-12      5.923e-04      4.885e-07   
       3              8          1.555e-12      3.787e-12      3.334e-04      1.477e-07   
       4             10          1.074e-12      4.801e-13      1.262e-04      3.466e-08   
       5             11          7.971e-13      2.774e-13      2.511e-04      1.293e-07   
       6             12          5.255e-13      2.716e-13      2.784e-04      9.505e-08   
       7             14          3.562e-13      1.692e-13      1.529e-04      2.271e-08   
       8             15          2.909e-13      6.538e-14      3.469e-04      9.723e-08   
       9             16          1.974e-13      9.343e-14      3.822e-04      1.068e-07   
      10             17          1.339e-13      6.354e-14      4.058e-04      1.230e-07   
      11             18          1.013e-13      3.254e-14      4.202e-04      1.461e-07   
      12             20          8.836e-15      9.250e-14      1.189e-04      8.599e-09   
`gtol` condition satisfied. (gtol=1.00e-08)
         Current function value: 8.836e-15
         Total delta_x: 2.451e-03
         Iterations: 12
         Function evaluations: 20
         Jacobian evaluations: 13
Timer: Solution time = 4.32 sec
Timer: Avg time per step = 332 ms
==============================================================================================================
                                                                 Start  -->   End
Total (sum of squares):                                      1.928e-11  -->   8.836e-15, 
Maximum absolute Force error:                                8.520e+01  -->   1.355e+00 (N)
Minimum absolute Force error:                                7.771e-03  -->   3.527e-05 (N)
Average absolute Force error:                                5.013e+00  -->   1.101e-01 (N)
Maximum absolute Force error:                                1.374e-06  -->   2.185e-08 (normalized)
Minimum absolute Force error:                                1.253e-10  -->   5.687e-13 (normalized)
Average absolute Force error:                                8.083e-08  -->   1.775e-09 (normalized)
R boundary error:                                            0.000e+00  -->   0.000e+00 (m)
Z boundary error:                                            0.000e+00  -->   0.000e+00 (m)
Fixed Psi error:                                             0.000e+00  -->   0.000e+00 (Wb)
Fixed pressure profile error:                                0.000e+00  -->   0.000e+00 (Pa)
Fixed iota profile error:                                    0.000e+00  -->   0.000e+00 (dimensionless)
Fixed sheet current error:                                   0.000e+00  -->   0.000e+00 (~)
==============================================================================================================

Timer: Iteration 2 total = 12.9 sec
================
Step 3
================
Spectral indexing: ansi
Spectral resolution (L,M,N)=(12,12,0)
Node resolution (L,M,N)=(24,24,0)
Boundary ratio = 0
Pressure ratio = 0.5
Perturbation Order = 2
Objective: force
Optimizer: lsq-exact
================
Perturbing equilibrium
Building objective: force
Precomputing transforms
Timer: Precomputing transforms = 42.1 ms
Timer: Objective build = 48.3 ms
Building objective: lcfs R
Building objective: lcfs Z
Building objective: fixed Psi
Building objective: fixed pressure
Building objective: fixed iota
Building objective: fixed sheet current
Building objective: self_consistency R
Building objective: self_consistency Z
Building objective: lambda gauge
Building objective: axis R self consistency
Building objective: axis Z self consistency
Timer: Objective build = 69.9 ms
Perturbing p_l
Factorizing linear constraints
Timer: linear constraint factorize = 20.6 ms
Computing df
Timer: df computation = 3.00 sec
Factoring df
Timer: df/dx factorization = 34.6 ms
Computing d^2f
Timer: d^2f computation = 2.27 sec
Timer: Objective build = 1.39 ms
||dx||/||x|| =  5.471e-02
Timer: Total perturbation = 8.82 sec
Building objective: self_consistency R
Building objective: self_consistency Z
Building objective: lambda gauge
Building objective: axis R self consistency
Building objective: axis Z self consistency
Timer: Objective build = 7.31 ms
Timer: LinearConstraintProjection build = 22.1 ms
Number of parameters: 108
Number of objectives: 338
Timer: Initializing the optimization = 31.7 ms

Starting optimization
Using method: lsq-exact
   Iteration     Total nfev        Cost      Cost reduction    Step norm     Optimality   
       0              1          8.755e-02                                    1.202e-01   
       1              2          8.168e-03      7.938e-02      1.392e-01      5.607e-02   
       2              3          7.960e-04      7.372e-03      9.403e-02      2.464e-02   
       3              4          1.372e-04      6.588e-04      6.864e-02      9.910e-03   
       4              5          2.339e-05      1.138e-04      6.532e-02      2.963e-03   
       5              6          5.391e-06      1.800e-05      4.765e-02      1.266e-03   
       6              7          4.065e-06      1.326e-06      8.437e-02      7.792e-04   
       7              8          7.320e-08      3.992e-06      1.192e-02      2.383e-04   
       8             10          8.743e-09      6.446e-08      1.040e-02      5.559e-05   
       9             12          6.221e-10      8.121e-09      2.982e-03      9.620e-06   
      10             14          6.891e-11      5.532e-10      1.936e-03      1.594e-06   
      11             16          3.166e-11      3.725e-11      9.832e-04      5.650e-07   
      12             18          2.926e-11      2.399e-12      4.249e-04      1.154e-07   
      13             19          2.848e-11      7.838e-13      7.711e-04      4.391e-07   
      14             20          2.682e-11      1.657e-12      7.463e-04      3.818e-07   
      15             21          2.535e-11      1.470e-12      7.431e-04      3.258e-07   
      16             23          2.427e-11      1.078e-12      3.764e-04      7.378e-08   
      17             24          2.340e-11      8.703e-13      7.629e-04      2.587e-07   
      18             25          2.223e-11      1.176e-12      7.927e-04      2.189e-07   
      19             27          2.144e-11      7.851e-13      4.146e-04      4.966e-08   
      20             28          2.062e-11      8.257e-13      8.555e-04      1.870e-07   
      21             30          1.992e-11      6.940e-13      4.592e-04      4.083e-08   
      22             31          1.911e-11      8.130e-13      9.438e-04      1.715e-07   
      23             33          1.846e-11      6.547e-13      5.129e-04      3.394e-08   
      24             34          1.763e-11      8.266e-13      1.034e-03      1.519e-07   
      25             36          1.696e-11      6.681e-13      5.528e-04      2.919e-08   
      26             37          1.618e-11      7.795e-13      1.096e-03      1.306e-07   
      27             39          1.539e-11      7.866e-13      5.861e-04      3.038e-08   
      28             40          1.459e-11      8.034e-13      1.156e-03      1.782e-07   
      29             42          1.394e-11      6.515e-13      6.139e-04      5.925e-08   
      30             43          1.316e-11      7.822e-13      1.226e-03      2.180e-07   
      31             44          1.269e-11      4.699e-13      2.437e-03      6.372e-07   
      32             45          1.074e-11      1.951e-12      6.828e-04      3.262e-08   
      33             46          9.927e-12      8.093e-13      1.227e-03      9.233e-08   
      34             47          9.024e-12      9.031e-13      2.145e-03      2.886e-07   
      35             48          7.705e-12      1.319e-12      1.964e-03      2.613e-07   
      36             49          6.471e-12      1.234e-12      1.866e-03      2.519e-07   
      37             50          5.240e-12      1.231e-12      1.831e-03      2.062e-07   
      38             51          4.163e-12      1.077e-12      1.851e-03      2.392e-07   
      39             52          3.399e-12      7.639e-13      1.877e-03      2.596e-07   
      40             53          3.030e-12      3.684e-13      1.878e-03      2.404e-07   
      41             55          2.243e-12      7.876e-13      4.669e-04      2.738e-08   
      42             56          2.155e-12      8.820e-14      9.041e-04      1.469e-07   
      43             57          2.067e-12      8.722e-14      8.973e-04      2.289e-07   
      44             58          1.711e-12      3.559e-13      2.433e-04      1.979e-08   
      45             59          1.649e-12      6.266e-14      4.367e-04      8.766e-08   
      46             60          1.543e-12      1.054e-13      4.481e-04      9.077e-08   
      47             61          1.441e-12      1.022e-13      4.552e-04      8.712e-08   
      48             63          1.369e-12      7.216e-14      2.342e-04      2.044e-08   
      49             64          1.312e-12      5.704e-14      4.581e-04      8.025e-08   
      50             65          1.241e-12      7.098e-14      4.647e-04      8.016e-08   
      51             67          1.189e-12      5.186e-14      2.401e-04      2.038e-08   
      52             68          1.153e-12      3.631e-14      4.632e-04      9.143e-08   
      53             69          1.105e-12      4.811e-14      4.612e-04      1.070e-07   
      54             70          1.067e-12      3.772e-14      4.505e-04      1.368e-07   
      55             71          1.042e-12      2.523e-14      4.330e-04      1.725e-07   
      56             72          1.031e-12      1.075e-14      4.097e-04      2.154e-07   
      57             73          9.450e-13      8.612e-14      1.036e-04      1.337e-08   
      58             74          9.361e-13      8.887e-15      1.936e-04      6.222e-08   
Optimization terminated successfully.
`ftol` condition satisfied. (ftol=1.00e-02)
         Current function value: 9.361e-13
         Total delta_x: 1.168e-01
         Iterations: 58
         Function evaluations: 74
         Jacobian evaluations: 59
Timer: Solution time = 1.30 sec
Timer: Avg time per step = 22.1 ms
==============================================================================================================
                                                                 Start  -->   End
Total (sum of squares):                                      8.755e-02  -->   9.361e-13, 
Maximum absolute Force error:                                1.109e+07  -->   2.903e+01 (N)
Minimum absolute Force error:                                1.049e+02  -->   6.117e-03 (N)
Average absolute Force error:                                2.373e+05  -->   1.118e+00 (N)
Maximum absolute Force error:                                1.788e-01  -->   4.681e-07 (normalized)
Minimum absolute Force error:                                1.691e-06  -->   9.864e-11 (normalized)
Average absolute Force error:                                3.826e-03  -->   1.802e-08 (normalized)
R boundary error:                                            0.000e+00  -->   0.000e+00 (m)
Z boundary error:                                            0.000e+00  -->   0.000e+00 (m)
Fixed Psi error:                                             0.000e+00  -->   0.000e+00 (Wb)
Fixed pressure profile error:                                0.000e+00  -->   0.000e+00 (Pa)
Fixed iota profile error:                                    0.000e+00  -->   0.000e+00 (dimensionless)
Fixed sheet current error:                                   0.000e+00  -->   0.000e+00 (~)
==============================================================================================================

Timer: Iteration 3 total = 10.4 sec
================
Step 4
================
Spectral indexing: ansi
Spectral resolution (L,M,N)=(12,12,0)
Node resolution (L,M,N)=(24,24,0)
Boundary ratio = 0
Pressure ratio = 1.0
Perturbation Order = 2
Objective: force
Optimizer: lsq-exact
================
Perturbing equilibrium
Building objective: force
Precomputing transforms
Timer: Precomputing transforms = 41.9 ms
Timer: Objective build = 48.5 ms
Building objective: lcfs R
Building objective: lcfs Z
Building objective: fixed Psi
Building objective: fixed pressure
Building objective: fixed iota
Building objective: fixed sheet current
Building objective: self_consistency R
Building objective: self_consistency Z
Building objective: lambda gauge
Building objective: axis R self consistency
Building objective: axis Z self consistency
Timer: Objective build = 71.2 ms
Perturbing p_l
Factorizing linear constraints
Timer: linear constraint factorize = 677 ms
Computing df
Timer: df computation = 1.26 ms
Factoring df
Timer: df/dx factorization = 19.2 us
Computing d^2f
Timer: d^2f computation = 233 us
Timer: Objective build = 1.41 ms
||dx||/||x|| =  5.380e-02
Timer: Total perturbation = 1.36 sec
Building objective: self_consistency R
Building objective: self_consistency Z
Building objective: lambda gauge
Building objective: axis R self consistency
Building objective: axis Z self consistency
Timer: Objective build = 7.01 ms
Timer: LinearConstraintProjection build = 21.3 ms
Number of parameters: 108
Number of objectives: 338
Timer: Initializing the optimization = 30.5 ms

Starting optimization
Using method: lsq-exact
   Iteration     Total nfev        Cost      Cost reduction    Step norm     Optimality   
       0              1          3.548e-03                                    5.486e-02   
       1              2          1.989e-05      3.529e-03      5.113e-02      3.421e-03   
       2              4          1.009e-06      1.888e-05      1.740e-02      5.619e-04   
       3              6          3.251e-08      9.762e-07      7.114e-03      7.386e-05   
       4              8          5.778e-09      2.673e-08      4.102e-03      1.278e-05   
       5             10          4.123e-09      1.655e-09      1.846e-03      2.789e-06   
       6             11          3.911e-09      2.122e-10      3.278e-03      9.689e-06   
       7             12          3.104e-09      8.066e-10      7.125e-04      7.510e-07   
       8             13          2.862e-09      2.424e-10      1.341e-03      3.142e-06   
       9             15          2.682e-09      1.801e-10      6.489e-04      8.283e-07   
      10             16          2.498e-09      1.841e-10      1.273e-03      3.218e-06   
      11             17          2.278e-09      2.196e-10      1.245e-03      3.149e-06   
      12             18          2.070e-09      2.081e-10      1.223e-03      3.015e-06   
      13             19          1.872e-09      1.984e-10      1.217e-03      2.856e-06   
      14             20          1.680e-09      1.914e-10      1.246e-03      2.626e-06   
      15             21          1.495e-09      1.849e-10      1.318e-03      2.237e-06   
      16             22          1.322e-09      1.728e-10      1.422e-03      2.185e-06   
      17             24          1.204e-09      1.189e-10      7.507e-04      5.585e-07   
      18             25          1.098e-09      1.053e-10      1.596e-03      2.148e-06   
      19             27          1.002e-09      9.658e-11      8.223e-04      5.058e-07   
      20             28          9.082e-10      9.346e-11      1.681e-03      1.923e-06   
      21             30          8.259e-10      8.226e-11      8.260e-04      4.484e-07   
      22             31          7.460e-10      7.992e-11      1.641e-03      1.664e-06   
      23             33          6.797e-10      6.627e-11      8.006e-04      4.206e-07   
      24             34          6.322e-10      4.753e-11      1.596e-03      1.922e-06   
      25             35          5.734e-10      5.878e-11      1.558e-03      2.042e-06   
      26             36          5.180e-10      5.544e-11      1.507e-03      2.218e-06   
      27             37          4.649e-10      5.310e-11      1.446e-03      2.339e-06   
      28             38          4.144e-10      5.046e-11      1.390e-03      2.405e-06   
      29             39          3.671e-10      4.731e-11      1.344e-03      2.410e-06   
      30             40          3.233e-10      4.379e-11      1.305e-03      2.346e-06   
      31             41          2.833e-10      3.999e-11      1.271e-03      2.207e-06   
      32             42          2.473e-10      3.597e-11      1.243e-03      1.998e-06   
      33             43          2.152e-10      3.217e-11      1.225e-03      2.103e-06   
      34             44          1.855e-10      2.967e-11      1.224e-03      2.160e-06   
      35             45          1.574e-10      2.810e-11      1.229e-03      2.004e-06   
      36             46          1.327e-10      2.471e-11      1.229e-03      1.929e-06   
      37             47          1.120e-10      2.066e-11      1.279e-03      1.749e-06   
      38             48          9.645e-11      1.558e-11      1.385e-03      1.490e-06   
      39             49          8.529e-11      1.116e-11      1.531e-03      1.316e-06   
      40             50          4.844e-11      3.685e-11      3.867e-04      1.171e-07   
      41             51          4.727e-11      1.162e-12      8.705e-04      3.799e-07   
      42             53          4.411e-11      3.167e-12      1.784e-04      2.841e-07   
      43             54          4.262e-11      1.488e-12      5.281e-04      1.743e-07   
      44             56          4.172e-11      8.937e-13      1.103e-04      1.946e-07   
      45             57          4.101e-11      7.174e-13      1.216e-04      1.845e-08   
      46             58          4.008e-11      9.291e-13      2.130e-04      2.708e-07   
      47             59          3.823e-11      1.844e-12      5.420e-04      3.080e-07   
      48             61          3.682e-11      1.418e-12      2.344e-04      4.691e-07   
      49             62          3.475e-11      2.070e-12      6.453e-04      4.299e-07   
      50             63          3.423e-11      5.200e-13      5.867e-04      1.352e-06   
      51             64          3.086e-11      3.368e-12      2.149e-04      2.043e-08   
      52             65          2.974e-11      1.116e-12      3.663e-04      1.872e-07   
      53             66          2.825e-11      1.489e-12      7.125e-04      5.978e-07   
      54             67          2.600e-11      2.255e-12      7.236e-04      4.567e-07   
      55             69          2.450e-11      1.497e-12      3.707e-04      1.031e-07   
      56             70          2.311e-11      1.393e-12      6.861e-04      3.348e-07   
      57             72          2.193e-11      1.182e-12      3.466e-04      7.117e-08   
      58             73          2.070e-11      1.229e-12      6.417e-04      2.256e-07   
      59             75          1.974e-11      9.620e-13      3.182e-04      5.358e-08   
      60             76          1.871e-11      1.021e-12      5.956e-04      2.065e-07   
      61             78          1.788e-11      8.355e-13      2.934e-04      5.146e-08   
      62             79          1.707e-11      8.049e-13      5.558e-04      2.106e-07   
      63             80          1.614e-11      9.326e-13      5.359e-04      2.212e-07   
      64             82          1.542e-11      7.236e-13      2.643e-04      5.666e-08   
      65             83          1.495e-11      4.707e-13      5.077e-04      2.431e-07   
      66             84          1.428e-11      6.675e-13      4.949e-04      2.566e-07   
      67             85          1.371e-11      5.728e-13      4.835e-04      2.693e-07   
      68             86          1.323e-11      4.790e-13      4.735e-04      2.801e-07   
      69             87          1.284e-11      3.855e-13      4.647e-04      2.903e-07   
      70             88          1.255e-11      2.918e-13      4.560e-04      3.025e-07   
      71             89          1.235e-11      1.991e-13      4.455e-04      3.204e-07   
      72             90          1.224e-11      1.158e-13      4.292e-04      3.491e-07   
      73             91          1.165e-11      5.877e-13      1.126e-04      1.894e-08   
      74             92          1.162e-11      2.605e-14      2.114e-04      8.392e-08   
Optimization terminated successfully.
`ftol` condition satisfied. (ftol=1.00e-02)
         Current function value: 1.162e-11
         Total delta_x: 5.056e-02
         Iterations: 74
         Function evaluations: 92
         Jacobian evaluations: 75
Timer: Solution time = 1.18 sec
Timer: Avg time per step = 15.7 ms
==============================================================================================================
                                                                 Start  -->   End
Total (sum of squares):                                      3.548e-03  -->   1.162e-11, 
Maximum absolute Force error:                                2.354e+06  -->   4.910e+01 (N)
Minimum absolute Force error:                                9.203e+00  -->   2.765e-03 (N)
Average absolute Force error:                                5.506e+04  -->   4.110e+00 (N)
Maximum absolute Force error:                                3.795e-02  -->   7.918e-07 (normalized)
Minimum absolute Force error:                                1.484e-07  -->   4.458e-11 (normalized)
Average absolute Force error:                                8.879e-04  -->   6.628e-08 (normalized)
R boundary error:                                            0.000e+00  -->   0.000e+00 (m)
Z boundary error:                                            0.000e+00  -->   0.000e+00 (m)
Fixed Psi error:                                             0.000e+00  -->   0.000e+00 (Wb)
Fixed pressure profile error:                                0.000e+00  -->   0.000e+00 (Pa)
Fixed iota profile error:                                    0.000e+00  -->   0.000e+00 (dimensionless)
Fixed sheet current error:                                   0.000e+00  -->   0.000e+00 (~)
==============================================================================================================

Timer: Iteration 4 total = 2.83 sec
================
Step 5
================
Spectral indexing: ansi
Spectral resolution (L,M,N)=(12,12,8)
Node resolution (L,M,N)=(24,24,16)
Boundary ratio = 0.25
Pressure ratio = 1
Perturbation Order = 2
Objective: force
Optimizer: lsq-exact
================
Perturbing equilibrium
Building objective: force
Precomputing transforms
Timer: Precomputing transforms = 1.70 sec
Timer: Objective build = 1.78 sec
Building objective: lcfs R
Building objective: lcfs Z
Building objective: fixed Psi
Building objective: fixed pressure
Building objective: fixed iota
Building objective: fixed sheet current
Building objective: self_consistency R
Building objective: self_consistency Z
Building objective: lambda gauge
Building objective: axis R self consistency
Building objective: axis Z self consistency
Timer: Objective build = 827 ms
Perturbing Rb_lmn, Zb_lmn
Factorizing linear constraints
Timer: linear constraint factorize = 4.04 sec
Computing df
Timer: df computation = 6.47 sec
Factoring df
Timer: df/dx factorization = 46.9 ms
Computing d^2f
Timer: d^2f computation = 5.38 sec
Timer: Objective build = 1.41 ms
||dx||/||x|| =  4.722e-03
Timer: Total perturbation = 32.9 sec
Building objective: self_consistency R
Building objective: self_consistency Z
Building objective: lambda gauge
Building objective: axis R self consistency
Building objective: axis Z self consistency
Timer: Objective build = 24.3 ms
Timer: LinearConstraintProjection build = 1.00 sec
Number of parameters: 1892
Number of objectives: 11154
Timer: Initializing the optimization = 1.38 sec

Starting optimization
Using method: lsq-exact
   Iteration     Total nfev        Cost      Cost reduction    Step norm     Optimality   
       0              1          1.424e-05                                    2.293e-03   
       1              2          1.807e-07      1.406e-05      1.651e-02      2.138e-04   
       2              4          2.955e-08      1.511e-07      5.256e-03      8.230e-05   
       3              6          1.959e-09      2.759e-08      4.576e-03      3.361e-05   
       4              8          1.574e-10      1.801e-09      2.030e-03      4.295e-06   
       5             10          2.740e-11      1.300e-10      1.021e-03      3.380e-06   
       6             12          1.015e-11      1.725e-11      4.617e-04      5.346e-07   
       7             14          7.805e-12      2.343e-12      2.499e-04      1.084e-07   
       8             16          7.649e-12      1.565e-13      1.148e-04      4.964e-08   
       9             18          7.616e-12      3.218e-14      5.682e-05      1.314e-08   
Optimization terminated successfully.
`ftol` condition satisfied. (ftol=1.00e-02)
         Current function value: 7.616e-12
         Total delta_x: 1.524e-02
         Iterations: 9
         Function evaluations: 18
         Jacobian evaluations: 10
Timer: Solution time = 3.94 min
Timer: Avg time per step = 23.6 sec
==============================================================================================================
                                                                 Start  -->   End
Total (sum of squares):                                      1.424e-05  -->   7.616e-12, 
Maximum absolute Force error:                                2.475e+05  -->   7.965e+01 (N)
Minimum absolute Force error:                                2.598e-01  -->   5.290e-04 (N)
Average absolute Force error:                                3.243e+03  -->   3.237e+00 (N)
Maximum absolute Force error:                                3.991e-03  -->   1.284e-06 (normalized)
Minimum absolute Force error:                                4.189e-09  -->   8.530e-12 (normalized)
Average absolute Force error:                                5.229e-05  -->   5.219e-08 (normalized)
R boundary error:                                            0.000e+00  -->   0.000e+00 (m)
Z boundary error:                                            0.000e+00  -->   0.000e+00 (m)
Fixed Psi error:                                             0.000e+00  -->   0.000e+00 (Wb)
Fixed pressure profile error:                                0.000e+00  -->   0.000e+00 (Pa)
Fixed iota profile error:                                    0.000e+00  -->   0.000e+00 (dimensionless)
Fixed sheet current error:                                   0.000e+00  -->   0.000e+00 (~)
==============================================================================================================

Timer: Iteration 5 total = 4.60 min
================
Step 6
================
Spectral indexing: ansi
Spectral resolution (L,M,N)=(12,12,8)
Node resolution (L,M,N)=(24,24,16)
Boundary ratio = 0.5
Pressure ratio = 1
Perturbation Order = 2
Objective: force
Optimizer: lsq-exact
================
Perturbing equilibrium
Building objective: force
Precomputing transforms
Timer: Precomputing transforms = 71.6 ms
Timer: Objective build = 83.7 ms
Building objective: lcfs R
Building objective: lcfs Z
Building objective: fixed Psi
Building objective: fixed pressure
Building objective: fixed iota
Building objective: fixed sheet current
Building objective: self_consistency R
Building objective: self_consistency Z
Building objective: lambda gauge
Building objective: axis R self consistency
Building objective: axis Z self consistency
Timer: Objective build = 102 ms
Perturbing Rb_lmn, Zb_lmn
Factorizing linear constraints
Timer: linear constraint factorize = 915 ms
Computing df
Timer: df computation = 16.8 ms
Factoring df
Timer: df/dx factorization = 51.2 us
Computing d^2f
Timer: d^2f computation = 309 ms
Timer: Objective build = 1.40 ms
||dx||/||x|| =  4.603e-03
Timer: Total perturbation = 20.5 sec
Building objective: self_consistency R
Building objective: self_consistency Z
Building objective: lambda gauge
Building objective: axis R self consistency
Building objective: axis Z self consistency
Timer: Objective build = 25.1 ms
Timer: LinearConstraintProjection build = 914 ms
Number of parameters: 1892
Number of objectives: 11154
Timer: Initializing the optimization = 1.29 sec

Starting optimization
Using method: lsq-exact
   Iteration     Total nfev        Cost      Cost reduction    Step norm     Optimality   
       0              1          7.744e-06                                    2.269e-03   
       1              2          1.203e-07      7.624e-06      1.414e-02      1.209e-04   
       2              4          1.111e-08      1.092e-07      5.395e-03      5.770e-05   
       3              6          2.393e-09      8.714e-09      2.950e-03      3.494e-05   
       4              8          3.384e-10      2.055e-09      1.118e-03      1.067e-05   
       5             10          2.853e-11      3.099e-10      7.476e-04      2.452e-06   
       6             12          1.030e-11      1.823e-11      3.069e-04      9.054e-07   
       7             14          8.176e-12      2.123e-12      1.746e-04      2.025e-07   
       8             16          8.028e-12      1.474e-13      8.217e-05      4.237e-08   
       9             18          8.022e-12      6.337e-15      4.208e-05      5.140e-09   
`gtol` condition satisfied. (gtol=1.00e-08)
         Current function value: 8.022e-12
         Total delta_x: 1.335e-02
         Iterations: 9
         Function evaluations: 18
         Jacobian evaluations: 10
Timer: Solution time = 4.04 min
Timer: Avg time per step = 24.2 sec
==============================================================================================================
                                                                 Start  -->   End
Total (sum of squares):                                      7.744e-06  -->   8.022e-12, 
Maximum absolute Force error:                                2.021e+05  -->   8.473e+01 (N)
Minimum absolute Force error:                                4.771e-02  -->   9.009e-05 (N)
Average absolute Force error:                                2.196e+03  -->   3.324e+00 (N)
Maximum absolute Force error:                                3.258e-03  -->   1.366e-06 (normalized)
Minimum absolute Force error:                                7.693e-10  -->   1.453e-12 (normalized)
Average absolute Force error:                                3.541e-05  -->   5.360e-08 (normalized)
R boundary error:                                            0.000e+00  -->   0.000e+00 (m)
Z boundary error:                                            0.000e+00  -->   0.000e+00 (m)
Fixed Psi error:                                             0.000e+00  -->   0.000e+00 (Wb)
Fixed pressure profile error:                                0.000e+00  -->   0.000e+00 (Pa)
Fixed iota profile error:                                    0.000e+00  -->   0.000e+00 (dimensionless)
Fixed sheet current error:                                   0.000e+00  -->   0.000e+00 (~)
==============================================================================================================

Timer: Iteration 6 total = 4.41 min
================
Step 7
================
Spectral indexing: ansi
Spectral resolution (L,M,N)=(12,12,8)
Node resolution (L,M,N)=(24,24,16)
Boundary ratio = 0.75
Pressure ratio = 1
Perturbation Order = 2
Objective: force
Optimizer: lsq-exact
================
Perturbing equilibrium
Building objective: force
Precomputing transforms
Timer: Precomputing transforms = 76.1 ms
Timer: Objective build = 89.2 ms
Building objective: lcfs R
Building objective: lcfs Z
Building objective: fixed Psi
Building objective: fixed pressure
Building objective: fixed iota
Building objective: fixed sheet current
Building objective: self_consistency R
Building objective: self_consistency Z
Building objective: lambda gauge
Building objective: axis R self consistency
Building objective: axis Z self consistency
Timer: Objective build = 103 ms
Perturbing Rb_lmn, Zb_lmn
Factorizing linear constraints
Timer: linear constraint factorize = 903 ms
Computing df
Timer: df computation = 17.2 ms
Factoring df
Timer: df/dx factorization = 55.0 us
Computing d^2f
Timer: d^2f computation = 316 ms
Timer: Objective build = 1.54 ms
||dx||/||x|| =  2.701e-03
Timer: Total perturbation = 21.7 sec
Building objective: self_consistency R
Building objective: self_consistency Z
Building objective: lambda gauge
Building objective: axis R self consistency
Building objective: axis Z self consistency
Timer: Objective build = 26.4 ms
Timer: LinearConstraintProjection build = 1.56 sec
Number of parameters: 1892
Number of objectives: 11154
Timer: Initializing the optimization = 1.97 sec

Starting optimization
Using method: lsq-exact
   Iteration     Total nfev        Cost      Cost reduction    Step norm     Optimality   
       0              1          2.692e-06                                    8.650e-04   
       1              3          1.206e-08      2.680e-06      4.998e-03      5.264e-05   
       2              5          3.631e-09      8.425e-09      3.368e-03      3.663e-05   
       3              7          2.388e-11      3.607e-09      9.688e-04      1.501e-06   
       4              9          1.313e-11      1.075e-11      4.852e-04      1.256e-06   
       5             11          9.795e-12      3.335e-12      2.685e-04      1.026e-07   
       6             13          9.653e-12      1.416e-13      1.232e-04      8.761e-08   
       7             15          9.629e-12      2.428e-14      6.735e-05      6.282e-09   
`gtol` condition satisfied. (gtol=1.00e-08)
         Current function value: 9.629e-12
         Total delta_x: 3.643e-03
         Iterations: 7
         Function evaluations: 15
         Jacobian evaluations: 8
Timer: Solution time = 3.67 min
Timer: Avg time per step = 27.5 sec
==============================================================================================================
                                                                 Start  -->   End
Total (sum of squares):                                      2.692e-06  -->   9.629e-12, 
Maximum absolute Force error:                                1.224e+05  -->   9.884e+01 (N)
Minimum absolute Force error:                                2.429e-02  -->   2.529e-04 (N)
Average absolute Force error:                                1.310e+03  -->   3.665e+00 (N)
Maximum absolute Force error:                                1.973e-03  -->   1.594e-06 (normalized)
Minimum absolute Force error:                                3.917e-10  -->   4.077e-12 (normalized)
Average absolute Force error:                                2.112e-05  -->   5.909e-08 (normalized)
R boundary error:                                            0.000e+00  -->   0.000e+00 (m)
Z boundary error:                                            0.000e+00  -->   0.000e+00 (m)
Fixed Psi error:                                             0.000e+00  -->   0.000e+00 (Wb)
Fixed pressure profile error:                                0.000e+00  -->   0.000e+00 (Pa)
Fixed iota profile error:                                    0.000e+00  -->   0.000e+00 (dimensionless)
Fixed sheet current error:                                   0.000e+00  -->   0.000e+00 (~)
==============================================================================================================

Timer: Iteration 7 total = 4.08 min
================
Step 8
================
Spectral indexing: ansi
Spectral resolution (L,M,N)=(12,12,8)
Node resolution (L,M,N)=(24,24,16)
Boundary ratio = 1.0
Pressure ratio = 1
Perturbation Order = 2
Objective: force
Optimizer: lsq-exact
================
Perturbing equilibrium
Building objective: force
Precomputing transforms
Timer: Precomputing transforms = 86.0 ms
Timer: Objective build = 100 ms
Building objective: lcfs R
Building objective: lcfs Z
Building objective: fixed Psi
Building objective: fixed pressure
Building objective: fixed iota
Building objective: fixed sheet current
Building objective: self_consistency R
Building objective: self_consistency Z
Building objective: lambda gauge
Building objective: axis R self consistency
Building objective: axis Z self consistency
Timer: Objective build = 121 ms
Perturbing Rb_lmn, Zb_lmn
Factorizing linear constraints
Timer: linear constraint factorize = 1.08 sec
Computing df
Timer: df computation = 24.7 ms
Factoring df
Timer: df/dx factorization = 59.5 us
Computing d^2f
Timer: d^2f computation = 370 ms
Timer: Objective build = 1.73 ms
||dx||/||x|| =  7.190e-03
Timer: Total perturbation = 24.2 sec
Building objective: self_consistency R
Building objective: self_consistency Z
Building objective: lambda gauge
Building objective: axis R self consistency
Building objective: axis Z self consistency
Timer: Objective build = 30.1 ms
Timer: LinearConstraintProjection build = 1.01 sec
Number of parameters: 1892
Number of objectives: 11154
Timer: Initializing the optimization = 1.49 sec

Starting optimization
Using method: lsq-exact
   Iteration     Total nfev        Cost      Cost reduction    Step norm     Optimality   
       0              1          8.412e-05                                    6.243e-03   
       1              2          1.471e-06      8.265e-05      3.446e-02      5.824e-04   
       2              4          3.535e-08      1.435e-06      1.119e-02      9.998e-05   
       3              6          6.559e-09      2.879e-08      6.534e-03      5.424e-05   
       4              8          7.253e-10      5.834e-09      2.375e-03      1.525e-05   
       5             10          3.762e-11      6.877e-10      1.274e-03      3.254e-06   
       6             12          1.309e-11      2.452e-11      6.025e-04      9.211e-07   
       7             14          1.124e-11      1.856e-12      2.997e-04      2.328e-07   
       8             16          1.110e-11      1.325e-13      1.466e-04      6.137e-08   
       9             18          1.108e-11      2.081e-14      7.253e-05      1.619e-08   
Optimization terminated successfully.
`ftol` condition satisfied. (ftol=1.00e-02)
         Current function value: 1.108e-11
         Total delta_x: 2.050e-02
         Iterations: 9
         Function evaluations: 18
         Jacobian evaluations: 10
Timer: Solution time = 4.40 min
Timer: Avg time per step = 26.4 sec
==============================================================================================================
                                                                 Start  -->   End
Total (sum of squares):                                      8.412e-05  -->   1.108e-11, 
Maximum absolute Force error:                                7.499e+05  -->   9.865e+01 (N)
Minimum absolute Force error:                                6.270e-03  -->   2.064e-04 (N)
Average absolute Force error:                                6.294e+03  -->   4.026e+00 (N)
Maximum absolute Force error:                                1.209e-02  -->   1.591e-06 (normalized)
Minimum absolute Force error:                                1.011e-10  -->   3.327e-12 (normalized)
Average absolute Force error:                                1.015e-04  -->   6.492e-08 (normalized)
R boundary error:                                            0.000e+00  -->   0.000e+00 (m)
Z boundary error:                                            0.000e+00  -->   0.000e+00 (m)
Fixed Psi error:                                             0.000e+00  -->   0.000e+00 (Wb)
Fixed pressure profile error:                                0.000e+00  -->   0.000e+00 (Pa)
Fixed iota profile error:                                    0.000e+00  -->   0.000e+00 (dimensionless)
Fixed sheet current error:                                   0.000e+00  -->   0.000e+00 (~)
==============================================================================================================

Timer: Iteration 8 total = 4.84 min
====================
Done
Timer: Total time = 18.6 min
====================


# Python warnings captured during continuation
DeprecationWarning: linear_util.wrap_init is missing a DebugInfo object. This behavior is deprecated, use api_util.debug_info() to construct a proper DebugInfo object and propagate it to this function. See https://github.com/jax-ml/jax/issues/26480 for more details.
DeprecationWarning: linear_util.wrap_init is missing a DebugInfo object. This behavior is deprecated, use api_util.debug_info() to construct a proper DebugInfo object and propagate it to this function. See https://github.com/jax-ml/jax/issues/26480 for more details.
DeprecationWarning: linear_util.wrap_init is missing a DebugInfo object. This behavior is deprecated, use api_util.debug_info() to construct a proper DebugInfo object and propagate it to this function. See https://github.com/jax-ml/jax/issues/26480 for more details.
DeprecationWarning: linear_util.wrap_init is missing a DebugInfo object. This behavior is deprecated, use api_util.debug_info() to construct a proper DebugInfo object and propagate it to this function. See https://github.com/jax-ml/jax/issues/26480 for more details.
DeprecationWarning: linear_util.wrap_init is missing a DebugInfo object. This behavior is deprecated, use api_util.debug_info() to construct a proper DebugInfo object and propagate it to this function. See https://github.com/jax-ml/jax/issues/26480 for more details.
DeprecationWarning: linear_util.wrap_init is missing a DebugInfo object. This behavior is deprecated, use api_util.debug_info() to construct a proper DebugInfo object and propagate it to this function. See https://github.com/jax-ml/jax/issues/26480 for more details.
DeprecationWarning: linear_util.wrap_init is missing a DebugInfo object. This behavior is deprecated, use api_util.debug_info() to construct a proper DebugInfo object and propagate it to this function. See https://github.com/jax-ml/jax/issues/26480 for more details.
DeprecationWarning: linear_util.wrap_init is missing a DebugInfo object. This behavior is deprecated, use api_util.debug_info() to construct a proper DebugInfo object and propagate it to this function. See https://github.com/jax-ml/jax/issues/26480 for more details.
DeprecationWarning: linear_util.wrap_init is missing a DebugInfo object. This behavior is deprecated, use api_util.debug_info() to construct a proper DebugInfo object and propagate it to this function. See https://github.com/jax-ml/jax/issues/26480 for more details.
DeprecationWarning: linear_util.wrap_init is missing a DebugInfo object. This behavior is deprecated, use api_util.debug_info() to construct a proper DebugInfo object and propagate it to this function. See https://github.com/jax-ml/jax/issues/26480 for more details.
DeprecationWarning: linear_util.wrap_init is missing a DebugInfo object. This behavior is deprecated, use api_util.debug_info() to construct a proper DebugInfo object and propagate it to this function. See https://github.com/jax-ml/jax/issues/26480 for more details.
DeprecationWarning: linear_util.wrap_init is missing a DebugInfo object. This behavior is deprecated, use api_util.debug_info() to construct a proper DebugInfo object and propagate it to this function. See https://github.com/jax-ml/jax/issues/26480 for more details.
DeprecationWarning: linear_util.wrap_init is missing a DebugInfo object. This behavior is deprecated, use api_util.debug_info() to construct a proper DebugInfo object and propagate it to this function. See https://github.com/jax-ml/jax/issues/26480 for more details.
DeprecationWarning: linear_util.wrap_init is missing a DebugInfo object. This behavior is deprecated, use api_util.debug_info() to construct a proper DebugInfo object and propagate it to this function. See https://github.com/jax-ml/jax/issues/26480 for more details.
DeprecationWarning: linear_util.wrap_init is missing a DebugInfo object. This behavior is deprecated, use api_util.debug_info() to construct a proper DebugInfo object and propagate it to this function. See https://github.com/jax-ml/jax/issues/26480 for more details.
DeprecationWarning: linear_util.wrap_init is missing a DebugInfo object. This behavior is deprecated, use api_util.debug_info() to construct a proper DebugInfo object and propagate it to this function. See https://github.com/jax-ml/jax/issues/26480 for more details.
DeprecationWarning: linear_util.wrap_init is missing a DebugInfo object. This behavior is deprecated, use api_util.debug_info() to construct a proper DebugInfo object and propagate it to this function. See https://github.com/jax-ml/jax/issues/26480 for more details.
DeprecationWarning: linear_util.wrap_init is missing a DebugInfo object. This behavior is deprecated, use api_util.debug_info() to construct a proper DebugInfo object and propagate it to this function. See https://github.com/jax-ml/jax/issues/26480 for more details.
DeprecationWarning: linear_util.wrap_init is missing a DebugInfo object. This behavior is deprecated, use api_util.debug_info() to construct a proper DebugInfo object and propagate it to this function. See https://github.com/jax-ml/jax/issues/26480 for more details.
DeprecationWarning: linear_util.wrap_init is missing a DebugInfo object. This behavior is deprecated, use api_util.debug_info() to construct a proper DebugInfo object and propagate it to this function. See https://github.com/jax-ml/jax/issues/26480 for more details.
DeprecationWarning: linear_util.wrap_init is missing a DebugInfo object. This behavior is deprecated, use api_util.debug_info() to construct a proper DebugInfo object and propagate it to this function. See https://github.com/jax-ml/jax/issues/26480 for more details.
DeprecationWarning: linear_util.wrap_init is missing a DebugInfo object. This behavior is deprecated, use api_util.debug_info() to construct a proper DebugInfo object and propagate it to this function. See https://github.com/jax-ml/jax/issues/26480 for more details.
DeprecationWarning: linear_util.wrap_init is missing a DebugInfo object. This behavior is deprecated, use api_util.debug_info() to construct a proper DebugInfo object and propagate it to this function. See https://github.com/jax-ml/jax/issues/26480 for more details.
DeprecationWarning: linear_util.wrap_init is missing a DebugInfo object. This behavior is deprecated, use api_util.debug_info() to construct a proper DebugInfo object and propagate it to this function. See https://github.com/jax-ml/jax/issues/26480 for more details.
DeprecationWarning: linear_util.wrap_init is missing a DebugInfo object. This behavior is deprecated, use api_util.debug_info() to construct a proper DebugInfo object and propagate it to this function. See https://github.com/jax-ml/jax/issues/26480 for more details.
DeprecationWarning: linear_util.wrap_init is missing a DebugInfo object. This behavior is deprecated, use api_util.debug_info() to construct a proper DebugInfo object and propagate it to this function. See https://github.com/jax-ml/jax/issues/26480 for more details.
DeprecationWarning: linear_util.wrap_init is missing a DebugInfo object. This behavior is deprecated, use api_util.debug_info() to construct a proper DebugInfo object and propagate it to this function. See https://github.com/jax-ml/jax/issues/26480 for more details.
DeprecationWarning: linear_util.wrap_init is missing a DebugInfo object. This behavior is deprecated, use api_util.debug_info() to construct a proper DebugInfo object and propagate it to this function. See https://github.com/jax-ml/jax/issues/26480 for more details.
DeprecationWarning: linear_util.wrap_init is missing a DebugInfo object. This behavior is deprecated, use api_util.debug_info() to construct a proper DebugInfo object and propagate it to this function. See https://github.com/jax-ml/jax/issues/26480 for more details.
DeprecationWarning: linear_util.wrap_init is missing a DebugInfo object. This behavior is deprecated, use api_util.debug_info() to construct a proper DebugInfo object and propagate it to this function. See https://github.com/jax-ml/jax/issues/26480 for more details.
DeprecationWarning: linear_util.wrap_init is missing a DebugInfo object. This behavior is deprecated, use api_util.debug_info() to construct a proper DebugInfo object and propagate it to this function. See https://github.com/jax-ml/jax/issues/26480 for more details.
DeprecationWarning: linear_util.wrap_init is missing a DebugInfo object. This behavior is deprecated, use api_util.debug_info() to construct a proper DebugInfo object and propagate it to this function. See https://github.com/jax-ml/jax/issues/26480 for more details.
DeprecationWarning: linear_util.wrap_init is missing a DebugInfo object. This behavior is deprecated, use api_util.debug_info() to construct a proper DebugInfo object and propagate it to this function. See https://github.com/jax-ml/jax/issues/26480 for more details.
DeprecationWarning: linear_util.wrap_init is missing a DebugInfo object. This behavior is deprecated, use api_util.debug_info() to construct a proper DebugInfo object and propagate it to this function. See https://github.com/jax-ml/jax/issues/26480 for more details.
DeprecationWarning: linear_util.wrap_init is missing a DebugInfo object. This behavior is deprecated, use api_util.debug_info() to construct a proper DebugInfo object and propagate it to this function. See https://github.com/jax-ml/jax/issues/26480 for more details.
DeprecationWarning: linear_util.wrap_init is missing a DebugInfo object. This behavior is deprecated, use api_util.debug_info() to construct a proper DebugInfo object and propagate it to this function. See https://github.com/jax-ml/jax/issues/26480 for more details.
DeprecationWarning: linear_util.wrap_init is missing a DebugInfo object. This behavior is deprecated, use api_util.debug_info() to construct a proper DebugInfo object and propagate it to this function. See https://github.com/jax-ml/jax/issues/26480 for more details.
DeprecationWarning: linear_util.wrap_init is missing a DebugInfo object. This behavior is deprecated, use api_util.debug_info() to construct a proper DebugInfo object and propagate it to this function. See https://github.com/jax-ml/jax/issues/26480 for more details.
